#
# A fatal error has been detected by the Java Runtime Environment:
#
#  Internal Error (machnode.cpp:191), pid=1237435, tid=1237452
#  Error: ShouldNotReachHere()
#
# JRE version: OpenJDK Runtime Environment (17.0.19+10) (build 17.0.19+10-1-26.04.2-Ubuntu)
# Java VM: OpenJDK 64-Bit Server VM (17.0.19+10-1-26.04.2-Ubuntu, mixed mode, sharing, tiered, compressed oops, compressed class ptrs, g1 gc, linux-amd64)
# Problematic frame:
# V  [libjvm.so+0xb4489e]  MachNode::use_cisc_RegMask()+0x1e
#
# Core dump will be written. Default location: Core dumps may be processed with "/usr/share/apport/apport -p%p -s%s -c%c -d%d -P%P -u%u -g%g -F%F -- %E" (or dumping to /home/daniel/sandbox/core.1237435)
#
# If you would like to submit a bug report, please visit:
#   https://bugs.launchpad.net/ubuntu/+source/openjdk-17
#

---------------  S U M M A R Y ------------

Command Line: -javaagent:/home/daniel/.m2/repository/org/jacoco/org.jacoco.agent/0.8.15/org.jacoco.agent-0.8.15-runtime.jar=destfile=/home/daniel/sandbox/target/jacoco.exec,excludes=**/org/springframework/samples/petclinic/rest/dto/**:**/org/springframework/samples/petclinic/rest/api/** /home/daniel/sandbox/target/surefire/surefirebooter-20260815162826265_3.jar /home/daniel/sandbox/target/surefire 2026-08-15T16-28-26_208-jvmRun1 surefire-20260815162826265_1tmp surefire_0-20260815162826265_2tmp

Host: 11th Gen Intel(R) Core(TM) i5-1135G7 @ 2.40GHz, 8 cores, 14G, Ubuntu 26.04 LTS
Time: Sat Aug 15 16:28:36 2026 AWST elapsed time: 10.490313 seconds (0d 0h 0m 10s)

---------------  T H R E A D  ---------------

Current thread (0x00007e9fa8180880):  JavaThread "C1 CompilerThread0" daemon [_thread_in_vm, id=1237452, stack(0x00007e9fac000000,0x00007e9fac100000)]


Current CompileTask:
C1:10490 12532   !   3       org.springframework.orm.jpa.AbstractEntityManagerFactoryBean$ManagedEntityManagerFactoryInvocationHandler::invoke (386 bytes)

Stack: [0x00007e9fac000000,0x00007e9fac100000],  sp=0x00007e9fac0fdc00,  free space=1015k
Native frames: (J=compiled Java code, j=interpreted, Vv=VM code, C=native code)
V  [libjvm.so+0xb4489e]  MachNode::use_cisc_RegMask()+0x1e
V  [libjvm.so+0x55a998]  ciInstanceKlass::ciInstanceKlass(Klass*)+0x168
V  [libjvm.so+0x56ea21]  ciObjectFactory::create_new_metadata(Metadata*)+0x1f1
V  [libjvm.so+0x56eb41]  ciObjectFactory::get_metadata(Metadata*)+0x71
V  [libjvm.so+0x552997]  ciEnv::get_klass_by_name_impl(ciKlass*, constantPoolHandle const&, ciSymbol*, bool)+0x2b7
V  [libjvm.so+0x552fba]  ciEnv::get_klass_by_index_impl(constantPoolHandle const&, int, bool&, ciInstanceKlass*)+0xda
V  [libjvm.so+0x558495]  ciField::ciField(ciInstanceKlass*, int)+0x275
V  [libjvm.so+0x55334c]  ciEnv::get_field_by_index_impl(ciInstanceKlass*, int)+0xac
V  [libjvm.so+0x553408]  ciEnv::get_field_by_index(ciInstanceKlass*, int)+0x88
V  [libjvm.so+0x572e3a]  ciBytecodeStream::get_field(bool&)+0x4a
V  [libjvm.so+0x4839fb]  GraphBuilder::access_field(Bytecodes::Code)+0x2b
V  [libjvm.so+0x487e8d]  GraphBuilder::iterate_bytecodes_for_block(int)+0x58d
V  [libjvm.so+0x48ca83]  GraphBuilder::iterate_all_blocks(bool)+0x73
V  [libjvm.so+0x48f1b6]  GraphBuilder::GraphBuilder(Compilation*, IRScope*)+0x796
V  [libjvm.so+0x494a81]  IRScope::IRScope(Compilation*, IRScope*, int, ciMethod*, int, bool)+0x1b1
V  [libjvm.so+0x494b59]  IR::IR(Compilation*, ciMethod*, int)+0xa9
V  [libjvm.so+0x46b01d]  Compilation::build_hir() [clone .part.0]+0x15d
V  [libjvm.so+0x46ce3b]  Compilation::compile_java_method()+0x38b
V  [libjvm.so+0x46cf96]  Compilation::compile_method()+0x106
V  [libjvm.so+0x46d391]  Compilation::Compilation(AbstractCompiler*, ciEnv*, ciMethod*, int, BufferBlob*, bool, DirectiveSet*)+0x211
V  [libjvm.so+0x46e00d]  Compiler::compile_method(ciEnv*, ciMethod*, int, bool, DirectiveSet*)+0xbd
V  [libjvm.so+0x5f54ad]  CompileBroker::invoke_compiler_on_method(CompileTask*)+0xf3d
V  [libjvm.so+0x5f6338]  CompileBroker::compiler_thread_loop()+0x728
V  [libjvm.so+0xf18dd4]  JavaThread::thread_main_inner()+0x1b4
V  [libjvm.so+0xf1cc8f]  Thread::call_run()+0xaf
V  [libjvm.so+0xc90aeb]  thread_native_entry(Thread*)+0xeb
C  [libc.so.6+0xa407a]

Registers:
RAX=0x00007e9fb19c2000, RBX=0x00007e9f0c0cece0, RCX=0x00007e9fa8036310, RDX=0x000000000000000f
RSP=0x00007e9fac0fdc00, RBP=0x00007e9fac0fdc00, RSI=0x00000000000000bf, RDI=0x00007e9fb1294f00
R8 =0x0000000000000093, R9 =0x0000000000000094, R10=0x00007e9edc001370, R11=0x0000000000000246
R12=0x00007e9f2c3da0c0, R13=0x00007e9f2c3da0c0, R14=0x00007e9fa8180880, R15=0x00007e9fa81990d0
RIP=0x00007e9fb0d4489e, EFLAGS=0x0000000000010206, CSGSFS=0x002b000000000033, ERR=0x0000000000000006
  TRAPNO=0x000000000000000e

XMM[0]=0x00007e9fa8180880 0x00007e9eb4b71968
XMM[1]=0x0000000000000000 0x00007e9fa8180880
XMM[2]=0x0000000000000000 0x0000000000000005
XMM[3]=0x0000000000000000 0x00007e9f08078230
XMM[4]=0x0000000000000000 0x00007e9f0c0cbcf8
XMM[5]=0x0000000000000000 0x00007e9edc722618
XMM[6]=0x0000000000000000 0x00007e9fa8180880
XMM[7]=0x0000000000000000 0x00007e9f0c0cce90
XMM[8]=0x000000000000000f 0x000000000000000e
XMM[9]=0x000000000000000d 0x000000000000000c
XMM[10]=0x000000000000000b 0x000000000000000a
XMM[11]=0x0000000000000009 0x0000000000000008
XMM[12]=0x0000000000000007 0x0000000000000006
XMM[13]=0x0000000000000005 0x0000000000000004
XMM[14]=0x0000000000000003 0x0000000000000002
XMM[15]=0x0000000000000001 0x0000000000000000
  MXCSR=0x00001fa0


Register to memory mapping:

RAX=0x00007e9fb19c2000 points into unknown readable memory: 0x0000000000000058 | 58 00 00 00 00 00 00 00
RBX=0x00007e9f0c0cece0 points into unknown readable memory: 0x00007e9fb1537c80 | 80 7c 53 b1 9f 7e 00 00
RCX=0x00007e9fa8036310 points into unknown readable memory: 0x00007e9fb15516a0 | a0 16 55 b1 9f 7e 00 00
RDX=0x000000000000000f is an unknown value
RSP=0x00007e9fac0fdc00 is pointing into the stack for thread: 0x00007e9fa8180880
RBP=0x00007e9fac0fdc00 is pointing into the stack for thread: 0x00007e9fa8180880
RSI=0x00000000000000bf is an unknown value
RDI=0x00007e9fb1294f00: <offset 0x0000000001094f00> in /usr/lib/jvm/java-17-openjdk-amd64/lib/server/libjvm.so at 0x00007e9fb0200000
R8 =0x0000000000000093 is an unknown value
R9 =0x0000000000000094 is an unknown value
R10=0x00007e9edc001370 points into unknown readable memory: 0x00007e9fac0fea78 | 78 ea 0f ac 9f 7e 00 00
R11=0x0000000000000246 is an unknown value
R12=0x00007e9f2c3da0c0 is a pointer to class: 
R13=0x00007e9f2c3da0c0 is a pointer to class: 
R14=0x00007e9fa8180880 is a thread
R15=0x00007e9fa81990d0 points into unknown readable memory: 0x00007e9fa8195488 | 88 54 19 a8 9f 7e 00 00


Top of Stack: (sp=0x00007e9fac0fdc00)
0x00007e9fac0fdc00:   00007e9fac0fdc50 00007e9fb075a998
0x00007e9fac0fdc10:   00007e9f08077548 00000007119c5000
0x00007e9fac0fdc20:   0000000000000000 00007e9f2c3da0c0
0x00007e9fac0fdc30:   00007e9f0c0cece0 00007e9fa8180880
0x00007e9fac0fdc40:   00007e9fac0fea70 0000000000000000
0x00007e9fac0fdc50:   00007e9fac0fdca0 00007e9fb076ea21
0x00007e9fac0fdc60:   00007e9fa8017a90 00007e9fa815a300
0x00007e9fac0fdc70:   00007e9fa8017a90 00007e9fa8181270
0x00007e9fac0fdc80:   00007e9f2c3da0c0 00007e9fa9451d60
0x00007e9fac0fdc90:   00007e9edc71ee10 00007e9f0c0ceca0
0x00007e9fac0fdca0:   00007e9fac0fdcf0 00007e9fb076eb41
0x00007e9fac0fdcb0:   00007e9edc001370 00007e9f2c3da0c0
0x00007e9fac0fdcc0:   00007e9f00000093 00007e9f00000094
0x00007e9fac0fdcd0:   00007e9edc71ee10 00007e9edc001370
0x00007e9fac0fdce0:   00007e9fac0fea70 00007e9fa9451d60
0x00007e9fac0fdcf0:   00007e9fac0fdd90 00007e9fb0752997
0x00007e9fac0fdd00:   00007e9f08077190 0000000000000001
0x00007e9fac0fdd10:   00007e9fac0fdd50 00007e9fb069808e
0x00007e9fac0fdd20:   00007e9fac0fdd50 00007e9fac0fde20
0x00007e9fac0fdd30:   00007e9f08077480 00007e9fb0a3614f
0x00007e9fac0fdd40:   00007e9fac0fdd60 00007e9fb0e43cba
0x00007e9fac0fdd50:   00007e9edc001370 00007e9fa947da60
0x00007e9fac0fdd60:   00007e9fac0fdd90 00007e9f0c0cec10
0x00007e9fac0fdd70:   00007e9fac0fea70 00007e9edc71ee10
0x00007e9fac0fdd80:   00007e9fac0fde20 00007e9edc71ee10
0x00007e9fac0fdd90:   00007e9fac0fdde0 00007e9fb0752fba
0x00007e9fac0fdda0:   00007e9edc001370 00007e9fac0fde30
0x00007e9fac0fddb0:   00007e9fac0fdde0 00007e9f0c0cec10
0x00007e9fac0fddc0:   00007e9fa8180880 00007e9faa4665b0
0x00007e9fac0fddd0:   00007e9fa947da60 00007e9edc71ee10
0x00007e9fac0fdde0:   00007e9fac0fde80 00007e9fb0758495
0x00007e9fac0fddf0:   0000000000000008 000000010000000c 

Instructions: (pc=0x00007e9fb0d4489e)
0x00007e9fb0d4479e:   c6 00 58 e8 ea 04 ae ff e8 b5 70 14 00 66 0f ef
0x00007e9fb0d447ae:   c0 5d c3 90 0f 1f 00 66 66 2e 0f 1f 84 00 00 00
0x00007e9fb0d447be:   00 00 f3 0f 1e fa 48 8d 05 7d cb 81 00 55 be 30
0x00007e9fb0d447ce:   00 00 00 48 8d 3d 28 07 55 00 48 8b 00 48 89 e5
0x00007e9fb0d447de:   c6 00 58 e8 aa 04 ae ff e8 75 70 14 00 31 c0 5d
0x00007e9fb0d447ee:   c3 90 f3 0f 1e fa 48 8d 05 4d cb 81 00 55 be 3f
0x00007e9fb0d447fe:   00 00 00 48 8d 3d f8 06 55 00 48 8b 00 48 89 e5
0x00007e9fb0d4480e:   c6 00 58 e8 7a 04 ae ff e8 45 70 14 00 31 c0 5d
0x00007e9fb0d4481e:   c3 90 f3 0f 1e fa 48 8d 05 1d cb 81 00 55 be 40
0x00007e9fb0d4482e:   00 00 00 48 8d 3d c8 06 55 00 48 8b 00 48 89 e5
0x00007e9fb0d4483e:   c6 00 58 e8 4a 04 ae ff e8 15 70 14 00 31 c0 5d
0x00007e9fb0d4484e:   c3 90 f3 0f 1e fa 48 8d 05 ed ca 81 00 55 be 50
0x00007e9fb0d4485e:   00 00 00 48 8d 3d 98 06 55 00 48 8b 00 48 89 e5
0x00007e9fb0d4486e:   c6 00 58 e8 1a 04 ae ff e8 e5 6f 14 00 31 c0 5d
0x00007e9fb0d4487e:   c3 90 f3 0f 1e fa 48 8d 05 bd ca 81 00 55 be bf
0x00007e9fb0d4488e:   00 00 00 48 8d 3d 68 06 55 00 48 8b 00 48 89 e5
0x00007e9fb0d4489e:   c6 00 58 e8 ea 03 ae ff 5d e9 b4 6f 14 00 0f 1f
0x00007e9fb0d448ae:   40 00 f3 0f 1e fa 48 8d 05 8d ca 81 00 55 be 46
0x00007e9fb0d448be:   00 00 00 48 8d 3d 38 06 55 00 48 8b 00 48 89 e5
0x00007e9fb0d448ce:   c6 00 58 e8 9a 03 ae ff 5d e9 84 6f 14 00 0f 1f
0x00007e9fb0d448de:   40 00 f3 0f 1e fa 48 8d 05 5d ca 81 00 55 be 5d
0x00007e9fb0d448ee:   00 00 00 48 8d 3d 08 06 55 00 48 8b 00 48 89 e5
0x00007e9fb0d448fe:   c6 00 58 e8 6a 03 ae ff e8 55 6f 14 00 b8 05 00
0x00007e9fb0d4490e:   00 00 5d c3 0f 1f 00 66 66 2e 0f 1f 84 00 00 00
0x00007e9fb0d4491e:   00 00 f3 0f 1e fa 55 48 8d 05 1c ca 81 00 48 89
0x00007e9fb0d4492e:   e5 41 54 49 89 fc 48 8d 3d c5 05 55 00 53 48 8b
0x00007e9fb0d4493e:   00 48 89 f3 be 64 00 00 00 c6 00 58 e8 21 03 ae
0x00007e9fb0d4494e:   ff e8 0c 6f 14 00 49 8b 04 24 4c 89 e7 ff 10 48
0x00007e9fb0d4495e:   89 df 41 89 c4 48 8b 03 ff 10 5b 41 39 c4 41 5c
0x00007e9fb0d4496e:   5d 0f 94 c0 c3 90 90 66 66 2e 0f 1f 84 00 00 00
0x00007e9fb0d4497e:   00 00 f3 0f 1e fa 48 8d 05 bd c9 81 00 55 be 8a
0x00007e9fb0d4498e:   00 00 00 48 8d 3d 68 05 55 00 48 8b 00 48 89 e5 


Stack slot to memory mapping:
stack at sp + 0 slots: 0x00007e9fac0fdc50 is pointing into the stack for thread: 0x00007e9fa8180880
stack at sp + 1 slots: 0x00007e9fb075a998: <offset 0x000000000055a998> in /usr/lib/jvm/java-17-openjdk-amd64/lib/server/libjvm.so at 0x00007e9fb0200000
stack at sp + 2 slots: 0x00007e9f08077548 points into unknown readable memory: 0x0000000900000009 | 09 00 00 00 09 00 00 00
stack at sp + 3 slots: 0x00000007119c5000 is an oop: jdk.internal.loader.ClassLoaders$AppClassLoader 
{0x00000007119c5000} - klass: 'jdk/internal/loader/ClassLoaders$AppClassLoader'
 - ---- fields (total size 13 words):
 - private 'defaultAssertionStatus' 'Z' @12  true
 - private final 'parent' 'Ljava/lang/ClassLoader;' @24  a 'jdk/internal/loader/ClassLoaders$PlatformClassLoader'{0x00000007119c67a8} (e2338cf5)
 - private final 'name' 'Ljava/lang/String;' @28  "app"{0x00000007ffe0abc0} (fffc1578)
 - private final 'unnamedModule' 'Ljava/lang/Module;' @32  a 'java/lang/Module'{0x00000007119c5268} (e2338a4d)
 - private final 'nameAndId' 'Ljava/lang/String;' @36  "'app'"{0x0000000711d822d0} (e23b045a)
 - private final 'parallelLockMap' 'Ljava/util/concurrent/ConcurrentHashMap;' @40  a 'java/util/concurrent/ConcurrentHashMap'{0x0000000711da4c28} (e23b4985)
 - private final 'package2certs' 'Ljava/util/concurrent/ConcurrentHashMap;' @44  a 'java/util/concurrent/ConcurrentHashMap'{0x0000000711da40f8} (e23b481f)
 - private final 'classes' 'Ljava/util/ArrayList;' @48  a 'java/util/ArrayList'{0x0000000711d93d30} (e23b27a6)
 - private final 'defaultDomain' 'Ljava/security/ProtectionDomain;' @52  a 'java/security/ProtectionDomain'{0x0000000711d93cc0} (e23b2798)
 - private final 'packages' 'Ljava/util/concurrent/ConcurrentHashMap;' @56  a 'java/util/concurrent/ConcurrentHashMap'{0x0000000711d932e0} (e23b265c)
 - private final 'libraries' 'Ljdk/internal/loader/NativeLibraries;' @60  a 'jdk/internal/loader/NativeLibraries'{0x0000000711d93280} (e23b2650)
 - final 'assertionLock' 'Ljava/lang/Object;' @64  a 'java/lang/Object'{0x0000000711d93270} (e23b264e)
 - private 'packageAssertionStatus' 'Ljava/util/Map;' @68  a 'java/util/HashMap'{0x0000000711f4af70} (e23e95ee)
 - 'classAssertionStatus' 'Ljava/util/Map;' @72  a 'java/util/HashMap'{0x0000000711f4af40} (e23e95e8)
 - private volatile 'classLoaderValueMap' 'Ljava/util/concurrent/ConcurrentHashMap;' @76  a 'java/util/concurrent/ConcurrentHashMap'{0x0000000711d93160} (e23b262c)
 - private final 'pdcache' 'Ljava/util/Map;' @80  a 'java/util/concurrent/ConcurrentHashMap'{0x0000000711d93048} (e23b2609)
 - private final 'parent' 'Ljdk/internal/loader/BuiltinClassLoader;' @84  a 'jdk/internal/loader/ClassLoaders$PlatformClassLoader'{0x00000007119c67a8} (e2338cf5)
 - private synchronized 'ucp' 'Ljdk/internal/loader/URLClassPath;' @88  a 'jdk/internal/loader/URLClassPath'{0x0000000711d91ce0} (e23b239c)
 - private final 'nameToModule' 'Ljava/util/Map;' @92  a 'java/util/concurrent/ConcurrentHashMap'{0x0000000711d8e8d0} (e23b1d1a)
 - private final 'moduleToReader' 'Ljava/util/Map;' @96  a 'java/util/concurrent/ConcurrentHashMap'{0x0000000711d8efa8} (e23b1df5)
 - private volatile 'resourceCache' 'Ljava/lang/ref/SoftReference;' @100  a 'java/lang/ref/SoftReference'{0x0000000711d8ee90} (e23b1dd2)
stack at sp + 4 slots: 0x0 is NULL
stack at sp + 5 slots: 0x00007e9f2c3da0c0 is a pointer to class: 
stack at sp + 6 slots: 0x00007e9f0c0cece0 points into unknown readable memory: 0x00007e9fb1537c80 | 80 7c 53 b1 9f 7e 00 00
stack at sp + 7 slots: 0x00007e9fa8180880 is a thread


---------------  P R O C E S S  ---------------

Threads class SMR info:
_java_thread_list=0x00007e9ebc000880, length=20, elements={
0x00007e9fa8019dd0, 0x00007e9fa8174640, 0x00007e9fa8175a30, 0x00007e9fa817b1a0,
0x00007e9fa817c560, 0x00007e9fa817d980, 0x00007e9fa817f340, 0x00007e9fa8180880,
0x00007e9fa8189cf0, 0x00007e9fa81959f0, 0x00007e9fa88d4cb0, 0x00007e9fa88f3a80,
0x00007e9fa8932d70, 0x00007e9fa925b270, 0x00007e9fa98c4d50, 0x00007e9fa99ac920,
0x00007e9faab60fe0, 0x00007e9f1c000f50, 0x00007e9f0c651a00, 0x00007e9f0c673390
}

Java Threads: ( => current thread )
  0x00007e9fa8019dd0 JavaThread "main" [_thread_in_Java, id=1237436, stack(0x00007e9fb0100000,0x00007e9fb0200000)]
  0x00007e9fa8174640 JavaThread "Reference Handler" daemon [_thread_blocked, id=1237446, stack(0x00007e9facc14000,0x00007e9facd14000)]
  0x00007e9fa8175a30 JavaThread "Finalizer" daemon [_thread_blocked, id=1237447, stack(0x00007e9facb14000,0x00007e9facc14000)]
  0x00007e9fa817b1a0 JavaThread "Signal Dispatcher" daemon [_thread_blocked, id=1237448, stack(0x00007e9faca14000,0x00007e9facb14000)]
  0x00007e9fa817c560 JavaThread "Service Thread" daemon [_thread_blocked, id=1237449, stack(0x00007e9fac300000,0x00007e9fac400000)]
  0x00007e9fa817d980 JavaThread "Monitor Deflation Thread" daemon [_thread_blocked, id=1237450, stack(0x00007e9fac200000,0x00007e9fac300000)]
  0x00007e9fa817f340 JavaThread "C2 CompilerThread0" daemon [_thread_blocked, id=1237451, stack(0x00007e9fac100000,0x00007e9fac200000)]
=>0x00007e9fa8180880 JavaThread "C1 CompilerThread0" daemon [_thread_in_vm, id=1237452, stack(0x00007e9fac000000,0x00007e9fac100000)]
  0x00007e9fa8189cf0 JavaThread "Sweeper thread" daemon [_thread_blocked, id=1237453, stack(0x00007e9fa7f00000,0x00007e9fa8000000)]
  0x00007e9fa81959f0 JavaThread "Common-Cleaner" daemon [_thread_blocked, id=1237455, stack(0x00007e9f89bb0000,0x00007e9f89cb0000)]
  0x00007e9fa88d4cb0 JavaThread "Notification Thread" daemon [_thread_blocked, id=1237457, stack(0x00007e9f899b0000,0x00007e9f89ab0000)]
  0x00007e9fa88f3a80 JavaThread "surefire-forkedjvm-stream-flusher" daemon [_thread_blocked, id=1237459, stack(0x00007e9f897af000,0x00007e9f898af000)]
  0x00007e9fa8932d70 JavaThread "surefire-forkedjvm-command-thread" daemon [_thread_in_native, id=1237464, stack(0x00007e9f892ab000,0x00007e9f893ab000)]
  0x00007e9fa925b270 JavaThread "logback-2" daemon [_thread_blocked, id=1237471, stack(0x00007e9f890ab000,0x00007e9f891ab000)]
  0x00007e9fa98c4d50 JavaThread "mysql-cj-abandoned-connection-cleanup" daemon [_thread_blocked, id=1237475, stack(0x00007e9f88ba7000,0x00007e9f88ca7000)]
  0x00007e9fa99ac920 JavaThread "HikariPool-1:housekeeper" daemon [_thread_blocked, id=1237476, stack(0x00007e9f88aa7000,0x00007e9f88ba7000)]
  0x00007e9faab60fe0 JavaThread "process reaper" daemon [_thread_blocked, id=1237480, stack(0x00007e9fac9f2000,0x00007e9faca14000)]
  0x00007e9f1c000f50 JavaThread "Attach Listener" daemon [_thread_blocked, id=1237498, stack(0x00007e9f888a7000,0x00007e9f889a7000)]
  0x00007e9f0c651a00 JavaThread "C2 CompilerThread1" daemon [_thread_in_native, id=1237503, stack(0x00007e9f891ab000,0x00007e9f892ab000)]
  0x00007e9f0c673390 JavaThread "C2 CompilerThread2" daemon [_thread_blocked, id=1237504, stack(0x00007e9f89ab0000,0x00007e9f89bb0000)]

Other Threads:
  0x00007e9fa8170680 VMThread "VM Thread" [stack: 0x00007e9facd15000,0x00007e9face15000] [id=1237443]
  0x00007e9fa8845570 WatcherThread [stack: 0x00007e9f898b0000,0x00007e9f899b0000] [id=1237458]
  0x00007e9fa8081f40 GCTaskThread "GC Thread#0" [stack: 0x00007e9fadc47000,0x00007e9fadd47000] [id=1237438]
  0x00007e9f70005c20 GCTaskThread "GC Thread#1" [stack: 0x00007e9f896af000,0x00007e9f897af000] [id=1237460]
  0x00007e9f70006640 GCTaskThread "GC Thread#2" [stack: 0x00007e9f895ae000,0x00007e9f896ae000] [id=1237461]
  0x00007e9f70007450 GCTaskThread "GC Thread#3" [stack: 0x00007e9f894ad000,0x00007e9f895ad000] [id=1237462]
  0x00007e9f70008260 GCTaskThread "GC Thread#4" [stack: 0x00007e9f893ac000,0x00007e9f894ac000] [id=1237463]
  0x00007e9f7000d7a0 GCTaskThread "GC Thread#5" [stack: 0x00007e9f88fab000,0x00007e9f890ab000] [id=1237467]
  0x00007e9f70011ea0 GCTaskThread "GC Thread#6" [stack: 0x00007e9f88eaa000,0x00007e9f88faa000] [id=1237468]
  0x00007e9f70012750 GCTaskThread "GC Thread#7" [stack: 0x00007e9f88da9000,0x00007e9f88ea9000] [id=1237469]
  0x00007e9fa80923f0 ConcurrentGCThread "G1 Main Marker" [stack: 0x00007e9fadb46000,0x00007e9fadc46000] [id=1237439]
  0x00007e9fa8093370 ConcurrentGCThread "G1 Conc#0" [stack: 0x00007e9fada45000,0x00007e9fadb45000] [id=1237440]
  0x00007e9f7c000e10 ConcurrentGCThread "G1 Conc#1" [stack: 0x00007e9f88ca8000,0x00007e9f88da8000] [id=1237470]
  0x00007e9fa81422a0 ConcurrentGCThread "G1 Refine#0" [stack: 0x00007e9fad13c000,0x00007e9fad23c000] [id=1237441]
  0x00007e9fa81431b0 ConcurrentGCThread "G1 Service" [stack: 0x00007e9fad03b000,0x00007e9fad13b000] [id=1237442]

Threads with active compile tasks:
C1 CompilerThread0  10497 12532   !   3       org.springframework.orm.jpa.AbstractEntityManagerFactoryBean$ManagedEntityManagerFactoryInvocationHandler::invoke (386 bytes)
C2 CompilerThread1  10497 12496       4       jdk.internal.loader.URLClassPath::findResource (38 bytes)

VM state: not at safepoint (normal execution)

VM Mutex/Monitor currently owned by a thread: None

Heap address: 0x0000000711600000, size: 3818 MB, Compressed Oops mode: Zero based, Oop shift amount: 3

CDS archive(s) mapped at: [0x00007e9f2b000000-0x00007e9f2bbc7000-0x00007e9f2bbc7000), size 12349440, SharedBaseAddress: 0x00007e9f2b000000, ArchiveRelocationMode: 1.
Compressed class space mapped at: 0x00007e9f2c000000-0x00007e9f6c000000, reserved size: 1073741824
Narrow klass base: 0x00007e9f2b000000, Narrow klass shift: 0, Narrow klass range: 0x100000000

GC Precious Log:
 CPUs: 8 total, 8 available
 Memory: 15269M
 Large Page Support: Disabled
 NUMA Support: Disabled
 Compressed Oops: Enabled (Zero based)
 Heap Region Size: 2M
 Heap Min Capacity: 8M
 Heap Initial Capacity: 240M
 Heap Max Capacity: 3818M
 Pre-touch: Disabled
 Parallel Workers: 8
 Concurrent Workers: 2
 Concurrent Refinement Workers: 8
 Periodic GC: Disabled

Heap:
 garbage-first heap   total 204800K, used 67421K [0x0000000711600000, 0x0000000800000000)
  region size 2048K, 8 young (16384K), 4 survivors (8192K)
 Metaspace       used 123507K, committed 124224K, reserved 1179648K
  class space    used 15483K, committed 15808K, reserved 1048576K

Heap Regions: E=young(eden), S=young(survivor), O=old, HS=humongous(starts), HC=humongous(continues), CS=collection set, F=free, OA=open archive, CA=closed archive, TAMS=top-at-mark-start (previous, next)
|   0|0x0000000711600000, 0x0000000711800000, 0x0000000711800000|100%| O|  |TAMS 0x0000000711800000, 0x0000000711600000| Untracked 
|   1|0x0000000711800000, 0x0000000711a00000, 0x0000000711a00000|100%| O|  |TAMS 0x0000000711a00000, 0x0000000711800000| Untracked 
|   2|0x0000000711a00000, 0x0000000711c00000, 0x0000000711c00000|100%| O|  |TAMS 0x0000000711c00000, 0x0000000711a00000| Untracked 
|   3|0x0000000711c00000, 0x0000000711dab600, 0x0000000711e00000| 83%| O|  |TAMS 0x0000000711dab600, 0x0000000711c00000| Untracked 
|   4|0x0000000711e00000, 0x0000000712000000, 0x0000000712000000|100%| O|  |TAMS 0x0000000712000000, 0x0000000711e00000| Untracked 
|   5|0x0000000712000000, 0x0000000712200000, 0x0000000712200000|100%| O|  |TAMS 0x0000000712200000, 0x0000000712000000| Untracked 
|   6|0x0000000712200000, 0x0000000712400000, 0x0000000712400000|100%| O|  |TAMS 0x0000000712400000, 0x0000000712200000| Untracked 
|   7|0x0000000712400000, 0x0000000712600000, 0x0000000712600000|100%| O|  |TAMS 0x0000000712600000, 0x0000000712400000| Untracked 
|   8|0x0000000712600000, 0x00000007127fe000, 0x0000000712800000| 99%| O|  |TAMS 0x00000007127fe000, 0x0000000712600000| Untracked 
|   9|0x0000000712800000, 0x0000000712a00000, 0x0000000712a00000|100%| O|  |TAMS 0x0000000712a00000, 0x0000000712800000| Untracked 
|  10|0x0000000712a00000, 0x0000000712c00000, 0x0000000712c00000|100%| O|  |TAMS 0x0000000712c00000, 0x0000000712a00000| Untracked 
|  11|0x0000000712c00000, 0x0000000712e00000, 0x0000000712e00000|100%| O|  |TAMS 0x0000000712e00000, 0x0000000712c00000| Untracked 
|  12|0x0000000712e00000, 0x0000000713000000, 0x0000000713000000|100%| O|  |TAMS 0x0000000713000000, 0x0000000712e00000| Untracked 
|  13|0x0000000713000000, 0x0000000713200000, 0x0000000713200000|100%| O|  |TAMS 0x0000000713200000, 0x0000000713000000| Untracked 
|  14|0x0000000713200000, 0x0000000713400000, 0x0000000713400000|100%| O|  |TAMS 0x0000000713400000, 0x0000000713200000| Untracked 
|  15|0x0000000713400000, 0x0000000713600000, 0x0000000713600000|100%| O|  |TAMS 0x0000000713600000, 0x0000000713400000| Untracked 
|  16|0x0000000713600000, 0x0000000713800000, 0x0000000713800000|100%| O|  |TAMS 0x0000000713800000, 0x0000000713600000| Untracked 
|  17|0x0000000713800000, 0x0000000713a00000, 0x0000000713a00000|100%| O|  |TAMS 0x00000007139b3600, 0x0000000713800000| Untracked 
|  18|0x0000000713a00000, 0x0000000713c00000, 0x0000000713c00000|100%| O|  |TAMS 0x0000000713a00000, 0x0000000713a00000| Untracked 
|  19|0x0000000713c00000, 0x0000000713dac000, 0x0000000713e00000| 83%| O|  |TAMS 0x0000000713c00000, 0x0000000713c00000| Untracked 
|  20|0x0000000713e00000, 0x0000000714000000, 0x0000000714000000|100%| O|  |TAMS 0x0000000713e00000, 0x0000000713e00000| Untracked 
|  21|0x0000000714000000, 0x0000000714200000, 0x0000000714200000|100%| O|  |TAMS 0x0000000714000000, 0x0000000714000000| Untracked 
|  22|0x0000000714200000, 0x0000000714400000, 0x0000000714400000|100%| O|  |TAMS 0x0000000714200000, 0x0000000714200000| Untracked 
|  23|0x0000000714400000, 0x0000000714600000, 0x0000000714600000|100%| O|  |TAMS 0x0000000714400000, 0x0000000714400000| Untracked 
|  24|0x0000000714600000, 0x0000000714800000, 0x0000000714800000|100%| O|  |TAMS 0x0000000714600000, 0x0000000714600000| Untracked 
|  25|0x0000000714800000, 0x0000000714894e00, 0x0000000714a00000| 29%| O|  |TAMS 0x0000000714800000, 0x0000000714800000| Untracked 
|  26|0x0000000714a00000, 0x0000000714a00000, 0x0000000714c00000|  0%| F|  |TAMS 0x0000000714a00000, 0x0000000714a00000| Untracked 
|  27|0x0000000714c00000, 0x0000000714c00000, 0x0000000714e00000|  0%| F|  |TAMS 0x0000000714c00000, 0x0000000714c00000| Untracked 
|  28|0x0000000714e00000, 0x0000000714e00000, 0x0000000715000000|  0%| F|  |TAMS 0x0000000714e00000, 0x0000000714e00000| Untracked 
|  29|0x0000000715000000, 0x0000000715000000, 0x0000000715200000|  0%| F|  |TAMS 0x0000000715000000, 0x0000000715000000| Untracked 
|  30|0x0000000715200000, 0x0000000715200000, 0x0000000715400000|  0%| F|  |TAMS 0x0000000715200000, 0x0000000715200000| Untracked 
|  31|0x0000000715400000, 0x0000000715400000, 0x0000000715600000|  0%| F|  |TAMS 0x0000000715400000, 0x0000000715400000| Untracked 
|  32|0x0000000715600000, 0x0000000715600000, 0x0000000715800000|  0%| F|  |TAMS 0x0000000715600000, 0x0000000715600000| Untracked 
|  33|0x0000000715800000, 0x0000000715800000, 0x0000000715a00000|  0%| F|  |TAMS 0x0000000715800000, 0x0000000715800000| Untracked 
|  34|0x0000000715a00000, 0x0000000715a00000, 0x0000000715c00000|  0%| F|  |TAMS 0x0000000715a00000, 0x0000000715a00000| Untracked 
|  35|0x0000000715c00000, 0x0000000715c00000, 0x0000000715e00000|  0%| F|  |TAMS 0x0000000715c00000, 0x0000000715c00000| Untracked 
|  36|0x0000000715e00000, 0x0000000715e00000, 0x0000000716000000|  0%| F|  |TAMS 0x0000000715e00000, 0x0000000715e00000| Untracked 
|  37|0x0000000716000000, 0x0000000716000000, 0x0000000716200000|  0%| F|  |TAMS 0x0000000716000000, 0x0000000716000000| Untracked 
|  38|0x0000000716200000, 0x0000000716200000, 0x0000000716400000|  0%| F|  |TAMS 0x0000000716200000, 0x0000000716200000| Untracked 
|  39|0x0000000716400000, 0x0000000716400000, 0x0000000716600000|  0%| F|  |TAMS 0x0000000716400000, 0x0000000716400000| Untracked 
|  40|0x0000000716600000, 0x0000000716800000, 0x0000000716800000|100%| S|CS|TAMS 0x0000000716600000, 0x0000000716600000| Complete 
|  41|0x0000000716800000, 0x0000000716a00000, 0x0000000716a00000|100%| S|CS|TAMS 0x0000000716800000, 0x0000000716800000| Complete 
|  42|0x0000000716a00000, 0x0000000716c00000, 0x0000000716c00000|100%| S|CS|TAMS 0x0000000716a00000, 0x0000000716a00000| Complete 
|  43|0x0000000716c00000, 0x0000000716e00000, 0x0000000716e00000|100%| S|CS|TAMS 0x0000000716c00000, 0x0000000716c00000| Complete 
|  44|0x0000000716e00000, 0x0000000716e00000, 0x0000000717000000|  0%| F|  |TAMS 0x0000000716e00000, 0x0000000716e00000| Untracked 
|  45|0x0000000717000000, 0x0000000717000000, 0x0000000717200000|  0%| F|  |TAMS 0x0000000717000000, 0x0000000717000000| Untracked 
|  46|0x0000000717200000, 0x0000000717200000, 0x0000000717400000|  0%| F|  |TAMS 0x0000000717200000, 0x0000000717200000| Untracked 
|  47|0x0000000717400000, 0x0000000717400000, 0x0000000717600000|  0%| F|  |TAMS 0x0000000717400000, 0x0000000717400000| Untracked 
|  48|0x0000000717600000, 0x0000000717600000, 0x0000000717800000|  0%| F|  |TAMS 0x0000000717600000, 0x0000000717600000| Untracked 
|  49|0x0000000717800000, 0x0000000717800000, 0x0000000717a00000|  0%| F|  |TAMS 0x0000000717800000, 0x0000000717800000| Untracked 
|  50|0x0000000717a00000, 0x0000000717a00000, 0x0000000717c00000|  0%| F|  |TAMS 0x0000000717a00000, 0x0000000717a00000| Untracked 
|  51|0x0000000717c00000, 0x0000000717c00000, 0x0000000717e00000|  0%| F|  |TAMS 0x0000000717c00000, 0x0000000717c00000| Untracked 
|  52|0x0000000717e00000, 0x0000000717e00000, 0x0000000718000000|  0%| F|  |TAMS 0x0000000717e00000, 0x0000000717e00000| Untracked 
|  53|0x0000000718000000, 0x0000000718000000, 0x0000000718200000|  0%| F|  |TAMS 0x0000000718000000, 0x0000000718000000| Untracked 
|  54|0x0000000718200000, 0x0000000718200000, 0x0000000718400000|  0%| F|  |TAMS 0x0000000718200000, 0x0000000718200000| Untracked 
|  55|0x0000000718400000, 0x0000000718400000, 0x0000000718600000|  0%| F|  |TAMS 0x0000000718400000, 0x0000000718400000| Untracked 
|  56|0x0000000718600000, 0x0000000718600000, 0x0000000718800000|  0%| F|  |TAMS 0x0000000718600000, 0x0000000718600000| Untracked 
|  57|0x0000000718800000, 0x0000000718800000, 0x0000000718a00000|  0%| F|  |TAMS 0x0000000718800000, 0x0000000718800000| Untracked 
|  58|0x0000000718a00000, 0x0000000718a00000, 0x0000000718c00000|  0%| F|  |TAMS 0x0000000718a00000, 0x0000000718a00000| Untracked 
|  59|0x0000000718c00000, 0x0000000718c00000, 0x0000000718e00000|  0%| F|  |TAMS 0x0000000718c00000, 0x0000000718c00000| Untracked 
|  60|0x0000000718e00000, 0x0000000718e00000, 0x0000000719000000|  0%| F|  |TAMS 0x0000000718e00000, 0x0000000718e00000| Untracked 
|  61|0x0000000719000000, 0x0000000719000000, 0x0000000719200000|  0%| F|  |TAMS 0x0000000719000000, 0x0000000719000000| Untracked 
|  62|0x0000000719200000, 0x0000000719200000, 0x0000000719400000|  0%| F|  |TAMS 0x0000000719200000, 0x0000000719200000| Untracked 
|  63|0x0000000719400000, 0x0000000719400000, 0x0000000719600000|  0%| F|  |TAMS 0x0000000719400000, 0x0000000719400000| Untracked 
|  64|0x0000000719600000, 0x0000000719600000, 0x0000000719800000|  0%| F|  |TAMS 0x0000000719600000, 0x0000000719600000| Untracked 
|  65|0x0000000719800000, 0x0000000719800000, 0x0000000719a00000|  0%| F|  |TAMS 0x0000000719800000, 0x0000000719800000| Untracked 
|  66|0x0000000719a00000, 0x0000000719a00000, 0x0000000719c00000|  0%| F|  |TAMS 0x0000000719a00000, 0x0000000719a00000| Untracked 
|  67|0x0000000719c00000, 0x0000000719c00000, 0x0000000719e00000|  0%| F|  |TAMS 0x0000000719c00000, 0x0000000719c00000| Untracked 
|  68|0x0000000719e00000, 0x0000000719e00000, 0x000000071a000000|  0%| F|  |TAMS 0x0000000719e00000, 0x0000000719e00000| Untracked 
|  69|0x000000071a000000, 0x000000071a000000, 0x000000071a200000|  0%| F|  |TAMS 0x000000071a000000, 0x000000071a000000| Untracked 
|  70|0x000000071a200000, 0x000000071a200000, 0x000000071a400000|  0%| F|  |TAMS 0x000000071a200000, 0x000000071a200000| Untracked 
|  71|0x000000071a400000, 0x000000071a400000, 0x000000071a600000|  0%| F|  |TAMS 0x000000071a400000, 0x000000071a400000| Untracked 
|  72|0x000000071a600000, 0x000000071a600000, 0x000000071a800000|  0%| F|  |TAMS 0x000000071a600000, 0x000000071a600000| Untracked 
|  73|0x000000071a800000, 0x000000071a800000, 0x000000071aa00000|  0%| F|  |TAMS 0x000000071a800000, 0x000000071a800000| Untracked 
|  74|0x000000071aa00000, 0x000000071aa00000, 0x000000071ac00000|  0%| F|  |TAMS 0x000000071aa00000, 0x000000071aa00000| Untracked 
|  75|0x000000071ac00000, 0x000000071ac00000, 0x000000071ae00000|  0%| F|  |TAMS 0x000000071ac00000, 0x000000071ac00000| Untracked 
|  76|0x000000071ae00000, 0x000000071ae00000, 0x000000071b000000|  0%| F|  |TAMS 0x000000071ae00000, 0x000000071ae00000| Untracked 
|  77|0x000000071b000000, 0x000000071b000000, 0x000000071b200000|  0%| F|  |TAMS 0x000000071b000000, 0x000000071b000000| Untracked 
|  78|0x000000071b200000, 0x000000071b200000, 0x000000071b400000|  0%| F|  |TAMS 0x000000071b200000, 0x000000071b200000| Untracked 
|  79|0x000000071b400000, 0x000000071b400000, 0x000000071b600000|  0%| F|  |TAMS 0x000000071b400000, 0x000000071b400000| Untracked 
|  80|0x000000071b600000, 0x000000071b600000, 0x000000071b800000|  0%| F|  |TAMS 0x000000071b600000, 0x000000071b600000| Untracked 
|  81|0x000000071b800000, 0x000000071b800000, 0x000000071ba00000|  0%| F|  |TAMS 0x000000071b800000, 0x000000071b800000| Untracked 
|  82|0x000000071ba00000, 0x000000071ba00000, 0x000000071bc00000|  0%| F|  |TAMS 0x000000071ba00000, 0x000000071ba00000| Untracked 
|  83|0x000000071bc00000, 0x000000071bc00000, 0x000000071be00000|  0%| F|  |TAMS 0x000000071bc00000, 0x000000071bc00000| Untracked 
|  84|0x000000071be00000, 0x000000071be00000, 0x000000071c000000|  0%| F|  |TAMS 0x000000071be00000, 0x000000071be00000| Untracked 
|  85|0x000000071c000000, 0x000000071c000000, 0x000000071c200000|  0%| F|  |TAMS 0x000000071c000000, 0x000000071c000000| Untracked 
|  86|0x000000071c200000, 0x000000071c200000, 0x000000071c400000|  0%| F|  |TAMS 0x000000071c200000, 0x000000071c200000| Untracked 
|  87|0x000000071c400000, 0x000000071c400000, 0x000000071c600000|  0%| F|  |TAMS 0x000000071c400000, 0x000000071c400000| Untracked 
|  88|0x000000071c600000, 0x000000071c600000, 0x000000071c800000|  0%| F|  |TAMS 0x000000071c600000, 0x000000071c600000| Untracked 
|  89|0x000000071c800000, 0x000000071c800000, 0x000000071ca00000|  0%| F|  |TAMS 0x000000071c800000, 0x000000071c800000| Untracked 
|  90|0x000000071ca00000, 0x000000071ca00000, 0x000000071cc00000|  0%| F|  |TAMS 0x000000071ca00000, 0x000000071ca00000| Untracked 
|  91|0x000000071cc00000, 0x000000071cc00000, 0x000000071ce00000|  0%| F|  |TAMS 0x000000071cc00000, 0x000000071cc00000| Untracked 
|  92|0x000000071ce00000, 0x000000071ce00000, 0x000000071d000000|  0%| F|  |TAMS 0x000000071ce00000, 0x000000071ce00000| Untracked 
|  93|0x000000071d000000, 0x000000071d000000, 0x000000071d200000|  0%| F|  |TAMS 0x000000071d000000, 0x000000071d000000| Untracked 
|  94|0x000000071d200000, 0x000000071d300000, 0x000000071d400000| 50%| E|  |TAMS 0x000000071d200000, 0x000000071d200000| Complete 
| 115|0x000000071fc00000, 0x000000071fe00000, 0x000000071fe00000|100%| E|CS|TAMS 0x000000071fc00000, 0x000000071fc00000| Complete 
| 116|0x000000071fe00000, 0x0000000720000000, 0x0000000720000000|100%| E|CS|TAMS 0x000000071fe00000, 0x000000071fe00000| Complete 
| 119|0x0000000720400000, 0x0000000720600000, 0x0000000720600000|100%| E|CS|TAMS 0x0000000720400000, 0x0000000720400000| Complete 
|1907|0x00000007ffc00000, 0x00000007ffd75000, 0x00000007ffe00000| 72%|OA|  |TAMS 0x00000007ffd75000, 0x00000007ffc00000| Untracked 
|1908|0x00000007ffe00000, 0x00000007ffe78000, 0x0000000800000000| 23%|CA|  |TAMS 0x00000007ffe78000, 0x00000007ffe00000| Untracked 

Card table byte_map: [0x00007e9fae538000,0x00007e9faecad000] _byte_map_base: 0x00007e9faacad000

Marking Bits (Prev, Next): (CMBitMap*) 0x00007e9fa80829e0, (CMBitMap*) 0x00007e9fa8082a20
 Prev Bits: [0x00007e9f8d858000, 0x00007e9f91400000)
 Next Bits: [0x00007e9f89cb0000, 0x00007e9f8d858000)

Polling page: 0x00007e9fb19c0000

Metaspace:

Usage:
  Non-class:    105.49 MB used.
      Class:     15.12 MB used.
       Both:    120.61 MB used.

Virtual space:
  Non-class space:      128.00 MB reserved,     105.88 MB ( 83%) committed,  2 nodes.
      Class space:        1.00 GB reserved,      15.44 MB (  2%) committed,  1 nodes.
             Both:        1.12 GB reserved,     121.31 MB ( 11%) committed. 

Chunk freelists:
   Non-Class:  6.09 MB
       Class:  472.00 KB
        Both:  6.55 MB

MaxMetaspaceSize: unlimited
CompressedClassSpaceSize: 1.00 GB
Initial GC threshold: 21.00 MB
Current GC threshold: 166.56 MB
CDS: on
MetaspaceReclaimPolicy: balanced
 - commit_granule_bytes: 65536.
 - commit_granule_words: 8192.
 - virtual_space_node_default_size: 8388608.
 - enlarge_chunks_in_place: 1.
 - new_chunks_are_fully_committed: 0.
 - uncommit_free_chunks: 1.
 - use_allocation_guard: 0.
 - handle_deallocations: 1.


Internal statistics:

num_allocs_failed_limit: 12.
num_arena_births: 1118.
num_arena_deaths: 0.
num_vsnodes_births: 3.
num_vsnodes_deaths: 0.
num_space_committed: 1941.
num_space_uncommitted: 0.
num_chunks_returned_to_freelist: 12.
num_chunks_taken_from_freelist: 5704.
num_chunk_merges: 9.
num_chunk_splits: 4253.
num_chunks_enlarged: 3462.
num_inconsistent_stats: 0.

CodeHeap 'non-profiled nmethods': size=120028Kb used=7801Kb max_used=7801Kb free=112226Kb
 bounds [0x00007e9f98ec9000, 0x00007e9f99669000, 0x00007e9fa0400000]
CodeHeap 'profiled nmethods': size=120028Kb used=18160Kb max_used=18160Kb free=101868Kb
 bounds [0x00007e9f91400000, 0x00007e9f925c0000, 0x00007e9f98937000]
CodeHeap 'non-nmethods': size=5704Kb used=1424Kb max_used=1456Kb free=4279Kb
 bounds [0x00007e9f98937000, 0x00007e9f98ba7000, 0x00007e9f98ec9000]
 total_blobs=10540 nmethods=9771 adapters=681
 compilation: enabled
              stopped_count=0, restarted_count=0
 full_count=0

Compilation events (20 events):
Event: 10.486 Thread 0x00007e9fa8180880 12523       3       org.hibernate.validator.internal.engine.constraintvalidation.ConstraintValidatorManagerImpl::isPredefinedScope (12 bytes)
Event: 10.486 Thread 0x00007e9fa817f340 12524       4       java.lang.Character::getType (9 bytes)
Event: 10.486 Thread 0x00007e9fa8180880 nmethod 12523 0x00007e9f925b9e10 code [0x00007e9f925b9fa0, 0x00007e9f925ba0f0]
Event: 10.486 Thread 0x00007e9fa8180880 12525       3       org.hibernate.validator.internal.metadata.core.MetaConstraint::isDefinedForOneGroupOnly (17 bytes)
Event: 10.486 Thread 0x00007e9fa8180880 nmethod 12525 0x00007e9f925ba190 code [0x00007e9f925ba320, 0x00007e9f925ba470]
Event: 10.486 Thread 0x00007e9fa8180880 12526       3       org.hibernate.validator.internal.engine.path.MutablePath::<init> (22 bytes)
Event: 10.486 Thread 0x00007e9fa8180880 nmethod 12526 0x00007e9f925ba510 code [0x00007e9f925ba6c0, 0x00007e9f925ba8d0]
Event: 10.486 Thread 0x00007e9fa8180880 12528       3       io.micrometer.core.instrument.observation.DefaultMeterObservationHandler::createTags (100 bytes)
Event: 10.486 Thread 0x00007e9f0c673390 nmethod 12513 0x00007e9f99665b90 code [0x00007e9f99665d80, 0x00007e9f996662a8]
Event: 10.487 Thread 0x00007e9fa817f340 nmethod 12524 0x00007e9f99666810 code [0x00007e9f996669a0, 0x00007e9f99666a78]
Event: 10.487 Thread 0x00007e9fa8180880 nmethod 12528 0x00007e9f925baa10 code [0x00007e9f925bacc0, 0x00007e9f925bbb00]
Event: 10.487 Thread 0x00007e9fa8180880 12527       3       io.micrometer.observation.Observation$Context::getName (13 bytes)
Event: 10.487 Thread 0x00007e9fa8180880 nmethod 12527 0x00007e9f925bc110 code [0x00007e9f925bc2c0, 0x00007e9f925bc420]
Event: 10.487 Thread 0x00007e9fa8180880 12529       3       org.hibernate.validator.internal.engine.constraintvalidation.AbstractConstraintValidatorManagerImpl::getDefaultConstraintValidatorFactory (15 bytes)
Event: 10.487 Thread 0x00007e9fa8180880 nmethod 12529 0x00007e9f925bc510 code [0x00007e9f925bc6a0, 0x00007e9f925bc7f0]
Event: 10.487 Thread 0x00007e9fa8180880 12530       3       org.hibernate.validator.internal.metadata.location.ConstraintLocation$ConstraintLocationKind::getElementType (15 bytes)
Event: 10.487 Thread 0x00007e9fa8180880 nmethod 12530 0x00007e9f925bc890 code [0x00007e9f925bca20, 0x00007e9f925bcb70]
Event: 10.487 Thread 0x00007e9fa8180880 12531       3       org.hibernate.validator.internal.engine.ValidatorImpl::needToCallTraversableResolver (125 bytes)
Event: 10.487 Thread 0x00007e9fa8180880 nmethod 12531 0x00007e9f925bcc10 code [0x00007e9f925bce00, 0x00007e9f925bd370]
Event: 10.488 Thread 0x00007e9fa8180880 12532   !   3       org.springframework.orm.jpa.AbstractEntityManagerFactoryBean$ManagedEntityManagerFactoryInvocationHandler::invoke (386 bytes)

GC Heap History (20 events):
Event: 6.401 GC heap before
{Heap before GC invocations=27 (full 0):
 garbage-first heap   total 169984K, used 131313K [0x0000000711600000, 0x0000000800000000)
  region size 2048K, 49 young (100352K), 4 survivors (8192K)
 Metaspace       used 83833K, committed 84352K, reserved 1179648K
  class space    used 10193K, committed 10496K, reserved 1048576K
}
Event: 6.407 GC heap after
{Heap after GC invocations=28 (full 0):
 garbage-first heap   total 169984K, used 40225K [0x0000000711600000, 0x0000000800000000)
  region size 2048K, 4 young (8192K), 4 survivors (8192K)
 Metaspace       used 83833K, committed 84352K, reserved 1179648K
  class space    used 10193K, committed 10496K, reserved 1048576K
}
Event: 6.733 GC heap before
{Heap before GC invocations=28 (full 0):
 garbage-first heap   total 169984K, used 132385K [0x0000000711600000, 0x0000000800000000)
  region size 2048K, 49 young (100352K), 4 survivors (8192K)
 Metaspace       used 88699K, committed 89280K, reserved 1179648K
  class space    used 10842K, committed 11136K, reserved 1048576K
}
Event: 6.739 GC heap after
{Heap after GC invocations=29 (full 0):
 garbage-first heap   total 204800K, used 42270K [0x0000000711600000, 0x0000000800000000)
  region size 2048K, 4 young (8192K), 4 survivors (8192K)
 Metaspace       used 88699K, committed 89280K, reserved 1179648K
  class space    used 10842K, committed 11136K, reserved 1048576K
}
Event: 7.110 GC heap before
{Heap before GC invocations=29 (full 0):
 garbage-first heap   total 204800K, used 156958K [0x0000000711600000, 0x0000000800000000)
  region size 2048K, 60 young (122880K), 4 survivors (8192K)
 Metaspace       used 93782K, committed 94336K, reserved 1179648K
  class space    used 11617K, committed 11904K, reserved 1048576K
}
Event: 7.115 GC heap after
{Heap after GC invocations=30 (full 0):
 garbage-first heap   total 204800K, used 45176K [0x0000000711600000, 0x0000000800000000)
  region size 2048K, 6 young (12288K), 6 survivors (12288K)
 Metaspace       used 93782K, committed 94336K, reserved 1179648K
  class space    used 11617K, committed 11904K, reserved 1048576K
}
Event: 7.387 GC heap before
{Heap before GC invocations=30 (full 0):
 garbage-first heap   total 204800K, used 155768K [0x0000000711600000, 0x0000000800000000)
  region size 2048K, 60 young (122880K), 6 survivors (12288K)
 Metaspace       used 98696K, committed 99264K, reserved 1179648K
  class space    used 12383K, committed 12672K, reserved 1048576K
}
Event: 7.395 GC heap after
{Heap after GC invocations=31 (full 0):
 garbage-first heap   total 204800K, used 46830K [0x0000000711600000, 0x0000000800000000)
  region size 2048K, 5 young (10240K), 5 survivors (10240K)
 Metaspace       used 98696K, committed 99264K, reserved 1179648K
  class space    used 12383K, committed 12672K, reserved 1048576K
}
Event: 7.879 GC heap before
{Heap before GC invocations=31 (full 0):
 garbage-first heap   total 204800K, used 159470K [0x0000000711600000, 0x0000000800000000)
  region size 2048K, 60 young (122880K), 5 survivors (10240K)
 Metaspace       used 101363K, committed 101952K, reserved 1179648K
  class space    used 12671K, committed 12992K, reserved 1048576K
}
Event: 7.887 GC heap after
{Heap after GC invocations=32 (full 0):
 garbage-first heap   total 204800K, used 50471K [0x0000000711600000, 0x0000000800000000)
  region size 2048K, 6 young (12288K), 6 survivors (12288K)
 Metaspace       used 101363K, committed 101952K, reserved 1179648K
  class space    used 12671K, committed 12992K, reserved 1048576K
}
Event: 7.929 GC heap before
{Heap before GC invocations=32 (full 0):
 garbage-first heap   total 204800K, used 54567K [0x0000000711600000, 0x0000000800000000)
  region size 2048K, 9 young (18432K), 6 survivors (12288K)
 Metaspace       used 101666K, committed 102208K, reserved 1179648K
  class space    used 12711K, committed 12992K, reserved 1048576K
}
Event: 7.936 GC heap after
{Heap after GC invocations=33 (full 0):
 garbage-first heap   total 245760K, used 50977K [0x0000000711600000, 0x0000000800000000)
  region size 2048K, 5 young (10240K), 5 survivors (10240K)
 Metaspace       used 101666K, committed 102208K, reserved 1179648K
  class space    used 12711K, committed 12992K, reserved 1048576K
}
Event: 8.493 GC heap before
{Heap before GC invocations=34 (full 0):
 garbage-first heap   total 204800K, used 163617K [0x0000000711600000, 0x0000000800000000)
  region size 2048K, 60 young (122880K), 5 survivors (10240K)
 Metaspace       used 105559K, committed 106176K, reserved 1179648K
  class space    used 13289K, committed 13568K, reserved 1048576K
}
Event: 8.500 GC heap after
{Heap after GC invocations=35 (full 0):
 garbage-first heap   total 204800K, used 53449K [0x0000000711600000, 0x0000000800000000)
  region size 2048K, 6 young (12288K), 6 survivors (12288K)
 Metaspace       used 105559K, committed 106176K, reserved 1179648K
  class space    used 13289K, committed 13568K, reserved 1048576K
}
Event: 9.153 GC heap before
{Heap before GC invocations=35 (full 0):
 garbage-first heap   total 204800K, used 164041K [0x0000000711600000, 0x0000000800000000)
  region size 2048K, 60 young (122880K), 6 survivors (12288K)
 Metaspace       used 110358K, committed 110976K, reserved 1179648K
  class space    used 13885K, committed 14208K, reserved 1048576K
}
Event: 9.161 GC heap after
{Heap after GC invocations=36 (full 0):
 garbage-first heap   total 204800K, used 57071K [0x0000000711600000, 0x0000000800000000)
  region size 2048K, 6 young (12288K), 6 survivors (12288K)
 Metaspace       used 110358K, committed 110976K, reserved 1179648K
  class space    used 13885K, committed 14208K, reserved 1048576K
}
Event: 9.831 GC heap before
{Heap before GC invocations=36 (full 0):
 garbage-first heap   total 204800K, used 167663K [0x0000000711600000, 0x0000000800000000)
  region size 2048K, 60 young (122880K), 6 survivors (12288K)
 Metaspace       used 117308K, committed 117952K, reserved 1179648K
  class space    used 14813K, committed 15104K, reserved 1048576K
}
Event: 9.840 GC heap after
{Heap after GC invocations=37 (full 0):
 garbage-first heap   total 204800K, used 59735K [0x0000000711600000, 0x0000000800000000)
  region size 2048K, 5 young (10240K), 5 survivors (10240K)
 Metaspace       used 117308K, committed 117952K, reserved 1179648K
  class space    used 14813K, committed 15104K, reserved 1048576K
}
Event: 10.352 GC heap before
{Heap before GC invocations=37 (full 0):
 garbage-first heap   total 204800K, used 168279K [0x0000000711600000, 0x0000000800000000)
  region size 2048K, 59 young (120832K), 5 survivors (10240K)
 Metaspace       used 123160K, committed 123840K, reserved 1179648K
  class space    used 15478K, committed 15808K, reserved 1048576K
}
Event: 10.362 GC heap after
{Heap after GC invocations=38 (full 0):
 garbage-first heap   total 204800K, used 61277K [0x0000000711600000, 0x0000000800000000)
  region size 2048K, 4 young (8192K), 4 survivors (8192K)
 Metaspace       used 123160K, committed 123840K, reserved 1179648K
  class space    used 15478K, committed 15808K, reserved 1048576K
}

Dll operation events (12 events):
Event: 0.001 Loaded shared library /usr/lib/jvm/java-17-openjdk-amd64/lib/libjava.so
Event: 0.014 Loaded shared library /usr/lib/jvm/java-17-openjdk-amd64/lib/libjsvml.so
Event: 0.048 Loaded shared library /usr/lib/jvm/java-17-openjdk-amd64/lib/libzip.so
Event: 0.049 Loaded shared library /usr/lib/jvm/java-17-openjdk-amd64/lib/libinstrument.so
Event: 0.050 Loaded shared library /usr/lib/jvm/java-17-openjdk-amd64/lib/libnio.so
Event: 0.052 Loaded shared library /usr/lib/jvm/java-17-openjdk-amd64/lib/libzip.so
Event: 0.132 Loaded shared library /usr/lib/jvm/java-17-openjdk-amd64/lib/libverify.so
Event: 0.142 Loaded shared library /usr/lib/jvm/java-17-openjdk-amd64/lib/libnet.so
Event: 0.155 Loaded shared library /usr/lib/jvm/java-17-openjdk-amd64/lib/libjimage.so
Event: 0.268 Loaded shared library /usr/lib/jvm/java-17-openjdk-amd64/lib/libmanagement.so
Event: 0.269 Loaded shared library /usr/lib/jvm/java-17-openjdk-amd64/lib/libmanagement_ext.so
Event: 9.522 Loaded shared library /usr/lib/jvm/java-17-openjdk-amd64/lib/libinstrument.so

Deoptimization events (20 events):
Event: 10.460 Thread 0x00007e9fa8019dd0 Uncommon trap: trap_request=0xffffffbe fr.pc=0x00007e9f9965abb8 relative=0x0000000000000cf8
Event: 10.460 Thread 0x00007e9fa8019dd0 Uncommon trap: reason=profile_predicate action=maybe_recompile pc=0x00007e9f9965abb8 method=org.hibernate.event.internal.AbstractVisitor.processEntityPropertyValues([Ljava/lang/Object;[Lorg/hibernate/type/Type;)V @ 20 c2
Event: 10.460 Thread 0x00007e9fa8019dd0 DEOPT PACKING pc=0x00007e9f9965abb8 sp=0x00007e9fb01f34e0
Event: 10.460 Thread 0x00007e9fa8019dd0 DEOPT UNPACKING pc=0x00007e9f98990b19 sp=0x00007e9fb01f34a8 mode 2
Event: 10.461 Thread 0x00007e9fa8019dd0 Uncommon trap: trap_request=0xffffffbe fr.pc=0x00007e9f9965abb8 relative=0x0000000000000cf8
Event: 10.461 Thread 0x00007e9fa8019dd0 Uncommon trap: reason=profile_predicate action=maybe_recompile pc=0x00007e9f9965abb8 method=org.hibernate.event.internal.AbstractVisitor.processEntityPropertyValues([Ljava/lang/Object;[Lorg/hibernate/type/Type;)V @ 20 c2
Event: 10.461 Thread 0x00007e9fa8019dd0 DEOPT PACKING pc=0x00007e9f9965abb8 sp=0x00007e9fb01f34e0
Event: 10.461 Thread 0x00007e9fa8019dd0 DEOPT UNPACKING pc=0x00007e9f98990b19 sp=0x00007e9fb01f34a8 mode 2
Event: 10.461 Thread 0x00007e9fa8019dd0 Uncommon trap: trap_request=0xffffffbe fr.pc=0x00007e9f9965abb8 relative=0x0000000000000cf8
Event: 10.461 Thread 0x00007e9fa8019dd0 Uncommon trap: reason=profile_predicate action=maybe_recompile pc=0x00007e9f9965abb8 method=org.hibernate.event.internal.AbstractVisitor.processEntityPropertyValues([Ljava/lang/Object;[Lorg/hibernate/type/Type;)V @ 20 c2
Event: 10.461 Thread 0x00007e9fa8019dd0 DEOPT PACKING pc=0x00007e9f9965abb8 sp=0x00007e9fb01f34e0
Event: 10.461 Thread 0x00007e9fa8019dd0 DEOPT UNPACKING pc=0x00007e9f98990b19 sp=0x00007e9fb01f34a8 mode 2
Event: 10.461 Thread 0x00007e9fa8019dd0 Uncommon trap: trap_request=0xffffffbe fr.pc=0x00007e9f9965abb8 relative=0x0000000000000cf8
Event: 10.461 Thread 0x00007e9fa8019dd0 Uncommon trap: reason=profile_predicate action=maybe_recompile pc=0x00007e9f9965abb8 method=org.hibernate.event.internal.AbstractVisitor.processEntityPropertyValues([Ljava/lang/Object;[Lorg/hibernate/type/Type;)V @ 20 c2
Event: 10.461 Thread 0x00007e9fa8019dd0 DEOPT PACKING pc=0x00007e9f9965abb8 sp=0x00007e9fb01f34e0
Event: 10.461 Thread 0x00007e9fa8019dd0 DEOPT UNPACKING pc=0x00007e9f98990b19 sp=0x00007e9fb01f34a8 mode 2
Event: 10.470 Thread 0x00007e9fa8019dd0 DEOPT PACKING pc=0x00007e9f9146b6df sp=0x00007e9fb01fb2f0
Event: 10.470 Thread 0x00007e9fa8019dd0 DEOPT UNPACKING pc=0x00007e9f9899164f sp=0x00007e9fb01fa798 mode 0
Event: 10.476 Thread 0x00007e9fa8019dd0 DEOPT PACKING pc=0x00007e9f9242848d sp=0x00007e9fb01fa620
Event: 10.476 Thread 0x00007e9fa8019dd0 DEOPT UNPACKING pc=0x00007e9f9899164f sp=0x00007e9fb01f9b18 mode 0

Classes loaded (20 events):
Event: 10.344 Loading class com/jayway/jsonpath/internal/PathRef$ObjectPropertyPathRef
Event: 10.344 Loading class com/jayway/jsonpath/internal/PathRef$ObjectPropertyPathRef done
Event: 10.344 Loading class com/jayway/jsonpath/InvalidModificationException
Event: 10.344 Loading class com/jayway/jsonpath/InvalidModificationException done
Event: 10.365 Loading class reactor/netty/ReactorNetty
Event: 10.365 Loading class reactor/netty/ReactorNetty done
Event: 10.367 Loading class reactor/netty/ReactorNetty
Event: 10.367 Loading class reactor/netty/ReactorNetty done
Event: 10.369 Loading class reactor/core/publisher/Hooks
Event: 10.369 Loading class reactor/core/publisher/Hooks done
Event: 10.464 Loading class org/springframework/http/HttpStatusCode
Event: 10.464 Loading class org/springframework/http/HttpStatusCode done
Event: 10.464 Loading class org/springframework/http/HttpStatusCode
Event: 10.464 Loading class org/springframework/http/HttpStatusCode done
Event: 10.472 Loading class reactor/netty/ReactorNetty
Event: 10.472 Loading class reactor/netty/ReactorNetty done
Event: 10.475 Loading class reactor/netty/ReactorNetty
Event: 10.475 Loading class reactor/netty/ReactorNetty done
Event: 10.477 Loading class reactor/core/publisher/Hooks
Event: 10.477 Loading class reactor/core/publisher/Hooks done

Classes unloaded (0 events):
No events

Classes redefined (0 events):
No events

Internal exceptions (20 events):
Event: 9.792 Thread 0x00007e9fa8019dd0 Exception <a 'java/lang/NoSuchMethodError'{0x00000007177e62b0}: 'java.lang.Object java.lang.invoke.Invokers$Holder.invoker(java.lang.Object, java.lang.Object, java.lang.Object, java.lang.Object, java.lang.Object, java.lang.Object)'> (0x00000007177e62b0) 
thrown [./src/hotspot/share/interpreter/linkResolver.cpp, line 758]
Event: 9.793 Thread 0x00007e9fa8019dd0 Exception <a 'java/lang/NoSuchMethodError'{0x00000007177fbe00}: 'void java.lang.invoke.Invokers$Holder.invokeExact_MT(java.lang.Object, java.lang.Object, java.lang.Object, java.lang.Object)'> (0x00000007177fbe00) 
thrown [./src/hotspot/share/interpreter/linkResolver.cpp, line 758]
Event: 9.909 Thread 0x00007e9fa8019dd0 Exception <a 'java/lang/NoSuchMethodError'{0x000000071c6c83a8}: 'java.lang.Object java.lang.invoke.DirectMethodHandle$Holder.invokeStatic(java.lang.Object, java.lang.Object, java.lang.Object, java.lang.Object, java.lang.Object, java.lang.Object, java.lang.Object, java.lang.Object, java.lang.Object, int)'> (0x000000071c6c83a8) 
thrown [./src/hotspot/share/interpreter/linkResolver.cpp, line 758]
Event: 9.909 Thread 0x00007e9fa8019dd0 Exception <a 'java/lang/NoSuchMethodError'{0x000000071c6d4ee0}: 'java.lang.Object java.lang.invoke.DirectMethodHandle$Holder.invokeStatic(java.lang.Object, java.lang.Object, java.lang.Object, java.lang.Object, java.lang.Object, java.lang.Object, java.lang.Object, java.lang.Object, java.lang.Object, java.lang.Object, int)'> (0x000000071c6d4ee0) 
thrown [./src/hotspot/share/interpreter/linkResolver.cpp, line 758]
Event: 9.909 Thread 0x00007e9fa8019dd0 Exception <a 'java/lang/NoSuchMethodError'{0x000000071c6eff58}: 'java.lang.Object java.lang.invoke.DirectMethodHandle$Holder.invokeStatic(java.lang.Object, java.lang.Object, java.lang.Object, java.lang.Object, java.lang.Object, java.lang.Object, java.lang.Object, java.lang.Object, int)'> (0x000000071c6eff58) 
thrown [./src/hotspot/share/interpreter/linkResolver.cpp, line 758]
Event: 9.937 Thread 0x00007e9fa8019dd0 Exception <a 'java/lang/NoSuchMethodError'{0x000000071b6d7ef8}: 'java.lang.Object java.lang.invoke.DirectMethodHandle$Holder.newInvokeSpecial(java.lang.Object, java.lang.Object, int, int)'> (0x000000071b6d7ef8) 
thrown [./src/hotspot/share/interpreter/linkResolver.cpp, line 758]
Event: 9.998 Thread 0x00007e9fa8019dd0 Exception <a 'java/lang/IncompatibleClassChangeError'{0x0000000719e4c2d8}: Found class java.lang.Object, but interface was expected> (0x0000000719e4c2d8) 
thrown [./src/hotspot/share/interpreter/linkResolver.cpp, line 826]
Event: 10.002 Thread 0x00007e9fa8019dd0 Exception <a 'java/lang/NoSuchMethodError'{0x0000000719c06d70}: 'void java.lang.invoke.DirectMethodHandle$Holder.invokeSpecialIFC(java.lang.Object, java.lang.Object, int, java.lang.Object, java.lang.Object, java.lang.Object, java.lang.Object)'> (0x0000000719c06d70) 
thrown [./src/hotspot/share/interpreter/linkResolver.cpp, line 758]
Event: 10.009 Thread 0x00007e9fa8019dd0 Exception <a 'java/lang/IncompatibleClassChangeError'{0x0000000719db4630}: Found class java.lang.Object, but interface was expected> (0x0000000719db4630) 
thrown [./src/hotspot/share/interpreter/linkResolver.cpp, line 826]
Event: 10.022 Thread 0x00007e9fa8019dd0 Exception <a 'java/lang/NoSuchMethodError'{0x0000000719ab1668}: 'java.lang.Object java.lang.invoke.DirectMethodHandle$Holder.newInvokeSpecial(java.lang.Object, java.lang.Object, java.lang.Object, long)'> (0x0000000719ab1668) 
thrown [./src/hotspot/share/interpreter/linkResolver.cpp, line 758]
Event: 10.022 Thread 0x00007e9fa8019dd0 Exception <a 'java/lang/NoSuchMethodError'{0x0000000719ab6bb0}: 'java.lang.Object java.lang.invoke.DirectMethodHandle$Holder.invokeSpecial(java.lang.Object, java.lang.Object, java.lang.Object, java.lang.Object, long)'> (0x0000000719ab6bb0) 
thrown [./src/hotspot/share/interpreter/linkResolver.cpp, line 758]
Event: 10.022 Thread 0x00007e9fa8019dd0 Exception <a 'java/lang/NoSuchMethodError'{0x0000000719abb9d0}: 'java.lang.Object java.lang.invoke.Invokers$Holder.linkToTargetMethod(java.lang.Object, java.lang.Object, long, java.lang.Object)'> (0x0000000719abb9d0) 
thrown [./src/hotspot/share/interpreter/linkResolver.cpp, line 758]
Event: 10.097 Thread 0x00007e9fa8019dd0 Exception <a 'java/lang/NoSuchMethodError'{0x0000000719062ab8}: 'int java.lang.invoke.DirectMethodHandle$Holder.invokeStatic(java.lang.Object, java.lang.Object, int, int)'> (0x0000000719062ab8) 
thrown [./src/hotspot/share/interpreter/linkResolver.cpp, line 758]
Event: 10.136 Thread 0x00007e9fa8019dd0 Exception <a 'java/lang/NoSuchMethodError'{0x00000007188537b0}: 'java.lang.Object java.lang.invoke.Invokers$Holder.invokeExact_MT(java.lang.Object, java.lang.Object, java.lang.Object)'> (0x00000007188537b0) 
thrown [./src/hotspot/share/interpreter/linkResolver.cpp, line 758]
Event: 10.171 Thread 0x00007e9fa8019dd0 Exception <a 'java/lang/NoSuchMethodError'{0x00000007182214c8}: 'void java.lang.invoke.DirectMethodHandle$Holder.invokeStatic(java.lang.Object, java.lang.Object, int, int, java.lang.Object)'> (0x00000007182214c8) 
thrown [./src/hotspot/share/interpreter/linkResolver.cpp, line 758]
Event: 10.179 Thread 0x00007e9fa8019dd0 Exception <a 'java/lang/NoSuchMethodError'{0x00000007183fda40}: 'java.lang.Object java.lang.invoke.Invokers$Holder.linkToTargetMethod(java.lang.Object, int, java.lang.Object, java.lang.Object, java.lang.Object, java.lang.Object)'> (0x00000007183fda40) 
thrown [./src/hotspot/share/interpreter/linkResolver.cpp, line 758]
Event: 10.181 Thread 0x00007e9fa8019dd0 Exception <a 'java/lang/IncompatibleClassChangeError'{0x0000000718043d78}: Found class java.lang.Object, but interface was expected> (0x0000000718043d78) 
thrown [./src/hotspot/share/interpreter/linkResolver.cpp, line 826]
Event: 10.225 Thread 0x00007e9fa8019dd0 Exception <a 'java/lang/reflect/InvocationTargetException'{0x0000000717deeaa0}> (0x0000000717deeaa0) 
thrown [./src/hotspot/share/runtime/reflection.cpp, line 1126]
Event: 10.368 Thread 0x00007e9fa8019dd0 Exception <a 'java/lang/reflect/InvocationTargetException'{0x000000072047e5d8}> (0x000000072047e5d8) 
thrown [./src/hotspot/share/runtime/reflection.cpp, line 1126]
Event: 10.477 Thread 0x00007e9fa8019dd0 Exception <a 'java/lang/reflect/InvocationTargetException'{0x000000071fdaa5c0}> (0x000000071fdaa5c0) 
thrown [./src/hotspot/share/runtime/reflection.cpp, line 1126]

VM Operations (20 events):
Event: 9.831 Executing VM operation: G1CollectForAllocation
Event: 9.840 Executing VM operation: G1CollectForAllocation done
Event: 9.935 Executing VM operation: HandshakeAllThreads
Event: 9.935 Executing VM operation: HandshakeAllThreads done
Event: 9.987 Executing VM operation: HandshakeAllThreads
Event: 9.987 Executing VM operation: HandshakeAllThreads done
Event: 10.026 Executing VM operation: HandshakeAllThreads
Event: 10.026 Executing VM operation: HandshakeAllThreads done
Event: 10.037 Executing VM operation: ICBufferFull
Event: 10.037 Executing VM operation: ICBufferFull done
Event: 10.102 Executing VM operation: HandshakeAllThreads
Event: 10.102 Executing VM operation: HandshakeAllThreads done
Event: 10.105 Executing VM operation: HandshakeAllThreads
Event: 10.105 Executing VM operation: HandshakeAllThreads done
Event: 10.117 Executing VM operation: HandshakeAllThreads
Event: 10.117 Executing VM operation: HandshakeAllThreads done
Event: 10.245 Executing VM operation: ICBufferFull
Event: 10.246 Executing VM operation: ICBufferFull done
Event: 10.352 Executing VM operation: G1CollectForAllocation
Event: 10.362 Executing VM operation: G1CollectForAllocation done

Memory protections (20 events):
Event: 0.019 Protecting memory [0x00007e9fac000000,0x00007e9fac004000] with protection modes 0
Event: 0.019 Protecting memory [0x00007e9fa7f00000,0x00007e9fa7f04000] with protection modes 0
Event: 0.031 Protecting memory [0x00007e9f89bb0000,0x00007e9f89bb4000] with protection modes 0
Event: 0.080 Protecting memory [0x00007e9f89ab0000,0x00007e9f89ab4000] with protection modes 0
Event: 0.187 Protecting memory [0x00007e9f899b0000,0x00007e9f899b4000] with protection modes 0
Event: 0.291 Protecting memory [0x00007e9f897af000,0x00007e9f897b3000] with protection modes 0
Event: 0.312 Protecting memory [0x00007e9f892ab000,0x00007e9f892af000] with protection modes 0
Event: 0.326 Protecting memory [0x00007e9f891ab000,0x00007e9f891af000] with protection modes 0
Event: 1.325 Protecting memory [0x00007e9f890ab000,0x00007e9f890af000] with protection modes 0
Event: 2.173 Protecting memory [0x00007e9f890ab000,0x00007e9f890af000] with protection modes 0
Event: 2.183 Protecting memory [0x00007e9f88ba7000,0x00007e9f88bab000] with protection modes 0
Event: 2.588 Protecting memory [0x00007e9f88aa7000,0x00007e9f88aab000] with protection modes 0
Event: 2.599 Protecting memory [0x00007e9f88aa7000,0x00007e9f88aab000] with protection modes 0
Event: 4.223 Protecting memory [0x00007e9f88ba7000,0x00007e9f88bab000] with protection modes 0
Event: 4.557 Protecting memory [0x00007e9f88aa7000,0x00007e9f88aab000] with protection modes 0
Event: 4.660 Protecting memory [0x00007e9f889a7000,0x00007e9f889ab000] with protection modes 0
Event: 9.358 Protecting memory [0x00007e9fac9f2000,0x00007e9fac9f6000] with protection modes 0
Event: 9.421 Protecting memory [0x00007e9f888a7000,0x00007e9f888ab000] with protection modes 0
Event: 9.621 Protecting memory [0x00007e9f891ab000,0x00007e9f891af000] with protection modes 0
Event: 9.621 Protecting memory [0x00007e9f89ab0000,0x00007e9f89ab4000] with protection modes 0

Nmethod flushes (20 events):
Event: 9.988 Thread 0x00007e9fa8189cf0 flushing  nmethod 0x00007e9f995d5390
Event: 9.988 Thread 0x00007e9fa8189cf0 flushing  nmethod 0x00007e9f91434890
Event: 9.988 Thread 0x00007e9fa8189cf0 flushing  nmethod 0x00007e9f914ba690
Event: 9.989 Thread 0x00007e9fa8189cf0 flushing  nmethod 0x00007e9f91512c90
Event: 9.989 Thread 0x00007e9fa8189cf0 flushing  nmethod 0x00007e9f91517f10
Event: 9.989 Thread 0x00007e9fa8189cf0 flushing  nmethod 0x00007e9f91520e10
Event: 9.989 Thread 0x00007e9fa8189cf0 flushing  nmethod 0x00007e9f91545490
Event: 9.989 Thread 0x00007e9fa8189cf0 flushing  nmethod 0x00007e9f91546090
Event: 9.989 Thread 0x00007e9fa8189cf0 flushing  nmethod 0x00007e9f91546a10
Event: 9.989 Thread 0x00007e9fa8189cf0 flushing  nmethod 0x00007e9f915cb310
Event: 9.989 Thread 0x00007e9fa8189cf0 flushing  nmethod 0x00007e9f915ee910
Event: 9.991 Thread 0x00007e9fa8189cf0 flushing  nmethod 0x00007e9f91b18890
Event: 9.991 Thread 0x00007e9fa8189cf0 flushing  nmethod 0x00007e9f91b25910
Event: 9.991 Thread 0x00007e9fa8189cf0 flushing  nmethod 0x00007e9f91b60310
Event: 9.991 Thread 0x00007e9fa8189cf0 flushing  nmethod 0x00007e9f91c89510
Event: 9.991 Thread 0x00007e9fa8189cf0 flushing  nmethod 0x00007e9f91c9c410
Event: 9.991 Thread 0x00007e9fa8189cf0 flushing  nmethod 0x00007e9f91cb7b90
Event: 9.992 Thread 0x00007e9fa8189cf0 flushing  nmethod 0x00007e9f91cfd110
Event: 9.992 Thread 0x00007e9fa8189cf0 flushing  nmethod 0x00007e9f91e29390
Event: 9.993 Thread 0x00007e9fa8189cf0 flushing  nmethod 0x00007e9f921e7e10

Events (20 events):
Event: 0.326 Thread 0x00007e9fa8180880 Thread added: 0x00007e9f0c2bf650
Event: 1.325 Thread 0x00007e9fa8019dd0 Thread added: 0x00007e9fa8f25cc0
Event: 2.160 Thread 0x00007e9fa8f25cc0 Thread exited: 0x00007e9fa8f25cc0
Event: 2.173 Thread 0x00007e9fa8019dd0 Thread added: 0x00007e9fa925b270
Event: 2.183 Thread 0x00007e9fa8019dd0 Thread added: 0x00007e9fa9263b80
Event: 2.588 Thread 0x00007e9fa8019dd0 Thread added: 0x00007e9fa9432e70
Event: 2.590 Thread 0x00007e9fa9432e70 Thread exited: 0x00007e9fa9432e70
Event: 2.599 Thread 0x00007e9fa8019dd0 Thread added: 0x00007e9fa943ae10
Event: 2.622 Thread 0x00007e9fa943ae10 Thread exited: 0x00007e9fa943ae10
Event: 3.299 Thread 0x00007e9fa9263b80 Thread exited: 0x00007e9fa9263b80
Event: 4.223 Thread 0x00007e9fa8019dd0 Thread added: 0x00007e9fa98c4d50
Event: 4.557 Thread 0x00007e9fa8019dd0 Thread added: 0x00007e9fa99ac920
Event: 4.660 Thread 0x00007e9fa99ac920 Thread added: 0x00007e9eb8024c70
Event: 9.358 Thread 0x00007e9fa8019dd0 Thread added: 0x00007e9faab60fe0
Event: 9.421 Thread 0x00007e9fa817b1a0 Thread added: 0x00007e9f1c000f50
Event: 9.519 Thread 0x00007e9f0c2bf650 Thread exited: 0x00007e9f0c2bf650
Event: 9.519 Thread 0x00007e9f0c093650 Thread exited: 0x00007e9f0c093650
Event: 9.621 Thread 0x00007e9fa8180880 Thread added: 0x00007e9f0c651a00
Event: 9.621 Thread 0x00007e9fa8180880 Thread added: 0x00007e9f0c673390
Event: 9.938 Thread 0x00007e9eb8024c70 Thread exited: 0x00007e9eb8024c70


Dynamic libraries:
711600000-71d400000 rw-p 00000000 00:00 0 
71d400000-71fc00000 ---p 00000000 00:00 0 
71fc00000-720000000 rw-p 00000000 00:00 0 
720000000-720400000 ---p 00000000 00:00 0 
720400000-720600000 rw-p 00000000 00:00 0 
720600000-7ffc00000 ---p 00000000 00:00 0 
7ffc00000-7ffd00000 rw-p 00000000 00:00 0 
7ffd00000-7ffd75000 rw-p 00c77000 103:02 13632835                        /usr/lib/jvm/java-17-openjdk-amd64/lib/server/classes.jsa
7ffd75000-7ffe00000 rw-p 00000000 00:00 0 
7ffe00000-7ffe78000 rw-p 00bff000 103:02 13632835                        /usr/lib/jvm/java-17-openjdk-amd64/lib/server/classes.jsa
7ffe78000-800000000 rw-p 00000000 00:00 0 
5f6dda2ba000-5f6dda2bb000 r--p 00000000 103:02 13632680                  /usr/lib/jvm/java-17-openjdk-amd64/bin/java
5f6dda2bb000-5f6dda2bc000 r-xp 00001000 103:02 13632680                  /usr/lib/jvm/java-17-openjdk-amd64/bin/java
5f6dda2bc000-5f6dda2bd000 r--p 00002000 103:02 13632680                  /usr/lib/jvm/java-17-openjdk-amd64/bin/java
5f6dda2bd000-5f6dda2be000 r--p 00002000 103:02 13632680                  /usr/lib/jvm/java-17-openjdk-amd64/bin/java
5f6dda2be000-5f6dda2bf000 rw-p 00003000 103:02 13632680                  /usr/lib/jvm/java-17-openjdk-amd64/bin/java
5f6de55e6000-5f6de562d000 rw-p 00000000 00:00 0                          [heap]
7e9eac000000-7e9eac021000 rw-p 00000000 00:00 0 
7e9eac021000-7e9eb0000000 ---p 00000000 00:00 0 
7e9eb0000000-7e9eb0033000 rw-p 00000000 00:00 0 
7e9eb0033000-7e9eb4000000 ---p 00000000 00:00 0 
7e9eb4000000-7e9eb57c0000 rw-p 00000000 00:00 0 
7e9eb57c0000-7e9eb5800000 rw-p 00000000 00:00 0 
7e9eb5800000-7e9eb5d80000 rw-p 00000000 00:00 0 
7e9eb5d80000-7e9eb5e00000 rw-p 00000000 00:00 0 
7e9eb5e00000-7e9eb60f0000 rw-p 00000000 00:00 0 
7e9eb60f0000-7e9eb6100000 ---p 00000000 00:00 0 
7e9eb6100000-7e9eb69f0000 rw-p 00000000 00:00 0 
7e9eb69f0000-7e9eb8000000 ---p 00000000 00:00 0 
7e9eb8000000-7e9eb8077000 rw-p 00000000 00:00 0 
7e9eb8077000-7e9ebc000000 ---p 00000000 00:00 0 
7e9ebc000000-7e9ebc021000 rw-p 00000000 00:00 0 
7e9ebc021000-7e9ec0000000 ---p 00000000 00:00 0 
7e9ec0000000-7e9ec0021000 rw-p 00000000 00:00 0 
7e9ec0021000-7e9ec4000000 ---p 00000000 00:00 0 
7e9ec4000000-7e9ec4403000 rw-p 00000000 00:00 0 
7e9ec4403000-7e9ec8000000 ---p 00000000 00:00 0 
7e9ec8000000-7e9ec8032000 rw-p 00000000 00:00 0 
7e9ec8032000-7e9ecc000000 ---p 00000000 00:00 0 
7e9ecc000000-7e9ecc021000 rw-p 00000000 00:00 0 
7e9ecc021000-7e9ed0000000 ---p 00000000 00:00 0 
7e9ed0000000-7e9ed0021000 rw-p 00000000 00:00 0 
7e9ed0021000-7e9ed4000000 ---p 00000000 00:00 0 
7e9ed4000000-7e9ed4021000 rw-p 00000000 00:00 0 
7e9ed4021000-7e9ed8000000 ---p 00000000 00:00 0 
7e9ed8000000-7e9ed8021000 rw-p 00000000 00:00 0 
7e9ed8021000-7e9edc000000 ---p 00000000 00:00 0 
7e9edc000000-7e9eddae9000 rw-p 00000000 00:00 0 
7e9eddae9000-7e9ee0000000 ---p 00000000 00:00 0 
7e9ee0000000-7e9ee0021000 rw-p 00000000 00:00 0 
7e9ee0021000-7e9ee4000000 ---p 00000000 00:00 0 
7e9ee4000000-7e9ee4021000 rw-p 00000000 00:00 0 
7e9ee4021000-7e9ee8000000 ---p 00000000 00:00 0 
7e9ee8000000-7e9ee8021000 rw-p 00000000 00:00 0 
7e9ee8021000-7e9eec000000 ---p 00000000 00:00 0 
7e9eec000000-7e9eec021000 rw-p 00000000 00:00 0 
7e9eec021000-7e9ef0000000 ---p 00000000 00:00 0 
7e9ef0000000-7e9ef0021000 rw-p 00000000 00:00 0 
7e9ef0021000-7e9ef4000000 ---p 00000000 00:00 0 
7e9ef4000000-7e9ef4021000 rw-p 00000000 00:00 0 
7e9ef4021000-7e9ef8000000 ---p 00000000 00:00 0 
7e9ef8000000-7e9ef987c000 rw-p 00000000 00:00 0 
7e9ef987c000-7e9efc000000 ---p 00000000 00:00 0 
7e9efc000000-7e9efc021000 rw-p 00000000 00:00 0 
7e9efc021000-7e9f00000000 ---p 00000000 00:00 0 
7e9f00000000-7e9f00021000 rw-p 00000000 00:00 0 
7e9f00021000-7e9f04000000 ---p 00000000 00:00 0 
7e9f04000000-7e9f04021000 rw-p 00000000 00:00 0 
7e9f04021000-7e9f08000000 ---p 00000000 00:00 0 
7e9f08000000-7e9f09b2b000 rw-p 00000000 00:00 0 
7e9f09b2b000-7e9f0c000000 ---p 00000000 00:00 0 
7e9f0c000000-7e9f0cd0c000 rw-p 00000000 00:00 0 
7e9f0cd0c000-7e9f10000000 ---p 00000000 00:00 0 
7e9f10000000-7e9f10021000 rw-p 00000000 00:00 0 
7e9f10021000-7e9f14000000 ---p 00000000 00:00 0 
7e9f14000000-7e9f14021000 rw-p 00000000 00:00 0 
7e9f14021000-7e9f18000000 ---p 00000000 00:00 0 
7e9f18000000-7e9f18021000 rw-p 00000000 00:00 0 
7e9f18021000-7e9f1c000000 ---p 00000000 00:00 0 
7e9f1c000000-7e9f1c021000 rw-p 00000000 00:00 0 
7e9f1c021000-7e9f20000000 ---p 00000000 00:00 0 
7e9f20000000-7e9f20021000 rw-p 00000000 00:00 0 
7e9f20021000-7e9f24000000 ---p 00000000 00:00 0 
7e9f27000000-7e9f27400000 rw-p 00000000 00:00 0 
7e9f27400000-7e9f27a00000 rw-p 00000000 00:00 0 
7e9f27a00000-7e9f27b00000 rw-p 00000000 00:00 0 
7e9f27b00000-7e9f27c00000 rw-p 00000000 00:00 0 
7e9f27c00000-7e9f27d00000 rw-p 00000000 00:00 0 
7e9f27d00000-7e9f27e00000 rw-p 00000000 00:00 0 
7e9f27e00000-7e9f28400000 rw-p 00000000 00:00 0 
7e9f28400000-7e9f28f80000 rw-p 00000000 00:00 0 
7e9f28f80000-7e9f29000000 rw-p 00000000 00:00 0 
7e9f29000000-7e9f29b00000 rw-p 00000000 00:00 0 
7e9f29b00000-7e9f29c00000 rw-p 00000000 00:00 0 
7e9f29c00000-7e9f2b000000 rw-p 00000000 00:00 0 
7e9f2b000000-7e9f2bbc7000 rw-p 00001000 103:02 13632835                  /usr/lib/jvm/java-17-openjdk-amd64/lib/server/classes.jsa
7e9f2bbc7000-7e9f2c000000 ---p 00000000 00:00 0 
7e9f2c000000-7e9f2c040000 rw-p 00000000 00:00 0 
7e9f2c040000-7e9f2c0c0000 rw-p 00000000 00:00 0 
7e9f2c0c0000-7e9f2c100000 rw-p 00000000 00:00 0 
7e9f2c100000-7e9f2c1c0000 rw-p 00000000 00:00 0 
7e9f2c1c0000-7e9f2c200000 rw-p 00000000 00:00 0 
7e9f2c200000-7e9f2c500000 rw-p 00000000 00:00 0 
7e9f2c500000-7e9f2ce40000 rw-p 00000000 00:00 0 
7e9f2ce40000-7e9f2ce60000 rw-p 00000000 00:00 0 
7e9f2ce60000-7e9f2ce80000 ---p 00000000 00:00 0 
7e9f2ce80000-7e9f2cf90000 rw-p 00000000 00:00 0 
7e9f2cf90000-7e9f6c000000 ---p 00000000 00:00 0 
7e9f6c000000-7e9f6c021000 rw-p 00000000 00:00 0 
7e9f6c021000-7e9f70000000 ---p 00000000 00:00 0 
7e9f70000000-7e9f70021000 rw-p 00000000 00:00 0 
7e9f70021000-7e9f74000000 ---p 00000000 00:00 0 
7e9f74000000-7e9f74021000 rw-p 00000000 00:00 0 
7e9f74021000-7e9f78000000 ---p 00000000 00:00 0 
7e9f7a000000-7e9f7c021000 rw-p 00000000 00:00 0 
7e9f7c021000-7e9f80000000 ---p 00000000 00:00 0 
7e9f80000000-7e9f80021000 rw-p 00000000 00:00 0 
7e9f80021000-7e9f84000000 ---p 00000000 00:00 0 
7e9f84000000-7e9f84021000 rw-p 00000000 00:00 0 
7e9f84021000-7e9f88000000 ---p 00000000 00:00 0 
7e9f888a7000-7e9f888ab000 ---p 00000000 00:00 0 
7e9f888ab000-7e9f889a7000 rw-p 00000000 00:00 0 
7e9f889a7000-7e9f889ab000 ---p 00000000 00:00 0 
7e9f889ab000-7e9f88aa7000 rw-p 00000000 00:00 0 
7e9f88aa7000-7e9f88aab000 ---p 00000000 00:00 0 
7e9f88aab000-7e9f88ba7000 rw-p 00000000 00:00 0 
7e9f88ba7000-7e9f88bab000 ---p 00000000 00:00 0 
7e9f88bab000-7e9f890ab000 rw-p 00000000 00:00 0 
7e9f890ab000-7e9f890af000 ---p 00000000 00:00 0 
7e9f890af000-7e9f891ab000 rw-p 00000000 00:00 0 
7e9f891ab000-7e9f891af000 ---p 00000000 00:00 0 
7e9f891af000-7e9f892ab000 rw-p 00000000 00:00 0 
7e9f892ab000-7e9f892af000 ---p 00000000 00:00 0 
7e9f892af000-7e9f897af000 rw-p 00000000 00:00 0 
7e9f897af000-7e9f897b3000 ---p 00000000 00:00 0 
7e9f897b3000-7e9f899b0000 rw-p 00000000 00:00 0 
7e9f899b0000-7e9f899b4000 ---p 00000000 00:00 0 
7e9f899b4000-7e9f89ab0000 rw-p 00000000 00:00 0 
7e9f89ab0000-7e9f89ab4000 ---p 00000000 00:00 0 
7e9f89ab4000-7e9f89bb0000 rw-p 00000000 00:00 0 
7e9f89bb0000-7e9f89bb4000 ---p 00000000 00:00 0 
7e9f89bb4000-7e9f89cb0000 rw-p 00000000 00:00 0 
7e9f89cb0000-7e9f89fa8000 rw-p 00000000 00:00 0 
7e9f89fa8000-7e9f8a048000 ---p 00000000 00:00 0 
7e9f8a048000-7e9f8a058000 rw-p 00000000 00:00 0 
7e9f8a058000-7e9f8a068000 ---p 00000000 00:00 0 
7e9f8a068000-7e9f8a070000 rw-p 00000000 00:00 0 
7e9f8a070000-7e9f8d848000 ---p 00000000 00:00 0 
7e9f8d848000-7e9f8db50000 rw-p 00000000 00:00 0 
7e9f8db50000-7e9f8dbf0000 ---p 00000000 00:00 0 
7e9f8dbf0000-7e9f8dc00000 rw-p 00000000 00:00 0 
7e9f8dc00000-7e9f8dc10000 ---p 00000000 00:00 0 
7e9f8dc10000-7e9f8dc18000 rw-p 00000000 00:00 0 
7e9f8dc18000-7e9f913f0000 ---p 00000000 00:00 0 
7e9f913f0000-7e9f91400000 rw-p 00000000 00:00 0 
7e9f91400000-7e9f925c0000 rwxp 00000000 00:00 0 
7e9f925c0000-7e9f98937000 ---p 00000000 00:00 0 
7e9f98937000-7e9f98ba7000 rwxp 00000000 00:00 0 
7e9f98ba7000-7e9f98ec9000 ---p 00000000 00:00 0 
7e9f98ec9000-7e9f99669000 rwxp 00000000 00:00 0 
7e9f99669000-7e9fa0400000 ---p 00000000 00:00 0 
7e9fa0400000-7e9fa7eea000 r--s 00000000 103:02 13632832                  /usr/lib/jvm/java-17-openjdk-amd64/lib/modules
7e9fa7f00000-7e9fa7f04000 ---p 00000000 00:00 0 
7e9fa7f04000-7e9fa8000000 rw-p 00000000 00:00 0 
7e9fa8000000-7e9faad8d000 rw-p 00000000 00:00 0 
7e9faad8d000-7e9fac004000 ---p 00000000 00:00 0 
7e9fac004000-7e9fac100000 rw-p 00000000 00:00 0 
7e9fac100000-7e9fac104000 ---p 00000000 00:00 0 
7e9fac104000-7e9fac200000 rw-p 00000000 00:00 0 
7e9fac200000-7e9fac204000 ---p 00000000 00:00 0 
7e9fac204000-7e9fac300000 rw-p 00000000 00:00 0 
7e9fac300000-7e9fac304000 ---p 00000000 00:00 0 
7e9fac304000-7e9fac400000 rw-p 00000000 00:00 0 
7e9fac400000-7e9fac977000 r--p 00000000 103:02 12583161                  /usr/lib/locale/locale-archive
7e9fac9f2000-7e9fac9f6000 ---p 00000000 00:00 0 
7e9fac9f6000-7e9faca14000 rw-p 00000000 00:00 0 
7e9faca14000-7e9faca18000 ---p 00000000 00:00 0 
7e9faca18000-7e9facb14000 rw-p 00000000 00:00 0 
7e9facb14000-7e9facb18000 ---p 00000000 00:00 0 
7e9facb18000-7e9facc14000 rw-p 00000000 00:00 0 
7e9facc14000-7e9facc18000 ---p 00000000 00:00 0 
7e9facc18000-7e9face15000 rw-p 00000000 00:00 0 
7e9face15000-7e9face1a000 r--p 00000000 103:02 13632817                  /usr/lib/jvm/java-17-openjdk-amd64/lib/libjsvml.so
7e9face1a000-7e9face5b000 r-xp 00005000 103:02 13632817                  /usr/lib/jvm/java-17-openjdk-amd64/lib/libjsvml.so
7e9face5b000-7e9facee4000 r--p 00046000 103:02 13632817                  /usr/lib/jvm/java-17-openjdk-amd64/lib/libjsvml.so
7e9facee4000-7e9facee5000 r--p 000ce000 103:02 13632817                  /usr/lib/jvm/java-17-openjdk-amd64/lib/libjsvml.so
7e9facee5000-7e9facee6000 rw-p 000cf000 103:02 13632817                  /usr/lib/jvm/java-17-openjdk-amd64/lib/libjsvml.so
7e9facee6000-7e9fad003000 rw-p 00000000 00:00 0 
7e9fad012000-7e9fad019000 r--s 00000000 103:02 12585593                  /usr/lib/x86_64-linux-gnu/gconv/gconv-modules.cache
7e9fad019000-7e9fad01b000 r--p 00000000 103:02 13632821                  /usr/lib/jvm/java-17-openjdk-amd64/lib/libmanagement_ext.so
7e9fad01b000-7e9fad01e000 r-xp 00002000 103:02 13632821                  /usr/lib/jvm/java-17-openjdk-amd64/lib/libmanagement_ext.so
7e9fad01e000-7e9fad020000 r--p 00005000 103:02 13632821                  /usr/lib/jvm/java-17-openjdk-amd64/lib/libmanagement_ext.so
7e9fad020000-7e9fad021000 r--p 00006000 103:02 13632821                  /usr/lib/jvm/java-17-openjdk-amd64/lib/libmanagement_ext.so
7e9fad021000-7e9fad022000 rw-p 00007000 103:02 13632821                  /usr/lib/jvm/java-17-openjdk-amd64/lib/libmanagement_ext.so
7e9fad022000-7e9fad026000 r--p 00000000 103:02 13632823                  /usr/lib/jvm/java-17-openjdk-amd64/lib/libnet.so
7e9fad026000-7e9fad034000 r-xp 00004000 103:02 13632823                  /usr/lib/jvm/java-17-openjdk-amd64/lib/libnet.so
7e9fad034000-7e9fad038000 r--p 00012000 103:02 13632823                  /usr/lib/jvm/java-17-openjdk-amd64/lib/libnet.so
7e9fad038000-7e9fad039000 r--p 00015000 103:02 13632823                  /usr/lib/jvm/java-17-openjdk-amd64/lib/libnet.so
7e9fad039000-7e9fad03a000 rw-p 00016000 103:02 13632823                  /usr/lib/jvm/java-17-openjdk-amd64/lib/libnet.so
7e9fad03a000-7e9fad23c000 rw-p 00000000 00:00 0 
7e9fad23c000-7e9fada44000 rw-p 00000000 00:00 0 
7e9fada44000-7e9fadd47000 rw-p 00000000 00:00 0 
7e9fadd47000-7e9fade22000 rw-p 00000000 00:00 0 
7e9fade22000-7e9fade36000 ---p 00000000 00:00 0 
7e9fade36000-7e9fade38000 rw-p 00000000 00:00 0 
7e9fade38000-7e9fade3a000 ---p 00000000 00:00 0 
7e9fade3a000-7e9fade3b000 rw-p 00000000 00:00 0 
7e9fade3b000-7e9fae536000 ---p 00000000 00:00 0 
7e9fae536000-7e9fae597000 rw-p 00000000 00:00 0 
7e9fae597000-7e9fae5ab000 ---p 00000000 00:00 0 
7e9fae5ab000-7e9fae5ad000 rw-p 00000000 00:00 0 
7e9fae5ad000-7e9fae5af000 ---p 00000000 00:00 0 
7e9fae5af000-7e9fae5b0000 rw-p 00000000 00:00 0 
7e9fae5b0000-7e9faecab000 ---p 00000000 00:00 0 
7e9faecab000-7e9faed0c000 rw-p 00000000 00:00 0 
7e9faed0c000-7e9faed20000 ---p 00000000 00:00 0 
7e9faed20000-7e9faed22000 rw-p 00000000 00:00 0 
7e9faed22000-7e9faed24000 ---p 00000000 00:00 0 
7e9faed24000-7e9faed25000 rw-p 00000000 00:00 0 
7e9faed25000-7e9faf420000 ---p 00000000 00:00 0 
7e9faf420000-7e9fafc3a000 rw-p 00000000 00:00 0 
7e9fafc3a000-7e9fafd15000 ---p 00000000 00:00 0 
7e9fafd15000-7e9fafd39000 rw-p 00000000 00:00 0 
7e9fafd39000-7e9fafe00000 ---p 00000000 00:00 0 
7e9fafe00000-7e9fafea3000 r--p 00000000 103:02 12614199                  /usr/lib/x86_64-linux-gnu/libstdc++.so.6.0.35
7e9fafea3000-7e9fafffe000 r-xp 000a3000 103:02 12614199                  /usr/lib/x86_64-linux-gnu/libstdc++.so.6.0.35
7e9fafffe000-7e9fb008a000 r--p 001fe000 103:02 12614199                  /usr/lib/x86_64-linux-gnu/libstdc++.so.6.0.35
7e9fb008a000-7e9fb0099000 r--p 0028a000 103:02 12614199                  /usr/lib/x86_64-linux-gnu/libstdc++.so.6.0.35
7e9fb0099000-7e9fb009c000 rw-p 00299000 103:02 12614199                  /usr/lib/x86_64-linux-gnu/libstdc++.so.6.0.35
7e9fb009c000-7e9fb00a0000 rw-p 00000000 00:00 0 
7e9fb00a5000-7e9fb00a9000 r--p 00000000 103:02 13632830                  /usr/lib/jvm/java-17-openjdk-amd64/lib/libverify.so
7e9fb00a9000-7e9fb00b1000 r-xp 00004000 103:02 13632830                  /usr/lib/jvm/java-17-openjdk-amd64/lib/libverify.so
7e9fb00b1000-7e9fb00b3000 r--p 0000c000 103:02 13632830                  /usr/lib/jvm/java-17-openjdk-amd64/lib/libverify.so
7e9fb00b3000-7e9fb00b5000 r--p 0000d000 103:02 13632830                  /usr/lib/jvm/java-17-openjdk-amd64/lib/libverify.so
7e9fb00b5000-7e9fb00b6000 rw-p 0000f000 103:02 13632830                  /usr/lib/jvm/java-17-openjdk-amd64/lib/libverify.so
7e9fb00b6000-7e9fb00bd000 r--p 00000000 103:02 13632824                  /usr/lib/jvm/java-17-openjdk-amd64/lib/libnio.so
7e9fb00bd000-7e9fb00c6000 r-xp 00007000 103:02 13632824                  /usr/lib/jvm/java-17-openjdk-amd64/lib/libnio.so
7e9fb00c6000-7e9fb00ca000 r--p 00010000 103:02 13632824                  /usr/lib/jvm/java-17-openjdk-amd64/lib/libnio.so
7e9fb00ca000-7e9fb00cb000 r--p 00014000 103:02 13632824                  /usr/lib/jvm/java-17-openjdk-amd64/lib/libnio.so
7e9fb00cb000-7e9fb00cc000 rw-p 00015000 103:02 13632824                  /usr/lib/jvm/java-17-openjdk-amd64/lib/libnio.so
7e9fb00cc000-7e9fb00d1000 rw-p 00000000 00:00 0 
7e9fb00d1000-7e9fb00d8000 ---p 00000000 00:00 0 
7e9fb00d8000-7e9fb00e4000 r--p 00000000 103:02 13632810                  /usr/lib/jvm/java-17-openjdk-amd64/lib/libjava.so
7e9fb00e4000-7e9fb00f7000 r-xp 0000c000 103:02 13632810                  /usr/lib/jvm/java-17-openjdk-amd64/lib/libjava.so
7e9fb00f7000-7e9fb00fd000 r--p 0001f000 103:02 13632810                  /usr/lib/jvm/java-17-openjdk-amd64/lib/libjava.so
7e9fb00fd000-7e9fb00fe000 r--p 00024000 103:02 13632810                  /usr/lib/jvm/java-17-openjdk-amd64/lib/libjava.so
7e9fb00fe000-7e9fb00ff000 rw-p 00025000 103:02 13632810                  /usr/lib/jvm/java-17-openjdk-amd64/lib/libjava.so
7e9fb00ff000-7e9fb0100000 rw-p 00000000 00:00 0 
7e9fb0100000-7e9fb0104000 ---p 00000000 00:00 0 
7e9fb0104000-7e9fb0200000 rw-p 00000000 00:00 0 
7e9fb0200000-7e9fb0455000 r--p 00000000 103:02 13632838                  /usr/lib/jvm/java-17-openjdk-amd64/lib/server/libjvm.so
7e9fb0455000-7e9fb1228000 r-xp 00255000 103:02 13632838                  /usr/lib/jvm/java-17-openjdk-amd64/lib/server/libjvm.so
7e9fb1228000-7e9fb14a4000 r--p 01028000 103:02 13632838                  /usr/lib/jvm/java-17-openjdk-amd64/lib/server/libjvm.so
7e9fb14a4000-7e9fb155d000 r--p 012a4000 103:02 13632838                  /usr/lib/jvm/java-17-openjdk-amd64/lib/server/libjvm.so
7e9fb155d000-7e9fb1592000 rw-p 0135d000 103:02 13632838                  /usr/lib/jvm/java-17-openjdk-amd64/lib/server/libjvm.so
7e9fb1592000-7e9fb15ed000 rw-p 00000000 00:00 0 
7e9fb15ed000-7e9fb15ef000 r--p 00000000 103:02 13632831                  /usr/lib/jvm/java-17-openjdk-amd64/lib/libzip.so
7e9fb15ef000-7e9fb15f4000 r-xp 00002000 103:02 13632831                  /usr/lib/jvm/java-17-openjdk-amd64/lib/libzip.so
7e9fb15f4000-7e9fb15f6000 r--p 00007000 103:02 13632831                  /usr/lib/jvm/java-17-openjdk-amd64/lib/libzip.so
7e9fb15f6000-7e9fb15f7000 r--p 00008000 103:02 13632831                  /usr/lib/jvm/java-17-openjdk-amd64/lib/libzip.so
7e9fb15f7000-7e9fb15f8000 rw-p 00009000 103:02 13632831                  /usr/lib/jvm/java-17-openjdk-amd64/lib/libzip.so
7e9fb15f8000-7e9fb1600000 rw-s 00000000 00:2e 275571                     /tmp/hsperfdata_daniel/1237435
7e9fb1600000-7e9fb1628000 r--p 00000000 103:02 12585597                  /usr/lib/x86_64-linux-gnu/libc.so.6
7e9fb1628000-7e9fb17c0000 r-xp 00028000 103:02 12585597                  /usr/lib/x86_64-linux-gnu/libc.so.6
7e9fb17c0000-7e9fb180e000 r--p 001c0000 103:02 12585597                  /usr/lib/x86_64-linux-gnu/libc.so.6
7e9fb180e000-7e9fb1812000 r--p 0020d000 103:02 12585597                  /usr/lib/x86_64-linux-gnu/libc.so.6
7e9fb1812000-7e9fb1814000 rw-p 00211000 103:02 12585597                  /usr/lib/x86_64-linux-gnu/libc.so.6
7e9fb1814000-7e9fb1821000 rw-p 00000000 00:00 0 
7e9fb1827000-7e9fb1828000 r--s 00000000 00:2e 275576                     /tmp/mockitoboot14818137151648540483.jar
7e9fb1828000-7e9fb182a000 r--p 00000000 103:02 13632805                  /usr/lib/jvm/java-17-openjdk-amd64/lib/libinstrument.so
7e9fb182a000-7e9fb1830000 r-xp 00002000 103:02 13632805                  /usr/lib/jvm/java-17-openjdk-amd64/lib/libinstrument.so
7e9fb1830000-7e9fb1833000 r--p 00008000 103:02 13632805                  /usr/lib/jvm/java-17-openjdk-amd64/lib/libinstrument.so
7e9fb1833000-7e9fb1834000 r--p 0000a000 103:02 13632805                  /usr/lib/jvm/java-17-openjdk-amd64/lib/libinstrument.so
7e9fb1834000-7e9fb1835000 rw-p 0000b000 103:02 13632805                  /usr/lib/jvm/java-17-openjdk-amd64/lib/libinstrument.so
7e9fb1835000-7e9fb1839000 r--p 00000000 103:02 12613783                  /usr/lib/x86_64-linux-gnu/libgcc_s.so.1
7e9fb1839000-7e9fb185d000 r-xp 00004000 103:02 12613783                  /usr/lib/x86_64-linux-gnu/libgcc_s.so.1
7e9fb185d000-7e9fb1861000 r--p 00028000 103:02 12613783                  /usr/lib/x86_64-linux-gnu/libgcc_s.so.1
7e9fb1861000-7e9fb1862000 r--p 0002c000 103:02 12613783                  /usr/lib/x86_64-linux-gnu/libgcc_s.so.1
7e9fb1862000-7e9fb1863000 rw-p 0002d000 103:02 12613783                  /usr/lib/x86_64-linux-gnu/libgcc_s.so.1
7e9fb1863000-7e9fb1875000 r--p 00000000 103:02 12585600                  /usr/lib/x86_64-linux-gnu/libm.so.6
7e9fb1875000-7e9fb1915000 r-xp 00012000 103:02 12585600                  /usr/lib/x86_64-linux-gnu/libm.so.6
7e9fb1915000-7e9fb1987000 r--p 000b2000 103:02 12585600                  /usr/lib/x86_64-linux-gnu/libm.so.6
7e9fb1987000-7e9fb1988000 r--p 00123000 103:02 12585600                  /usr/lib/x86_64-linux-gnu/libm.so.6
7e9fb1988000-7e9fb1989000 rw-p 00124000 103:02 12585600                  /usr/lib/x86_64-linux-gnu/libm.so.6
7e9fb1989000-7e9fb198b000 rw-p 00000000 00:00 0 
7e9fb198b000-7e9fb198d000 r--p 00000000 103:02 13632814                  /usr/lib/jvm/java-17-openjdk-amd64/lib/libjli.so
7e9fb198d000-7e9fb1997000 r-xp 00002000 103:02 13632814                  /usr/lib/jvm/java-17-openjdk-amd64/lib/libjli.so
7e9fb1997000-7e9fb199a000 r--p 0000c000 103:02 13632814                  /usr/lib/jvm/java-17-openjdk-amd64/lib/libjli.so
7e9fb199a000-7e9fb199b000 r--p 0000f000 103:02 13632814                  /usr/lib/jvm/java-17-openjdk-amd64/lib/libjli.so
7e9fb199b000-7e9fb199c000 rw-p 00010000 103:02 13632814                  /usr/lib/jvm/java-17-openjdk-amd64/lib/libjli.so
7e9fb199c000-7e9fb199f000 r--p 00000000 103:02 12614334                  /usr/lib/x86_64-linux-gnu/libz.so.1.3.1
7e9fb199f000-7e9fb19b2000 r-xp 00003000 103:02 12614334                  /usr/lib/x86_64-linux-gnu/libz.so.1.3.1
7e9fb19b2000-7e9fb19b8000 r--p 00016000 103:02 12614334                  /usr/lib/x86_64-linux-gnu/libz.so.1.3.1
7e9fb19b8000-7e9fb19b9000 r--p 0001c000 103:02 12614334                  /usr/lib/x86_64-linux-gnu/libz.so.1.3.1
7e9fb19b9000-7e9fb19ba000 rw-p 0001d000 103:02 12614334                  /usr/lib/x86_64-linux-gnu/libz.so.1.3.1
7e9fb19ba000-7e9fb19bc000 r--p 00000000 103:02 13632819                  /usr/lib/jvm/java-17-openjdk-amd64/lib/libmanagement.so
7e9fb19bc000-7e9fb19bd000 r-xp 00002000 103:02 13632819                  /usr/lib/jvm/java-17-openjdk-amd64/lib/libmanagement.so
7e9fb19bd000-7e9fb19be000 r--p 00003000 103:02 13632819                  /usr/lib/jvm/java-17-openjdk-amd64/lib/libmanagement.so
7e9fb19be000-7e9fb19bf000 r--p 00003000 103:02 13632819                  /usr/lib/jvm/java-17-openjdk-amd64/lib/libmanagement.so
7e9fb19bf000-7e9fb19c0000 rw-p 00004000 103:02 13632819                  /usr/lib/jvm/java-17-openjdk-amd64/lib/libmanagement.so
7e9fb19c0000-7e9fb19c1000 ---p 00000000 00:00 0 
7e9fb19c1000-7e9fb19c2000 r--p 00000000 00:00 0 
7e9fb19c2000-7e9fb19c3000 rwxp 00000000 00:00 0 
7e9fb19c3000-7e9fb19c5000 r--p 00000000 103:02 13632813                  /usr/lib/jvm/java-17-openjdk-amd64/lib/libjimage.so
7e9fb19c5000-7e9fb19c8000 r-xp 00002000 103:02 13632813                  /usr/lib/jvm/java-17-openjdk-amd64/lib/libjimage.so
7e9fb19c8000-7e9fb19c9000 r--p 00005000 103:02 13632813                  /usr/lib/jvm/java-17-openjdk-amd64/lib/libjimage.so
7e9fb19c9000-7e9fb19ca000 r--p 00006000 103:02 13632813                  /usr/lib/jvm/java-17-openjdk-amd64/lib/libjimage.so
7e9fb19ca000-7e9fb19cb000 rw-p 00007000 103:02 13632813                  /usr/lib/jvm/java-17-openjdk-amd64/lib/libjimage.so
7e9fb19cb000-7e9fb19cd000 rw-p 00000000 00:00 0 
7e9fb19cd000-7e9fb19d1000 r--p 00000000 00:00 0                          [vvar]
7e9fb19d1000-7e9fb19d3000 r--p 00000000 00:00 0                          [vvar_vclock]
7e9fb19d3000-7e9fb19d5000 r-xp 00000000 00:00 0                          [vdso]
7e9fb19d5000-7e9fb19d6000 r--p 00000000 103:02 12585594                  /usr/lib/x86_64-linux-gnu/ld-linux-x86-64.so.2
7e9fb19d6000-7e9fb1a05000 r-xp 00001000 103:02 12585594                  /usr/lib/x86_64-linux-gnu/ld-linux-x86-64.so.2
7e9fb1a05000-7e9fb1a10000 r--p 00030000 103:02 12585594                  /usr/lib/x86_64-linux-gnu/ld-linux-x86-64.so.2
7e9fb1a10000-7e9fb1a12000 r--p 0003b000 103:02 12585594                  /usr/lib/x86_64-linux-gnu/ld-linux-x86-64.so.2
7e9fb1a12000-7e9fb1a13000 rw-p 0003d000 103:02 12585594                  /usr/lib/x86_64-linux-gnu/ld-linux-x86-64.so.2
7e9fb1a13000-7e9fb1a14000 rw-p 00000000 00:00 0 
7fff7b259000-7fff7b27b000 rw-p 00000000 00:00 0                          [stack]
ffffffffff600000-ffffffffff601000 --xp 00000000 00:00 0                  [vsyscall]


VM Arguments:
jvm_args: -javaagent:/home/daniel/.m2/repository/org/jacoco/org.jacoco.agent/0.8.15/org.jacoco.agent-0.8.15-runtime.jar=destfile=/home/daniel/sandbox/target/jacoco.exec,excludes=**/org/springframework/samples/petclinic/rest/dto/**:**/org/springframework/samples/petclinic/rest/api/** 
java_command: /home/daniel/sandbox/target/surefire/surefirebooter-20260815162826265_3.jar /home/daniel/sandbox/target/surefire 2026-08-15T16-28-26_208-jvmRun1 surefire-20260815162826265_1tmp surefire_0-20260815162826265_2tmp
java_class_path (initial): /home/daniel/sandbox/target/surefire/surefirebooter-20260815162826265_3.jar
Launcher Type: SUN_STANDARD

[Global flags]
     intx CICompilerCount                          = 4                                         {product} {ergonomic}
     uint ConcGCThreads                            = 2                                         {product} {ergonomic}
     uint G1ConcRefinementThreads                  = 8                                         {product} {ergonomic}
   size_t G1HeapRegionSize                         = 2097152                                   {product} {ergonomic}
    uintx GCDrainStackTargetSize                   = 64                                        {product} {ergonomic}
   size_t InitialHeapSize                          = 251658240                                 {product} {ergonomic}
   size_t MarkStackSize                            = 4194304                                   {product} {ergonomic}
   size_t MaxHeapSize                              = 4003463168                                {product} {ergonomic}
   size_t MaxNewSize                               = 2401239040                                {product} {ergonomic}
   size_t MinHeapDeltaBytes                        = 2097152                                   {product} {ergonomic}
   size_t MinHeapSize                              = 8388608                                   {product} {ergonomic}
    uintx NonNMethodCodeHeapSize                   = 5839372                                {pd product} {ergonomic}
    uintx NonProfiledCodeHeapSize                  = 122909434                              {pd product} {ergonomic}
    uintx ProfiledCodeHeapSize                     = 122909434                              {pd product} {ergonomic}
    uintx ReservedCodeCacheSize                    = 251658240                              {pd product} {ergonomic}
     bool SegmentedCodeCache                       = true                                      {product} {ergonomic}
   size_t SoftMaxHeapSize                          = 4003463168                             {manageable} {ergonomic}
     bool UseCompressedClassPointers               = true                           {product lp64_product} {ergonomic}
     bool UseCompressedOops                        = true                           {product lp64_product} {ergonomic}
     bool UseG1GC                                  = true                                      {product} {ergonomic}

Logging:
Log output configuration:
 #0: stdout all=warning uptime,level,tags
 #1: stderr all=off uptime,level,tags

Environment Variables:
JAVA_HOME=/usr/lib/jvm/java-17-openjdk-amd64
PATH=/home/daniel/spring-petclinic-rest-long-degradation-test/.venv/bin:/usr/local/sbin:/usr/local/bin:/usr/sbin:/usr/bin:/sbin:/bin:/usr/games:/usr/local/games:/snap/bin:/snap/bin:/opt/maven/maven/bin
USERNAME=daniel
SHELL=/bin/bash
DISPLAY=:0
LANG=en_US.UTF-8
TERM=xterm-256color

Active Locale:
LC_ALL=en_US.UTF-8
LC_COLLATE=en_US.UTF-8
LC_CTYPE=en_US.UTF-8
LC_MESSAGES=en_US.UTF-8
LC_MONETARY=en_US.UTF-8
LC_NUMERIC=en_US.UTF-8
LC_TIME=en_US.UTF-8

Signal Handlers:
   SIGSEGV: crash_handler in libjvm.so, mask=11100100010111111101111111111110, flags=SA_RESTART|SA_SIGINFO, unblocked
    SIGBUS: crash_handler in libjvm.so, mask=11100100010111111101111111111110, flags=SA_RESTART|SA_SIGINFO, unblocked
    SIGFPE: crash_handler in libjvm.so, mask=11100100010111111101111111111110, flags=SA_RESTART|SA_SIGINFO, unblocked
   SIGPIPE: javaSignalHandler in libjvm.so, mask=11100100010111111101111111111110, flags=SA_RESTART|SA_SIGINFO, unblocked
   SIGXFSZ: javaSignalHandler in libjvm.so, mask=11100100010111111101111111111110, flags=SA_RESTART|SA_SIGINFO, unblocked
    SIGILL: crash_handler in libjvm.so, mask=11100100010111111101111111111110, flags=SA_RESTART|SA_SIGINFO, unblocked
   SIGUSR2: SR_handler in libjvm.so, mask=00000000000000000000000000000000, flags=SA_RESTART|SA_SIGINFO, unblocked
    SIGHUP: UserHandler in libjvm.so, mask=11100100010111111101111111111110, flags=SA_RESTART|SA_SIGINFO, unblocked
    SIGINT: UserHandler in libjvm.so, mask=11100100010111111101111111111110, flags=SA_RESTART|SA_SIGINFO, unblocked
   SIGTERM: UserHandler in libjvm.so, mask=11100100010111111101111111111110, flags=SA_RESTART|SA_SIGINFO, unblocked
   SIGQUIT: UserHandler in libjvm.so, mask=11100100010111111101111111111110, flags=SA_RESTART|SA_SIGINFO, blocked
   SIGTRAP: crash_handler in libjvm.so, mask=11100100010111111101111111111110, flags=SA_RESTART|SA_SIGINFO, unblocked


Periodic native trim disabled


---------------  S Y S T E M  ---------------

OS:
DISTRIB_ID=Ubuntu
DISTRIB_RELEASE=26.04
DISTRIB_CODENAME=resolute
DISTRIB_DESCRIPTION="Ubuntu 26.04 LTS"
uname: Linux 7.0.0-29-generic #29-Ubuntu SMP PREEMPT_DYNAMIC Fri Jul 17 20:52:35 UTC 2026 x86_64
OS uptime: 4 days 18:39 hours
libc: glibc 2.43 NPTL 2.43 
rlimit (soft/hard): STACK 8192k/infinity , CORE 0k/infinity , NPROC 60902/60902 , NOFILE 524288/524288 , AS infinity/infinity , CPU infinity/infinity , DATA infinity/infinity , FSIZE infinity/infinity , MEMLOCK 8192k/8192k
load average: 2.10 1.15 1.34

/proc/meminfo:
MemTotal:       15636016 kB
MemFree:         3476940 kB
MemAvailable:   11296860 kB
Buffers:          610240 kB
Cached:          7688628 kB
SwapCached:            0 kB
Active:          4223536 kB
Inactive:        6429672 kB
Active(anon):    3036132 kB
Inactive(anon):        0 kB
Active(file):    1187404 kB
Inactive(file):  6429672 kB
Unevictable:      426700 kB
Mlocked:              16 kB
SwapTotal:       4194300 kB
SwapFree:        4194300 kB
Zswap:                 0 kB
Zswapped:              0 kB
Dirty:              5240 kB
Writeback:             0 kB
AnonPages:       2781492 kB
Mapped:           577920 kB
Shmem:            682060 kB
KReclaimable:     547776 kB
Slab:             817748 kB
SReclaimable:     547776 kB
SUnreclaim:       269972 kB
KernelStack:       13536 kB
PageTables:        30384 kB
SecPageTables:      6568 kB
NFS_Unstable:          0 kB
Bounce:                0 kB
WritebackTmp:          0 kB
CommitLimit:    12012308 kB
Committed_AS:    9159300 kB
VmallocTotal:   34359738367 kB
VmallocUsed:       65052 kB
VmallocChunk:          0 kB
Percpu:            19648 kB
HardwareCorrupted:     0 kB
AnonHugePages:         0 kB
ShmemHugePages:   387072 kB
ShmemPmdMapped:        0 kB
FileHugePages:    600064 kB
FilePmdMapped:         0 kB
CmaTotal:              0 kB
CmaFree:               0 kB
Unaccepted:            0 kB
Balloon:               0 kB
HugePages_Total:       0
HugePages_Free:        0
HugePages_Rsvd:        0
HugePages_Surp:        0
Hugepagesize:       2048 kB
Hugetlb:               0 kB
DirectMap4k:      249536 kB
DirectMap2M:     6881280 kB
DirectMap1G:     9437184 kB

/sys/kernel/mm/transparent_hugepage/enabled: <Not Available>
/sys/kernel/mm/transparent_hugepage/hpage_pmd_size: <Not Available>
/sys/kernel/mm/transparent_hugepage/defrag (defrag/compaction efforts parameter): <Not Available>

Process Memory:
Virtual Size: 8105152K (peak: 8105152K)
Resident Set Size: 537472K (peak: 537472K) (anon: 511820K, file: 25616K, shmem: 36K)
Swapped out: 0K
C-Heap outstanding allocations: 86536K, retained: 75499K
glibc malloc tunables: (default)

/proc/sys/kernel/threads-max (system-wide limit on the number of threads): 121804
/proc/sys/vm/max_map_count (maximum number of memory map areas a process may have): 1048576
/proc/sys/vm/swappiness (control to define how aggressively the kernel swaps out anonymous memory): 60
/proc/sys/kernel/pid_max (system-wide limit on number of process identifiers): 4194304

container information not found.
Steal ticks since vm start: 0
Steal ticks percentage since vm start:  0.000

CPU: total 8 (initial active 8) (4 cores per cpu, 2 threads per core) family 6 model 140 stepping 1 microcode 0xbe, cx8, cmov, fxsr, ht, mmx, 3dnowpref, sse, sse2, sse3, ssse3, sse4.1, sse4.2, popcnt, lzcnt, tsc, tscinvbit, avx, avx2, aes, erms, clmul, bmi1, bmi2, adx, avx512f, avx512dq, avx512cd, avx512bw, avx512vl, sha, fma, vzeroupper, avx512_vpopcntdq, avx512_vpclmulqdq, avx512_vaes, avx512_vnni, clflush, clflushopt, clwb, avx512_vbmi2, avx512_vbmi
CPU Model and flags from /proc/cpuinfo:
model name	: 11th Gen Intel(R) Core(TM) i5-1135G7 @ 2.40GHz
flags		: fpu vme de pse tsc msr pae mce cx8 apic sep mtrr pge mca cmov pat pse36 clflush dts acpi mmx fxsr sse sse2 ss ht tm pbe syscall nx pdpe1gb rdtscp lm constant_tsc art arch_perfmon pebs bts rep_good nopl xtopology nonstop_tsc cpuid aperfmperf tsc_known_freq pni pclmulqdq dtes64 monitor ds_cpl vmx est tm2 ssse3 sdbg fma cx16 xtpr pdcm pcid sse4_1 sse4_2 x2apic movbe popcnt tsc_deadline_timer aes xsave avx f16c rdrand lahf_lm abm 3dnowprefetch cpuid_fault epb cat_l2 cdp_l2 ssbd ibrs ibpb stibp ibrs_enhanced tpr_shadow flexpriority ept vpid ept_ad fsgsbase tsc_adjust bmi1 avx2 smep bmi2 erms invpcid rdt_a avx512f avx512dq rdseed adx smap avx512ifma clflushopt clwb intel_pt avx512cd sha_ni avx512bw avx512vl xsaveopt xsavec xgetbv1 xsaves split_lock_detect user_shstk dtherm ida arat pln pts hwp hwp_notify hwp_act_window hwp_epp hwp_pkg_req vnmi avx512vbmi umip pku ospke avx512_vbmi2 gfni vaes vpclmulqdq avx512_vnni avx512_bitalg avx512_vpopcntdq rdpid movdiri movdir64b fsrm avx512_vp2intersect md_clear ibt flush_l1d arch_capabilities

Online cpus: <Not Available>
Offline cpus: <Not Available>
BIOS frequency limitation: <Not Available>
Frequency switch latency (ns): <Not Available>
Available cpu frequencies: <Not Available>
Current governor: <Not Available>
Core performance/turbo boost: <Not Available>

Memory: 4k page, physical 15636016k(3476940k free), swap 4194300k(4194300k free)
Page Sizes: 4k

vm_info: OpenJDK 64-Bit Server VM (17.0.19+10-1-26.04.2-Ubuntu) for linux-amd64 JRE (17.0.19+10-1-26.04.2-Ubuntu), built on Apr 26 2026 13:04:16 by "buildd" with gcc 15.2.0

END.
