$ ./mvnw -q -B -DskipTests test-compile
############################################################################################
# Thanks for using OpenAPI Generator.                                                      #
# We appreciate your support! Please consider donation to help us maintain this project.   #
# https://opencollective.com/openapi_generator/donate                                      #
############################################################################################

$ ./mvnw -q -B -Dgroups=cp01,cp02,cp03,cp04,cp05,cp06,cp07,cp08,cp09,cp10,cp11,cp12,cp13,cp14,cp15,cp16,cp17,cp18,cp19,cp20,cp21,cp22,cp23,cp24,cp25,cp26,cp27,cp28,cp29 test
############################################################################################
# Thanks for using OpenAPI Generator.                                                      #
# We appreciate your support! Please consider donation to help us maintain this project.   #
# https://opencollective.com/openapi_generator/donate                                      #
############################################################################################
INFO  AnnotationConfigContextLoaderUtils - Could not detect default configuration classes for test class [org.springframework.samples.petclinic.acceptance.Cp12Tests]: Cp12Tests does not declare any static, non-private, non-final, nested classes annotated with @Configuration.
INFO  SpringBootTestContextBootstrapper - Found @SpringBootConfiguration org.springframework.samples.petclinic.PetClinicApplication for test class org.springframework.samples.petclinic.acceptance.Cp12Tests
INFO  AnnotationConfigContextLoaderUtils - Could not detect default configuration classes for test class [org.springframework.samples.petclinic.acceptance.Cp12Tests]: Cp12Tests does not declare any static, non-private, non-final, nested classes annotated with @Configuration.
INFO  AnnotationConfigContextLoaderUtils - Could not detect default configuration classes for test class [org.springframework.samples.petclinic.acceptance.AcceptanceBase]: AcceptanceBase does not declare any static, non-private, non-final, nested classes annotated with @Configuration.
INFO  SpringBootTestContextBootstrapper - Found @SpringBootConfiguration org.springframework.samples.petclinic.PetClinicApplication for test class org.springframework.samples.petclinic.acceptance.Cp12Tests

  .   ____          _            __ _ _
 /\\ / ___'_ __ _ _(_)_ __  __ _ \ \ \ \
( ( )\___ | '_ | '_| | '_ \/ _` | \ \ \ \
 \\/  ___)| |_)| | | | | || (_| |  ) ) ) )
  '  |____| .__|_| |_|_| |_\__, | / / / /
 =========|_|==============|___/=/_/_/_/

 :: Spring Boot ::                (v4.1.0)

INFO  Cp12Tests - Starting Cp12Tests using Java 17.0.19 with PID 1740293 (started by daniel in /home/daniel/sandbox)
DEBUG Cp12Tests - Running with Spring Boot v4.1.0, Spring v7.0.8
INFO  Cp12Tests - The following 2 profiles are active: "hsqldb", "spring-data-jpa"
INFO  Version - HV000001: Hibernate Validator 9.1.0.Final
INFO  RepositoryConfigurationDelegate - Bootstrapping Spring Data JPA repositories in DEFAULT mode.
INFO  RepositoryConfigurationDelegate - Finished Spring Data repository scanning in 77 ms. Found 7 JPA repository interfaces.
INFO  HikariDataSource - HikariPool-1 - Starting...
INFO  PoolBase - HikariPool-1 - Driver does not support get/set network timeout for connections. (feature not supported)
INFO  HikariPool - HikariPool-1 - Added connection org.hsqldb.jdbc.JDBCConnection@18c04885
INFO  HikariDataSource - HikariPool-1 - Start completed.
INFO  jpa - HHH008540: Processing PersistenceUnitInfo [name: default]
INFO  core - HHH000001: Hibernate ORM core version 7.4.1.Final
INFO  SpringPersistenceUnitInfo - No LoadTimeWeaver setup: ignoring JPA class transformer
INFO  pooling - HHH10001005: Database info:
	Database JDBC URL [jdbc:hsqldb:mem:petclinic]
	Database driver: HSQL Database Engine Driver
	Database dialect: HSQLDialect
	Database version: 2.7.3
	Default catalog/schema: PUBLIC/PUBLIC
	Autocommit mode: undefined/unknown
	Isolation level: READ_COMMITTED [default READ_COMMITTED]
	JDBC fetch size: none
	Pool: DataSourceConnectionProvider
	Minimum pool size: undefined/unknown
	Maximum pool size: undefined/unknown
INFO  core - HHH000489: No JTA platform available (set 'hibernate.transaction.jta.platform' to enable JTA platform integration)
INFO  LocalContainerEntityManagerFactoryBean - Initialized JPA EntityManagerFactory for persistence unit 'default'
WARN  InitializeUserDetailsBeanManagerConfigurer$InitializeUserDetailsManagerConfigurer - Global AuthenticationManager configured with an AuthenticationProvider bean. UserDetailsService beans will not be used by Spring Security for automatically configuring username/password login. Consider removing the AuthenticationProvider bean. Alternatively, consider using the UserDetailsService in a manually instantiated DaoAuthenticationProvider. If the current configuration is intentional, to turn off this warning, increase the logging level of 'org.springframework.security.config.annotation.authentication.configuration.InitializeUserDetailsBeanManagerConfigurer' to ERROR
INFO  QueryEnhancerFactories - Hibernate is in classpath; If applicable, HQL parser will be used.
INFO  OFFICE - Loading REST endpoints:
INFO  OFFICE -   GET /
INFO  OFFICE -   GET /api/pets
INFO  OFFICE -   GET /api/vets
INFO  OFFICE -   POST /api/vets
INFO  OFFICE -   POST /api/users
INFO  OFFICE -   GET /api/owners
INFO  OFFICE -   POST /api/owners
INFO  OFFICE -   GET /api/visits
INFO  OFFICE -   POST /api/visits
INFO  OFFICE -   GET /api/v2/pets
INFO  OFFICE -   GET /api/pettypes
INFO  OFFICE -   POST /api/pettypes
INFO  OFFICE -   GET /api/v2/owners
INFO  OFFICE -   GET /api/specialties
INFO  OFFICE -   POST /api/specialties
INFO  OFFICE -   DELETE /api/pets/{petId}
INFO  OFFICE -   GET /api/pets/{petId}
INFO  OFFICE -   PUT /api/pets/{petId}
INFO  OFFICE -   DELETE /api/vets/{vetId}
INFO  OFFICE -   GET /api/vets/{vetId}
INFO  OFFICE -   PUT /api/vets/{vetId}
INFO  OFFICE -   DELETE /api/owners/{ownerId}
INFO  OFFICE -   GET /api/owners/{ownerId}
INFO  OFFICE -   PUT /api/owners/{ownerId}
INFO  OFFICE -   DELETE /api/visits/{visitId}
INFO  OFFICE -   GET /api/visits/{visitId}
INFO  OFFICE -   PUT /api/visits/{visitId}
INFO  OFFICE -   DELETE /api/pettypes/{petTypeId}
INFO  OFFICE -   GET /api/pettypes/{petTypeId}
INFO  OFFICE -   PUT /api/pettypes/{petTypeId}
INFO  OFFICE -   POST /api/owners/{ownerId}/pets
INFO  OFFICE -   DELETE /api/specialties/{specialtyId}
INFO  OFFICE -   GET /api/specialties/{specialtyId}
INFO  OFFICE -   PUT /api/specialties/{specialtyId}
INFO  OFFICE -   GET /api/owners/{ownerId}/pets/{petId}
INFO  OFFICE -   PUT /api/owners/{ownerId}/pets/{petId}
INFO  OFFICE -   POST /api/owners/{ownerId}/pets/{petId}/visits
INFO  OFFICE - OfficeFloor bridging Spring Security
WARN  UserDetailsServiceAutoConfiguration - 

Using generated security password: 82a11224-933f-4a63-91b4-913b6be5ebe4

This generated password is for development use only. Your security configuration must be updated before running your application in production.

INFO  SpringBootMockServletContext - Initializing Spring TestDispatcherServlet ''
INFO  TestDispatcherServlet - Initializing Servlet ''
INFO  EndpointLinksResolver - Exposing 1 endpoint beneath base path '/actuator'
INFO  TestDispatcherServlet - Completed initialization in 15 ms
INFO  Cp12Tests - Started Cp12Tests in 14.422 seconds (process running for 16.718)
WARN  SpringDocAppInitializer - SpringDoc /v3/api-docs endpoint is enabled by default. To disable it in production, set the property 'springdoc.api-docs.enabled=false'
WARN  SpringDocAppInitializer - SpringDoc /swagger-ui.html endpoint is enabled by default. To disable it in production, set the property 'springdoc.swagger-ui.enabled=false'
INFO  AUDIT - owner created id=11 customerCode=TOW-SUR-0001 registrationDate=2026-08-10 membershipLevel=2
INFO  AUDIT - owner created id=12 customerCode=TOW-SUR-0001 registrationDate=2026-08-10 membershipLevel=2
INFO  AnnotationConfigContextLoaderUtils - Could not detect default configuration classes for test class [org.springframework.samples.petclinic.acceptance.Cp14Tests]: Cp14Tests does not declare any static, non-private, non-final, nested classes annotated with @Configuration.
INFO  SpringBootTestContextBootstrapper - Found @SpringBootConfiguration org.springframework.samples.petclinic.PetClinicApplication for test class org.springframework.samples.petclinic.acceptance.Cp14Tests
INFO  AnnotationConfigContextLoaderUtils - Could not detect default configuration classes for test class [org.springframework.samples.petclinic.acceptance.Cp14Tests]: Cp14Tests does not declare any static, non-private, non-final, nested classes annotated with @Configuration.
INFO  AnnotationConfigContextLoaderUtils - Could not detect default configuration classes for test class [org.springframework.samples.petclinic.acceptance.AcceptanceBase]: AcceptanceBase does not declare any static, non-private, non-final, nested classes annotated with @Configuration.
INFO  SpringBootTestContextBootstrapper - Found @SpringBootConfiguration org.springframework.samples.petclinic.PetClinicApplication for test class org.springframework.samples.petclinic.acceptance.Cp14Tests
INFO  AUDIT - owner created id=13 customerCode=TOW-SUR-0001 registrationDate=2026-01-05 membershipLevel=2
INFO  AnnotationConfigContextLoaderUtils - Could not detect default configuration classes for test class [org.springframework.samples.petclinic.acceptance.Cp07Tests]: Cp07Tests does not declare any static, non-private, non-final, nested classes annotated with @Configuration.
INFO  SpringBootTestContextBootstrapper - Found @SpringBootConfiguration org.springframework.samples.petclinic.PetClinicApplication for test class org.springframework.samples.petclinic.acceptance.Cp07Tests
INFO  AnnotationConfigContextLoaderUtils - Could not detect default configuration classes for test class [org.springframework.samples.petclinic.acceptance.Cp07Tests]: Cp07Tests does not declare any static, non-private, non-final, nested classes annotated with @Configuration.
INFO  AnnotationConfigContextLoaderUtils - Could not detect default configuration classes for test class [org.springframework.samples.petclinic.acceptance.AcceptanceBase]: AcceptanceBase does not declare any static, non-private, non-final, nested classes annotated with @Configuration.
INFO  SpringBootTestContextBootstrapper - Found @SpringBootConfiguration org.springframework.samples.petclinic.PetClinicApplication for test class org.springframework.samples.petclinic.acceptance.Cp07Tests
INFO  AUDIT - owner created id=14 customerCode=TOW-SUR-0001 registrationDate=2026-01-06 membershipLevel=2
INFO  AUDIT - owner created id=15 customerCode=TOW-SUR-0001 registrationDate=2026-01-05 membershipLevel=2
INFO  AnnotationConfigContextLoaderUtils - Could not detect default configuration classes for test class [org.springframework.samples.petclinic.acceptance.Cp11Tests]: Cp11Tests does not declare any static, non-private, non-final, nested classes annotated with @Configuration.
INFO  SpringBootTestContextBootstrapper - Found @SpringBootConfiguration org.springframework.samples.petclinic.PetClinicApplication for test class org.springframework.samples.petclinic.acceptance.Cp11Tests
INFO  AnnotationConfigContextLoaderUtils - Could not detect default configuration classes for test class [org.springframework.samples.petclinic.acceptance.Cp11Tests]: Cp11Tests does not declare any static, non-private, non-final, nested classes annotated with @Configuration.
INFO  AnnotationConfigContextLoaderUtils - Could not detect default configuration classes for test class [org.springframework.samples.petclinic.acceptance.AcceptanceBase]: AcceptanceBase does not declare any static, non-private, non-final, nested classes annotated with @Configuration.
INFO  SpringBootTestContextBootstrapper - Found @SpringBootConfiguration org.springframework.samples.petclinic.PetClinicApplication for test class org.springframework.samples.petclinic.acceptance.Cp11Tests
INFO  AUDIT - owner created id=16 customerCode=TOW-SUR-0001 registrationDate=2026-08-10 membershipLevel=2
INFO  AUDIT - owner created id=17 customerCode=TOW-SUR-0001 registrationDate=2026-08-10 membershipLevel=1
INFO  AnnotationConfigContextLoaderUtils - Could not detect default configuration classes for test class [org.springframework.samples.petclinic.acceptance.Cp08Tests]: Cp08Tests does not declare any static, non-private, non-final, nested classes annotated with @Configuration.
INFO  SpringBootTestContextBootstrapper - Found @SpringBootConfiguration org.springframework.samples.petclinic.PetClinicApplication for test class org.springframework.samples.petclinic.acceptance.Cp08Tests
INFO  AnnotationConfigContextLoaderUtils - Could not detect default configuration classes for test class [org.springframework.samples.petclinic.acceptance.Cp08Tests]: Cp08Tests does not declare any static, non-private, non-final, nested classes annotated with @Configuration.
INFO  AnnotationConfigContextLoaderUtils - Could not detect default configuration classes for test class [org.springframework.samples.petclinic.acceptance.AcceptanceBase]: AcceptanceBase does not declare any static, non-private, non-final, nested classes annotated with @Configuration.
INFO  SpringBootTestContextBootstrapper - Found @SpringBootConfiguration org.springframework.samples.petclinic.PetClinicApplication for test class org.springframework.samples.petclinic.acceptance.Cp08Tests
INFO  AUDIT - owner created id=18 customerCode=TOW-SUR-0001 registrationDate=2026-08-10 membershipLevel=2
INFO  AUDIT - owner created id=19 customerCode=TOW-SUR-0001 registrationDate=2026-08-10 membershipLevel=2
INFO  AnnotationConfigContextLoaderUtils - Could not detect default configuration classes for test class [org.springframework.samples.petclinic.acceptance.Cp28Tests]: Cp28Tests does not declare any static, non-private, non-final, nested classes annotated with @Configuration.
INFO  SpringBootTestContextBootstrapper - Found @SpringBootConfiguration org.springframework.samples.petclinic.PetClinicApplication for test class org.springframework.samples.petclinic.acceptance.Cp28Tests
INFO  AnnotationConfigContextLoaderUtils - Could not detect default configuration classes for test class [org.springframework.samples.petclinic.acceptance.Cp28Tests]: Cp28Tests does not declare any static, non-private, non-final, nested classes annotated with @Configuration.
INFO  AnnotationConfigContextLoaderUtils - Could not detect default configuration classes for test class [org.springframework.samples.petclinic.acceptance.AcceptanceBase]: AcceptanceBase does not declare any static, non-private, non-final, nested classes annotated with @Configuration.
INFO  SpringBootTestContextBootstrapper - Found @SpringBootConfiguration org.springframework.samples.petclinic.PetClinicApplication for test class org.springframework.samples.petclinic.acceptance.Cp28Tests
INFO  AUDIT - owner created id=20 customerCode=TOW-SUR-0001 registrationDate=2026-08-10 membershipLevel=2
INFO  AnnotationConfigContextLoaderUtils - Could not detect default configuration classes for test class [org.springframework.samples.petclinic.acceptance.Cp09Tests]: Cp09Tests does not declare any static, non-private, non-final, nested classes annotated with @Configuration.
INFO  SpringBootTestContextBootstrapper - Found @SpringBootConfiguration org.springframework.samples.petclinic.PetClinicApplication for test class org.springframework.samples.petclinic.acceptance.Cp09Tests
INFO  AnnotationConfigContextLoaderUtils - Could not detect default configuration classes for test class [org.springframework.samples.petclinic.acceptance.Cp09Tests]: Cp09Tests does not declare any static, non-private, non-final, nested classes annotated with @Configuration.
INFO  AnnotationConfigContextLoaderUtils - Could not detect default configuration classes for test class [org.springframework.samples.petclinic.acceptance.AcceptanceBase]: AcceptanceBase does not declare any static, non-private, non-final, nested classes annotated with @Configuration.
INFO  SpringBootTestContextBootstrapper - Found @SpringBootConfiguration org.springframework.samples.petclinic.PetClinicApplication for test class org.springframework.samples.petclinic.acceptance.Cp09Tests
INFO  AUDIT - owner created id=21 customerCode=SYD-ALP-0001 registrationDate=2026-08-10 membershipLevel=2
INFO  AUDIT - owner created id=22 customerCode=SYD-BRA-0002 registrationDate=2026-08-10 membershipLevel=2
INFO  AnnotationConfigContextLoaderUtils - Could not detect default configuration classes for test class [org.springframework.samples.petclinic.acceptance.Cp24Tests]: Cp24Tests does not declare any static, non-private, non-final, nested classes annotated with @Configuration.
INFO  SpringBootTestContextBootstrapper - Found @SpringBootConfiguration org.springframework.samples.petclinic.PetClinicApplication for test class org.springframework.samples.petclinic.acceptance.Cp24Tests
INFO  AnnotationConfigContextLoaderUtils - Could not detect default configuration classes for test class [org.springframework.samples.petclinic.acceptance.Cp24Tests]: Cp24Tests does not declare any static, non-private, non-final, nested classes annotated with @Configuration.
INFO  AnnotationConfigContextLoaderUtils - Could not detect default configuration classes for test class [org.springframework.samples.petclinic.acceptance.AcceptanceBase]: AcceptanceBase does not declare any static, non-private, non-final, nested classes annotated with @Configuration.
INFO  SpringBootTestContextBootstrapper - Found @SpringBootConfiguration org.springframework.samples.petclinic.PetClinicApplication for test class org.springframework.samples.petclinic.acceptance.Cp24Tests
INFO  AUDIT - owner created id=23 customerCode=TOW-LEV-0001 registrationDate=2026-08-10 membershipLevel=3
INFO  AnnotationConfigContextLoaderUtils - Could not detect default configuration classes for test class [org.springframework.samples.petclinic.acceptance.Cp21Tests]: Cp21Tests does not declare any static, non-private, non-final, nested classes annotated with @Configuration.
INFO  SpringBootTestContextBootstrapper - Found @SpringBootConfiguration org.springframework.samples.petclinic.PetClinicApplication for test class org.springframework.samples.petclinic.acceptance.Cp21Tests
INFO  AnnotationConfigContextLoaderUtils - Could not detect default configuration classes for test class [org.springframework.samples.petclinic.acceptance.Cp21Tests]: Cp21Tests does not declare any static, non-private, non-final, nested classes annotated with @Configuration.
INFO  AnnotationConfigContextLoaderUtils - Could not detect default configuration classes for test class [org.springframework.samples.petclinic.acceptance.AcceptanceBase]: AcceptanceBase does not declare any static, non-private, non-final, nested classes annotated with @Configuration.
INFO  SpringBootTestContextBootstrapper - Found @SpringBootConfiguration org.springframework.samples.petclinic.PetClinicApplication for test class org.springframework.samples.petclinic.acceptance.Cp21Tests
INFO  AUDIT - owner created id=24 customerCode=TOW-SUR-0001 registrationDate=2026-08-10 membershipLevel=3
INFO  AnnotationConfigContextLoaderUtils - Could not detect default configuration classes for test class [org.springframework.samples.petclinic.acceptance.Cp27Tests]: Cp27Tests does not declare any static, non-private, non-final, nested classes annotated with @Configuration.
INFO  SpringBootTestContextBootstrapper - Found @SpringBootConfiguration org.springframework.samples.petclinic.PetClinicApplication for test class org.springframework.samples.petclinic.acceptance.Cp27Tests
INFO  AnnotationConfigContextLoaderUtils - Could not detect default configuration classes for test class [org.springframework.samples.petclinic.acceptance.Cp27Tests]: Cp27Tests does not declare any static, non-private, non-final, nested classes annotated with @Configuration.
INFO  AnnotationConfigContextLoaderUtils - Could not detect default configuration classes for test class [org.springframework.samples.petclinic.acceptance.AcceptanceBase]: AcceptanceBase does not declare any static, non-private, non-final, nested classes annotated with @Configuration.
INFO  SpringBootTestContextBootstrapper - Found @SpringBootConfiguration org.springframework.samples.petclinic.PetClinicApplication for test class org.springframework.samples.petclinic.acceptance.Cp27Tests
INFO  AUDIT - owner created id=25 customerCode=TOW-SUR-0001 registrationDate=2026-08-10 membershipLevel=3
INFO  AUDIT - owner created id=26 customerCode=TOW-SUR-0001 registrationDate=2026-08-10 membershipLevel=2
INFO  AnnotationConfigContextLoaderUtils - Could not detect default configuration classes for test class [org.springframework.samples.petclinic.acceptance.Cp23Tests]: Cp23Tests does not declare any static, non-private, non-final, nested classes annotated with @Configuration.
INFO  SpringBootTestContextBootstrapper - Found @SpringBootConfiguration org.springframework.samples.petclinic.PetClinicApplication for test class org.springframework.samples.petclinic.acceptance.Cp23Tests
INFO  AnnotationConfigContextLoaderUtils - Could not detect default configuration classes for test class [org.springframework.samples.petclinic.acceptance.Cp23Tests]: Cp23Tests does not declare any static, non-private, non-final, nested classes annotated with @Configuration.
INFO  AnnotationConfigContextLoaderUtils - Could not detect default configuration classes for test class [org.springframework.samples.petclinic.acceptance.AcceptanceBase]: AcceptanceBase does not declare any static, non-private, non-final, nested classes annotated with @Configuration.
INFO  SpringBootTestContextBootstrapper - Found @SpringBootConfiguration org.springframework.samples.petclinic.PetClinicApplication for test class org.springframework.samples.petclinic.acceptance.Cp23Tests
INFO  AUDIT - owner created id=27 customerCode=TOW-SUR-0001 registrationDate=2026-08-10 membershipLevel=2
INFO  AUDIT - owner created id=28 customerCode=TOW-SUR-0001 registrationDate=2026-08-10 membershipLevel=2
INFO  AUDIT - owner created id=29 customerCode=TOW-SUR-0001 registrationDate=2026-08-10 membershipLevel=2
INFO  AnnotationConfigContextLoaderUtils - Could not detect default configuration classes for test class [org.springframework.samples.petclinic.acceptance.Cp05Tests]: Cp05Tests does not declare any static, non-private, non-final, nested classes annotated with @Configuration.
INFO  SpringBootTestContextBootstrapper - Found @SpringBootConfiguration org.springframework.samples.petclinic.PetClinicApplication for test class org.springframework.samples.petclinic.acceptance.Cp05Tests
INFO  AnnotationConfigContextLoaderUtils - Could not detect default configuration classes for test class [org.springframework.samples.petclinic.acceptance.Cp05Tests]: Cp05Tests does not declare any static, non-private, non-final, nested classes annotated with @Configuration.
INFO  AnnotationConfigContextLoaderUtils - Could not detect default configuration classes for test class [org.springframework.samples.petclinic.acceptance.AcceptanceBase]: AcceptanceBase does not declare any static, non-private, non-final, nested classes annotated with @Configuration.
INFO  SpringBootTestContextBootstrapper - Found @SpringBootConfiguration org.springframework.samples.petclinic.PetClinicApplication for test class org.springframework.samples.petclinic.acceptance.Cp05Tests
INFO  AUDIT - owner created id=30 customerCode=TOW-SUR-0001 registrationDate=2026-08-10 membershipLevel=2
INFO  AnnotationConfigContextLoaderUtils - Could not detect default configuration classes for test class [org.springframework.samples.petclinic.acceptance.Cp03Tests]: Cp03Tests does not declare any static, non-private, non-final, nested classes annotated with @Configuration.
INFO  SpringBootTestContextBootstrapper - Found @SpringBootConfiguration org.springframework.samples.petclinic.PetClinicApplication for test class org.springframework.samples.petclinic.acceptance.Cp03Tests
INFO  AnnotationConfigContextLoaderUtils - Could not detect default configuration classes for test class [org.springframework.samples.petclinic.acceptance.Cp03Tests]: Cp03Tests does not declare any static, non-private, non-final, nested classes annotated with @Configuration.
INFO  AnnotationConfigContextLoaderUtils - Could not detect default configuration classes for test class [org.springframework.samples.petclinic.acceptance.AcceptanceBase]: AcceptanceBase does not declare any static, non-private, non-final, nested classes annotated with @Configuration.
INFO  SpringBootTestContextBootstrapper - Found @SpringBootConfiguration org.springframework.samples.petclinic.PetClinicApplication for test class org.springframework.samples.petclinic.acceptance.Cp03Tests
INFO  AUDIT - owner created id=31 customerCode=TOW-SUR-0001 registrationDate=2026-08-10 membershipLevel=2
INFO  AnnotationConfigContextLoaderUtils - Could not detect default configuration classes for test class [org.springframework.samples.petclinic.acceptance.Cp04Tests]: Cp04Tests does not declare any static, non-private, non-final, nested classes annotated with @Configuration.
INFO  SpringBootTestContextBootstrapper - Found @SpringBootConfiguration org.springframework.samples.petclinic.PetClinicApplication for test class org.springframework.samples.petclinic.acceptance.Cp04Tests
INFO  AnnotationConfigContextLoaderUtils - Could not detect default configuration classes for test class [org.springframework.samples.petclinic.acceptance.Cp04Tests]: Cp04Tests does not declare any static, non-private, non-final, nested classes annotated with @Configuration.
INFO  AnnotationConfigContextLoaderUtils - Could not detect default configuration classes for test class [org.springframework.samples.petclinic.acceptance.AcceptanceBase]: AcceptanceBase does not declare any static, non-private, non-final, nested classes annotated with @Configuration.
INFO  SpringBootTestContextBootstrapper - Found @SpringBootConfiguration org.springframework.samples.petclinic.PetClinicApplication for test class org.springframework.samples.petclinic.acceptance.Cp04Tests
INFO  AUDIT - owner created id=32 customerCode=TOW-SUR-0001 registrationDate=2026-08-10 membershipLevel=2
INFO  AUDIT - owner created id=33 customerCode=TOW-SUR-0001 registrationDate=2026-08-10 membershipLevel=3
INFO  AnnotationConfigContextLoaderUtils - Could not detect default configuration classes for test class [org.springframework.samples.petclinic.acceptance.Cp18Tests]: Cp18Tests does not declare any static, non-private, non-final, nested classes annotated with @Configuration.
INFO  SpringBootTestContextBootstrapper - Found @SpringBootConfiguration org.springframework.samples.petclinic.PetClinicApplication for test class org.springframework.samples.petclinic.acceptance.Cp18Tests
INFO  AnnotationConfigContextLoaderUtils - Could not detect default configuration classes for test class [org.springframework.samples.petclinic.acceptance.Cp18Tests]: Cp18Tests does not declare any static, non-private, non-final, nested classes annotated with @Configuration.
INFO  AnnotationConfigContextLoaderUtils - Could not detect default configuration classes for test class [org.springframework.samples.petclinic.acceptance.AcceptanceBase]: AcceptanceBase does not declare any static, non-private, non-final, nested classes annotated with @Configuration.
INFO  SpringBootTestContextBootstrapper - Found @SpringBootConfiguration org.springframework.samples.petclinic.PetClinicApplication for test class org.springframework.samples.petclinic.acceptance.Cp18Tests
INFO  AUDIT - owner created id=34 customerCode=CAP-SUR-0001 registrationDate=2026-08-10 membershipLevel=2
INFO  AUDIT - owner created id=35 customerCode=CAP-SUR-0002 registrationDate=2026-08-10 membershipLevel=2
INFO  AUDIT - owner created id=36 customerCode=CAP-SUR-0003 registrationDate=2026-08-10 membershipLevel=2
INFO  AUDIT - owner created id=37 customerCode=CAP-SUR-0004 registrationDate=2026-08-10 membershipLevel=2
INFO  AUDIT - owner created id=38 customerCode=CAP-SUR-0005 registrationDate=2026-08-10 membershipLevel=2
INFO  AUDIT - owner created id=39 customerCode=CAP-SUR-0006 registrationDate=2026-08-10 membershipLevel=2
INFO  AUDIT - owner created id=40 customerCode=CAP-SUR-0007 registrationDate=2026-08-10 membershipLevel=2
INFO  AUDIT - owner created id=41 customerCode=CAP-SUR-0008 registrationDate=2026-08-10 membershipLevel=2
INFO  AUDIT - owner created id=42 customerCode=CAP-SUR-0009 registrationDate=2026-08-10 membershipLevel=2
INFO  AUDIT - owner created id=43 customerCode=CAP-SUR-0010 registrationDate=2026-08-10 membershipLevel=2
INFO  AUDIT - owner created id=44 customerCode=CAP-SUR-0011 registrationDate=2026-08-10 membershipLevel=2
INFO  AUDIT - owner created id=45 customerCode=CAP-SUR-0012 registrationDate=2026-08-10 membershipLevel=2
INFO  AUDIT - owner created id=46 customerCode=CAP-SUR-0013 registrationDate=2026-08-10 membershipLevel=2
INFO  AUDIT - owner created id=47 customerCode=CAP-SUR-0014 registrationDate=2026-08-10 membershipLevel=2
INFO  AUDIT - owner created id=48 customerCode=CAP-SUR-0015 registrationDate=2026-08-10 membershipLevel=2
INFO  AUDIT - owner created id=49 customerCode=CAP-SUR-0016 registrationDate=2026-08-10 membershipLevel=2
INFO  AUDIT - owner created id=50 customerCode=CAP-SUR-0017 registrationDate=2026-08-10 membershipLevel=2
INFO  AUDIT - owner created id=51 customerCode=CAP-SUR-0018 registrationDate=2026-08-10 membershipLevel=2
INFO  AUDIT - owner created id=52 customerCode=CAP-SUR-0019 registrationDate=2026-08-10 membershipLevel=2
INFO  AUDIT - owner created id=53 customerCode=CAP-SUR-0020 registrationDate=2026-08-10 membershipLevel=2
INFO  AUDIT - owner created id=54 customerCode=CAP-SUR-0021 registrationDate=2026-08-10 membershipLevel=2
INFO  AUDIT - owner created id=55 customerCode=CAP-SUR-0022 registrationDate=2026-08-10 membershipLevel=2
INFO  AUDIT - owner created id=56 customerCode=CAP-SUR-0023 registrationDate=2026-08-10 membershipLevel=2
INFO  AUDIT - owner created id=57 customerCode=CAP-SUR-0024 registrationDate=2026-08-10 membershipLevel=2
INFO  AUDIT - owner created id=58 customerCode=CAP-SUR-0025 registrationDate=2026-08-10 membershipLevel=2
INFO  AUDIT - owner created id=59 customerCode=CAP-SUR-0026 registrationDate=2026-08-10 membershipLevel=2
INFO  AUDIT - owner created id=60 customerCode=CAP-SUR-0027 registrationDate=2026-08-10 membershipLevel=2
INFO  AUDIT - owner created id=61 customerCode=CAP-SUR-0028 registrationDate=2026-08-10 membershipLevel=2
INFO  AUDIT - owner created id=62 customerCode=CAP-SUR-0029 registrationDate=2026-08-10 membershipLevel=2
INFO  AUDIT - owner created id=63 customerCode=CAP-SUR-0030 registrationDate=2026-08-10 membershipLevel=2
INFO  AUDIT - owner created id=64 customerCode=CAP-SUR-0031 registrationDate=2026-08-10 membershipLevel=2
INFO  AUDIT - owner created id=65 customerCode=CAP-SUR-0032 registrationDate=2026-08-10 membershipLevel=2
INFO  AUDIT - owner created id=66 customerCode=CAP-SUR-0033 registrationDate=2026-08-10 membershipLevel=2
INFO  AUDIT - owner created id=67 customerCode=CAP-SUR-0034 registrationDate=2026-08-10 membershipLevel=2
INFO  AUDIT - owner created id=68 customerCode=CAP-SUR-0035 registrationDate=2026-08-10 membershipLevel=2
INFO  AUDIT - owner created id=69 customerCode=CAP-SUR-0036 registrationDate=2026-08-10 membershipLevel=2
INFO  AUDIT - owner created id=70 customerCode=CAP-SUR-0037 registrationDate=2026-08-10 membershipLevel=2
INFO  AUDIT - owner created id=71 customerCode=CAP-SUR-0038 registrationDate=2026-08-10 membershipLevel=2
INFO  AUDIT - owner created id=72 customerCode=CAP-SUR-0039 registrationDate=2026-08-10 membershipLevel=2
INFO  AUDIT - owner created id=73 customerCode=CAP-SUR-0040 registrationDate=2026-08-10 membershipLevel=2
INFO  AUDIT - owner created id=74 customerCode=CAP-SUR-0041 registrationDate=2026-08-10 membershipLevel=2
INFO  AUDIT - owner created id=75 customerCode=CAP-SUR-0042 registrationDate=2026-08-10 membershipLevel=2
INFO  AUDIT - owner created id=76 customerCode=CAP-SUR-0043 registrationDate=2026-08-10 membershipLevel=2
INFO  AUDIT - owner created id=77 customerCode=CAP-SUR-0044 registrationDate=2026-08-10 membershipLevel=2
INFO  AUDIT - owner created id=78 customerCode=CAP-SUR-0045 registrationDate=2026-08-10 membershipLevel=2
INFO  AUDIT - owner created id=79 customerCode=CAP-SUR-0046 registrationDate=2026-08-10 membershipLevel=2
INFO  AUDIT - owner created id=80 customerCode=CAP-SUR-0047 registrationDate=2026-08-10 membershipLevel=2
INFO  AUDIT - owner created id=81 customerCode=CAP-SUR-0048 registrationDate=2026-08-10 membershipLevel=2
INFO  AUDIT - owner created id=82 customerCode=CAP-SUR-0049 registrationDate=2026-08-10 membershipLevel=2
INFO  AUDIT - owner created id=83 customerCode=CAP-SUR-0050 registrationDate=2026-08-10 membershipLevel=2
INFO  AnnotationConfigContextLoaderUtils - Could not detect default configuration classes for test class [org.springframework.samples.petclinic.acceptance.Cp29Tests]: Cp29Tests does not declare any static, non-private, non-final, nested classes annotated with @Configuration.
INFO  SpringBootTestContextBootstrapper - Found @SpringBootConfiguration org.springframework.samples.petclinic.PetClinicApplication for test class org.springframework.samples.petclinic.acceptance.Cp29Tests
INFO  AnnotationConfigContextLoaderUtils - Could not detect default configuration classes for test class [org.springframework.samples.petclinic.acceptance.Cp29Tests]: Cp29Tests does not declare any static, non-private, non-final, nested classes annotated with @Configuration.
INFO  AnnotationConfigContextLoaderUtils - Could not detect default configuration classes for test class [org.springframework.samples.petclinic.acceptance.AcceptanceBase]: AcceptanceBase does not declare any static, non-private, non-final, nested classes annotated with @Configuration.
INFO  SpringBootTestContextBootstrapper - Found @SpringBootConfiguration org.springframework.samples.petclinic.PetClinicApplication for test class org.springframework.samples.petclinic.acceptance.Cp29Tests
INFO  AUDIT - owner created id=84 customerCode=TOW-SUR-0001 registrationDate=2026-08-10 membershipLevel=2
INFO  AUDIT - owner created id=85 customerCode=TOW-SUR-0001 registrationDate=2026-08-10 membershipLevel=2
INFO  AnnotationConfigContextLoaderUtils - Could not detect default configuration classes for test class [org.springframework.samples.petclinic.acceptance.Cp25Tests]: Cp25Tests does not declare any static, non-private, non-final, nested classes annotated with @Configuration.
INFO  SpringBootTestContextBootstrapper - Found @SpringBootConfiguration org.springframework.samples.petclinic.PetClinicApplication for test class org.springframework.samples.petclinic.acceptance.Cp25Tests
INFO  AnnotationConfigContextLoaderUtils - Could not detect default configuration classes for test class [org.springframework.samples.petclinic.acceptance.Cp25Tests]: Cp25Tests does not declare any static, non-private, non-final, nested classes annotated with @Configuration.
INFO  AnnotationConfigContextLoaderUtils - Could not detect default configuration classes for test class [org.springframework.samples.petclinic.acceptance.AcceptanceBase]: AcceptanceBase does not declare any static, non-private, non-final, nested classes annotated with @Configuration.
INFO  SpringBootTestContextBootstrapper - Found @SpringBootConfiguration org.springframework.samples.petclinic.PetClinicApplication for test class org.springframework.samples.petclinic.acceptance.Cp25Tests
INFO  AUDIT - owner created id=86 customerCode=TOW-SUR-0001 registrationDate=2026-08-10 membershipLevel=3
INFO  AnnotationConfigContextLoaderUtils - Could not detect default configuration classes for test class [org.springframework.samples.petclinic.acceptance.Cp19Tests]: Cp19Tests does not declare any static, non-private, non-final, nested classes annotated with @Configuration.
INFO  SpringBootTestContextBootstrapper - Found @SpringBootConfiguration org.springframework.samples.petclinic.PetClinicApplication for test class org.springframework.samples.petclinic.acceptance.Cp19Tests
INFO  AnnotationConfigContextLoaderUtils - Could not detect default configuration classes for test class [org.springframework.samples.petclinic.acceptance.Cp19Tests]: Cp19Tests does not declare any static, non-private, non-final, nested classes annotated with @Configuration.
INFO  AnnotationConfigContextLoaderUtils - Could not detect default configuration classes for test class [org.springframework.samples.petclinic.acceptance.AcceptanceBase]: AcceptanceBase does not declare any static, non-private, non-final, nested classes annotated with @Configuration.
INFO  SpringBootTestContextBootstrapper - Found @SpringBootConfiguration org.springframework.samples.petclinic.PetClinicApplication for test class org.springframework.samples.petclinic.acceptance.Cp19Tests
INFO  AUDIT - owner created id=87 customerCode=TOW-SUR-0001 registrationDate=2026-08-10 membershipLevel=2
INFO  AUDIT - owner created id=88 customerCode=TOW-SUR-0001 registrationDate=2026-08-10 membershipLevel=2
INFO  AUDIT - owner created id=89 customerCode=TOW-SUR-0001 registrationDate=2026-08-10 membershipLevel=2
INFO  AUDIT - owner created id=90 customerCode=TOW-SUR-0001 registrationDate=2026-08-10 membershipLevel=2
INFO  AUDIT - owner created id=91 customerCode=TOW-SUR-0001 registrationDate=2026-08-10 membershipLevel=2
INFO  AUDIT - owner created id=92 customerCode=TOW-SUR-0001 registrationDate=2026-08-10 membershipLevel=2
INFO  AUDIT - owner created id=93 customerCode=TOW-SUR-0001 registrationDate=2026-08-10 membershipLevel=2
INFO  AUDIT - owner created id=94 customerCode=TOW-SUR-0001 registrationDate=2026-08-10 membershipLevel=2
INFO  AUDIT - owner created id=95 customerCode=TOW-SUR-0001 registrationDate=2026-08-10 membershipLevel=2
INFO  AUDIT - owner created id=96 customerCode=TOW-SUR-0001 registrationDate=2026-08-10 membershipLevel=2
INFO  AUDIT - owner created id=97 customerCode=TOW-SUR-0001 registrationDate=2026-08-10 membershipLevel=2
INFO  AUDIT - owner created id=98 customerCode=TOW-SUR-0001 registrationDate=2026-08-10 membershipLevel=2
INFO  AUDIT - owner created id=99 customerCode=TOW-SUR-0001 registrationDate=2026-08-10 membershipLevel=2
INFO  AUDIT - owner created id=100 customerCode=TOW-SUR-0001 registrationDate=2026-08-10 membershipLevel=2
INFO  AUDIT - owner created id=101 customerCode=TOW-SUR-0001 registrationDate=2026-08-10 membershipLevel=2
INFO  AUDIT - owner created id=102 customerCode=TOW-SUR-0001 registrationDate=2026-08-10 membershipLevel=2
INFO  AUDIT - owner created id=103 customerCode=TOW-SUR-0001 registrationDate=2026-08-10 membershipLevel=2
INFO  AUDIT - owner created id=104 customerCode=TOW-SUR-0001 registrationDate=2026-08-10 membershipLevel=2
INFO  AUDIT - owner created id=105 customerCode=TOW-SUR-0001 registrationDate=2026-08-10 membershipLevel=2
INFO  AUDIT - owner created id=106 customerCode=TOW-SUR-0001 registrationDate=2026-08-10 membershipLevel=2
INFO  AUDIT - owner created id=107 customerCode=TOW-SUR-0001 registrationDate=2026-08-10 membershipLevel=2
INFO  AUDIT - owner created id=108 customerCode=TOW-SUR-0001 registrationDate=2026-08-10 membershipLevel=2
INFO  AUDIT - owner created id=109 customerCode=TOW-SUR-0001 registrationDate=2026-08-10 membershipLevel=2
INFO  AUDIT - owner created id=110 customerCode=TOW-SUR-0001 registrationDate=2026-08-10 membershipLevel=2
INFO  AUDIT - owner created id=111 customerCode=TOW-SUR-0001 registrationDate=2026-08-10 membershipLevel=2
INFO  AUDIT - owner created id=112 customerCode=TOW-SUR-0001 registrationDate=2026-08-10 membershipLevel=2
INFO  AUDIT - owner created id=113 customerCode=TOW-SUR-0001 registrationDate=2026-08-10 membershipLevel=2
INFO  AUDIT - owner created id=114 customerCode=TOW-SUR-0001 registrationDate=2026-08-10 membershipLevel=2
INFO  AUDIT - owner created id=115 customerCode=TOW-SUR-0001 registrationDate=2026-08-10 membershipLevel=2
INFO  AUDIT - owner created id=116 customerCode=TOW-SUR-0001 registrationDate=2026-08-10 membershipLevel=2
INFO  AUDIT - owner created id=117 customerCode=TOW-SUR-0001 registrationDate=2026-08-10 membershipLevel=2
INFO  AUDIT - owner created id=118 customerCode=TOW-SUR-0001 registrationDate=2026-08-10 membershipLevel=2
INFO  AUDIT - owner created id=119 customerCode=TOW-SUR-0001 registrationDate=2026-08-10 membershipLevel=2
INFO  AUDIT - owner created id=120 customerCode=TOW-SUR-0001 registrationDate=2026-08-10 membershipLevel=2
INFO  AUDIT - owner created id=121 customerCode=TOW-SUR-0001 registrationDate=2026-08-10 membershipLevel=2
INFO  AUDIT - owner created id=122 customerCode=TOW-SUR-0001 registrationDate=2026-08-10 membershipLevel=2
INFO  AUDIT - owner created id=123 customerCode=TOW-SUR-0001 registrationDate=2026-08-10 membershipLevel=2
INFO  AUDIT - owner created id=124 customerCode=TOW-SUR-0001 registrationDate=2026-08-10 membershipLevel=2
INFO  AUDIT - owner created id=125 customerCode=TOW-SUR-0001 registrationDate=2026-08-10 membershipLevel=2
INFO  AUDIT - owner created id=126 customerCode=TOW-SUR-0001 registrationDate=2026-08-10 membershipLevel=2
INFO  AUDIT - owner created id=127 customerCode=TOW-SUR-0001 registrationDate=2026-08-10 membershipLevel=2
INFO  AUDIT - owner created id=128 customerCode=TOW-SUR-0001 registrationDate=2026-08-10 membershipLevel=2
INFO  AUDIT - owner created id=129 customerCode=TOW-SUR-0001 registrationDate=2026-08-10 membershipLevel=2
INFO  AUDIT - owner created id=130 customerCode=TOW-SUR-0001 registrationDate=2026-08-10 membershipLevel=2
INFO  AUDIT - owner created id=131 customerCode=TOW-SUR-0001 registrationDate=2026-08-10 membershipLevel=2
INFO  AUDIT - owner created id=132 customerCode=TOW-SUR-0001 registrationDate=2026-08-10 membershipLevel=2
INFO  AUDIT - owner created id=133 customerCode=TOW-SUR-0001 registrationDate=2026-08-10 membershipLevel=2
INFO  AUDIT - owner created id=134 customerCode=TOW-SUR-0001 registrationDate=2026-08-10 membershipLevel=2
INFO  AUDIT - owner created id=135 customerCode=TOW-SUR-0001 registrationDate=2026-08-10 membershipLevel=2
INFO  AUDIT - owner created id=136 customerCode=TOW-SUR-0001 registrationDate=2026-08-10 membershipLevel=2
INFO  AUDIT - owner created id=137 customerCode=TOW-SUR-0001 registrationDate=2026-08-10 membershipLevel=2
INFO  AUDIT - owner created id=138 customerCode=TOW-SUR-0001 registrationDate=2026-08-10 membershipLevel=2
INFO  AUDIT - owner created id=139 customerCode=TOW-SUR-0001 registrationDate=2026-08-10 membershipLevel=2
INFO  AUDIT - owner created id=140 customerCode=TOW-SUR-0001 registrationDate=2026-08-10 membershipLevel=2
INFO  AUDIT - owner created id=141 customerCode=TOW-SUR-0001 registrationDate=2026-08-10 membershipLevel=2
INFO  AUDIT - owner created id=142 customerCode=TOW-SUR-0001 registrationDate=2026-08-10 membershipLevel=2
INFO  AUDIT - owner created id=143 customerCode=TOW-SUR-0001 registrationDate=2026-08-10 membershipLevel=2
INFO  AUDIT - owner created id=144 customerCode=TOW-SUR-0001 registrationDate=2026-08-10 membershipLevel=2
INFO  AUDIT - owner created id=145 customerCode=TOW-SUR-0001 registrationDate=2026-08-10 membershipLevel=2
INFO  AUDIT - owner created id=146 customerCode=TOW-SUR-0001 registrationDate=2026-08-10 membershipLevel=2
INFO  AUDIT - owner created id=147 customerCode=TOW-SUR-0001 registrationDate=2026-08-10 membershipLevel=2
INFO  AUDIT - owner created id=148 customerCode=TOW-SUR-0001 registrationDate=2026-08-10 membershipLevel=2
INFO  AUDIT - owner created id=149 customerCode=TOW-SUR-0001 registrationDate=2026-08-10 membershipLevel=2
INFO  AUDIT - owner created id=150 customerCode=TOW-SUR-0001 registrationDate=2026-08-10 membershipLevel=2
INFO  AUDIT - owner created id=151 customerCode=TOW-SUR-0001 registrationDate=2026-08-10 membershipLevel=2
INFO  AUDIT - owner created id=152 customerCode=TOW-SUR-0001 registrationDate=2026-08-10 membershipLevel=2
INFO  AUDIT - owner created id=153 customerCode=TOW-SUR-0001 registrationDate=2026-08-10 membershipLevel=2
INFO  AUDIT - owner created id=154 customerCode=TOW-SUR-0001 registrationDate=2026-08-10 membershipLevel=2
INFO  AUDIT - owner created id=155 customerCode=TOW-SUR-0001 registrationDate=2026-08-10 membershipLevel=2
INFO  AUDIT - owner created id=156 customerCode=TOW-SUR-0001 registrationDate=2026-08-10 membershipLevel=2
INFO  AUDIT - owner created id=157 customerCode=TOW-SUR-0001 registrationDate=2026-08-10 membershipLevel=2
INFO  AUDIT - owner created id=158 customerCode=TOW-SUR-0001 registrationDate=2026-08-10 membershipLevel=2
INFO  AUDIT - owner created id=159 customerCode=TOW-SUR-0001 registrationDate=2026-08-10 membershipLevel=2
INFO  AUDIT - owner created id=160 customerCode=TOW-SUR-0001 registrationDate=2026-08-10 membershipLevel=2
INFO  AUDIT - owner created id=161 customerCode=TOW-SUR-0001 registrationDate=2026-08-10 membershipLevel=2
INFO  AUDIT - owner created id=162 customerCode=TOW-SUR-0001 registrationDate=2026-08-10 membershipLevel=2
INFO  AUDIT - owner created id=163 customerCode=TOW-SUR-0001 registrationDate=2026-08-10 membershipLevel=2
INFO  AUDIT - owner created id=164 customerCode=TOW-SUR-0001 registrationDate=2026-08-10 membershipLevel=2
INFO  AUDIT - owner created id=165 customerCode=TOW-SUR-0001 registrationDate=2026-08-10 membershipLevel=2
INFO  AUDIT - owner created id=166 customerCode=TOW-SUR-0001 registrationDate=2026-08-10 membershipLevel=2
INFO  AUDIT - owner created id=167 customerCode=TOW-SUR-0001 registrationDate=2026-08-10 membershipLevel=2
INFO  AUDIT - owner created id=168 customerCode=TOW-SUR-0001 registrationDate=2026-08-10 membershipLevel=2
INFO  AUDIT - owner created id=169 customerCode=TOW-SUR-0001 registrationDate=2026-08-10 membershipLevel=2
INFO  AUDIT - owner created id=170 customerCode=TOW-SUR-0001 registrationDate=2026-08-10 membershipLevel=2
INFO  AUDIT - owner created id=171 customerCode=TOW-SUR-0001 registrationDate=2026-08-10 membershipLevel=2
INFO  AUDIT - owner created id=172 customerCode=TOW-SUR-0001 registrationDate=2026-08-10 membershipLevel=2
INFO  AUDIT - owner created id=173 customerCode=TOW-SUR-0001 registrationDate=2026-08-10 membershipLevel=2
INFO  AUDIT - owner created id=174 customerCode=TOW-SUR-0001 registrationDate=2026-08-10 membershipLevel=2
INFO  AUDIT - owner created id=175 customerCode=TOW-SUR-0001 registrationDate=2026-08-10 membershipLevel=2
INFO  AUDIT - owner created id=176 customerCode=TOW-SUR-0001 registrationDate=2026-08-10 membershipLevel=2
INFO  AUDIT - owner created id=177 customerCode=TOW-SUR-0001 registrationDate=2026-08-10 membershipLevel=2
INFO  AUDIT - owner created id=178 customerCode=TOW-SUR-0001 registrationDate=2026-08-10 membershipLevel=2
INFO  AUDIT - owner created id=179 customerCode=TOW-SUR-0001 registrationDate=2026-08-10 membershipLevel=2
INFO  AUDIT - owner created id=180 customerCode=TOW-SUR-0001 registrationDate=2026-08-10 membershipLevel=2
INFO  AUDIT - owner created id=181 customerCode=TOW-SUR-0001 registrationDate=2026-08-10 membershipLevel=2
INFO  AUDIT - owner created id=182 customerCode=TOW-SUR-0001 registrationDate=2026-08-10 membershipLevel=2
INFO  AUDIT - owner created id=183 customerCode=TOW-SUR-0001 registrationDate=2026-08-10 membershipLevel=2
INFO  AUDIT - owner created id=184 customerCode=TOW-SUR-0001 registrationDate=2026-08-10 membershipLevel=2
INFO  AUDIT - owner created id=185 customerCode=TOW-SUR-0001 registrationDate=2026-08-10 membershipLevel=2
INFO  AUDIT - owner created id=186 customerCode=TOW-SUR-0001 registrationDate=2026-08-10 membershipLevel=2
INFO  AnnotationConfigContextLoaderUtils - Could not detect default configuration classes for test class [org.springframework.samples.petclinic.acceptance.Cp22Tests]: Cp22Tests does not declare any static, non-private, non-final, nested classes annotated with @Configuration.
INFO  SpringBootTestContextBootstrapper - Found @SpringBootConfiguration org.springframework.samples.petclinic.PetClinicApplication for test class org.springframework.samples.petclinic.acceptance.Cp22Tests
INFO  AnnotationConfigContextLoaderUtils - Could not detect default configuration classes for test class [org.springframework.samples.petclinic.acceptance.Cp22Tests]: Cp22Tests does not declare any static, non-private, non-final, nested classes annotated with @Configuration.
INFO  AnnotationConfigContextLoaderUtils - Could not detect default configuration classes for test class [org.springframework.samples.petclinic.acceptance.AcceptanceBase]: AcceptanceBase does not declare any static, non-private, non-final, nested classes annotated with @Configuration.
INFO  SpringBootTestContextBootstrapper - Found @SpringBootConfiguration org.springframework.samples.petclinic.PetClinicApplication for test class org.springframework.samples.petclinic.acceptance.Cp22Tests
INFO  AUDIT - owner created id=187 customerCode=TOW-SUR-0001 registrationDate=2026-08-10 membershipLevel=2
INFO  AnnotationConfigContextLoaderUtils - Could not detect default configuration classes for test class [org.springframework.samples.petclinic.acceptance.Cp13Tests]: Cp13Tests does not declare any static, non-private, non-final, nested classes annotated with @Configuration.
INFO  SpringBootTestContextBootstrapper - Found @SpringBootConfiguration org.springframework.samples.petclinic.PetClinicApplication for test class org.springframework.samples.petclinic.acceptance.Cp13Tests
INFO  AnnotationConfigContextLoaderUtils - Could not detect default configuration classes for test class [org.springframework.samples.petclinic.acceptance.Cp13Tests]: Cp13Tests does not declare any static, non-private, non-final, nested classes annotated with @Configuration.
INFO  AnnotationConfigContextLoaderUtils - Could not detect default configuration classes for test class [org.springframework.samples.petclinic.acceptance.AcceptanceBase]: AcceptanceBase does not declare any static, non-private, non-final, nested classes annotated with @Configuration.
INFO  SpringBootTestContextBootstrapper - Found @SpringBootConfiguration org.springframework.samples.petclinic.PetClinicApplication for test class org.springframework.samples.petclinic.acceptance.Cp13Tests
INFO  AUDIT - owner created id=188 customerCode=TOW-SUR-0001 registrationDate=2026-08-10 membershipLevel=2
INFO  AUDIT - owner created id=189 customerCode=TOW-SUR-0001 registrationDate=2026-08-10 membershipLevel=1
INFO  AnnotationConfigContextLoaderUtils - Could not detect default configuration classes for test class [org.springframework.samples.petclinic.acceptance.Cp01Tests]: Cp01Tests does not declare any static, non-private, non-final, nested classes annotated with @Configuration.
INFO  SpringBootTestContextBootstrapper - Found @SpringBootConfiguration org.springframework.samples.petclinic.PetClinicApplication for test class org.springframework.samples.petclinic.acceptance.Cp01Tests
INFO  AnnotationConfigContextLoaderUtils - Could not detect default configuration classes for test class [org.springframework.samples.petclinic.acceptance.Cp01Tests]: Cp01Tests does not declare any static, non-private, non-final, nested classes annotated with @Configuration.
INFO  AnnotationConfigContextLoaderUtils - Could not detect default configuration classes for test class [org.springframework.samples.petclinic.acceptance.AcceptanceBase]: AcceptanceBase does not declare any static, non-private, non-final, nested classes annotated with @Configuration.
INFO  SpringBootTestContextBootstrapper - Found @SpringBootConfiguration org.springframework.samples.petclinic.PetClinicApplication for test class org.springframework.samples.petclinic.acceptance.Cp01Tests
INFO  AnnotationConfigContextLoaderUtils - Could not detect default configuration classes for test class [org.springframework.samples.petclinic.acceptance.Cp02Tests]: Cp02Tests does not declare any static, non-private, non-final, nested classes annotated with @Configuration.
INFO  SpringBootTestContextBootstrapper - Found @SpringBootConfiguration org.springframework.samples.petclinic.PetClinicApplication for test class org.springframework.samples.petclinic.acceptance.Cp02Tests
INFO  AnnotationConfigContextLoaderUtils - Could not detect default configuration classes for test class [org.springframework.samples.petclinic.acceptance.Cp02Tests]: Cp02Tests does not declare any static, non-private, non-final, nested classes annotated with @Configuration.
INFO  AnnotationConfigContextLoaderUtils - Could not detect default configuration classes for test class [org.springframework.samples.petclinic.acceptance.AcceptanceBase]: AcceptanceBase does not declare any static, non-private, non-final, nested classes annotated with @Configuration.
INFO  SpringBootTestContextBootstrapper - Found @SpringBootConfiguration org.springframework.samples.petclinic.PetClinicApplication for test class org.springframework.samples.petclinic.acceptance.Cp02Tests
INFO  AUDIT - owner created id=190 customerCode=TOW-SUR-0001 registrationDate=2026-08-10 membershipLevel=2
INFO  AnnotationConfigContextLoaderUtils - Could not detect default configuration classes for test class [org.springframework.samples.petclinic.acceptance.Cp15Tests]: Cp15Tests does not declare any static, non-private, non-final, nested classes annotated with @Configuration.
INFO  SpringBootTestContextBootstrapper - Found @SpringBootConfiguration org.springframework.samples.petclinic.PetClinicApplication for test class org.springframework.samples.petclinic.acceptance.Cp15Tests
INFO  AnnotationConfigContextLoaderUtils - Could not detect default configuration classes for test class [org.springframework.samples.petclinic.acceptance.Cp15Tests]: Cp15Tests does not declare any static, non-private, non-final, nested classes annotated with @Configuration.
INFO  AnnotationConfigContextLoaderUtils - Could not detect default configuration classes for test class [org.springframework.samples.petclinic.acceptance.AcceptanceBase]: AcceptanceBase does not declare any static, non-private, non-final, nested classes annotated with @Configuration.
INFO  SpringBootTestContextBootstrapper - Found @SpringBootConfiguration org.springframework.samples.petclinic.PetClinicApplication for test class org.springframework.samples.petclinic.acceptance.Cp15Tests
INFO  AUDIT - owner created id=191 customerCode=TOW-SUR-0001 registrationDate=2026-08-10 membershipLevel=3
INFO  AnnotationConfigContextLoaderUtils - Could not detect default configuration classes for test class [org.springframework.samples.petclinic.acceptance.Cp10Tests]: Cp10Tests does not declare any static, non-private, non-final, nested classes annotated with @Configuration.
INFO  SpringBootTestContextBootstrapper - Found @SpringBootConfiguration org.springframework.samples.petclinic.PetClinicApplication for test class org.springframework.samples.petclinic.acceptance.Cp10Tests
INFO  AnnotationConfigContextLoaderUtils - Could not detect default configuration classes for test class [org.springframework.samples.petclinic.acceptance.Cp10Tests]: Cp10Tests does not declare any static, non-private, non-final, nested classes annotated with @Configuration.
INFO  AnnotationConfigContextLoaderUtils - Could not detect default configuration classes for test class [org.springframework.samples.petclinic.acceptance.AcceptanceBase]: AcceptanceBase does not declare any static, non-private, non-final, nested classes annotated with @Configuration.
INFO  SpringBootTestContextBootstrapper - Found @SpringBootConfiguration org.springframework.samples.petclinic.PetClinicApplication for test class org.springframework.samples.petclinic.acceptance.Cp10Tests
INFO  AUDIT - owner created id=192 customerCode=TOW-SUR-0001 registrationDate=2026-08-10 membershipLevel=2
INFO  AnnotationConfigContextLoaderUtils - Could not detect default configuration classes for test class [org.springframework.samples.petclinic.acceptance.Cp26Tests]: Cp26Tests does not declare any static, non-private, non-final, nested classes annotated with @Configuration.
INFO  SpringBootTestContextBootstrapper - Found @SpringBootConfiguration org.springframework.samples.petclinic.PetClinicApplication for test class org.springframework.samples.petclinic.acceptance.Cp26Tests
INFO  AnnotationConfigContextLoaderUtils - Could not detect default configuration classes for test class [org.springframework.samples.petclinic.acceptance.Cp26Tests]: Cp26Tests does not declare any static, non-private, non-final, nested classes annotated with @Configuration.
INFO  AnnotationConfigContextLoaderUtils - Could not detect default configuration classes for test class [org.springframework.samples.petclinic.acceptance.AcceptanceBase]: AcceptanceBase does not declare any static, non-private, non-final, nested classes annotated with @Configuration.
INFO  SpringBootTestContextBootstrapper - Found @SpringBootConfiguration org.springframework.samples.petclinic.PetClinicApplication for test class org.springframework.samples.petclinic.acceptance.Cp26Tests
INFO  AnnotationConfigContextLoaderUtils - Could not detect default configuration classes for test class [org.springframework.samples.petclinic.acceptance.Cp06Tests]: Cp06Tests does not declare any static, non-private, non-final, nested classes annotated with @Configuration.
INFO  SpringBootTestContextBootstrapper - Found @SpringBootConfiguration org.springframework.samples.petclinic.PetClinicApplication for test class org.springframework.samples.petclinic.acceptance.Cp06Tests
INFO  AnnotationConfigContextLoaderUtils - Could not detect default configuration classes for test class [org.springframework.samples.petclinic.acceptance.Cp06Tests]: Cp06Tests does not declare any static, non-private, non-final, nested classes annotated with @Configuration.
INFO  AnnotationConfigContextLoaderUtils - Could not detect default configuration classes for test class [org.springframework.samples.petclinic.acceptance.AcceptanceBase]: AcceptanceBase does not declare any static, non-private, non-final, nested classes annotated with @Configuration.
INFO  SpringBootTestContextBootstrapper - Found @SpringBootConfiguration org.springframework.samples.petclinic.PetClinicApplication for test class org.springframework.samples.petclinic.acceptance.Cp06Tests
INFO  AUDIT - owner created id=193 customerCode=TOW-SMI-0001 registrationDate=2026-08-10 membershipLevel=2
INFO  AnnotationConfigContextLoaderUtils - Could not detect default configuration classes for test class [org.springframework.samples.petclinic.acceptance.Cp16Tests]: Cp16Tests does not declare any static, non-private, non-final, nested classes annotated with @Configuration.
INFO  SpringBootTestContextBootstrapper - Found @SpringBootConfiguration org.springframework.samples.petclinic.PetClinicApplication for test class org.springframework.samples.petclinic.acceptance.Cp16Tests
INFO  AnnotationConfigContextLoaderUtils - Could not detect default configuration classes for test class [org.springframework.samples.petclinic.acceptance.Cp16Tests]: Cp16Tests does not declare any static, non-private, non-final, nested classes annotated with @Configuration.
INFO  AnnotationConfigContextLoaderUtils - Could not detect default configuration classes for test class [org.springframework.samples.petclinic.acceptance.AcceptanceBase]: AcceptanceBase does not declare any static, non-private, non-final, nested classes annotated with @Configuration.
INFO  SpringBootTestContextBootstrapper - Found @SpringBootConfiguration org.springframework.samples.petclinic.PetClinicApplication for test class org.springframework.samples.petclinic.acceptance.Cp16Tests
INFO  AUDIT - owner created id=194 customerCode=TOW-SUR-0001 registrationDate=2026-08-10 membershipLevel=2
INFO  AnnotationConfigContextLoaderUtils - Could not detect default configuration classes for test class [org.springframework.samples.petclinic.acceptance.Cp20Tests]: Cp20Tests does not declare any static, non-private, non-final, nested classes annotated with @Configuration.
INFO  SpringBootTestContextBootstrapper - Found @SpringBootConfiguration org.springframework.samples.petclinic.PetClinicApplication for test class org.springframework.samples.petclinic.acceptance.Cp20Tests
INFO  AnnotationConfigContextLoaderUtils - Could not detect default configuration classes for test class [org.springframework.samples.petclinic.acceptance.Cp20Tests]: Cp20Tests does not declare any static, non-private, non-final, nested classes annotated with @Configuration.
INFO  AnnotationConfigContextLoaderUtils - Could not detect default configuration classes for test class [org.springframework.samples.petclinic.acceptance.AcceptanceBase]: AcceptanceBase does not declare any static, non-private, non-final, nested classes annotated with @Configuration.
INFO  SpringBootTestContextBootstrapper - Found @SpringBootConfiguration org.springframework.samples.petclinic.PetClinicApplication for test class org.springframework.samples.petclinic.acceptance.Cp20Tests
INFO  AUDIT - owner created id=195 customerCode=TOW-SUR-0001 registrationDate=2026-08-10 membershipLevel=2
INFO  AnnotationConfigContextLoaderUtils - Could not detect default configuration classes for test class [org.springframework.samples.petclinic.acceptance.Cp17Tests]: Cp17Tests does not declare any static, non-private, non-final, nested classes annotated with @Configuration.
INFO  SpringBootTestContextBootstrapper - Found @SpringBootConfiguration org.springframework.samples.petclinic.PetClinicApplication for test class org.springframework.samples.petclinic.acceptance.Cp17Tests
INFO  AnnotationConfigContextLoaderUtils - Could not detect default configuration classes for test class [org.springframework.samples.petclinic.acceptance.Cp17Tests]: Cp17Tests does not declare any static, non-private, non-final, nested classes annotated with @Configuration.
INFO  AnnotationConfigContextLoaderUtils - Could not detect default configuration classes for test class [org.springframework.samples.petclinic.acceptance.AcceptanceBase]: AcceptanceBase does not declare any static, non-private, non-final, nested classes annotated with @Configuration.
INFO  SpringBootTestContextBootstrapper - Found @SpringBootConfiguration org.springframework.samples.petclinic.PetClinicApplication for test class org.springframework.samples.petclinic.acceptance.Cp17Tests
INFO  AUDIT - owner created id=196 customerCode=TOW-SUR-0001 registrationDate=2026-08-10 membershipLevel=2
INFO  AUDIT - owner created id=197 customerCode=SYD-SUR-0001 registrationDate=2026-08-10 membershipLevel=2
OpenJDK 64-Bit Server VM warning: Sharing is only supported for boot loader classes because bootstrap classpath has been appended
