$ ./mvnw -q -B -DskipTests test-compile
############################################################################################
# Thanks for using OpenAPI Generator.                                                      #
# We appreciate your support! Please consider donation to help us maintain this project.   #
# https://opencollective.com/openapi_generator/donate                                      #
############################################################################################

$ ./mvnw -q -B -Dgroups=cp01,cp02,cp03,cp04,cp05,cp06,cp07,cp08,cp09,cp10,cp11,cp12,cp13,cp14,cp15,cp16,cp17,cp18,cp19,cp20,cp21,cp22,cp23,cp24,cp25,cp26,cp27,cp28,cp29,cp30,cp31,cp32,cp33,cp34,cp35 test
############################################################################################
# Thanks for using OpenAPI Generator.                                                      #
# We appreciate your support! Please consider donation to help us maintain this project.   #
# https://opencollective.com/openapi_generator/donate                                      #
############################################################################################
INFO  AnnotationConfigContextLoaderUtils - Could not detect default configuration classes for test class [org.springframework.samples.petclinic.acceptance.Cp17Tests]: Cp17Tests does not declare any static, non-private, non-final, nested classes annotated with @Configuration.
INFO  SpringBootTestContextBootstrapper - Found @SpringBootConfiguration org.springframework.samples.petclinic.PetClinicApplication for test class org.springframework.samples.petclinic.acceptance.Cp17Tests
INFO  AnnotationConfigContextLoaderUtils - Could not detect default configuration classes for test class [org.springframework.samples.petclinic.acceptance.Cp17Tests]: Cp17Tests does not declare any static, non-private, non-final, nested classes annotated with @Configuration.
INFO  AnnotationConfigContextLoaderUtils - Could not detect default configuration classes for test class [org.springframework.samples.petclinic.acceptance.AcceptanceBase]: AcceptanceBase does not declare any static, non-private, non-final, nested classes annotated with @Configuration.
INFO  SpringBootTestContextBootstrapper - Found @SpringBootConfiguration org.springframework.samples.petclinic.PetClinicApplication for test class org.springframework.samples.petclinic.acceptance.Cp17Tests

  .   ____          _            __ _ _
 /\\ / ___'_ __ _ _(_)_ __  __ _ \ \ \ \
( ( )\___ | '_ | '_| | '_ \/ _` | \ \ \ \
 \\/  ___)| |_)| | | | | || (_| |  ) ) ) )
  '  |____| .__|_| |_|_| |_\__, | / / / /
 =========|_|==============|___/=/_/_/_/

 :: Spring Boot ::                (v4.1.0)

INFO  Cp17Tests - Starting Cp17Tests using Java 17.0.20 with PID 2358011 (started by daniel in /home/daniel/sandbox)
DEBUG Cp17Tests - Running with Spring Boot v4.1.0, Spring v7.0.8
INFO  Cp17Tests - The following 2 profiles are active: "hsqldb", "spring-data-jpa"
INFO  Version - HV000001: Hibernate Validator 9.1.0.Final
INFO  RepositoryConfigurationDelegate - Bootstrapping Spring Data JPA repositories in DEFAULT mode.
INFO  RepositoryConfigurationDelegate - Finished Spring Data repository scanning in 74 ms. Found 7 JPA repository interfaces.
INFO  HikariDataSource - HikariPool-1 - Starting...
INFO  PoolBase - HikariPool-1 - Driver does not support get/set network timeout for connections. (feature not supported)
INFO  HikariPool - HikariPool-1 - Added connection org.hsqldb.jdbc.JDBCConnection@7ab66d54
INFO  HikariDataSource - HikariPool-1 - Start completed.
INFO  jpa - HHH008540: Processing PersistenceUnitInfo [name: default]
INFO  core - HHH000001: Hibernate ORM core version 7.4.1.Final
INFO  SpringPersistenceUnitInfo - No LoadTimeWeaver setup: ignoring JPA class transformer
INFO  pooling - HHH10001005: Database info:
	Database JDBC URL [jdbc:hsqldb:mem:petclinic]
	Database driver: HSQL Database Engine Driver
	Database dialect: HSQLDialect
	Database version: 2.7.3
	Default catalog/schema: PUBLIC/PUBLIC
	Autocommit mode: undefined/unknown
	Isolation level: READ_COMMITTED [default READ_COMMITTED]
	JDBC fetch size: none
	Pool: DataSourceConnectionProvider
	Minimum pool size: undefined/unknown
	Maximum pool size: undefined/unknown
INFO  core - HHH000489: No JTA platform available (set 'hibernate.transaction.jta.platform' to enable JTA platform integration)
INFO  LocalContainerEntityManagerFactoryBean - Initialized JPA EntityManagerFactory for persistence unit 'default'
WARN  InitializeUserDetailsBeanManagerConfigurer$InitializeUserDetailsManagerConfigurer - Global AuthenticationManager configured with an AuthenticationProvider bean. UserDetailsService beans will not be used by Spring Security for automatically configuring username/password login. Consider removing the AuthenticationProvider bean. Alternatively, consider using the UserDetailsService in a manually instantiated DaoAuthenticationProvider. If the current configuration is intentional, to turn off this warning, increase the logging level of 'org.springframework.security.config.annotation.authentication.configuration.InitializeUserDetailsBeanManagerConfigurer' to ERROR
INFO  QueryEnhancerFactories - Hibernate is in classpath; If applicable, HQL parser will be used.
INFO  OFFICE - Loading REST endpoints:
INFO  OFFICE -   GET /
INFO  OFFICE -   GET /api/pets
INFO  OFFICE -   GET /api/vets
INFO  OFFICE -   POST /api/vets
INFO  OFFICE -   POST /api/users
INFO  OFFICE -   GET /api/owners
INFO  OFFICE -   POST /api/owners
INFO  OFFICE -   GET /api/visits
INFO  OFFICE -   POST /api/visits
INFO  OFFICE -   GET /api/v2/pets
INFO  OFFICE -   GET /api/pettypes
INFO  OFFICE -   POST /api/pettypes
INFO  OFFICE -   GET /api/v2/owners
INFO  OFFICE -   GET /api/specialties
INFO  OFFICE -   POST /api/specialties
INFO  OFFICE -   DELETE /api/pets/{petId}
INFO  OFFICE -   GET /api/pets/{petId}
INFO  OFFICE -   PUT /api/pets/{petId}
INFO  OFFICE -   DELETE /api/vets/{vetId}
INFO  OFFICE -   GET /api/vets/{vetId}
INFO  OFFICE -   PUT /api/vets/{vetId}
INFO  OFFICE -   DELETE /api/owners/{ownerId}
INFO  OFFICE -   GET /api/owners/{ownerId}
INFO  OFFICE -   PUT /api/owners/{ownerId}
INFO  OFFICE -   DELETE /api/visits/{visitId}
INFO  OFFICE -   GET /api/visits/{visitId}
INFO  OFFICE -   PUT /api/visits/{visitId}
INFO  OFFICE -   DELETE /api/pettypes/{petTypeId}
INFO  OFFICE -   GET /api/pettypes/{petTypeId}
INFO  OFFICE -   PUT /api/pettypes/{petTypeId}
INFO  OFFICE -   POST /api/owners/{ownerId}/pets
INFO  OFFICE -   DELETE /api/specialties/{specialtyId}
INFO  OFFICE -   GET /api/specialties/{specialtyId}
INFO  OFFICE -   PUT /api/specialties/{specialtyId}
INFO  OFFICE -   GET /api/owners/{ownerId}/pets/{petId}
INFO  OFFICE -   PUT /api/owners/{ownerId}/pets/{petId}
INFO  OFFICE -   POST /api/owners/{ownerId}/pets/{petId}/visits
INFO  OFFICE - OfficeFloor bridging Spring Security
WARN  UserDetailsServiceAutoConfiguration - 

Using generated security password: 7758415b-fe5c-436d-8c64-3356bba2faa0

This generated password is for development use only. Your security configuration must be updated before running your application in production.

INFO  SpringBootMockServletContext - Initializing Spring TestDispatcherServlet ''
INFO  TestDispatcherServlet - Initializing Servlet ''
INFO  EndpointLinksResolver - Exposing 1 endpoint beneath base path '/actuator'
INFO  TestDispatcherServlet - Completed initialization in 19 ms
INFO  Cp17Tests - Started Cp17Tests in 13.673 seconds (process running for 15.451)
WARN  SpringDocAppInitializer - SpringDoc /v3/api-docs endpoint is enabled by default. To disable it in production, set the property 'springdoc.api-docs.enabled=false'
WARN  SpringDocAppInitializer - SpringDoc /swagger-ui.html endpoint is enabled by default. To disable it in production, set the property 'springdoc.swagger-ui.enabled=false'
INFO  AUDIT - Created owner id=11 customerCode=NSW-16E6609E registrationDate=2026-09-07
INFO  AnnotationConfigContextLoaderUtils - Could not detect default configuration classes for test class [org.springframework.samples.petclinic.acceptance.Cp10Tests]: Cp10Tests does not declare any static, non-private, non-final, nested classes annotated with @Configuration.
INFO  SpringBootTestContextBootstrapper - Found @SpringBootConfiguration org.springframework.samples.petclinic.PetClinicApplication for test class org.springframework.samples.petclinic.acceptance.Cp10Tests
INFO  AnnotationConfigContextLoaderUtils - Could not detect default configuration classes for test class [org.springframework.samples.petclinic.acceptance.Cp10Tests]: Cp10Tests does not declare any static, non-private, non-final, nested classes annotated with @Configuration.
INFO  AnnotationConfigContextLoaderUtils - Could not detect default configuration classes for test class [org.springframework.samples.petclinic.acceptance.AcceptanceBase]: AcceptanceBase does not declare any static, non-private, non-final, nested classes annotated with @Configuration.
INFO  SpringBootTestContextBootstrapper - Found @SpringBootConfiguration org.springframework.samples.petclinic.PetClinicApplication for test class org.springframework.samples.petclinic.acceptance.Cp10Tests
INFO  AUDIT - Created owner id=12 customerCode=UNKNOWN-F4F6FF62 registrationDate=2026-09-07
INFO  AnnotationConfigContextLoaderUtils - Could not detect default configuration classes for test class [org.springframework.samples.petclinic.acceptance.Cp29Tests]: Cp29Tests does not declare any static, non-private, non-final, nested classes annotated with @Configuration.
INFO  SpringBootTestContextBootstrapper - Found @SpringBootConfiguration org.springframework.samples.petclinic.PetClinicApplication for test class org.springframework.samples.petclinic.acceptance.Cp29Tests
INFO  AnnotationConfigContextLoaderUtils - Could not detect default configuration classes for test class [org.springframework.samples.petclinic.acceptance.Cp29Tests]: Cp29Tests does not declare any static, non-private, non-final, nested classes annotated with @Configuration.
INFO  AnnotationConfigContextLoaderUtils - Could not detect default configuration classes for test class [org.springframework.samples.petclinic.acceptance.AcceptanceBase]: AcceptanceBase does not declare any static, non-private, non-final, nested classes annotated with @Configuration.
INFO  SpringBootTestContextBootstrapper - Found @SpringBootConfiguration org.springframework.samples.petclinic.PetClinicApplication for test class org.springframework.samples.petclinic.acceptance.Cp29Tests
INFO  AUDIT - Created owner id=13 customerCode=NSW-0C44CCFD registrationDate=2026-09-07
INFO  AUDIT - Created owner id=14 customerCode=UNKNOWN-C2097FDD registrationDate=2026-09-07
INFO  AnnotationConfigContextLoaderUtils - Could not detect default configuration classes for test class [org.springframework.samples.petclinic.acceptance.Cp11Tests]: Cp11Tests does not declare any static, non-private, non-final, nested classes annotated with @Configuration.
INFO  SpringBootTestContextBootstrapper - Found @SpringBootConfiguration org.springframework.samples.petclinic.PetClinicApplication for test class org.springframework.samples.petclinic.acceptance.Cp11Tests
INFO  AnnotationConfigContextLoaderUtils - Could not detect default configuration classes for test class [org.springframework.samples.petclinic.acceptance.Cp11Tests]: Cp11Tests does not declare any static, non-private, non-final, nested classes annotated with @Configuration.
INFO  AnnotationConfigContextLoaderUtils - Could not detect default configuration classes for test class [org.springframework.samples.petclinic.acceptance.AcceptanceBase]: AcceptanceBase does not declare any static, non-private, non-final, nested classes annotated with @Configuration.
INFO  SpringBootTestContextBootstrapper - Found @SpringBootConfiguration org.springframework.samples.petclinic.PetClinicApplication for test class org.springframework.samples.petclinic.acceptance.Cp11Tests
INFO  AUDIT - Created owner id=15 customerCode=UNKNOWN-8C073917 registrationDate=2026-09-07
INFO  AUDIT - Created owner id=16 customerCode=UNKNOWN-11064E7A registrationDate=2026-09-07
INFO  AnnotationConfigContextLoaderUtils - Could not detect default configuration classes for test class [org.springframework.samples.petclinic.acceptance.Cp21Tests]: Cp21Tests does not declare any static, non-private, non-final, nested classes annotated with @Configuration.
INFO  SpringBootTestContextBootstrapper - Found @SpringBootConfiguration org.springframework.samples.petclinic.PetClinicApplication for test class org.springframework.samples.petclinic.acceptance.Cp21Tests
INFO  AnnotationConfigContextLoaderUtils - Could not detect default configuration classes for test class [org.springframework.samples.petclinic.acceptance.Cp21Tests]: Cp21Tests does not declare any static, non-private, non-final, nested classes annotated with @Configuration.
INFO  AnnotationConfigContextLoaderUtils - Could not detect default configuration classes for test class [org.springframework.samples.petclinic.acceptance.AcceptanceBase]: AcceptanceBase does not declare any static, non-private, non-final, nested classes annotated with @Configuration.
INFO  SpringBootTestContextBootstrapper - Found @SpringBootConfiguration org.springframework.samples.petclinic.PetClinicApplication for test class org.springframework.samples.petclinic.acceptance.Cp21Tests
INFO  AUDIT - Created owner id=17 customerCode=NSW-3C70EBD8 registrationDate=2026-09-07
INFO  AnnotationConfigContextLoaderUtils - Could not detect default configuration classes for test class [org.springframework.samples.petclinic.acceptance.Cp06Tests]: Cp06Tests does not declare any static, non-private, non-final, nested classes annotated with @Configuration.
INFO  SpringBootTestContextBootstrapper - Found @SpringBootConfiguration org.springframework.samples.petclinic.PetClinicApplication for test class org.springframework.samples.petclinic.acceptance.Cp06Tests
INFO  AnnotationConfigContextLoaderUtils - Could not detect default configuration classes for test class [org.springframework.samples.petclinic.acceptance.Cp06Tests]: Cp06Tests does not declare any static, non-private, non-final, nested classes annotated with @Configuration.
INFO  AnnotationConfigContextLoaderUtils - Could not detect default configuration classes for test class [org.springframework.samples.petclinic.acceptance.AcceptanceBase]: AcceptanceBase does not declare any static, non-private, non-final, nested classes annotated with @Configuration.
INFO  SpringBootTestContextBootstrapper - Found @SpringBootConfiguration org.springframework.samples.petclinic.PetClinicApplication for test class org.springframework.samples.petclinic.acceptance.Cp06Tests
INFO  AUDIT - Created owner id=18 customerCode=UNKNOWN-D1D393A1 registrationDate=2026-09-07
INFO  AnnotationConfigContextLoaderUtils - Could not detect default configuration classes for test class [org.springframework.samples.petclinic.acceptance.Cp03Tests]: Cp03Tests does not declare any static, non-private, non-final, nested classes annotated with @Configuration.
INFO  SpringBootTestContextBootstrapper - Found @SpringBootConfiguration org.springframework.samples.petclinic.PetClinicApplication for test class org.springframework.samples.petclinic.acceptance.Cp03Tests
INFO  AnnotationConfigContextLoaderUtils - Could not detect default configuration classes for test class [org.springframework.samples.petclinic.acceptance.Cp03Tests]: Cp03Tests does not declare any static, non-private, non-final, nested classes annotated with @Configuration.
INFO  AnnotationConfigContextLoaderUtils - Could not detect default configuration classes for test class [org.springframework.samples.petclinic.acceptance.AcceptanceBase]: AcceptanceBase does not declare any static, non-private, non-final, nested classes annotated with @Configuration.
INFO  SpringBootTestContextBootstrapper - Found @SpringBootConfiguration org.springframework.samples.petclinic.PetClinicApplication for test class org.springframework.samples.petclinic.acceptance.Cp03Tests
INFO  AUDIT - Created owner id=19 customerCode=UNKNOWN-D8AB4AA4 registrationDate=2026-09-07
INFO  AnnotationConfigContextLoaderUtils - Could not detect default configuration classes for test class [org.springframework.samples.petclinic.acceptance.Cp13Tests]: Cp13Tests does not declare any static, non-private, non-final, nested classes annotated with @Configuration.
INFO  SpringBootTestContextBootstrapper - Found @SpringBootConfiguration org.springframework.samples.petclinic.PetClinicApplication for test class org.springframework.samples.petclinic.acceptance.Cp13Tests
INFO  AnnotationConfigContextLoaderUtils - Could not detect default configuration classes for test class [org.springframework.samples.petclinic.acceptance.Cp13Tests]: Cp13Tests does not declare any static, non-private, non-final, nested classes annotated with @Configuration.
INFO  AnnotationConfigContextLoaderUtils - Could not detect default configuration classes for test class [org.springframework.samples.petclinic.acceptance.AcceptanceBase]: AcceptanceBase does not declare any static, non-private, non-final, nested classes annotated with @Configuration.
INFO  SpringBootTestContextBootstrapper - Found @SpringBootConfiguration org.springframework.samples.petclinic.PetClinicApplication for test class org.springframework.samples.petclinic.acceptance.Cp13Tests
INFO  AUDIT - Created owner id=20 customerCode=NSW-DF3D8043 registrationDate=2026-09-07
INFO  AUDIT - Created owner id=21 customerCode=NSW-9694390C registrationDate=2026-09-07
INFO  AnnotationConfigContextLoaderUtils - Could not detect default configuration classes for test class [org.springframework.samples.petclinic.acceptance.Cp19Tests]: Cp19Tests does not declare any static, non-private, non-final, nested classes annotated with @Configuration.
INFO  SpringBootTestContextBootstrapper - Found @SpringBootConfiguration org.springframework.samples.petclinic.PetClinicApplication for test class org.springframework.samples.petclinic.acceptance.Cp19Tests
INFO  AnnotationConfigContextLoaderUtils - Could not detect default configuration classes for test class [org.springframework.samples.petclinic.acceptance.Cp19Tests]: Cp19Tests does not declare any static, non-private, non-final, nested classes annotated with @Configuration.
INFO  AnnotationConfigContextLoaderUtils - Could not detect default configuration classes for test class [org.springframework.samples.petclinic.acceptance.AcceptanceBase]: AcceptanceBase does not declare any static, non-private, non-final, nested classes annotated with @Configuration.
INFO  SpringBootTestContextBootstrapper - Found @SpringBootConfiguration org.springframework.samples.petclinic.PetClinicApplication for test class org.springframework.samples.petclinic.acceptance.Cp19Tests
INFO  AUDIT - Created owner id=22 customerCode=UNKNOWN-BD4FBDF7 registrationDate=2026-09-07
INFO  AUDIT - Created owner id=23 customerCode=UNKNOWN-AAC762D5 registrationDate=2026-09-07
INFO  AUDIT - Created owner id=24 customerCode=UNKNOWN-3586509B registrationDate=2026-09-07
INFO  AUDIT - Created owner id=25 customerCode=UNKNOWN-46C5727F registrationDate=2026-09-07
INFO  AUDIT - Created owner id=26 customerCode=UNKNOWN-3123707F registrationDate=2026-09-07
INFO  AUDIT - Created owner id=27 customerCode=UNKNOWN-0EEBE2CE registrationDate=2026-09-07
INFO  AUDIT - Created owner id=28 customerCode=UNKNOWN-66CB7B28 registrationDate=2026-09-07
INFO  AUDIT - Created owner id=29 customerCode=UNKNOWN-3FE304F8 registrationDate=2026-09-07
INFO  AUDIT - Created owner id=30 customerCode=UNKNOWN-310F679D registrationDate=2026-09-07
INFO  AUDIT - Created owner id=31 customerCode=UNKNOWN-CD4B43FB registrationDate=2026-09-07
INFO  AUDIT - Created owner id=32 customerCode=UNKNOWN-7F6E07BD registrationDate=2026-09-07
INFO  AUDIT - Created owner id=33 customerCode=UNKNOWN-8AC38604 registrationDate=2026-09-07
INFO  AUDIT - Created owner id=34 customerCode=UNKNOWN-BBCDCE4F registrationDate=2026-09-07
INFO  AUDIT - Created owner id=35 customerCode=UNKNOWN-A584662B registrationDate=2026-09-07
INFO  AUDIT - Created owner id=36 customerCode=UNKNOWN-4251A05D registrationDate=2026-09-07
INFO  AUDIT - Created owner id=37 customerCode=UNKNOWN-DB6D45E5 registrationDate=2026-09-07
INFO  AUDIT - Created owner id=38 customerCode=UNKNOWN-E059CE15 registrationDate=2026-09-07
INFO  AUDIT - Created owner id=39 customerCode=UNKNOWN-4298387B registrationDate=2026-09-07
INFO  AUDIT - Created owner id=40 customerCode=UNKNOWN-BB3695F7 registrationDate=2026-09-07
INFO  AUDIT - Created owner id=41 customerCode=UNKNOWN-7692DCDA registrationDate=2026-09-07
INFO  AUDIT - Created owner id=42 customerCode=UNKNOWN-F33D7F3E registrationDate=2026-09-07
INFO  AUDIT - Created owner id=43 customerCode=UNKNOWN-425DE87E registrationDate=2026-09-07
INFO  AUDIT - Created owner id=44 customerCode=UNKNOWN-91B1606E registrationDate=2026-09-07
INFO  AUDIT - Created owner id=45 customerCode=UNKNOWN-E3EDDA01 registrationDate=2026-09-07
INFO  AUDIT - Created owner id=46 customerCode=UNKNOWN-740558C7 registrationDate=2026-09-07
INFO  AUDIT - Created owner id=47 customerCode=UNKNOWN-A5588F09 registrationDate=2026-09-07
INFO  AUDIT - Created owner id=48 customerCode=UNKNOWN-A4118957 registrationDate=2026-09-07
INFO  AUDIT - Created owner id=49 customerCode=UNKNOWN-29EBF669 registrationDate=2026-09-07
INFO  AUDIT - Created owner id=50 customerCode=UNKNOWN-B51CAA96 registrationDate=2026-09-07
INFO  AUDIT - Created owner id=51 customerCode=UNKNOWN-EC5BD7B5 registrationDate=2026-09-07
INFO  AUDIT - Created owner id=52 customerCode=UNKNOWN-BE3788CE registrationDate=2026-09-07
INFO  AUDIT - Created owner id=53 customerCode=UNKNOWN-54BB7CB3 registrationDate=2026-09-07
INFO  AUDIT - Created owner id=54 customerCode=UNKNOWN-B1CC34FD registrationDate=2026-09-07
INFO  AUDIT - Created owner id=55 customerCode=UNKNOWN-FAED1507 registrationDate=2026-09-07
INFO  AUDIT - Created owner id=56 customerCode=UNKNOWN-EAD71F41 registrationDate=2026-09-07
INFO  AUDIT - Created owner id=57 customerCode=UNKNOWN-6E1BF428 registrationDate=2026-09-07
INFO  AUDIT - Created owner id=58 customerCode=UNKNOWN-933DE6B3 registrationDate=2026-09-07
INFO  AUDIT - Created owner id=59 customerCode=UNKNOWN-28E8311D registrationDate=2026-09-07
INFO  AUDIT - Created owner id=60 customerCode=UNKNOWN-48E11A01 registrationDate=2026-09-07
INFO  AUDIT - Created owner id=61 customerCode=UNKNOWN-AC59B6E2 registrationDate=2026-09-07
INFO  AUDIT - Created owner id=62 customerCode=UNKNOWN-7E7FDE6F registrationDate=2026-09-07
INFO  AUDIT - Created owner id=63 customerCode=UNKNOWN-597A8622 registrationDate=2026-09-07
INFO  AUDIT - Created owner id=64 customerCode=UNKNOWN-F85265DF registrationDate=2026-09-07
INFO  AUDIT - Created owner id=65 customerCode=UNKNOWN-6642F4CE registrationDate=2026-09-07
INFO  AUDIT - Created owner id=66 customerCode=UNKNOWN-F2DE4704 registrationDate=2026-09-07
INFO  AUDIT - Created owner id=67 customerCode=UNKNOWN-82FD995A registrationDate=2026-09-07
INFO  AUDIT - Created owner id=68 customerCode=UNKNOWN-848BA44D registrationDate=2026-09-07
INFO  AUDIT - Created owner id=69 customerCode=UNKNOWN-C60CDFC4 registrationDate=2026-09-07
INFO  AUDIT - Created owner id=70 customerCode=UNKNOWN-98D05CFA registrationDate=2026-09-07
INFO  AUDIT - Created owner id=71 customerCode=UNKNOWN-2BC3574B registrationDate=2026-09-07
INFO  AUDIT - Created owner id=72 customerCode=UNKNOWN-FC76B5E5 registrationDate=2026-09-07
INFO  AUDIT - Created owner id=73 customerCode=UNKNOWN-F2905EB5 registrationDate=2026-09-07
INFO  AUDIT - Created owner id=74 customerCode=UNKNOWN-3BD72B85 registrationDate=2026-09-07
INFO  AUDIT - Created owner id=75 customerCode=UNKNOWN-01081DA6 registrationDate=2026-09-07
INFO  AUDIT - Created owner id=76 customerCode=UNKNOWN-8378BC13 registrationDate=2026-09-07
INFO  AUDIT - Created owner id=77 customerCode=UNKNOWN-AC91E560 registrationDate=2026-09-07
INFO  AUDIT - Created owner id=78 customerCode=UNKNOWN-A2D12C2B registrationDate=2026-09-07
INFO  AUDIT - Created owner id=79 customerCode=UNKNOWN-D78B4F88 registrationDate=2026-09-07
INFO  AUDIT - Created owner id=80 customerCode=UNKNOWN-ED38F842 registrationDate=2026-09-07
INFO  AUDIT - Created owner id=81 customerCode=UNKNOWN-B5B1D482 registrationDate=2026-09-07
INFO  AUDIT - Created owner id=82 customerCode=UNKNOWN-BC5785AE registrationDate=2026-09-07
INFO  AUDIT - Created owner id=83 customerCode=UNKNOWN-A572CBB7 registrationDate=2026-09-07
INFO  AUDIT - Created owner id=84 customerCode=UNKNOWN-DA2DEFCE registrationDate=2026-09-07
INFO  AUDIT - Created owner id=85 customerCode=UNKNOWN-0B086A46 registrationDate=2026-09-07
INFO  AUDIT - Created owner id=86 customerCode=UNKNOWN-0BBA6A05 registrationDate=2026-09-07
INFO  AUDIT - Created owner id=87 customerCode=UNKNOWN-67D3F596 registrationDate=2026-09-07
INFO  AUDIT - Created owner id=88 customerCode=UNKNOWN-A40331F0 registrationDate=2026-09-07
INFO  AUDIT - Created owner id=89 customerCode=UNKNOWN-4842D4B5 registrationDate=2026-09-07
INFO  AUDIT - Created owner id=90 customerCode=UNKNOWN-FF828AB8 registrationDate=2026-09-07
INFO  AUDIT - Created owner id=91 customerCode=UNKNOWN-D2225BBF registrationDate=2026-09-07
INFO  AUDIT - Created owner id=92 customerCode=UNKNOWN-5D6F4E87 registrationDate=2026-09-07
INFO  AUDIT - Created owner id=93 customerCode=UNKNOWN-DD3FCED5 registrationDate=2026-09-07
INFO  AUDIT - Created owner id=94 customerCode=UNKNOWN-E25B8BA8 registrationDate=2026-09-07
INFO  AUDIT - Created owner id=95 customerCode=UNKNOWN-5BAB0281 registrationDate=2026-09-07
INFO  AUDIT - Created owner id=96 customerCode=UNKNOWN-00706CAE registrationDate=2026-09-07
INFO  AUDIT - Created owner id=97 customerCode=UNKNOWN-3D710DA5 registrationDate=2026-09-07
INFO  AUDIT - Created owner id=98 customerCode=UNKNOWN-9717C0CF registrationDate=2026-09-07
INFO  AUDIT - Created owner id=99 customerCode=UNKNOWN-71FF1452 registrationDate=2026-09-07
INFO  AUDIT - Created owner id=100 customerCode=UNKNOWN-364A07EF registrationDate=2026-09-07
INFO  AUDIT - Created owner id=101 customerCode=UNKNOWN-32679F92 registrationDate=2026-09-07
INFO  AUDIT - Created owner id=102 customerCode=UNKNOWN-471A75AA registrationDate=2026-09-07
INFO  AUDIT - Created owner id=103 customerCode=UNKNOWN-82466573 registrationDate=2026-09-07
INFO  AUDIT - Created owner id=104 customerCode=UNKNOWN-8C511437 registrationDate=2026-09-07
INFO  AUDIT - Created owner id=105 customerCode=UNKNOWN-BD963974 registrationDate=2026-09-07
INFO  AUDIT - Created owner id=106 customerCode=UNKNOWN-C2405D0F registrationDate=2026-09-07
INFO  AUDIT - Created owner id=107 customerCode=UNKNOWN-9D142190 registrationDate=2026-09-07
INFO  AUDIT - Created owner id=108 customerCode=UNKNOWN-225C391E registrationDate=2026-09-07
INFO  AUDIT - Created owner id=109 customerCode=UNKNOWN-F27965E2 registrationDate=2026-09-07
INFO  AUDIT - Created owner id=110 customerCode=UNKNOWN-8C6A894C registrationDate=2026-09-07
INFO  AUDIT - Created owner id=111 customerCode=UNKNOWN-415DC089 registrationDate=2026-09-07
INFO  AUDIT - Created owner id=112 customerCode=UNKNOWN-28B105E9 registrationDate=2026-09-07
INFO  AUDIT - Created owner id=113 customerCode=UNKNOWN-30170AE3 registrationDate=2026-09-07
INFO  AUDIT - Created owner id=114 customerCode=UNKNOWN-9AF0292A registrationDate=2026-09-07
INFO  AUDIT - Created owner id=115 customerCode=UNKNOWN-CC4DA9C9 registrationDate=2026-09-07
INFO  AUDIT - Created owner id=116 customerCode=UNKNOWN-42854F35 registrationDate=2026-09-07
INFO  AUDIT - Created owner id=117 customerCode=UNKNOWN-79B436B3 registrationDate=2026-09-07
INFO  AUDIT - Created owner id=118 customerCode=UNKNOWN-9EE04ABE registrationDate=2026-09-07
INFO  AUDIT - Created owner id=119 customerCode=UNKNOWN-3AFD652A registrationDate=2026-09-07
INFO  AUDIT - Created owner id=120 customerCode=UNKNOWN-4A466936 registrationDate=2026-09-07
INFO  AUDIT - Created owner id=121 customerCode=UNKNOWN-B91E002F registrationDate=2026-09-07
INFO  AnnotationConfigContextLoaderUtils - Could not detect default configuration classes for test class [org.springframework.samples.petclinic.acceptance.Cp28Tests]: Cp28Tests does not declare any static, non-private, non-final, nested classes annotated with @Configuration.
INFO  SpringBootTestContextBootstrapper - Found @SpringBootConfiguration org.springframework.samples.petclinic.PetClinicApplication for test class org.springframework.samples.petclinic.acceptance.Cp28Tests
INFO  AnnotationConfigContextLoaderUtils - Could not detect default configuration classes for test class [org.springframework.samples.petclinic.acceptance.Cp28Tests]: Cp28Tests does not declare any static, non-private, non-final, nested classes annotated with @Configuration.
INFO  AnnotationConfigContextLoaderUtils - Could not detect default configuration classes for test class [org.springframework.samples.petclinic.acceptance.AcceptanceBase]: AcceptanceBase does not declare any static, non-private, non-final, nested classes annotated with @Configuration.
INFO  SpringBootTestContextBootstrapper - Found @SpringBootConfiguration org.springframework.samples.petclinic.PetClinicApplication for test class org.springframework.samples.petclinic.acceptance.Cp28Tests
INFO  AUDIT - Created owner id=122 customerCode=UNKNOWN-9356F591 registrationDate=2026-09-07
INFO  AnnotationConfigContextLoaderUtils - Could not detect default configuration classes for test class [org.springframework.samples.petclinic.acceptance.Cp18Tests]: Cp18Tests does not declare any static, non-private, non-final, nested classes annotated with @Configuration.
INFO  SpringBootTestContextBootstrapper - Found @SpringBootConfiguration org.springframework.samples.petclinic.PetClinicApplication for test class org.springframework.samples.petclinic.acceptance.Cp18Tests
INFO  AnnotationConfigContextLoaderUtils - Could not detect default configuration classes for test class [org.springframework.samples.petclinic.acceptance.Cp18Tests]: Cp18Tests does not declare any static, non-private, non-final, nested classes annotated with @Configuration.
INFO  AnnotationConfigContextLoaderUtils - Could not detect default configuration classes for test class [org.springframework.samples.petclinic.acceptance.AcceptanceBase]: AcceptanceBase does not declare any static, non-private, non-final, nested classes annotated with @Configuration.
INFO  SpringBootTestContextBootstrapper - Found @SpringBootConfiguration org.springframework.samples.petclinic.PetClinicApplication for test class org.springframework.samples.petclinic.acceptance.Cp18Tests
INFO  AUDIT - Created owner id=123 customerCode=UNKNOWN-F27F2B8F registrationDate=2026-09-07
INFO  AUDIT - Created owner id=124 customerCode=UNKNOWN-87A1F3FC registrationDate=2026-09-07
INFO  AUDIT - Created owner id=125 customerCode=UNKNOWN-1B3508E1 registrationDate=2026-09-07
INFO  AUDIT - Created owner id=126 customerCode=UNKNOWN-75AA5B45 registrationDate=2026-09-07
INFO  AUDIT - Created owner id=127 customerCode=UNKNOWN-9CF5B67E registrationDate=2026-09-07
INFO  AUDIT - Created owner id=128 customerCode=UNKNOWN-678D7CE8 registrationDate=2026-09-07
INFO  AUDIT - Created owner id=129 customerCode=UNKNOWN-2C743DF6 registrationDate=2026-09-07
INFO  AUDIT - Created owner id=130 customerCode=UNKNOWN-374892AD registrationDate=2026-09-07
INFO  AUDIT - Created owner id=131 customerCode=UNKNOWN-2F8F8969 registrationDate=2026-09-07
INFO  AUDIT - Created owner id=132 customerCode=UNKNOWN-5201080C registrationDate=2026-09-07
INFO  AUDIT - Created owner id=133 customerCode=UNKNOWN-88467690 registrationDate=2026-09-07
INFO  AUDIT - Created owner id=134 customerCode=UNKNOWN-971D252F registrationDate=2026-09-07
INFO  AUDIT - Created owner id=135 customerCode=UNKNOWN-DEF3BE57 registrationDate=2026-09-07
INFO  AUDIT - Created owner id=136 customerCode=UNKNOWN-6D732164 registrationDate=2026-09-07
INFO  AUDIT - Created owner id=137 customerCode=UNKNOWN-CB193A8A registrationDate=2026-09-07
INFO  AUDIT - Created owner id=138 customerCode=UNKNOWN-89E82A6A registrationDate=2026-09-07
INFO  AUDIT - Created owner id=139 customerCode=UNKNOWN-7B09977E registrationDate=2026-09-07
INFO  AUDIT - Created owner id=140 customerCode=UNKNOWN-46FB857B registrationDate=2026-09-07
INFO  AUDIT - Created owner id=141 customerCode=UNKNOWN-6F0AC094 registrationDate=2026-09-07
INFO  AUDIT - Created owner id=142 customerCode=UNKNOWN-99DAC704 registrationDate=2026-09-07
INFO  AUDIT - Created owner id=143 customerCode=UNKNOWN-595717A9 registrationDate=2026-09-07
INFO  AUDIT - Created owner id=144 customerCode=UNKNOWN-C928376B registrationDate=2026-09-07
INFO  AUDIT - Created owner id=145 customerCode=UNKNOWN-C5845D7A registrationDate=2026-09-07
INFO  AUDIT - Created owner id=146 customerCode=UNKNOWN-1AEE1FC9 registrationDate=2026-09-07
INFO  AUDIT - Created owner id=147 customerCode=UNKNOWN-7C7BF1EF registrationDate=2026-09-07
INFO  AUDIT - Created owner id=148 customerCode=UNKNOWN-7BAE43B9 registrationDate=2026-09-07
INFO  AUDIT - Created owner id=149 customerCode=UNKNOWN-B8ED1638 registrationDate=2026-09-07
INFO  AUDIT - Created owner id=150 customerCode=UNKNOWN-F0C5521B registrationDate=2026-09-07
INFO  AUDIT - Created owner id=151 customerCode=UNKNOWN-8F10B83E registrationDate=2026-09-07
INFO  AUDIT - Created owner id=152 customerCode=UNKNOWN-3323560A registrationDate=2026-09-07
INFO  AUDIT - Created owner id=153 customerCode=UNKNOWN-B29B452D registrationDate=2026-09-07
INFO  AUDIT - Created owner id=154 customerCode=UNKNOWN-E4E5E627 registrationDate=2026-09-07
INFO  AUDIT - Created owner id=155 customerCode=UNKNOWN-787E9C1D registrationDate=2026-09-07
INFO  AUDIT - Created owner id=156 customerCode=UNKNOWN-0B72AEB8 registrationDate=2026-09-07
INFO  AUDIT - Created owner id=157 customerCode=UNKNOWN-7D52828E registrationDate=2026-09-07
INFO  AUDIT - Created owner id=158 customerCode=UNKNOWN-5BAAC815 registrationDate=2026-09-07
INFO  AUDIT - Created owner id=159 customerCode=UNKNOWN-36A6471E registrationDate=2026-09-07
INFO  AUDIT - Created owner id=160 customerCode=UNKNOWN-E700638E registrationDate=2026-09-07
INFO  AUDIT - Created owner id=161 customerCode=UNKNOWN-FA1C2377 registrationDate=2026-09-07
INFO  AUDIT - Created owner id=162 customerCode=UNKNOWN-F0FF9D8E registrationDate=2026-09-07
INFO  AUDIT - Created owner id=163 customerCode=UNKNOWN-16C8475B registrationDate=2026-09-07
INFO  AUDIT - Created owner id=164 customerCode=UNKNOWN-127604A1 registrationDate=2026-09-07
INFO  AUDIT - Created owner id=165 customerCode=UNKNOWN-2BBD7D99 registrationDate=2026-09-07
INFO  AUDIT - Created owner id=166 customerCode=UNKNOWN-658263A2 registrationDate=2026-09-07
INFO  AUDIT - Created owner id=167 customerCode=UNKNOWN-9D23935D registrationDate=2026-09-07
INFO  AUDIT - Created owner id=168 customerCode=UNKNOWN-232B760D registrationDate=2026-09-07
INFO  AUDIT - Created owner id=169 customerCode=UNKNOWN-405C18A9 registrationDate=2026-09-07
INFO  AUDIT - Created owner id=170 customerCode=UNKNOWN-C157BDF3 registrationDate=2026-09-07
INFO  AUDIT - Created owner id=171 customerCode=UNKNOWN-B701880A registrationDate=2026-09-07
INFO  AUDIT - Created owner id=172 customerCode=UNKNOWN-799688B7 registrationDate=2026-09-07
INFO  AnnotationConfigContextLoaderUtils - Could not detect default configuration classes for test class [org.springframework.samples.petclinic.acceptance.Cp08Tests]: Cp08Tests does not declare any static, non-private, non-final, nested classes annotated with @Configuration.
INFO  SpringBootTestContextBootstrapper - Found @SpringBootConfiguration org.springframework.samples.petclinic.PetClinicApplication for test class org.springframework.samples.petclinic.acceptance.Cp08Tests
INFO  AnnotationConfigContextLoaderUtils - Could not detect default configuration classes for test class [org.springframework.samples.petclinic.acceptance.Cp08Tests]: Cp08Tests does not declare any static, non-private, non-final, nested classes annotated with @Configuration.
INFO  AnnotationConfigContextLoaderUtils - Could not detect default configuration classes for test class [org.springframework.samples.petclinic.acceptance.AcceptanceBase]: AcceptanceBase does not declare any static, non-private, non-final, nested classes annotated with @Configuration.
INFO  SpringBootTestContextBootstrapper - Found @SpringBootConfiguration org.springframework.samples.petclinic.PetClinicApplication for test class org.springframework.samples.petclinic.acceptance.Cp08Tests
INFO  AUDIT - Created owner id=173 customerCode=UNKNOWN-936F7456 registrationDate=2026-09-07
INFO  AUDIT - Created owner id=174 customerCode=UNKNOWN-70B240F8 registrationDate=2026-09-07
INFO  AnnotationConfigContextLoaderUtils - Could not detect default configuration classes for test class [org.springframework.samples.petclinic.acceptance.Cp07Tests]: Cp07Tests does not declare any static, non-private, non-final, nested classes annotated with @Configuration.
INFO  SpringBootTestContextBootstrapper - Found @SpringBootConfiguration org.springframework.samples.petclinic.PetClinicApplication for test class org.springframework.samples.petclinic.acceptance.Cp07Tests
INFO  AnnotationConfigContextLoaderUtils - Could not detect default configuration classes for test class [org.springframework.samples.petclinic.acceptance.Cp07Tests]: Cp07Tests does not declare any static, non-private, non-final, nested classes annotated with @Configuration.
INFO  AnnotationConfigContextLoaderUtils - Could not detect default configuration classes for test class [org.springframework.samples.petclinic.acceptance.AcceptanceBase]: AcceptanceBase does not declare any static, non-private, non-final, nested classes annotated with @Configuration.
INFO  SpringBootTestContextBootstrapper - Found @SpringBootConfiguration org.springframework.samples.petclinic.PetClinicApplication for test class org.springframework.samples.petclinic.acceptance.Cp07Tests
INFO  AUDIT - Created owner id=175 customerCode=UNKNOWN-6BECC873 registrationDate=2026-01-06
INFO  AUDIT - Created owner id=176 customerCode=UNKNOWN-6698BDCA registrationDate=2026-01-05
INFO  AnnotationConfigContextLoaderUtils - Could not detect default configuration classes for test class [org.springframework.samples.petclinic.acceptance.Cp25Tests]: Cp25Tests does not declare any static, non-private, non-final, nested classes annotated with @Configuration.
INFO  SpringBootTestContextBootstrapper - Found @SpringBootConfiguration org.springframework.samples.petclinic.PetClinicApplication for test class org.springframework.samples.petclinic.acceptance.Cp25Tests
INFO  AnnotationConfigContextLoaderUtils - Could not detect default configuration classes for test class [org.springframework.samples.petclinic.acceptance.Cp25Tests]: Cp25Tests does not declare any static, non-private, non-final, nested classes annotated with @Configuration.
INFO  AnnotationConfigContextLoaderUtils - Could not detect default configuration classes for test class [org.springframework.samples.petclinic.acceptance.AcceptanceBase]: AcceptanceBase does not declare any static, non-private, non-final, nested classes annotated with @Configuration.
INFO  SpringBootTestContextBootstrapper - Found @SpringBootConfiguration org.springframework.samples.petclinic.PetClinicApplication for test class org.springframework.samples.petclinic.acceptance.Cp25Tests
INFO  AUDIT - Created owner id=177 customerCode=UNKNOWN-1062AC41 registrationDate=2026-09-07
INFO  AnnotationConfigContextLoaderUtils - Could not detect default configuration classes for test class [org.springframework.samples.petclinic.acceptance.Cp35Tests]: Cp35Tests does not declare any static, non-private, non-final, nested classes annotated with @Configuration.
INFO  SpringBootTestContextBootstrapper - Found @SpringBootConfiguration org.springframework.samples.petclinic.PetClinicApplication for test class org.springframework.samples.petclinic.acceptance.Cp35Tests
INFO  AnnotationConfigContextLoaderUtils - Could not detect default configuration classes for test class [org.springframework.samples.petclinic.acceptance.Cp35Tests]: Cp35Tests does not declare any static, non-private, non-final, nested classes annotated with @Configuration.
INFO  AnnotationConfigContextLoaderUtils - Could not detect default configuration classes for test class [org.springframework.samples.petclinic.acceptance.AcceptanceBase]: AcceptanceBase does not declare any static, non-private, non-final, nested classes annotated with @Configuration.
INFO  SpringBootTestContextBootstrapper - Found @SpringBootConfiguration org.springframework.samples.petclinic.PetClinicApplication for test class org.springframework.samples.petclinic.acceptance.Cp35Tests
INFO  AUDIT - Created owner id=178 customerCode=NSW-3F634D09 registrationDate=2026-09-07
INFO  AUDIT - Created owner id=179 customerCode=NSW-CD25902F registrationDate=2026-09-07
INFO  AnnotationConfigContextLoaderUtils - Could not detect default configuration classes for test class [org.springframework.samples.petclinic.acceptance.Cp05Tests]: Cp05Tests does not declare any static, non-private, non-final, nested classes annotated with @Configuration.
INFO  SpringBootTestContextBootstrapper - Found @SpringBootConfiguration org.springframework.samples.petclinic.PetClinicApplication for test class org.springframework.samples.petclinic.acceptance.Cp05Tests
INFO  AnnotationConfigContextLoaderUtils - Could not detect default configuration classes for test class [org.springframework.samples.petclinic.acceptance.Cp05Tests]: Cp05Tests does not declare any static, non-private, non-final, nested classes annotated with @Configuration.
INFO  AnnotationConfigContextLoaderUtils - Could not detect default configuration classes for test class [org.springframework.samples.petclinic.acceptance.AcceptanceBase]: AcceptanceBase does not declare any static, non-private, non-final, nested classes annotated with @Configuration.
INFO  SpringBootTestContextBootstrapper - Found @SpringBootConfiguration org.springframework.samples.petclinic.PetClinicApplication for test class org.springframework.samples.petclinic.acceptance.Cp05Tests
INFO  AUDIT - Created owner id=180 customerCode=UNKNOWN-F1BE4DA8 registrationDate=2026-09-07
INFO  AnnotationConfigContextLoaderUtils - Could not detect default configuration classes for test class [org.springframework.samples.petclinic.acceptance.Cp09Tests]: Cp09Tests does not declare any static, non-private, non-final, nested classes annotated with @Configuration.
INFO  SpringBootTestContextBootstrapper - Found @SpringBootConfiguration org.springframework.samples.petclinic.PetClinicApplication for test class org.springframework.samples.petclinic.acceptance.Cp09Tests
INFO  AnnotationConfigContextLoaderUtils - Could not detect default configuration classes for test class [org.springframework.samples.petclinic.acceptance.Cp09Tests]: Cp09Tests does not declare any static, non-private, non-final, nested classes annotated with @Configuration.
INFO  AnnotationConfigContextLoaderUtils - Could not detect default configuration classes for test class [org.springframework.samples.petclinic.acceptance.AcceptanceBase]: AcceptanceBase does not declare any static, non-private, non-final, nested classes annotated with @Configuration.
INFO  SpringBootTestContextBootstrapper - Found @SpringBootConfiguration org.springframework.samples.petclinic.PetClinicApplication for test class org.springframework.samples.petclinic.acceptance.Cp09Tests
INFO  AUDIT - Created owner id=181 customerCode=NSW-4AECA990 registrationDate=2026-09-07
INFO  AnnotationConfigContextLoaderUtils - Could not detect default configuration classes for test class [org.springframework.samples.petclinic.acceptance.Cp23Tests]: Cp23Tests does not declare any static, non-private, non-final, nested classes annotated with @Configuration.
INFO  SpringBootTestContextBootstrapper - Found @SpringBootConfiguration org.springframework.samples.petclinic.PetClinicApplication for test class org.springframework.samples.petclinic.acceptance.Cp23Tests
INFO  AnnotationConfigContextLoaderUtils - Could not detect default configuration classes for test class [org.springframework.samples.petclinic.acceptance.Cp23Tests]: Cp23Tests does not declare any static, non-private, non-final, nested classes annotated with @Configuration.
INFO  AnnotationConfigContextLoaderUtils - Could not detect default configuration classes for test class [org.springframework.samples.petclinic.acceptance.AcceptanceBase]: AcceptanceBase does not declare any static, non-private, non-final, nested classes annotated with @Configuration.
INFO  SpringBootTestContextBootstrapper - Found @SpringBootConfiguration org.springframework.samples.petclinic.PetClinicApplication for test class org.springframework.samples.petclinic.acceptance.Cp23Tests
INFO  AUDIT - Created owner id=182 customerCode=UNKNOWN-B395E182 registrationDate=2026-09-07
INFO  AUDIT - Created owner id=183 customerCode=UNKNOWN-9578A87C registrationDate=2026-09-07
INFO  AUDIT - Created owner id=184 customerCode=UNKNOWN-4526959E registrationDate=2026-09-07
INFO  AnnotationConfigContextLoaderUtils - Could not detect default configuration classes for test class [org.springframework.samples.petclinic.acceptance.Cp33Tests]: Cp33Tests does not declare any static, non-private, non-final, nested classes annotated with @Configuration.
INFO  SpringBootTestContextBootstrapper - Found @SpringBootConfiguration org.springframework.samples.petclinic.PetClinicApplication for test class org.springframework.samples.petclinic.acceptance.Cp33Tests
INFO  AnnotationConfigContextLoaderUtils - Could not detect default configuration classes for test class [org.springframework.samples.petclinic.acceptance.Cp33Tests]: Cp33Tests does not declare any static, non-private, non-final, nested classes annotated with @Configuration.
INFO  AnnotationConfigContextLoaderUtils - Could not detect default configuration classes for test class [org.springframework.samples.petclinic.acceptance.AcceptanceBase]: AcceptanceBase does not declare any static, non-private, non-final, nested classes annotated with @Configuration.
INFO  SpringBootTestContextBootstrapper - Found @SpringBootConfiguration org.springframework.samples.petclinic.PetClinicApplication for test class org.springframework.samples.petclinic.acceptance.Cp33Tests
INFO  AnnotationConfigContextLoaderUtils - Could not detect default configuration classes for test class [org.springframework.samples.petclinic.acceptance.Cp20Tests]: Cp20Tests does not declare any static, non-private, non-final, nested classes annotated with @Configuration.
INFO  SpringBootTestContextBootstrapper - Found @SpringBootConfiguration org.springframework.samples.petclinic.PetClinicApplication for test class org.springframework.samples.petclinic.acceptance.Cp20Tests
INFO  AnnotationConfigContextLoaderUtils - Could not detect default configuration classes for test class [org.springframework.samples.petclinic.acceptance.Cp20Tests]: Cp20Tests does not declare any static, non-private, non-final, nested classes annotated with @Configuration.
INFO  AnnotationConfigContextLoaderUtils - Could not detect default configuration classes for test class [org.springframework.samples.petclinic.acceptance.AcceptanceBase]: AcceptanceBase does not declare any static, non-private, non-final, nested classes annotated with @Configuration.
INFO  SpringBootTestContextBootstrapper - Found @SpringBootConfiguration org.springframework.samples.petclinic.PetClinicApplication for test class org.springframework.samples.petclinic.acceptance.Cp20Tests
INFO  AUDIT - Created owner id=185 customerCode=UNKNOWN-F6B28FA0 registrationDate=2026-09-07
INFO  AnnotationConfigContextLoaderUtils - Could not detect default configuration classes for test class [org.springframework.samples.petclinic.acceptance.Cp15Tests]: Cp15Tests does not declare any static, non-private, non-final, nested classes annotated with @Configuration.
INFO  SpringBootTestContextBootstrapper - Found @SpringBootConfiguration org.springframework.samples.petclinic.PetClinicApplication for test class org.springframework.samples.petclinic.acceptance.Cp15Tests
INFO  AnnotationConfigContextLoaderUtils - Could not detect default configuration classes for test class [org.springframework.samples.petclinic.acceptance.Cp15Tests]: Cp15Tests does not declare any static, non-private, non-final, nested classes annotated with @Configuration.
INFO  AnnotationConfigContextLoaderUtils - Could not detect default configuration classes for test class [org.springframework.samples.petclinic.acceptance.AcceptanceBase]: AcceptanceBase does not declare any static, non-private, non-final, nested classes annotated with @Configuration.
INFO  SpringBootTestContextBootstrapper - Found @SpringBootConfiguration org.springframework.samples.petclinic.PetClinicApplication for test class org.springframework.samples.petclinic.acceptance.Cp15Tests
INFO  AUDIT - Created owner id=186 customerCode=UNKNOWN-1CE54BC4 registrationDate=2026-09-07
INFO  AnnotationConfigContextLoaderUtils - Could not detect default configuration classes for test class [org.springframework.samples.petclinic.acceptance.Cp31Tests]: Cp31Tests does not declare any static, non-private, non-final, nested classes annotated with @Configuration.
INFO  SpringBootTestContextBootstrapper - Found @SpringBootConfiguration org.springframework.samples.petclinic.PetClinicApplication for test class org.springframework.samples.petclinic.acceptance.Cp31Tests
INFO  AnnotationConfigContextLoaderUtils - Could not detect default configuration classes for test class [org.springframework.samples.petclinic.acceptance.Cp31Tests]: Cp31Tests does not declare any static, non-private, non-final, nested classes annotated with @Configuration.
INFO  AnnotationConfigContextLoaderUtils - Could not detect default configuration classes for test class [org.springframework.samples.petclinic.acceptance.AcceptanceBase]: AcceptanceBase does not declare any static, non-private, non-final, nested classes annotated with @Configuration.
INFO  SpringBootTestContextBootstrapper - Found @SpringBootConfiguration org.springframework.samples.petclinic.PetClinicApplication for test class org.springframework.samples.petclinic.acceptance.Cp31Tests
INFO  AUDIT - Created owner id=187 customerCode=NSW-9DF6B3C3 registrationDate=2026-09-07
INFO  AnnotationConfigContextLoaderUtils - Could not detect default configuration classes for test class [org.springframework.samples.petclinic.acceptance.Cp01Tests]: Cp01Tests does not declare any static, non-private, non-final, nested classes annotated with @Configuration.
INFO  SpringBootTestContextBootstrapper - Found @SpringBootConfiguration org.springframework.samples.petclinic.PetClinicApplication for test class org.springframework.samples.petclinic.acceptance.Cp01Tests
INFO  AnnotationConfigContextLoaderUtils - Could not detect default configuration classes for test class [org.springframework.samples.petclinic.acceptance.Cp01Tests]: Cp01Tests does not declare any static, non-private, non-final, nested classes annotated with @Configuration.
INFO  AnnotationConfigContextLoaderUtils - Could not detect default configuration classes for test class [org.springframework.samples.petclinic.acceptance.AcceptanceBase]: AcceptanceBase does not declare any static, non-private, non-final, nested classes annotated with @Configuration.
INFO  SpringBootTestContextBootstrapper - Found @SpringBootConfiguration org.springframework.samples.petclinic.PetClinicApplication for test class org.springframework.samples.petclinic.acceptance.Cp01Tests
INFO  AnnotationConfigContextLoaderUtils - Could not detect default configuration classes for test class [org.springframework.samples.petclinic.acceptance.Cp26Tests]: Cp26Tests does not declare any static, non-private, non-final, nested classes annotated with @Configuration.
INFO  SpringBootTestContextBootstrapper - Found @SpringBootConfiguration org.springframework.samples.petclinic.PetClinicApplication for test class org.springframework.samples.petclinic.acceptance.Cp26Tests
INFO  AnnotationConfigContextLoaderUtils - Could not detect default configuration classes for test class [org.springframework.samples.petclinic.acceptance.Cp26Tests]: Cp26Tests does not declare any static, non-private, non-final, nested classes annotated with @Configuration.
INFO  AnnotationConfigContextLoaderUtils - Could not detect default configuration classes for test class [org.springframework.samples.petclinic.acceptance.AcceptanceBase]: AcceptanceBase does not declare any static, non-private, non-final, nested classes annotated with @Configuration.
INFO  SpringBootTestContextBootstrapper - Found @SpringBootConfiguration org.springframework.samples.petclinic.PetClinicApplication for test class org.springframework.samples.petclinic.acceptance.Cp26Tests
INFO  AnnotationConfigContextLoaderUtils - Could not detect default configuration classes for test class [org.springframework.samples.petclinic.acceptance.Cp27Tests]: Cp27Tests does not declare any static, non-private, non-final, nested classes annotated with @Configuration.
INFO  SpringBootTestContextBootstrapper - Found @SpringBootConfiguration org.springframework.samples.petclinic.PetClinicApplication for test class org.springframework.samples.petclinic.acceptance.Cp27Tests
INFO  AnnotationConfigContextLoaderUtils - Could not detect default configuration classes for test class [org.springframework.samples.petclinic.acceptance.Cp27Tests]: Cp27Tests does not declare any static, non-private, non-final, nested classes annotated with @Configuration.
INFO  AnnotationConfigContextLoaderUtils - Could not detect default configuration classes for test class [org.springframework.samples.petclinic.acceptance.AcceptanceBase]: AcceptanceBase does not declare any static, non-private, non-final, nested classes annotated with @Configuration.
INFO  SpringBootTestContextBootstrapper - Found @SpringBootConfiguration org.springframework.samples.petclinic.PetClinicApplication for test class org.springframework.samples.petclinic.acceptance.Cp27Tests
INFO  AUDIT - Created owner id=188 customerCode=UNKNOWN-65417272 registrationDate=2026-09-07
INFO  AUDIT - Created owner id=189 customerCode=UNKNOWN-219458E5 registrationDate=2026-09-07
INFO  AnnotationConfigContextLoaderUtils - Could not detect default configuration classes for test class [org.springframework.samples.petclinic.acceptance.Cp22Tests]: Cp22Tests does not declare any static, non-private, non-final, nested classes annotated with @Configuration.
INFO  SpringBootTestContextBootstrapper - Found @SpringBootConfiguration org.springframework.samples.petclinic.PetClinicApplication for test class org.springframework.samples.petclinic.acceptance.Cp22Tests
INFO  AnnotationConfigContextLoaderUtils - Could not detect default configuration classes for test class [org.springframework.samples.petclinic.acceptance.Cp22Tests]: Cp22Tests does not declare any static, non-private, non-final, nested classes annotated with @Configuration.
INFO  AnnotationConfigContextLoaderUtils - Could not detect default configuration classes for test class [org.springframework.samples.petclinic.acceptance.AcceptanceBase]: AcceptanceBase does not declare any static, non-private, non-final, nested classes annotated with @Configuration.
INFO  SpringBootTestContextBootstrapper - Found @SpringBootConfiguration org.springframework.samples.petclinic.PetClinicApplication for test class org.springframework.samples.petclinic.acceptance.Cp22Tests
INFO  AUDIT - Created owner id=190 customerCode=UNKNOWN-0F0DE006 registrationDate=2026-09-07
INFO  AnnotationConfigContextLoaderUtils - Could not detect default configuration classes for test class [org.springframework.samples.petclinic.acceptance.Cp30Tests]: Cp30Tests does not declare any static, non-private, non-final, nested classes annotated with @Configuration.
INFO  SpringBootTestContextBootstrapper - Found @SpringBootConfiguration org.springframework.samples.petclinic.PetClinicApplication for test class org.springframework.samples.petclinic.acceptance.Cp30Tests
INFO  AnnotationConfigContextLoaderUtils - Could not detect default configuration classes for test class [org.springframework.samples.petclinic.acceptance.Cp30Tests]: Cp30Tests does not declare any static, non-private, non-final, nested classes annotated with @Configuration.
INFO  AnnotationConfigContextLoaderUtils - Could not detect default configuration classes for test class [org.springframework.samples.petclinic.acceptance.AcceptanceBase]: AcceptanceBase does not declare any static, non-private, non-final, nested classes annotated with @Configuration.
INFO  SpringBootTestContextBootstrapper - Found @SpringBootConfiguration org.springframework.samples.petclinic.PetClinicApplication for test class org.springframework.samples.petclinic.acceptance.Cp30Tests
INFO  AUDIT - Created owner id=191 customerCode=VIC-779D69B5 registrationDate=2026-09-07
INFO  AUDIT - Created owner id=192 customerCode=NSW-CECD3846 registrationDate=2026-09-07
INFO  AnnotationConfigContextLoaderUtils - Could not detect default configuration classes for test class [org.springframework.samples.petclinic.acceptance.Cp24Tests]: Cp24Tests does not declare any static, non-private, non-final, nested classes annotated with @Configuration.
INFO  SpringBootTestContextBootstrapper - Found @SpringBootConfiguration org.springframework.samples.petclinic.PetClinicApplication for test class org.springframework.samples.petclinic.acceptance.Cp24Tests
INFO  AnnotationConfigContextLoaderUtils - Could not detect default configuration classes for test class [org.springframework.samples.petclinic.acceptance.Cp24Tests]: Cp24Tests does not declare any static, non-private, non-final, nested classes annotated with @Configuration.
INFO  AnnotationConfigContextLoaderUtils - Could not detect default configuration classes for test class [org.springframework.samples.petclinic.acceptance.AcceptanceBase]: AcceptanceBase does not declare any static, non-private, non-final, nested classes annotated with @Configuration.
INFO  SpringBootTestContextBootstrapper - Found @SpringBootConfiguration org.springframework.samples.petclinic.PetClinicApplication for test class org.springframework.samples.petclinic.acceptance.Cp24Tests
INFO  AUDIT - Created owner id=193 customerCode=UNKNOWN-D101FA1B registrationDate=2026-09-07
INFO  AnnotationConfigContextLoaderUtils - Could not detect default configuration classes for test class [org.springframework.samples.petclinic.acceptance.Cp32Tests]: Cp32Tests does not declare any static, non-private, non-final, nested classes annotated with @Configuration.
INFO  SpringBootTestContextBootstrapper - Found @SpringBootConfiguration org.springframework.samples.petclinic.PetClinicApplication for test class org.springframework.samples.petclinic.acceptance.Cp32Tests
INFO  AnnotationConfigContextLoaderUtils - Could not detect default configuration classes for test class [org.springframework.samples.petclinic.acceptance.Cp32Tests]: Cp32Tests does not declare any static, non-private, non-final, nested classes annotated with @Configuration.
INFO  AnnotationConfigContextLoaderUtils - Could not detect default configuration classes for test class [org.springframework.samples.petclinic.acceptance.AcceptanceBase]: AcceptanceBase does not declare any static, non-private, non-final, nested classes annotated with @Configuration.
INFO  SpringBootTestContextBootstrapper - Found @SpringBootConfiguration org.springframework.samples.petclinic.PetClinicApplication for test class org.springframework.samples.petclinic.acceptance.Cp32Tests
INFO  AUDIT - Created owner id=194 customerCode=NSW-44E1E1E9 registrationDate=2026-09-07
INFO  AnnotationConfigContextLoaderUtils - Could not detect default configuration classes for test class [org.springframework.samples.petclinic.acceptance.Cp02Tests]: Cp02Tests does not declare any static, non-private, non-final, nested classes annotated with @Configuration.
INFO  SpringBootTestContextBootstrapper - Found @SpringBootConfiguration org.springframework.samples.petclinic.PetClinicApplication for test class org.springframework.samples.petclinic.acceptance.Cp02Tests
INFO  AnnotationConfigContextLoaderUtils - Could not detect default configuration classes for test class [org.springframework.samples.petclinic.acceptance.Cp02Tests]: Cp02Tests does not declare any static, non-private, non-final, nested classes annotated with @Configuration.
INFO  AnnotationConfigContextLoaderUtils - Could not detect default configuration classes for test class [org.springframework.samples.petclinic.acceptance.AcceptanceBase]: AcceptanceBase does not declare any static, non-private, non-final, nested classes annotated with @Configuration.
INFO  SpringBootTestContextBootstrapper - Found @SpringBootConfiguration org.springframework.samples.petclinic.PetClinicApplication for test class org.springframework.samples.petclinic.acceptance.Cp02Tests
INFO  AUDIT - Created owner id=195 customerCode=UNKNOWN-A67E71A6 registrationDate=2026-09-07
INFO  AnnotationConfigContextLoaderUtils - Could not detect default configuration classes for test class [org.springframework.samples.petclinic.acceptance.Cp14Tests]: Cp14Tests does not declare any static, non-private, non-final, nested classes annotated with @Configuration.
INFO  SpringBootTestContextBootstrapper - Found @SpringBootConfiguration org.springframework.samples.petclinic.PetClinicApplication for test class org.springframework.samples.petclinic.acceptance.Cp14Tests
INFO  AnnotationConfigContextLoaderUtils - Could not detect default configuration classes for test class [org.springframework.samples.petclinic.acceptance.Cp14Tests]: Cp14Tests does not declare any static, non-private, non-final, nested classes annotated with @Configuration.
INFO  AnnotationConfigContextLoaderUtils - Could not detect default configuration classes for test class [org.springframework.samples.petclinic.acceptance.AcceptanceBase]: AcceptanceBase does not declare any static, non-private, non-final, nested classes annotated with @Configuration.
INFO  SpringBootTestContextBootstrapper - Found @SpringBootConfiguration org.springframework.samples.petclinic.PetClinicApplication for test class org.springframework.samples.petclinic.acceptance.Cp14Tests
INFO  AUDIT - Created owner id=196 customerCode=NSW-4ADF9120 registrationDate=2026-09-07
INFO  AnnotationConfigContextLoaderUtils - Could not detect default configuration classes for test class [org.springframework.samples.petclinic.acceptance.Cp12Tests]: Cp12Tests does not declare any static, non-private, non-final, nested classes annotated with @Configuration.
INFO  SpringBootTestContextBootstrapper - Found @SpringBootConfiguration org.springframework.samples.petclinic.PetClinicApplication for test class org.springframework.samples.petclinic.acceptance.Cp12Tests
INFO  AnnotationConfigContextLoaderUtils - Could not detect default configuration classes for test class [org.springframework.samples.petclinic.acceptance.Cp12Tests]: Cp12Tests does not declare any static, non-private, non-final, nested classes annotated with @Configuration.
INFO  AnnotationConfigContextLoaderUtils - Could not detect default configuration classes for test class [org.springframework.samples.petclinic.acceptance.AcceptanceBase]: AcceptanceBase does not declare any static, non-private, non-final, nested classes annotated with @Configuration.
INFO  SpringBootTestContextBootstrapper - Found @SpringBootConfiguration org.springframework.samples.petclinic.PetClinicApplication for test class org.springframework.samples.petclinic.acceptance.Cp12Tests
INFO  AUDIT - Created owner id=197 customerCode=UNKNOWN-16D21E2C registrationDate=2026-09-07
INFO  AUDIT - Created owner id=198 customerCode=UNKNOWN-2C66F4AC registrationDate=2026-09-07
INFO  AnnotationConfigContextLoaderUtils - Could not detect default configuration classes for test class [org.springframework.samples.petclinic.acceptance.Cp34Tests]: Cp34Tests does not declare any static, non-private, non-final, nested classes annotated with @Configuration.
INFO  SpringBootTestContextBootstrapper - Found @SpringBootConfiguration org.springframework.samples.petclinic.PetClinicApplication for test class org.springframework.samples.petclinic.acceptance.Cp34Tests
INFO  AnnotationConfigContextLoaderUtils - Could not detect default configuration classes for test class [org.springframework.samples.petclinic.acceptance.Cp34Tests]: Cp34Tests does not declare any static, non-private, non-final, nested classes annotated with @Configuration.
INFO  AnnotationConfigContextLoaderUtils - Could not detect default configuration classes for test class [org.springframework.samples.petclinic.acceptance.AcceptanceBase]: AcceptanceBase does not declare any static, non-private, non-final, nested classes annotated with @Configuration.
INFO  SpringBootTestContextBootstrapper - Found @SpringBootConfiguration org.springframework.samples.petclinic.PetClinicApplication for test class org.springframework.samples.petclinic.acceptance.Cp34Tests
INFO  AUDIT - Created owner id=199 customerCode=UNKNOWN-1C2670BE registrationDate=2026-09-07
INFO  AnnotationConfigContextLoaderUtils - Could not detect default configuration classes for test class [org.springframework.samples.petclinic.acceptance.Cp04Tests]: Cp04Tests does not declare any static, non-private, non-final, nested classes annotated with @Configuration.
INFO  SpringBootTestContextBootstrapper - Found @SpringBootConfiguration org.springframework.samples.petclinic.PetClinicApplication for test class org.springframework.samples.petclinic.acceptance.Cp04Tests
INFO  AnnotationConfigContextLoaderUtils - Could not detect default configuration classes for test class [org.springframework.samples.petclinic.acceptance.Cp04Tests]: Cp04Tests does not declare any static, non-private, non-final, nested classes annotated with @Configuration.
INFO  AnnotationConfigContextLoaderUtils - Could not detect default configuration classes for test class [org.springframework.samples.petclinic.acceptance.AcceptanceBase]: AcceptanceBase does not declare any static, non-private, non-final, nested classes annotated with @Configuration.
INFO  SpringBootTestContextBootstrapper - Found @SpringBootConfiguration org.springframework.samples.petclinic.PetClinicApplication for test class org.springframework.samples.petclinic.acceptance.Cp04Tests
INFO  AUDIT - Created owner id=200 customerCode=UNKNOWN-16100725 registrationDate=2026-09-07
INFO  AUDIT - Created owner id=201 customerCode=UNKNOWN-D8812249 registrationDate=2026-09-07
INFO  AnnotationConfigContextLoaderUtils - Could not detect default configuration classes for test class [org.springframework.samples.petclinic.acceptance.Cp16Tests]: Cp16Tests does not declare any static, non-private, non-final, nested classes annotated with @Configuration.
INFO  SpringBootTestContextBootstrapper - Found @SpringBootConfiguration org.springframework.samples.petclinic.PetClinicApplication for test class org.springframework.samples.petclinic.acceptance.Cp16Tests
INFO  AnnotationConfigContextLoaderUtils - Could not detect default configuration classes for test class [org.springframework.samples.petclinic.acceptance.Cp16Tests]: Cp16Tests does not declare any static, non-private, non-final, nested classes annotated with @Configuration.
INFO  AnnotationConfigContextLoaderUtils - Could not detect default configuration classes for test class [org.springframework.samples.petclinic.acceptance.AcceptanceBase]: AcceptanceBase does not declare any static, non-private, non-final, nested classes annotated with @Configuration.
INFO  SpringBootTestContextBootstrapper - Found @SpringBootConfiguration org.springframework.samples.petclinic.PetClinicApplication for test class org.springframework.samples.petclinic.acceptance.Cp16Tests
INFO  AUDIT - Created owner id=202 customerCode=NSW-96B0FB9F registrationDate=2026-09-07
OpenJDK 64-Bit Server VM warning: Sharing is only supported for boot loader classes because bootstrap classpath has been appended
