$ ./mvnw -q -B -DskipTests test-compile
############################################################################################
# Thanks for using OpenAPI Generator.                                                      #
# We appreciate your support! Please consider donation to help us maintain this project.   #
# https://opencollective.com/openapi_generator/donate                                      #
############################################################################################

$ ./mvnw -q -B -Dgroups=cp01,cp02,cp03,cp04,cp05,cp06,cp07,cp08,cp09,cp10,cp11,cp12,cp13,cp14,cp15,cp16,cp17,cp18,cp19,cp20,cp21,cp22,cp23,cp24,cp25,cp26,cp27,cp28,cp29,cp30,cp31,cp32,cp33,cp34,cp35,cp36,cp37,cp38 test
############################################################################################
# Thanks for using OpenAPI Generator.                                                      #
# We appreciate your support! Please consider donation to help us maintain this project.   #
# https://opencollective.com/openapi_generator/donate                                      #
############################################################################################
INFO  AnnotationConfigContextLoaderUtils - Could not detect default configuration classes for test class [org.springframework.samples.petclinic.acceptance.Cp12Tests]: Cp12Tests does not declare any static, non-private, non-final, nested classes annotated with @Configuration.
INFO  SpringBootTestContextBootstrapper - Found @SpringBootConfiguration org.springframework.samples.petclinic.PetClinicApplication for test class org.springframework.samples.petclinic.acceptance.Cp12Tests
INFO  AnnotationConfigContextLoaderUtils - Could not detect default configuration classes for test class [org.springframework.samples.petclinic.acceptance.Cp12Tests]: Cp12Tests does not declare any static, non-private, non-final, nested classes annotated with @Configuration.
INFO  AnnotationConfigContextLoaderUtils - Could not detect default configuration classes for test class [org.springframework.samples.petclinic.acceptance.AcceptanceBase]: AcceptanceBase does not declare any static, non-private, non-final, nested classes annotated with @Configuration.
INFO  SpringBootTestContextBootstrapper - Found @SpringBootConfiguration org.springframework.samples.petclinic.PetClinicApplication for test class org.springframework.samples.petclinic.acceptance.Cp12Tests

  .   ____          _            __ _ _
 /\\ / ___'_ __ _ _(_)_ __  __ _ \ \ \ \
( ( )\___ | '_ | '_| | '_ \/ _` | \ \ \ \
 \\/  ___)| |_)| | | | | || (_| |  ) ) ) )
  '  |____| .__|_| |_|_| |_\__, | / / / /
 =========|_|==============|___/=/_/_/_/

 :: Spring Boot ::                (v4.1.0)

INFO  Cp12Tests - Starting Cp12Tests using Java 17.0.19 with PID 1009032 (started by daniel in /home/daniel/sandbox)
DEBUG Cp12Tests - Running with Spring Boot v4.1.0, Spring v7.0.8
INFO  Cp12Tests - The following 2 profiles are active: "hsqldb", "spring-data-jpa"
INFO  Version - HV000001: Hibernate Validator 9.1.0.Final
INFO  RepositoryConfigurationDelegate - Bootstrapping Spring Data JPA repositories in DEFAULT mode.
INFO  RepositoryConfigurationDelegate - Finished Spring Data repository scanning in 76 ms. Found 7 JPA repository interfaces.
INFO  HikariDataSource - HikariPool-1 - Starting...
INFO  PoolBase - HikariPool-1 - Driver does not support get/set network timeout for connections. (feature not supported)
INFO  HikariPool - HikariPool-1 - Added connection org.hsqldb.jdbc.JDBCConnection@53f40ead
INFO  HikariDataSource - HikariPool-1 - Start completed.
INFO  jpa - HHH008540: Processing PersistenceUnitInfo [name: default]
INFO  core - HHH000001: Hibernate ORM core version 7.4.1.Final
INFO  SpringPersistenceUnitInfo - No LoadTimeWeaver setup: ignoring JPA class transformer
INFO  pooling - HHH10001005: Database info:
	Database JDBC URL [jdbc:hsqldb:mem:petclinic]
	Database driver: HSQL Database Engine Driver
	Database dialect: HSQLDialect
	Database version: 2.7.3
	Default catalog/schema: PUBLIC/PUBLIC
	Autocommit mode: undefined/unknown
	Isolation level: READ_COMMITTED [default READ_COMMITTED]
	JDBC fetch size: none
	Pool: DataSourceConnectionProvider
	Minimum pool size: undefined/unknown
	Maximum pool size: undefined/unknown
INFO  core - HHH000489: No JTA platform available (set 'hibernate.transaction.jta.platform' to enable JTA platform integration)
INFO  LocalContainerEntityManagerFactoryBean - Initialized JPA EntityManagerFactory for persistence unit 'default'
INFO  QueryEnhancerFactories - Hibernate is in classpath; If applicable, HQL parser will be used.
WARN  InitializeUserDetailsBeanManagerConfigurer$InitializeUserDetailsManagerConfigurer - Global AuthenticationManager configured with an AuthenticationProvider bean. UserDetailsService beans will not be used by Spring Security for automatically configuring username/password login. Consider removing the AuthenticationProvider bean. Alternatively, consider using the UserDetailsService in a manually instantiated DaoAuthenticationProvider. If the current configuration is intentional, to turn off this warning, increase the logging level of 'org.springframework.security.config.annotation.authentication.configuration.InitializeUserDetailsBeanManagerConfigurer' to ERROR
WARN  UserDetailsServiceAutoConfiguration - 

Using generated security password: 08e234c3-d1c1-4e20-bdb5-a71ff93f55a8

This generated password is for development use only. Your security configuration must be updated before running your application in production.

INFO  SpringBootMockServletContext - Initializing Spring TestDispatcherServlet ''
INFO  TestDispatcherServlet - Initializing Servlet ''
INFO  EndpointLinksResolver - Exposing 1 endpoint beneath base path '/actuator'
INFO  TestDispatcherServlet - Completed initialization in 19 ms
INFO  Cp12Tests - Started Cp12Tests in 7.934 seconds (process running for 10.033)
WARN  SpringDocAppInitializer - SpringDoc /v3/api-docs endpoint is enabled by default. To disable it in production, set the property 'springdoc.api-docs.enabled=false'
WARN  SpringDocAppInitializer - SpringDoc /swagger-ui.html endpoint is enabled by default. To disable it in production, set the property 'springdoc.swagger-ui.enabled=false'
DEBUG ExceptionControllerAdvice - Missing owner fields at POST /api/owners: [address]
INFO  AUDIT - owner created id=11 customerCode=UNKNOWN-F4F6FF62 registrationDate=2026-08-11 membershipLevel=2
INFO  AUDIT - owner created id=12 customerCode=UNKNOWN-63327EC8 registrationDate=2026-08-11 membershipLevel=2
INFO  AnnotationConfigContextLoaderUtils - Could not detect default configuration classes for test class [org.springframework.samples.petclinic.acceptance.Cp14Tests]: Cp14Tests does not declare any static, non-private, non-final, nested classes annotated with @Configuration.
INFO  SpringBootTestContextBootstrapper - Found @SpringBootConfiguration org.springframework.samples.petclinic.PetClinicApplication for test class org.springframework.samples.petclinic.acceptance.Cp14Tests
INFO  AnnotationConfigContextLoaderUtils - Could not detect default configuration classes for test class [org.springframework.samples.petclinic.acceptance.Cp14Tests]: Cp14Tests does not declare any static, non-private, non-final, nested classes annotated with @Configuration.
INFO  AnnotationConfigContextLoaderUtils - Could not detect default configuration classes for test class [org.springframework.samples.petclinic.acceptance.AcceptanceBase]: AcceptanceBase does not declare any static, non-private, non-final, nested classes annotated with @Configuration.
INFO  SpringBootTestContextBootstrapper - Found @SpringBootConfiguration org.springframework.samples.petclinic.PetClinicApplication for test class org.springframework.samples.petclinic.acceptance.Cp14Tests
INFO  AUDIT - owner created id=13 customerCode=NSW-F7D0F773 registrationDate=2026-08-11 membershipLevel=2
INFO  AnnotationConfigContextLoaderUtils - Could not detect default configuration classes for test class [org.springframework.samples.petclinic.acceptance.Cp07Tests]: Cp07Tests does not declare any static, non-private, non-final, nested classes annotated with @Configuration.
INFO  SpringBootTestContextBootstrapper - Found @SpringBootConfiguration org.springframework.samples.petclinic.PetClinicApplication for test class org.springframework.samples.petclinic.acceptance.Cp07Tests
INFO  AnnotationConfigContextLoaderUtils - Could not detect default configuration classes for test class [org.springframework.samples.petclinic.acceptance.Cp07Tests]: Cp07Tests does not declare any static, non-private, non-final, nested classes annotated with @Configuration.
INFO  AnnotationConfigContextLoaderUtils - Could not detect default configuration classes for test class [org.springframework.samples.petclinic.acceptance.AcceptanceBase]: AcceptanceBase does not declare any static, non-private, non-final, nested classes annotated with @Configuration.
INFO  SpringBootTestContextBootstrapper - Found @SpringBootConfiguration org.springframework.samples.petclinic.PetClinicApplication for test class org.springframework.samples.petclinic.acceptance.Cp07Tests
INFO  AUDIT - owner created id=14 customerCode=UNKNOWN-0C44CCFD registrationDate=2026-01-06 membershipLevel=2
INFO  AUDIT - owner created id=15 customerCode=UNKNOWN-C2097FDD registrationDate=2026-01-05 membershipLevel=2
INFO  AnnotationConfigContextLoaderUtils - Could not detect default configuration classes for test class [org.springframework.samples.petclinic.acceptance.Cp11Tests]: Cp11Tests does not declare any static, non-private, non-final, nested classes annotated with @Configuration.
INFO  SpringBootTestContextBootstrapper - Found @SpringBootConfiguration org.springframework.samples.petclinic.PetClinicApplication for test class org.springframework.samples.petclinic.acceptance.Cp11Tests
INFO  AnnotationConfigContextLoaderUtils - Could not detect default configuration classes for test class [org.springframework.samples.petclinic.acceptance.Cp11Tests]: Cp11Tests does not declare any static, non-private, non-final, nested classes annotated with @Configuration.
INFO  AnnotationConfigContextLoaderUtils - Could not detect default configuration classes for test class [org.springframework.samples.petclinic.acceptance.AcceptanceBase]: AcceptanceBase does not declare any static, non-private, non-final, nested classes annotated with @Configuration.
INFO  SpringBootTestContextBootstrapper - Found @SpringBootConfiguration org.springframework.samples.petclinic.PetClinicApplication for test class org.springframework.samples.petclinic.acceptance.Cp11Tests
INFO  AUDIT - owner created id=16 customerCode=NSW-AB85D03D registrationDate=2026-08-11 membershipLevel=2
INFO  AUDIT - owner created id=17 customerCode=NSW-A91B7D98 registrationDate=2026-08-11 membershipLevel=1
INFO  AnnotationConfigContextLoaderUtils - Could not detect default configuration classes for test class [org.springframework.samples.petclinic.acceptance.Cp08Tests]: Cp08Tests does not declare any static, non-private, non-final, nested classes annotated with @Configuration.
INFO  SpringBootTestContextBootstrapper - Found @SpringBootConfiguration org.springframework.samples.petclinic.PetClinicApplication for test class org.springframework.samples.petclinic.acceptance.Cp08Tests
INFO  AnnotationConfigContextLoaderUtils - Could not detect default configuration classes for test class [org.springframework.samples.petclinic.acceptance.Cp08Tests]: Cp08Tests does not declare any static, non-private, non-final, nested classes annotated with @Configuration.
INFO  AnnotationConfigContextLoaderUtils - Could not detect default configuration classes for test class [org.springframework.samples.petclinic.acceptance.AcceptanceBase]: AcceptanceBase does not declare any static, non-private, non-final, nested classes annotated with @Configuration.
INFO  SpringBootTestContextBootstrapper - Found @SpringBootConfiguration org.springframework.samples.petclinic.PetClinicApplication for test class org.springframework.samples.petclinic.acceptance.Cp08Tests
INFO  AUDIT - owner created id=18 customerCode=UNKNOWN-676E8872 registrationDate=2026-08-11 membershipLevel=2
DEBUG ExceptionControllerAdvice - Invalid telephone at POST /api/owners: 12
INFO  AUDIT - owner created id=19 customerCode=UNKNOWN-0934DD9C registrationDate=2026-08-11 membershipLevel=2
INFO  AnnotationConfigContextLoaderUtils - Could not detect default configuration classes for test class [org.springframework.samples.petclinic.acceptance.Cp32Tests]: Cp32Tests does not declare any static, non-private, non-final, nested classes annotated with @Configuration.
INFO  SpringBootTestContextBootstrapper - Found @SpringBootConfiguration org.springframework.samples.petclinic.PetClinicApplication for test class org.springframework.samples.petclinic.acceptance.Cp32Tests
INFO  AnnotationConfigContextLoaderUtils - Could not detect default configuration classes for test class [org.springframework.samples.petclinic.acceptance.Cp32Tests]: Cp32Tests does not declare any static, non-private, non-final, nested classes annotated with @Configuration.
INFO  AnnotationConfigContextLoaderUtils - Could not detect default configuration classes for test class [org.springframework.samples.petclinic.acceptance.AcceptanceBase]: AcceptanceBase does not declare any static, non-private, non-final, nested classes annotated with @Configuration.
INFO  SpringBootTestContextBootstrapper - Found @SpringBootConfiguration org.springframework.samples.petclinic.PetClinicApplication for test class org.springframework.samples.petclinic.acceptance.Cp32Tests
INFO  AUDIT - owner created id=20 customerCode=NSW-397AE42A registrationDate=2026-08-11 membershipLevel=2
INFO  AnnotationConfigContextLoaderUtils - Could not detect default configuration classes for test class [org.springframework.samples.petclinic.acceptance.Cp28Tests]: Cp28Tests does not declare any static, non-private, non-final, nested classes annotated with @Configuration.
INFO  SpringBootTestContextBootstrapper - Found @SpringBootConfiguration org.springframework.samples.petclinic.PetClinicApplication for test class org.springframework.samples.petclinic.acceptance.Cp28Tests
INFO  AnnotationConfigContextLoaderUtils - Could not detect default configuration classes for test class [org.springframework.samples.petclinic.acceptance.Cp28Tests]: Cp28Tests does not declare any static, non-private, non-final, nested classes annotated with @Configuration.
INFO  AnnotationConfigContextLoaderUtils - Could not detect default configuration classes for test class [org.springframework.samples.petclinic.acceptance.AcceptanceBase]: AcceptanceBase does not declare any static, non-private, non-final, nested classes annotated with @Configuration.
INFO  SpringBootTestContextBootstrapper - Found @SpringBootConfiguration org.springframework.samples.petclinic.PetClinicApplication for test class org.springframework.samples.petclinic.acceptance.Cp28Tests
INFO  AUDIT - owner created id=21 customerCode=NSW-78540F3A registrationDate=2026-08-11 membershipLevel=2
DEBUG ExceptionControllerAdvice - Duplicate identity key at POST /api/owners: +61400000053||B366FA8A64FC
INFO  AnnotationConfigContextLoaderUtils - Could not detect default configuration classes for test class [org.springframework.samples.petclinic.acceptance.Cp09Tests]: Cp09Tests does not declare any static, non-private, non-final, nested classes annotated with @Configuration.
INFO  SpringBootTestContextBootstrapper - Found @SpringBootConfiguration org.springframework.samples.petclinic.PetClinicApplication for test class org.springframework.samples.petclinic.acceptance.Cp09Tests
INFO  AnnotationConfigContextLoaderUtils - Could not detect default configuration classes for test class [org.springframework.samples.petclinic.acceptance.Cp09Tests]: Cp09Tests does not declare any static, non-private, non-final, nested classes annotated with @Configuration.
INFO  AnnotationConfigContextLoaderUtils - Could not detect default configuration classes for test class [org.springframework.samples.petclinic.acceptance.AcceptanceBase]: AcceptanceBase does not declare any static, non-private, non-final, nested classes annotated with @Configuration.
INFO  SpringBootTestContextBootstrapper - Found @SpringBootConfiguration org.springframework.samples.petclinic.PetClinicApplication for test class org.springframework.samples.petclinic.acceptance.Cp09Tests
INFO  AUDIT - owner created id=22 customerCode=NSW-BD4FBDF7 registrationDate=2026-08-11 membershipLevel=2
INFO  AnnotationConfigContextLoaderUtils - Could not detect default configuration classes for test class [org.springframework.samples.petclinic.acceptance.Cp24Tests]: Cp24Tests does not declare any static, non-private, non-final, nested classes annotated with @Configuration.
INFO  SpringBootTestContextBootstrapper - Found @SpringBootConfiguration org.springframework.samples.petclinic.PetClinicApplication for test class org.springframework.samples.petclinic.acceptance.Cp24Tests
INFO  AnnotationConfigContextLoaderUtils - Could not detect default configuration classes for test class [org.springframework.samples.petclinic.acceptance.Cp24Tests]: Cp24Tests does not declare any static, non-private, non-final, nested classes annotated with @Configuration.
INFO  AnnotationConfigContextLoaderUtils - Could not detect default configuration classes for test class [org.springframework.samples.petclinic.acceptance.AcceptanceBase]: AcceptanceBase does not declare any static, non-private, non-final, nested classes annotated with @Configuration.
INFO  SpringBootTestContextBootstrapper - Found @SpringBootConfiguration org.springframework.samples.petclinic.PetClinicApplication for test class org.springframework.samples.petclinic.acceptance.Cp24Tests
INFO  AUDIT - owner created id=23 customerCode=UNKNOWN-33D98E11 registrationDate=2026-08-11 membershipLevel=3
INFO  AnnotationConfigContextLoaderUtils - Could not detect default configuration classes for test class [org.springframework.samples.petclinic.acceptance.Cp21Tests]: Cp21Tests does not declare any static, non-private, non-final, nested classes annotated with @Configuration.
INFO  SpringBootTestContextBootstrapper - Found @SpringBootConfiguration org.springframework.samples.petclinic.PetClinicApplication for test class org.springframework.samples.petclinic.acceptance.Cp21Tests
INFO  AnnotationConfigContextLoaderUtils - Could not detect default configuration classes for test class [org.springframework.samples.petclinic.acceptance.Cp21Tests]: Cp21Tests does not declare any static, non-private, non-final, nested classes annotated with @Configuration.
INFO  AnnotationConfigContextLoaderUtils - Could not detect default configuration classes for test class [org.springframework.samples.petclinic.acceptance.AcceptanceBase]: AcceptanceBase does not declare any static, non-private, non-final, nested classes annotated with @Configuration.
INFO  SpringBootTestContextBootstrapper - Found @SpringBootConfiguration org.springframework.samples.petclinic.PetClinicApplication for test class org.springframework.samples.petclinic.acceptance.Cp21Tests
INFO  AUDIT - owner created id=24 customerCode=NSW-F26F7865 registrationDate=2026-08-11 membershipLevel=2
INFO  AnnotationConfigContextLoaderUtils - Could not detect default configuration classes for test class [org.springframework.samples.petclinic.acceptance.Cp27Tests]: Cp27Tests does not declare any static, non-private, non-final, nested classes annotated with @Configuration.
INFO  SpringBootTestContextBootstrapper - Found @SpringBootConfiguration org.springframework.samples.petclinic.PetClinicApplication for test class org.springframework.samples.petclinic.acceptance.Cp27Tests
INFO  AnnotationConfigContextLoaderUtils - Could not detect default configuration classes for test class [org.springframework.samples.petclinic.acceptance.Cp27Tests]: Cp27Tests does not declare any static, non-private, non-final, nested classes annotated with @Configuration.
INFO  AnnotationConfigContextLoaderUtils - Could not detect default configuration classes for test class [org.springframework.samples.petclinic.acceptance.AcceptanceBase]: AcceptanceBase does not declare any static, non-private, non-final, nested classes annotated with @Configuration.
INFO  SpringBootTestContextBootstrapper - Found @SpringBootConfiguration org.springframework.samples.petclinic.PetClinicApplication for test class org.springframework.samples.petclinic.acceptance.Cp27Tests
INFO  AUDIT - owner created id=25 customerCode=UNKNOWN-B391F450 registrationDate=2026-08-11 membershipLevel=3
INFO  AUDIT - owner created id=26 customerCode=UNKNOWN-92BD52A8 registrationDate=2026-08-11 membershipLevel=2
INFO  AnnotationConfigContextLoaderUtils - Could not detect default configuration classes for test class [org.springframework.samples.petclinic.acceptance.Cp33Tests]: Cp33Tests does not declare any static, non-private, non-final, nested classes annotated with @Configuration.
INFO  SpringBootTestContextBootstrapper - Found @SpringBootConfiguration org.springframework.samples.petclinic.PetClinicApplication for test class org.springframework.samples.petclinic.acceptance.Cp33Tests
INFO  AnnotationConfigContextLoaderUtils - Could not detect default configuration classes for test class [org.springframework.samples.petclinic.acceptance.Cp33Tests]: Cp33Tests does not declare any static, non-private, non-final, nested classes annotated with @Configuration.
INFO  AnnotationConfigContextLoaderUtils - Could not detect default configuration classes for test class [org.springframework.samples.petclinic.acceptance.AcceptanceBase]: AcceptanceBase does not declare any static, non-private, non-final, nested classes annotated with @Configuration.
INFO  SpringBootTestContextBootstrapper - Found @SpringBootConfiguration org.springframework.samples.petclinic.PetClinicApplication for test class org.springframework.samples.petclinic.acceptance.Cp33Tests
DEBUG ExceptionControllerAdvice - Future registration date at POST /api/owners: 2999-01-01
INFO  AnnotationConfigContextLoaderUtils - Could not detect default configuration classes for test class [org.springframework.samples.petclinic.acceptance.Cp23Tests]: Cp23Tests does not declare any static, non-private, non-final, nested classes annotated with @Configuration.
INFO  SpringBootTestContextBootstrapper - Found @SpringBootConfiguration org.springframework.samples.petclinic.PetClinicApplication for test class org.springframework.samples.petclinic.acceptance.Cp23Tests
INFO  AnnotationConfigContextLoaderUtils - Could not detect default configuration classes for test class [org.springframework.samples.petclinic.acceptance.Cp23Tests]: Cp23Tests does not declare any static, non-private, non-final, nested classes annotated with @Configuration.
INFO  AnnotationConfigContextLoaderUtils - Could not detect default configuration classes for test class [org.springframework.samples.petclinic.acceptance.AcceptanceBase]: AcceptanceBase does not declare any static, non-private, non-final, nested classes annotated with @Configuration.
INFO  SpringBootTestContextBootstrapper - Found @SpringBootConfiguration org.springframework.samples.petclinic.PetClinicApplication for test class org.springframework.samples.petclinic.acceptance.Cp23Tests
INFO  AUDIT - owner created id=27 customerCode=NSW-4A4069F3 registrationDate=2026-08-11 membershipLevel=2
INFO  AUDIT - owner created id=28 customerCode=NSW-E087E775 registrationDate=2026-08-11 membershipLevel=2
INFO  AUDIT - owner created id=29 customerCode=NSW-17D42E13 registrationDate=2026-08-11 membershipLevel=2
INFO  AnnotationConfigContextLoaderUtils - Could not detect default configuration classes for test class [org.springframework.samples.petclinic.acceptance.Cp05Tests]: Cp05Tests does not declare any static, non-private, non-final, nested classes annotated with @Configuration.
INFO  SpringBootTestContextBootstrapper - Found @SpringBootConfiguration org.springframework.samples.petclinic.PetClinicApplication for test class org.springframework.samples.petclinic.acceptance.Cp05Tests
INFO  AnnotationConfigContextLoaderUtils - Could not detect default configuration classes for test class [org.springframework.samples.petclinic.acceptance.Cp05Tests]: Cp05Tests does not declare any static, non-private, non-final, nested classes annotated with @Configuration.
INFO  AnnotationConfigContextLoaderUtils - Could not detect default configuration classes for test class [org.springframework.samples.petclinic.acceptance.AcceptanceBase]: AcceptanceBase does not declare any static, non-private, non-final, nested classes annotated with @Configuration.
INFO  SpringBootTestContextBootstrapper - Found @SpringBootConfiguration org.springframework.samples.petclinic.PetClinicApplication for test class org.springframework.samples.petclinic.acceptance.Cp05Tests
INFO  AUDIT - owner created id=30 customerCode=UNKNOWN-F57FC58B registrationDate=2026-08-11 membershipLevel=2
INFO  AnnotationConfigContextLoaderUtils - Could not detect default configuration classes for test class [org.springframework.samples.petclinic.acceptance.Cp03Tests]: Cp03Tests does not declare any static, non-private, non-final, nested classes annotated with @Configuration.
INFO  SpringBootTestContextBootstrapper - Found @SpringBootConfiguration org.springframework.samples.petclinic.PetClinicApplication for test class org.springframework.samples.petclinic.acceptance.Cp03Tests
INFO  AnnotationConfigContextLoaderUtils - Could not detect default configuration classes for test class [org.springframework.samples.petclinic.acceptance.Cp03Tests]: Cp03Tests does not declare any static, non-private, non-final, nested classes annotated with @Configuration.
INFO  AnnotationConfigContextLoaderUtils - Could not detect default configuration classes for test class [org.springframework.samples.petclinic.acceptance.AcceptanceBase]: AcceptanceBase does not declare any static, non-private, non-final, nested classes annotated with @Configuration.
INFO  SpringBootTestContextBootstrapper - Found @SpringBootConfiguration org.springframework.samples.petclinic.PetClinicApplication for test class org.springframework.samples.petclinic.acceptance.Cp03Tests
INFO  AUDIT - owner created id=31 customerCode=UNKNOWN-76811EB2 registrationDate=2026-08-11 membershipLevel=2
DEBUG ExceptionControllerAdvice - Duplicate identity key at POST /api/owners: +61400000103||21AEE460FF92
INFO  AnnotationConfigContextLoaderUtils - Could not detect default configuration classes for test class [org.springframework.samples.petclinic.acceptance.Cp37Tests]: Cp37Tests does not declare any static, non-private, non-final, nested classes annotated with @Configuration.
INFO  SpringBootTestContextBootstrapper - Found @SpringBootConfiguration org.springframework.samples.petclinic.PetClinicApplication for test class org.springframework.samples.petclinic.acceptance.Cp37Tests
INFO  AnnotationConfigContextLoaderUtils - Could not detect default configuration classes for test class [org.springframework.samples.petclinic.acceptance.Cp37Tests]: Cp37Tests does not declare any static, non-private, non-final, nested classes annotated with @Configuration.
INFO  AnnotationConfigContextLoaderUtils - Could not detect default configuration classes for test class [org.springframework.samples.petclinic.acceptance.AcceptanceBase]: AcceptanceBase does not declare any static, non-private, non-final, nested classes annotated with @Configuration.
INFO  SpringBootTestContextBootstrapper - Found @SpringBootConfiguration org.springframework.samples.petclinic.PetClinicApplication for test class org.springframework.samples.petclinic.acceptance.Cp37Tests
INFO  AUDIT - owner created id=32 customerCode=UNKNOWN-141611E0 registrationDate=2026-08-11 membershipLevel=2
INFO  AnnotationConfigContextLoaderUtils - Could not detect default configuration classes for test class [org.springframework.samples.petclinic.acceptance.Cp04Tests]: Cp04Tests does not declare any static, non-private, non-final, nested classes annotated with @Configuration.
INFO  SpringBootTestContextBootstrapper - Found @SpringBootConfiguration org.springframework.samples.petclinic.PetClinicApplication for test class org.springframework.samples.petclinic.acceptance.Cp04Tests
INFO  AnnotationConfigContextLoaderUtils - Could not detect default configuration classes for test class [org.springframework.samples.petclinic.acceptance.Cp04Tests]: Cp04Tests does not declare any static, non-private, non-final, nested classes annotated with @Configuration.
INFO  AnnotationConfigContextLoaderUtils - Could not detect default configuration classes for test class [org.springframework.samples.petclinic.acceptance.AcceptanceBase]: AcceptanceBase does not declare any static, non-private, non-final, nested classes annotated with @Configuration.
INFO  SpringBootTestContextBootstrapper - Found @SpringBootConfiguration org.springframework.samples.petclinic.PetClinicApplication for test class org.springframework.samples.petclinic.acceptance.Cp04Tests
DEBUG ExceptionControllerAdvice - Validation error at POST /api/owners: [Field error in object 'ownerFieldsDto' on field 'email': rejected value [not-an-email]; codes [Email.ownerFieldsDto.email,Email.email,Email.java.lang.String,Email]; arguments [org.springframework.context.support.DefaultMessageSourceResolvable: codes [ownerFieldsDto.email,email]; arguments []; default message [email],[Ljakarta.validation.constraints.Pattern$Flag;@7c0cb854,.*]; default message [must be a well-formed email address]]
INFO  AUDIT - owner created id=33 customerCode=UNKNOWN-23F961A7 registrationDate=2026-08-11 membershipLevel=2
INFO  AUDIT - owner created id=34 customerCode=UNKNOWN-E8F27F9D registrationDate=2026-08-11 membershipLevel=3
INFO  AnnotationConfigContextLoaderUtils - Could not detect default configuration classes for test class [org.springframework.samples.petclinic.acceptance.Cp31Tests]: Cp31Tests does not declare any static, non-private, non-final, nested classes annotated with @Configuration.
INFO  SpringBootTestContextBootstrapper - Found @SpringBootConfiguration org.springframework.samples.petclinic.PetClinicApplication for test class org.springframework.samples.petclinic.acceptance.Cp31Tests
INFO  AnnotationConfigContextLoaderUtils - Could not detect default configuration classes for test class [org.springframework.samples.petclinic.acceptance.Cp31Tests]: Cp31Tests does not declare any static, non-private, non-final, nested classes annotated with @Configuration.
INFO  AnnotationConfigContextLoaderUtils - Could not detect default configuration classes for test class [org.springframework.samples.petclinic.acceptance.AcceptanceBase]: AcceptanceBase does not declare any static, non-private, non-final, nested classes annotated with @Configuration.
INFO  SpringBootTestContextBootstrapper - Found @SpringBootConfiguration org.springframework.samples.petclinic.PetClinicApplication for test class org.springframework.samples.petclinic.acceptance.Cp31Tests
INFO  AUDIT - owner created id=35 customerCode=NSW-C69823C0 registrationDate=2026-08-11 membershipLevel=2
INFO  AnnotationConfigContextLoaderUtils - Could not detect default configuration classes for test class [org.springframework.samples.petclinic.acceptance.Cp18Tests]: Cp18Tests does not declare any static, non-private, non-final, nested classes annotated with @Configuration.
INFO  SpringBootTestContextBootstrapper - Found @SpringBootConfiguration org.springframework.samples.petclinic.PetClinicApplication for test class org.springframework.samples.petclinic.acceptance.Cp18Tests
INFO  AnnotationConfigContextLoaderUtils - Could not detect default configuration classes for test class [org.springframework.samples.petclinic.acceptance.Cp18Tests]: Cp18Tests does not declare any static, non-private, non-final, nested classes annotated with @Configuration.
INFO  AnnotationConfigContextLoaderUtils - Could not detect default configuration classes for test class [org.springframework.samples.petclinic.acceptance.AcceptanceBase]: AcceptanceBase does not declare any static, non-private, non-final, nested classes annotated with @Configuration.
INFO  SpringBootTestContextBootstrapper - Found @SpringBootConfiguration org.springframework.samples.petclinic.PetClinicApplication for test class org.springframework.samples.petclinic.acceptance.Cp18Tests
INFO  AUDIT - owner created id=36 customerCode=UNKNOWN-C27C7C4F registrationDate=2026-08-11 membershipLevel=2
INFO  AUDIT - owner created id=37 customerCode=UNKNOWN-F6679596 registrationDate=2026-08-11 membershipLevel=2
INFO  AUDIT - owner created id=38 customerCode=UNKNOWN-E6615ACB registrationDate=2026-08-11 membershipLevel=2
INFO  AUDIT - owner created id=39 customerCode=UNKNOWN-498C2C32 registrationDate=2026-08-11 membershipLevel=2
INFO  AUDIT - owner created id=40 customerCode=UNKNOWN-BDCD081C registrationDate=2026-08-11 membershipLevel=2
INFO  AUDIT - owner created id=41 customerCode=UNKNOWN-B907A861 registrationDate=2026-08-11 membershipLevel=2
INFO  AUDIT - owner created id=42 customerCode=UNKNOWN-51567DC6 registrationDate=2026-08-11 membershipLevel=2
INFO  AUDIT - owner created id=43 customerCode=UNKNOWN-990AC781 registrationDate=2026-08-11 membershipLevel=2
INFO  AUDIT - owner created id=44 customerCode=UNKNOWN-61712AA7 registrationDate=2026-08-11 membershipLevel=2
INFO  AUDIT - owner created id=45 customerCode=UNKNOWN-A20A4983 registrationDate=2026-08-11 membershipLevel=2
INFO  AUDIT - owner created id=46 customerCode=UNKNOWN-22CE58ED registrationDate=2026-08-11 membershipLevel=2
INFO  AUDIT - owner created id=47 customerCode=UNKNOWN-7B6A0510 registrationDate=2026-08-11 membershipLevel=2
INFO  AUDIT - owner created id=48 customerCode=UNKNOWN-2AA5EC35 registrationDate=2026-08-11 membershipLevel=2
INFO  AUDIT - owner created id=49 customerCode=UNKNOWN-2ED83D01 registrationDate=2026-08-11 membershipLevel=2
INFO  AUDIT - owner created id=50 customerCode=UNKNOWN-B4A60D56 registrationDate=2026-08-11 membershipLevel=2
INFO  AUDIT - owner created id=51 customerCode=UNKNOWN-7F9BFD25 registrationDate=2026-08-11 membershipLevel=2
INFO  AUDIT - owner created id=52 customerCode=UNKNOWN-02086743 registrationDate=2026-08-11 membershipLevel=2
INFO  AUDIT - owner created id=53 customerCode=UNKNOWN-C9622DE5 registrationDate=2026-08-11 membershipLevel=2
INFO  AUDIT - owner created id=54 customerCode=UNKNOWN-14F6C952 registrationDate=2026-08-11 membershipLevel=2
INFO  AUDIT - owner created id=55 customerCode=UNKNOWN-D874768B registrationDate=2026-08-11 membershipLevel=2
INFO  AUDIT - owner created id=56 customerCode=UNKNOWN-533067BF registrationDate=2026-08-11 membershipLevel=2
INFO  AUDIT - owner created id=57 customerCode=UNKNOWN-A26F2C2A registrationDate=2026-08-11 membershipLevel=2
INFO  AUDIT - owner created id=58 customerCode=UNKNOWN-565708B4 registrationDate=2026-08-11 membershipLevel=2
INFO  AUDIT - owner created id=59 customerCode=UNKNOWN-74790192 registrationDate=2026-08-11 membershipLevel=2
INFO  AUDIT - owner created id=60 customerCode=UNKNOWN-16B001E2 registrationDate=2026-08-11 membershipLevel=2
INFO  AUDIT - owner created id=61 customerCode=UNKNOWN-7CCEB5A9 registrationDate=2026-08-11 membershipLevel=2
INFO  AUDIT - owner created id=62 customerCode=UNKNOWN-02D6915A registrationDate=2026-08-11 membershipLevel=2
INFO  AUDIT - owner created id=63 customerCode=UNKNOWN-8FEF1DD6 registrationDate=2026-08-11 membershipLevel=2
INFO  AUDIT - owner created id=64 customerCode=UNKNOWN-CBF85E15 registrationDate=2026-08-11 membershipLevel=2
INFO  AUDIT - owner created id=65 customerCode=UNKNOWN-B15F0163 registrationDate=2026-08-11 membershipLevel=2
INFO  AUDIT - owner created id=66 customerCode=UNKNOWN-D6E505AD registrationDate=2026-08-11 membershipLevel=2
INFO  AUDIT - owner created id=67 customerCode=UNKNOWN-ACF8D9E1 registrationDate=2026-08-11 membershipLevel=2
INFO  AUDIT - owner created id=68 customerCode=UNKNOWN-AE3AD35C registrationDate=2026-08-11 membershipLevel=2
INFO  AUDIT - owner created id=69 customerCode=UNKNOWN-1E68CB49 registrationDate=2026-08-11 membershipLevel=2
INFO  AUDIT - owner created id=70 customerCode=UNKNOWN-A5D8EFBD registrationDate=2026-08-11 membershipLevel=2
INFO  AUDIT - owner created id=71 customerCode=UNKNOWN-CD3F591C registrationDate=2026-08-11 membershipLevel=2
INFO  AUDIT - owner created id=72 customerCode=UNKNOWN-4CF58B2D registrationDate=2026-08-11 membershipLevel=2
INFO  AUDIT - owner created id=73 customerCode=UNKNOWN-C2A2FEF1 registrationDate=2026-08-11 membershipLevel=2
INFO  AUDIT - owner created id=74 customerCode=UNKNOWN-3166C467 registrationDate=2026-08-11 membershipLevel=2
INFO  AUDIT - owner created id=75 customerCode=UNKNOWN-3F67DDA7 registrationDate=2026-08-11 membershipLevel=2
INFO  AUDIT - owner created id=76 customerCode=UNKNOWN-B6452A31 registrationDate=2026-08-11 membershipLevel=2
INFO  AUDIT - owner created id=77 customerCode=UNKNOWN-F871F2A6 registrationDate=2026-08-11 membershipLevel=2
INFO  AUDIT - owner created id=78 customerCode=UNKNOWN-6D87290B registrationDate=2026-08-11 membershipLevel=2
INFO  AUDIT - owner created id=79 customerCode=UNKNOWN-6A03C13B registrationDate=2026-08-11 membershipLevel=2
INFO  AUDIT - owner created id=80 customerCode=UNKNOWN-C78746B0 registrationDate=2026-08-11 membershipLevel=2
INFO  AUDIT - owner created id=81 customerCode=UNKNOWN-3A5E8CF0 registrationDate=2026-08-11 membershipLevel=2
INFO  AUDIT - owner created id=82 customerCode=UNKNOWN-EAF5CF0B registrationDate=2026-08-11 membershipLevel=2
INFO  AUDIT - owner created id=83 customerCode=UNKNOWN-BE8A300F registrationDate=2026-08-11 membershipLevel=2
INFO  AUDIT - owner created id=84 customerCode=UNKNOWN-558EBB46 registrationDate=2026-08-11 membershipLevel=2
INFO  AUDIT - owner created id=85 customerCode=UNKNOWN-A44F242C registrationDate=2026-08-11 membershipLevel=2
DEBUG ExceptionControllerAdvice - City at capacity at POST /api/owners: Cap124
INFO  AnnotationConfigContextLoaderUtils - Could not detect default configuration classes for test class [org.springframework.samples.petclinic.acceptance.Cp29Tests]: Cp29Tests does not declare any static, non-private, non-final, nested classes annotated with @Configuration.
INFO  SpringBootTestContextBootstrapper - Found @SpringBootConfiguration org.springframework.samples.petclinic.PetClinicApplication for test class org.springframework.samples.petclinic.acceptance.Cp29Tests
INFO  AnnotationConfigContextLoaderUtils - Could not detect default configuration classes for test class [org.springframework.samples.petclinic.acceptance.Cp29Tests]: Cp29Tests does not declare any static, non-private, non-final, nested classes annotated with @Configuration.
INFO  AnnotationConfigContextLoaderUtils - Could not detect default configuration classes for test class [org.springframework.samples.petclinic.acceptance.AcceptanceBase]: AcceptanceBase does not declare any static, non-private, non-final, nested classes annotated with @Configuration.
INFO  SpringBootTestContextBootstrapper - Found @SpringBootConfiguration org.springframework.samples.petclinic.PetClinicApplication for test class org.springframework.samples.petclinic.acceptance.Cp29Tests
DEBUG ExceptionControllerAdvice - Validation error at POST /api/owners: [Field error in object 'ownerFieldsDto' on field 'postcode': rejected value [12]; codes [Pattern.ownerFieldsDto.postcode,Pattern.postcode,Pattern.java.lang.String,Pattern]; arguments [org.springframework.context.support.DefaultMessageSourceResolvable: codes [ownerFieldsDto.postcode,postcode]; arguments []; default message [postcode],[Ljakarta.validation.constraints.Pattern$Flag;@2e7722bd,^[0-9]{4}$]; default message [must match "^[0-9]{4}$"]]
INFO  AUDIT - owner created id=86 customerCode=NSW-1D53D628 registrationDate=2026-08-11 membershipLevel=2
INFO  AUDIT - owner created id=87 customerCode=UNKNOWN-01D84E61 registrationDate=2026-08-11 membershipLevel=2
INFO  AnnotationConfigContextLoaderUtils - Could not detect default configuration classes for test class [org.springframework.samples.petclinic.acceptance.Cp25Tests]: Cp25Tests does not declare any static, non-private, non-final, nested classes annotated with @Configuration.
INFO  SpringBootTestContextBootstrapper - Found @SpringBootConfiguration org.springframework.samples.petclinic.PetClinicApplication for test class org.springframework.samples.petclinic.acceptance.Cp25Tests
INFO  AnnotationConfigContextLoaderUtils - Could not detect default configuration classes for test class [org.springframework.samples.petclinic.acceptance.Cp25Tests]: Cp25Tests does not declare any static, non-private, non-final, nested classes annotated with @Configuration.
INFO  AnnotationConfigContextLoaderUtils - Could not detect default configuration classes for test class [org.springframework.samples.petclinic.acceptance.AcceptanceBase]: AcceptanceBase does not declare any static, non-private, non-final, nested classes annotated with @Configuration.
INFO  SpringBootTestContextBootstrapper - Found @SpringBootConfiguration org.springframework.samples.petclinic.PetClinicApplication for test class org.springframework.samples.petclinic.acceptance.Cp25Tests
INFO  AUDIT - owner created id=88 customerCode=UNKNOWN-22472B7F registrationDate=2026-08-11 membershipLevel=3
DEBUG ExceptionControllerAdvice - Duplicate identity key at POST /api/owners: +61400000344|owner345@example.test|38237E9F6A9D
INFO  AnnotationConfigContextLoaderUtils - Could not detect default configuration classes for test class [org.springframework.samples.petclinic.acceptance.Cp36Tests]: Cp36Tests does not declare any static, non-private, non-final, nested classes annotated with @Configuration.
INFO  SpringBootTestContextBootstrapper - Found @SpringBootConfiguration org.springframework.samples.petclinic.PetClinicApplication for test class org.springframework.samples.petclinic.acceptance.Cp36Tests
INFO  AnnotationConfigContextLoaderUtils - Could not detect default configuration classes for test class [org.springframework.samples.petclinic.acceptance.Cp36Tests]: Cp36Tests does not declare any static, non-private, non-final, nested classes annotated with @Configuration.
INFO  AnnotationConfigContextLoaderUtils - Could not detect default configuration classes for test class [org.springframework.samples.petclinic.acceptance.AcceptanceBase]: AcceptanceBase does not declare any static, non-private, non-final, nested classes annotated with @Configuration.
INFO  SpringBootTestContextBootstrapper - Found @SpringBootConfiguration org.springframework.samples.petclinic.PetClinicApplication for test class org.springframework.samples.petclinic.acceptance.Cp36Tests
INFO  AUDIT - owner created id=89 customerCode=NSW-DA474C3B registrationDate=2026-08-11 membershipLevel=2
INFO  AUDIT - owner created id=90 customerCode=NSW-C7D87025 registrationDate=2026-08-11 membershipLevel=1
INFO  AUDIT - owner created id=91 customerCode=NSW-D9D1CDA1 registrationDate=2026-08-11 membershipLevel=2
INFO  AnnotationConfigContextLoaderUtils - Could not detect default configuration classes for test class [org.springframework.samples.petclinic.acceptance.Cp30Tests]: Cp30Tests does not declare any static, non-private, non-final, nested classes annotated with @Configuration.
INFO  SpringBootTestContextBootstrapper - Found @SpringBootConfiguration org.springframework.samples.petclinic.PetClinicApplication for test class org.springframework.samples.petclinic.acceptance.Cp30Tests
INFO  AnnotationConfigContextLoaderUtils - Could not detect default configuration classes for test class [org.springframework.samples.petclinic.acceptance.Cp30Tests]: Cp30Tests does not declare any static, non-private, non-final, nested classes annotated with @Configuration.
INFO  AnnotationConfigContextLoaderUtils - Could not detect default configuration classes for test class [org.springframework.samples.petclinic.acceptance.AcceptanceBase]: AcceptanceBase does not declare any static, non-private, non-final, nested classes annotated with @Configuration.
INFO  SpringBootTestContextBootstrapper - Found @SpringBootConfiguration org.springframework.samples.petclinic.PetClinicApplication for test class org.springframework.samples.petclinic.acceptance.Cp30Tests
INFO  AUDIT - owner created id=92 customerCode=VIC-147F73E8 registrationDate=2026-08-11 membershipLevel=2
INFO  AUDIT - owner created id=93 customerCode=NSW-5260222A registrationDate=2026-08-11 membershipLevel=2
INFO  AnnotationConfigContextLoaderUtils - Could not detect default configuration classes for test class [org.springframework.samples.petclinic.acceptance.Cp38Tests]: Cp38Tests does not declare any static, non-private, non-final, nested classes annotated with @Configuration.
INFO  SpringBootTestContextBootstrapper - Found @SpringBootConfiguration org.springframework.samples.petclinic.PetClinicApplication for test class org.springframework.samples.petclinic.acceptance.Cp38Tests
INFO  AnnotationConfigContextLoaderUtils - Could not detect default configuration classes for test class [org.springframework.samples.petclinic.acceptance.Cp38Tests]: Cp38Tests does not declare any static, non-private, non-final, nested classes annotated with @Configuration.
INFO  AnnotationConfigContextLoaderUtils - Could not detect default configuration classes for test class [org.springframework.samples.petclinic.acceptance.AcceptanceBase]: AcceptanceBase does not declare any static, non-private, non-final, nested classes annotated with @Configuration.
INFO  SpringBootTestContextBootstrapper - Found @SpringBootConfiguration org.springframework.samples.petclinic.PetClinicApplication for test class org.springframework.samples.petclinic.acceptance.Cp38Tests
DEBUG ExceptionControllerAdvice - Disposable email domain at POST /api/owners: x@mailinator.com
INFO  AnnotationConfigContextLoaderUtils - Could not detect default configuration classes for test class [org.springframework.samples.petclinic.acceptance.Cp19Tests]: Cp19Tests does not declare any static, non-private, non-final, nested classes annotated with @Configuration.
INFO  SpringBootTestContextBootstrapper - Found @SpringBootConfiguration org.springframework.samples.petclinic.PetClinicApplication for test class org.springframework.samples.petclinic.acceptance.Cp19Tests
INFO  AnnotationConfigContextLoaderUtils - Could not detect default configuration classes for test class [org.springframework.samples.petclinic.acceptance.Cp19Tests]: Cp19Tests does not declare any static, non-private, non-final, nested classes annotated with @Configuration.
INFO  AnnotationConfigContextLoaderUtils - Could not detect default configuration classes for test class [org.springframework.samples.petclinic.acceptance.AcceptanceBase]: AcceptanceBase does not declare any static, non-private, non-final, nested classes annotated with @Configuration.
INFO  SpringBootTestContextBootstrapper - Found @SpringBootConfiguration org.springframework.samples.petclinic.PetClinicApplication for test class org.springframework.samples.petclinic.acceptance.Cp19Tests
INFO  AUDIT - owner created id=94 customerCode=UNKNOWN-CE1FA5C2 registrationDate=2026-08-11 membershipLevel=2
INFO  AUDIT - owner created id=95 customerCode=UNKNOWN-572D31E1 registrationDate=2026-08-11 membershipLevel=2
INFO  AUDIT - owner created id=96 customerCode=UNKNOWN-1BC10C8C registrationDate=2026-08-11 membershipLevel=2
INFO  AUDIT - owner created id=97 customerCode=UNKNOWN-A1D18F34 registrationDate=2026-08-11 membershipLevel=2
INFO  AUDIT - owner created id=98 customerCode=UNKNOWN-86191E4D registrationDate=2026-08-11 membershipLevel=2
INFO  AUDIT - owner created id=99 customerCode=UNKNOWN-326523AB registrationDate=2026-08-11 membershipLevel=2
INFO  AUDIT - owner created id=100 customerCode=UNKNOWN-20D0F7E3 registrationDate=2026-08-11 membershipLevel=2
INFO  AUDIT - owner created id=101 customerCode=UNKNOWN-56194097 registrationDate=2026-08-11 membershipLevel=2
INFO  AUDIT - owner created id=102 customerCode=UNKNOWN-92BEC283 registrationDate=2026-08-11 membershipLevel=2
INFO  AUDIT - owner created id=103 customerCode=UNKNOWN-95A1C217 registrationDate=2026-08-11 membershipLevel=2
INFO  AUDIT - owner created id=104 customerCode=UNKNOWN-940A4D4C registrationDate=2026-08-11 membershipLevel=2
INFO  AUDIT - owner created id=105 customerCode=UNKNOWN-A7B822BE registrationDate=2026-08-11 membershipLevel=2
INFO  AUDIT - owner created id=106 customerCode=UNKNOWN-6569EDA5 registrationDate=2026-08-11 membershipLevel=2
INFO  AUDIT - owner created id=107 customerCode=UNKNOWN-7F84C9B7 registrationDate=2026-08-11 membershipLevel=2
INFO  AUDIT - owner created id=108 customerCode=UNKNOWN-35584EA1 registrationDate=2026-08-11 membershipLevel=2
INFO  AUDIT - owner created id=109 customerCode=UNKNOWN-3708BB0D registrationDate=2026-08-11 membershipLevel=2
INFO  AUDIT - owner created id=110 customerCode=UNKNOWN-62E79FFB registrationDate=2026-08-11 membershipLevel=2
INFO  AUDIT - owner created id=111 customerCode=UNKNOWN-F64B404D registrationDate=2026-08-11 membershipLevel=2
INFO  AUDIT - owner created id=112 customerCode=UNKNOWN-95B28ED7 registrationDate=2026-08-11 membershipLevel=2
INFO  AUDIT - owner created id=113 customerCode=UNKNOWN-73B6DFDE registrationDate=2026-08-11 membershipLevel=2
INFO  AUDIT - owner created id=114 customerCode=UNKNOWN-FA5C3E3D registrationDate=2026-08-11 membershipLevel=2
INFO  AUDIT - owner created id=115 customerCode=UNKNOWN-20BCC1FC registrationDate=2026-08-11 membershipLevel=2
INFO  AUDIT - owner created id=116 customerCode=UNKNOWN-276344A3 registrationDate=2026-08-11 membershipLevel=2
INFO  AUDIT - owner created id=117 customerCode=UNKNOWN-8D3B974D registrationDate=2026-08-11 membershipLevel=2
INFO  AUDIT - owner created id=118 customerCode=UNKNOWN-F27F2B8F registrationDate=2026-08-11 membershipLevel=2
INFO  AUDIT - owner created id=119 customerCode=UNKNOWN-87A1F3FC registrationDate=2026-08-11 membershipLevel=2
INFO  AUDIT - owner created id=120 customerCode=UNKNOWN-1B3508E1 registrationDate=2026-08-11 membershipLevel=2
INFO  AUDIT - owner created id=121 customerCode=UNKNOWN-75AA5B45 registrationDate=2026-08-11 membershipLevel=2
INFO  AUDIT - owner created id=122 customerCode=UNKNOWN-9CF5B67E registrationDate=2026-08-11 membershipLevel=2
INFO  AUDIT - owner created id=123 customerCode=UNKNOWN-678D7CE8 registrationDate=2026-08-11 membershipLevel=2
INFO  AUDIT - owner created id=124 customerCode=UNKNOWN-2C743DF6 registrationDate=2026-08-11 membershipLevel=2
INFO  AUDIT - owner created id=125 customerCode=UNKNOWN-374892AD registrationDate=2026-08-11 membershipLevel=2
INFO  AUDIT - owner created id=126 customerCode=UNKNOWN-2F8F8969 registrationDate=2026-08-11 membershipLevel=2
INFO  AUDIT - owner created id=127 customerCode=UNKNOWN-5201080C registrationDate=2026-08-11 membershipLevel=2
INFO  AUDIT - owner created id=128 customerCode=UNKNOWN-88467690 registrationDate=2026-08-11 membershipLevel=2
INFO  AUDIT - owner created id=129 customerCode=UNKNOWN-971D252F registrationDate=2026-08-11 membershipLevel=2
INFO  AUDIT - owner created id=130 customerCode=UNKNOWN-DEF3BE57 registrationDate=2026-08-11 membershipLevel=2
INFO  AUDIT - owner created id=131 customerCode=UNKNOWN-6D732164 registrationDate=2026-08-11 membershipLevel=2
INFO  AUDIT - owner created id=132 customerCode=UNKNOWN-CB193A8A registrationDate=2026-08-11 membershipLevel=2
INFO  AUDIT - owner created id=133 customerCode=UNKNOWN-89E82A6A registrationDate=2026-08-11 membershipLevel=2
INFO  AUDIT - owner created id=134 customerCode=UNKNOWN-7B09977E registrationDate=2026-08-11 membershipLevel=2
INFO  AUDIT - owner created id=135 customerCode=UNKNOWN-46FB857B registrationDate=2026-08-11 membershipLevel=2
INFO  AUDIT - owner created id=136 customerCode=UNKNOWN-6F0AC094 registrationDate=2026-08-11 membershipLevel=2
INFO  AUDIT - owner created id=137 customerCode=UNKNOWN-99DAC704 registrationDate=2026-08-11 membershipLevel=2
INFO  AUDIT - owner created id=138 customerCode=UNKNOWN-595717A9 registrationDate=2026-08-11 membershipLevel=2
INFO  AUDIT - owner created id=139 customerCode=UNKNOWN-C928376B registrationDate=2026-08-11 membershipLevel=2
INFO  AUDIT - owner created id=140 customerCode=UNKNOWN-C5845D7A registrationDate=2026-08-11 membershipLevel=2
INFO  AUDIT - owner created id=141 customerCode=UNKNOWN-1AEE1FC9 registrationDate=2026-08-11 membershipLevel=2
INFO  AUDIT - owner created id=142 customerCode=UNKNOWN-7C7BF1EF registrationDate=2026-08-11 membershipLevel=2
INFO  AUDIT - owner created id=143 customerCode=UNKNOWN-7BAE43B9 registrationDate=2026-08-11 membershipLevel=2
INFO  AUDIT - owner created id=144 customerCode=UNKNOWN-B8ED1638 registrationDate=2026-08-11 membershipLevel=2
INFO  AUDIT - owner created id=145 customerCode=UNKNOWN-F0C5521B registrationDate=2026-08-11 membershipLevel=2
INFO  AUDIT - owner created id=146 customerCode=UNKNOWN-8F10B83E registrationDate=2026-08-11 membershipLevel=2
INFO  AUDIT - owner created id=147 customerCode=UNKNOWN-3323560A registrationDate=2026-08-11 membershipLevel=2
INFO  AUDIT - owner created id=148 customerCode=UNKNOWN-B29B452D registrationDate=2026-08-11 membershipLevel=2
INFO  AUDIT - owner created id=149 customerCode=UNKNOWN-E4E5E627 registrationDate=2026-08-11 membershipLevel=2
INFO  AUDIT - owner created id=150 customerCode=UNKNOWN-787E9C1D registrationDate=2026-08-11 membershipLevel=2
INFO  AUDIT - owner created id=151 customerCode=UNKNOWN-0B72AEB8 registrationDate=2026-08-11 membershipLevel=2
INFO  AUDIT - owner created id=152 customerCode=UNKNOWN-7D52828E registrationDate=2026-08-11 membershipLevel=2
INFO  AUDIT - owner created id=153 customerCode=UNKNOWN-5BAAC815 registrationDate=2026-08-11 membershipLevel=2
INFO  AUDIT - owner created id=154 customerCode=UNKNOWN-36A6471E registrationDate=2026-08-11 membershipLevel=2
INFO  AUDIT - owner created id=155 customerCode=UNKNOWN-E700638E registrationDate=2026-08-11 membershipLevel=2
INFO  AUDIT - owner created id=156 customerCode=UNKNOWN-FA1C2377 registrationDate=2026-08-11 membershipLevel=2
INFO  AUDIT - owner created id=157 customerCode=UNKNOWN-F0FF9D8E registrationDate=2026-08-11 membershipLevel=2
INFO  AUDIT - owner created id=158 customerCode=UNKNOWN-16C8475B registrationDate=2026-08-11 membershipLevel=2
INFO  AUDIT - owner created id=159 customerCode=UNKNOWN-127604A1 registrationDate=2026-08-11 membershipLevel=2
INFO  AUDIT - owner created id=160 customerCode=UNKNOWN-2BBD7D99 registrationDate=2026-08-11 membershipLevel=2
INFO  AUDIT - owner created id=161 customerCode=UNKNOWN-658263A2 registrationDate=2026-08-11 membershipLevel=2
INFO  AUDIT - owner created id=162 customerCode=UNKNOWN-9D23935D registrationDate=2026-08-11 membershipLevel=2
INFO  AUDIT - owner created id=163 customerCode=UNKNOWN-232B760D registrationDate=2026-08-11 membershipLevel=2
INFO  AUDIT - owner created id=164 customerCode=UNKNOWN-405C18A9 registrationDate=2026-08-11 membershipLevel=2
INFO  AUDIT - owner created id=165 customerCode=UNKNOWN-C157BDF3 registrationDate=2026-08-11 membershipLevel=2
INFO  AUDIT - owner created id=166 customerCode=UNKNOWN-B701880A registrationDate=2026-08-11 membershipLevel=2
INFO  AUDIT - owner created id=167 customerCode=UNKNOWN-799688B7 registrationDate=2026-08-11 membershipLevel=2
INFO  AUDIT - owner created id=168 customerCode=UNKNOWN-0D49211E registrationDate=2026-08-11 membershipLevel=2
INFO  AUDIT - owner created id=169 customerCode=UNKNOWN-599C43BE registrationDate=2026-08-11 membershipLevel=2
INFO  AUDIT - owner created id=170 customerCode=UNKNOWN-9683FF08 registrationDate=2026-08-11 membershipLevel=2
INFO  AUDIT - owner created id=171 customerCode=UNKNOWN-50918E0D registrationDate=2026-08-11 membershipLevel=2
INFO  AUDIT - owner created id=172 customerCode=UNKNOWN-6BECC873 registrationDate=2026-08-11 membershipLevel=2
INFO  AUDIT - owner created id=173 customerCode=UNKNOWN-6698BDCA registrationDate=2026-08-11 membershipLevel=2
INFO  AUDIT - owner created id=174 customerCode=UNKNOWN-1062AC41 registrationDate=2026-08-11 membershipLevel=2
INFO  AUDIT - owner created id=175 customerCode=UNKNOWN-977A7DBC registrationDate=2026-08-11 membershipLevel=2
INFO  AUDIT - owner created id=176 customerCode=UNKNOWN-570F199C registrationDate=2026-08-11 membershipLevel=2
INFO  AUDIT - owner created id=177 customerCode=UNKNOWN-62678002 registrationDate=2026-08-11 membershipLevel=2
INFO  AUDIT - owner created id=178 customerCode=UNKNOWN-EC678163 registrationDate=2026-08-11 membershipLevel=2
INFO  AUDIT - owner created id=179 customerCode=UNKNOWN-B507609E registrationDate=2026-08-11 membershipLevel=2
INFO  AUDIT - owner created id=180 customerCode=UNKNOWN-733BDE2E registrationDate=2026-08-11 membershipLevel=2
INFO  AUDIT - owner created id=181 customerCode=UNKNOWN-80D03A53 registrationDate=2026-08-11 membershipLevel=2
INFO  AUDIT - owner created id=182 customerCode=UNKNOWN-39D91018 registrationDate=2026-08-11 membershipLevel=2
INFO  AUDIT - owner created id=183 customerCode=UNKNOWN-4AE55B2E registrationDate=2026-08-11 membershipLevel=2
INFO  AUDIT - owner created id=184 customerCode=UNKNOWN-7BF65C2B registrationDate=2026-08-11 membershipLevel=2
INFO  AUDIT - owner created id=185 customerCode=UNKNOWN-4C000928 registrationDate=2026-08-11 membershipLevel=2
INFO  AUDIT - owner created id=186 customerCode=UNKNOWN-CDDD62DB registrationDate=2026-08-11 membershipLevel=2
INFO  AUDIT - owner created id=187 customerCode=UNKNOWN-9DF6B3C3 registrationDate=2026-08-11 membershipLevel=2
INFO  AUDIT - owner created id=188 customerCode=UNKNOWN-3BBAA09E registrationDate=2026-08-11 membershipLevel=2
INFO  AUDIT - owner created id=189 customerCode=UNKNOWN-FFE45025 registrationDate=2026-08-11 membershipLevel=2
INFO  AUDIT - owner created id=190 customerCode=UNKNOWN-F5527225 registrationDate=2026-08-11 membershipLevel=2
INFO  AUDIT - owner created id=191 customerCode=UNKNOWN-65417272 registrationDate=2026-08-11 membershipLevel=2
INFO  AUDIT - owner created id=192 customerCode=UNKNOWN-F4788DCD registrationDate=2026-08-11 membershipLevel=2
INFO  AUDIT - owner created id=193 customerCode=UNKNOWN-9EFA7469 registrationDate=2026-08-11 membershipLevel=2
DEBUG ExceptionControllerAdvice - Daily registration limit reached at POST /api/owners: 2026-08-11
INFO  AnnotationConfigContextLoaderUtils - Could not detect default configuration classes for test class [org.springframework.samples.petclinic.acceptance.Cp22Tests]: Cp22Tests does not declare any static, non-private, non-final, nested classes annotated with @Configuration.
INFO  SpringBootTestContextBootstrapper - Found @SpringBootConfiguration org.springframework.samples.petclinic.PetClinicApplication for test class org.springframework.samples.petclinic.acceptance.Cp22Tests
INFO  AnnotationConfigContextLoaderUtils - Could not detect default configuration classes for test class [org.springframework.samples.petclinic.acceptance.Cp22Tests]: Cp22Tests does not declare any static, non-private, non-final, nested classes annotated with @Configuration.
INFO  AnnotationConfigContextLoaderUtils - Could not detect default configuration classes for test class [org.springframework.samples.petclinic.acceptance.AcceptanceBase]: AcceptanceBase does not declare any static, non-private, non-final, nested classes annotated with @Configuration.
INFO  SpringBootTestContextBootstrapper - Found @SpringBootConfiguration org.springframework.samples.petclinic.PetClinicApplication for test class org.springframework.samples.petclinic.acceptance.Cp22Tests
INFO  AUDIT - owner created id=194 customerCode=UNKNOWN-6698FD0E registrationDate=2026-08-11 membershipLevel=2
INFO  AnnotationConfigContextLoaderUtils - Could not detect default configuration classes for test class [org.springframework.samples.petclinic.acceptance.Cp13Tests]: Cp13Tests does not declare any static, non-private, non-final, nested classes annotated with @Configuration.
INFO  SpringBootTestContextBootstrapper - Found @SpringBootConfiguration org.springframework.samples.petclinic.PetClinicApplication for test class org.springframework.samples.petclinic.acceptance.Cp13Tests
INFO  AnnotationConfigContextLoaderUtils - Could not detect default configuration classes for test class [org.springframework.samples.petclinic.acceptance.Cp13Tests]: Cp13Tests does not declare any static, non-private, non-final, nested classes annotated with @Configuration.
INFO  AnnotationConfigContextLoaderUtils - Could not detect default configuration classes for test class [org.springframework.samples.petclinic.acceptance.AcceptanceBase]: AcceptanceBase does not declare any static, non-private, non-final, nested classes annotated with @Configuration.
INFO  SpringBootTestContextBootstrapper - Found @SpringBootConfiguration org.springframework.samples.petclinic.PetClinicApplication for test class org.springframework.samples.petclinic.acceptance.Cp13Tests
INFO  AUDIT - owner created id=195 customerCode=NSW-CB233158 registrationDate=2026-08-11 membershipLevel=2
INFO  AUDIT - owner created id=196 customerCode=NSW-F9C208CD registrationDate=2026-08-11 membershipLevel=1
INFO  AnnotationConfigContextLoaderUtils - Could not detect default configuration classes for test class [org.springframework.samples.petclinic.acceptance.Cp01Tests]: Cp01Tests does not declare any static, non-private, non-final, nested classes annotated with @Configuration.
INFO  SpringBootTestContextBootstrapper - Found @SpringBootConfiguration org.springframework.samples.petclinic.PetClinicApplication for test class org.springframework.samples.petclinic.acceptance.Cp01Tests
INFO  AnnotationConfigContextLoaderUtils - Could not detect default configuration classes for test class [org.springframework.samples.petclinic.acceptance.Cp01Tests]: Cp01Tests does not declare any static, non-private, non-final, nested classes annotated with @Configuration.
INFO  AnnotationConfigContextLoaderUtils - Could not detect default configuration classes for test class [org.springframework.samples.petclinic.acceptance.AcceptanceBase]: AcceptanceBase does not declare any static, non-private, non-final, nested classes annotated with @Configuration.
INFO  SpringBootTestContextBootstrapper - Found @SpringBootConfiguration org.springframework.samples.petclinic.PetClinicApplication for test class org.springframework.samples.petclinic.acceptance.Cp01Tests
DEBUG ExceptionControllerAdvice - Validation error at POST /api/owners: [Field error in object 'ownerFieldsDto' on field 'city': rejected value [null]; codes [NotNull.ownerFieldsDto.city,NotNull.city,NotNull.java.lang.String,NotNull]; arguments [org.springframework.context.support.DefaultMessageSourceResolvable: codes [ownerFieldsDto.city,city]; arguments []; default message [city]]; default message [must not be null]]
DEBUG ExceptionControllerAdvice - Missing owner fields at POST /api/owners: [address]
INFO  AnnotationConfigContextLoaderUtils - Could not detect default configuration classes for test class [org.springframework.samples.petclinic.acceptance.Cp34Tests]: Cp34Tests does not declare any static, non-private, non-final, nested classes annotated with @Configuration.
INFO  SpringBootTestContextBootstrapper - Found @SpringBootConfiguration org.springframework.samples.petclinic.PetClinicApplication for test class org.springframework.samples.petclinic.acceptance.Cp34Tests
INFO  AnnotationConfigContextLoaderUtils - Could not detect default configuration classes for test class [org.springframework.samples.petclinic.acceptance.Cp34Tests]: Cp34Tests does not declare any static, non-private, non-final, nested classes annotated with @Configuration.
INFO  AnnotationConfigContextLoaderUtils - Could not detect default configuration classes for test class [org.springframework.samples.petclinic.acceptance.AcceptanceBase]: AcceptanceBase does not declare any static, non-private, non-final, nested classes annotated with @Configuration.
INFO  SpringBootTestContextBootstrapper - Found @SpringBootConfiguration org.springframework.samples.petclinic.PetClinicApplication for test class org.springframework.samples.petclinic.acceptance.Cp34Tests
INFO  AUDIT - owner created id=197 customerCode=UNKNOWN-47203A74 registrationDate=2026-08-11 membershipLevel=2
INFO  AnnotationConfigContextLoaderUtils - Could not detect default configuration classes for test class [org.springframework.samples.petclinic.acceptance.Cp35Tests]: Cp35Tests does not declare any static, non-private, non-final, nested classes annotated with @Configuration.
INFO  SpringBootTestContextBootstrapper - Found @SpringBootConfiguration org.springframework.samples.petclinic.PetClinicApplication for test class org.springframework.samples.petclinic.acceptance.Cp35Tests
INFO  AnnotationConfigContextLoaderUtils - Could not detect default configuration classes for test class [org.springframework.samples.petclinic.acceptance.Cp35Tests]: Cp35Tests does not declare any static, non-private, non-final, nested classes annotated with @Configuration.
INFO  AnnotationConfigContextLoaderUtils - Could not detect default configuration classes for test class [org.springframework.samples.petclinic.acceptance.AcceptanceBase]: AcceptanceBase does not declare any static, non-private, non-final, nested classes annotated with @Configuration.
INFO  SpringBootTestContextBootstrapper - Found @SpringBootConfiguration org.springframework.samples.petclinic.PetClinicApplication for test class org.springframework.samples.petclinic.acceptance.Cp35Tests
INFO  AUDIT - owner created id=198 customerCode=NSW-FE1CA087 registrationDate=2026-08-11 membershipLevel=2
INFO  AUDIT - owner created id=199 customerCode=NSW-A5E63D1A registrationDate=2026-08-11 membershipLevel=1
INFO  AUDIT - owner created id=200 customerCode=NSW-2B04B17D registrationDate=2026-08-11 membershipLevel=2
DEBUG ExceptionControllerAdvice - Duplicate identity key at POST /api/owners: +61400000817||D693FDBC4860
INFO  AnnotationConfigContextLoaderUtils - Could not detect default configuration classes for test class [org.springframework.samples.petclinic.acceptance.Cp02Tests]: Cp02Tests does not declare any static, non-private, non-final, nested classes annotated with @Configuration.
INFO  SpringBootTestContextBootstrapper - Found @SpringBootConfiguration org.springframework.samples.petclinic.PetClinicApplication for test class org.springframework.samples.petclinic.acceptance.Cp02Tests
INFO  AnnotationConfigContextLoaderUtils - Could not detect default configuration classes for test class [org.springframework.samples.petclinic.acceptance.Cp02Tests]: Cp02Tests does not declare any static, non-private, non-final, nested classes annotated with @Configuration.
INFO  AnnotationConfigContextLoaderUtils - Could not detect default configuration classes for test class [org.springframework.samples.petclinic.acceptance.AcceptanceBase]: AcceptanceBase does not declare any static, non-private, non-final, nested classes annotated with @Configuration.
INFO  SpringBootTestContextBootstrapper - Found @SpringBootConfiguration org.springframework.samples.petclinic.PetClinicApplication for test class org.springframework.samples.petclinic.acceptance.Cp02Tests
INFO  AUDIT - owner created id=201 customerCode=UNKNOWN-79D8FF1B registrationDate=2026-08-11 membershipLevel=2
DEBUG ExceptionControllerAdvice - Invalid telephone at POST /api/owners: 12
INFO  AnnotationConfigContextLoaderUtils - Could not detect default configuration classes for test class [org.springframework.samples.petclinic.acceptance.Cp15Tests]: Cp15Tests does not declare any static, non-private, non-final, nested classes annotated with @Configuration.
INFO  SpringBootTestContextBootstrapper - Found @SpringBootConfiguration org.springframework.samples.petclinic.PetClinicApplication for test class org.springframework.samples.petclinic.acceptance.Cp15Tests
INFO  AnnotationConfigContextLoaderUtils - Could not detect default configuration classes for test class [org.springframework.samples.petclinic.acceptance.Cp15Tests]: Cp15Tests does not declare any static, non-private, non-final, nested classes annotated with @Configuration.
INFO  AnnotationConfigContextLoaderUtils - Could not detect default configuration classes for test class [org.springframework.samples.petclinic.acceptance.AcceptanceBase]: AcceptanceBase does not declare any static, non-private, non-final, nested classes annotated with @Configuration.
INFO  SpringBootTestContextBootstrapper - Found @SpringBootConfiguration org.springframework.samples.petclinic.PetClinicApplication for test class org.springframework.samples.petclinic.acceptance.Cp15Tests
INFO  AUDIT - owner created id=202 customerCode=UNKNOWN-F1F4E07C registrationDate=2026-08-11 membershipLevel=3
INFO  AnnotationConfigContextLoaderUtils - Could not detect default configuration classes for test class [org.springframework.samples.petclinic.acceptance.Cp10Tests]: Cp10Tests does not declare any static, non-private, non-final, nested classes annotated with @Configuration.
INFO  SpringBootTestContextBootstrapper - Found @SpringBootConfiguration org.springframework.samples.petclinic.PetClinicApplication for test class org.springframework.samples.petclinic.acceptance.Cp10Tests
INFO  AnnotationConfigContextLoaderUtils - Could not detect default configuration classes for test class [org.springframework.samples.petclinic.acceptance.Cp10Tests]: Cp10Tests does not declare any static, non-private, non-final, nested classes annotated with @Configuration.
INFO  AnnotationConfigContextLoaderUtils - Could not detect default configuration classes for test class [org.springframework.samples.petclinic.acceptance.AcceptanceBase]: AcceptanceBase does not declare any static, non-private, non-final, nested classes annotated with @Configuration.
INFO  SpringBootTestContextBootstrapper - Found @SpringBootConfiguration org.springframework.samples.petclinic.PetClinicApplication for test class org.springframework.samples.petclinic.acceptance.Cp10Tests
INFO  AUDIT - owner created id=203 customerCode=NSW-B19FA77A registrationDate=2026-08-11 membershipLevel=2
DEBUG ExceptionControllerAdvice - Duplicate identity key at POST /api/owners: +61400000839||CE70A3B55F66
INFO  AnnotationConfigContextLoaderUtils - Could not detect default configuration classes for test class [org.springframework.samples.petclinic.acceptance.Cp26Tests]: Cp26Tests does not declare any static, non-private, non-final, nested classes annotated with @Configuration.
INFO  SpringBootTestContextBootstrapper - Found @SpringBootConfiguration org.springframework.samples.petclinic.PetClinicApplication for test class org.springframework.samples.petclinic.acceptance.Cp26Tests
INFO  AnnotationConfigContextLoaderUtils - Could not detect default configuration classes for test class [org.springframework.samples.petclinic.acceptance.Cp26Tests]: Cp26Tests does not declare any static, non-private, non-final, nested classes annotated with @Configuration.
INFO  AnnotationConfigContextLoaderUtils - Could not detect default configuration classes for test class [org.springframework.samples.petclinic.acceptance.AcceptanceBase]: AcceptanceBase does not declare any static, non-private, non-final, nested classes annotated with @Configuration.
INFO  SpringBootTestContextBootstrapper - Found @SpringBootConfiguration org.springframework.samples.petclinic.PetClinicApplication for test class org.springframework.samples.petclinic.acceptance.Cp26Tests
DEBUG ExceptionControllerAdvice - Invalid telephone at POST /api/owners: +61 123
INFO  AnnotationConfigContextLoaderUtils - Could not detect default configuration classes for test class [org.springframework.samples.petclinic.acceptance.Cp06Tests]: Cp06Tests does not declare any static, non-private, non-final, nested classes annotated with @Configuration.
INFO  SpringBootTestContextBootstrapper - Found @SpringBootConfiguration org.springframework.samples.petclinic.PetClinicApplication for test class org.springframework.samples.petclinic.acceptance.Cp06Tests
INFO  AnnotationConfigContextLoaderUtils - Could not detect default configuration classes for test class [org.springframework.samples.petclinic.acceptance.Cp06Tests]: Cp06Tests does not declare any static, non-private, non-final, nested classes annotated with @Configuration.
INFO  AnnotationConfigContextLoaderUtils - Could not detect default configuration classes for test class [org.springframework.samples.petclinic.acceptance.AcceptanceBase]: AcceptanceBase does not declare any static, non-private, non-final, nested classes annotated with @Configuration.
INFO  SpringBootTestContextBootstrapper - Found @SpringBootConfiguration org.springframework.samples.petclinic.PetClinicApplication for test class org.springframework.samples.petclinic.acceptance.Cp06Tests
INFO  AUDIT - owner created id=204 customerCode=UNKNOWN-95FF4D91 registrationDate=2026-08-11 membershipLevel=2
INFO  AnnotationConfigContextLoaderUtils - Could not detect default configuration classes for test class [org.springframework.samples.petclinic.acceptance.Cp16Tests]: Cp16Tests does not declare any static, non-private, non-final, nested classes annotated with @Configuration.
INFO  SpringBootTestContextBootstrapper - Found @SpringBootConfiguration org.springframework.samples.petclinic.PetClinicApplication for test class org.springframework.samples.petclinic.acceptance.Cp16Tests
INFO  AnnotationConfigContextLoaderUtils - Could not detect default configuration classes for test class [org.springframework.samples.petclinic.acceptance.Cp16Tests]: Cp16Tests does not declare any static, non-private, non-final, nested classes annotated with @Configuration.
INFO  AnnotationConfigContextLoaderUtils - Could not detect default configuration classes for test class [org.springframework.samples.petclinic.acceptance.AcceptanceBase]: AcceptanceBase does not declare any static, non-private, non-final, nested classes annotated with @Configuration.
INFO  SpringBootTestContextBootstrapper - Found @SpringBootConfiguration org.springframework.samples.petclinic.PetClinicApplication for test class org.springframework.samples.petclinic.acceptance.Cp16Tests
INFO  AUDIT - owner created id=205 customerCode=NSW-C59B81EC registrationDate=2026-08-11 membershipLevel=2
INFO  AnnotationConfigContextLoaderUtils - Could not detect default configuration classes for test class [org.springframework.samples.petclinic.acceptance.Cp20Tests]: Cp20Tests does not declare any static, non-private, non-final, nested classes annotated with @Configuration.
INFO  SpringBootTestContextBootstrapper - Found @SpringBootConfiguration org.springframework.samples.petclinic.PetClinicApplication for test class org.springframework.samples.petclinic.acceptance.Cp20Tests
INFO  AnnotationConfigContextLoaderUtils - Could not detect default configuration classes for test class [org.springframework.samples.petclinic.acceptance.Cp20Tests]: Cp20Tests does not declare any static, non-private, non-final, nested classes annotated with @Configuration.
INFO  AnnotationConfigContextLoaderUtils - Could not detect default configuration classes for test class [org.springframework.samples.petclinic.acceptance.AcceptanceBase]: AcceptanceBase does not declare any static, non-private, non-final, nested classes annotated with @Configuration.
INFO  SpringBootTestContextBootstrapper - Found @SpringBootConfiguration org.springframework.samples.petclinic.PetClinicApplication for test class org.springframework.samples.petclinic.acceptance.Cp20Tests
INFO  AUDIT - owner created id=206 customerCode=UNKNOWN-49ECA743 registrationDate=2026-08-11 membershipLevel=2
INFO  AnnotationConfigContextLoaderUtils - Could not detect default configuration classes for test class [org.springframework.samples.petclinic.acceptance.Cp17Tests]: Cp17Tests does not declare any static, non-private, non-final, nested classes annotated with @Configuration.
INFO  SpringBootTestContextBootstrapper - Found @SpringBootConfiguration org.springframework.samples.petclinic.PetClinicApplication for test class org.springframework.samples.petclinic.acceptance.Cp17Tests
INFO  AnnotationConfigContextLoaderUtils - Could not detect default configuration classes for test class [org.springframework.samples.petclinic.acceptance.Cp17Tests]: Cp17Tests does not declare any static, non-private, non-final, nested classes annotated with @Configuration.
INFO  AnnotationConfigContextLoaderUtils - Could not detect default configuration classes for test class [org.springframework.samples.petclinic.acceptance.AcceptanceBase]: AcceptanceBase does not declare any static, non-private, non-final, nested classes annotated with @Configuration.
INFO  SpringBootTestContextBootstrapper - Found @SpringBootConfiguration org.springframework.samples.petclinic.PetClinicApplication for test class org.springframework.samples.petclinic.acceptance.Cp17Tests
INFO  AUDIT - owner created id=207 customerCode=NSW-7BA12DB7 registrationDate=2026-08-11 membershipLevel=2
OpenJDK 64-Bit Server VM warning: Sharing is only supported for boot loader classes because bootstrap classpath has been appended
