$ ./mvnw -q -B -DskipTests test-compile
############################################################################################
# Thanks for using OpenAPI Generator.                                                      #
# We appreciate your support! Please consider donation to help us maintain this project.   #
# https://opencollective.com/openapi_generator/donate                                      #
############################################################################################

$ ./mvnw -q -B -Dgroups=cp01,cp02,cp03,cp04,cp05,cp06,cp07,cp08,cp09,cp10,cp11,cp12,cp13,cp14,cp15,cp16,cp17,cp18,cp19,cp20,cp21,cp22,cp23,cp24,cp25,cp26,cp27,cp28,cp29,cp30,cp31,cp32,cp33,cp34,cp35,cp36,cp37,cp38,cp39 test
############################################################################################
# Thanks for using OpenAPI Generator.                                                      #
# We appreciate your support! Please consider donation to help us maintain this project.   #
# https://opencollective.com/openapi_generator/donate                                      #
############################################################################################
INFO  AnnotationConfigContextLoaderUtils - Could not detect default configuration classes for test class [org.springframework.samples.petclinic.acceptance.Cp12Tests]: Cp12Tests does not declare any static, non-private, non-final, nested classes annotated with @Configuration.
INFO  SpringBootTestContextBootstrapper - Found @SpringBootConfiguration org.springframework.samples.petclinic.PetClinicApplication for test class org.springframework.samples.petclinic.acceptance.Cp12Tests
INFO  AnnotationConfigContextLoaderUtils - Could not detect default configuration classes for test class [org.springframework.samples.petclinic.acceptance.Cp12Tests]: Cp12Tests does not declare any static, non-private, non-final, nested classes annotated with @Configuration.
INFO  AnnotationConfigContextLoaderUtils - Could not detect default configuration classes for test class [org.springframework.samples.petclinic.acceptance.AcceptanceBase]: AcceptanceBase does not declare any static, non-private, non-final, nested classes annotated with @Configuration.
INFO  SpringBootTestContextBootstrapper - Found @SpringBootConfiguration org.springframework.samples.petclinic.PetClinicApplication for test class org.springframework.samples.petclinic.acceptance.Cp12Tests

  .   ____          _            __ _ _
 /\\ / ___'_ __ _ _(_)_ __  __ _ \ \ \ \
( ( )\___ | '_ | '_| | '_ \/ _` | \ \ \ \
 \\/  ___)| |_)| | | | | || (_| |  ) ) ) )
  '  |____| .__|_| |_|_| |_\__, | / / / /
 =========|_|==============|___/=/_/_/_/

 :: Spring Boot ::                (v4.1.0)

INFO  Cp12Tests - Starting Cp12Tests using Java 17.0.20 with PID 758078 (started by daniel in /home/daniel/sandbox)
DEBUG Cp12Tests - Running with Spring Boot v4.1.0, Spring v7.0.8
INFO  Cp12Tests - The following 2 profiles are active: "hsqldb", "spring-data-jpa"
INFO  Version - HV000001: Hibernate Validator 9.1.0.Final
INFO  RepositoryConfigurationDelegate - Bootstrapping Spring Data JPA repositories in DEFAULT mode.
INFO  RepositoryConfigurationDelegate - Finished Spring Data repository scanning in 81 ms. Found 7 JPA repository interfaces.
INFO  HikariDataSource - HikariPool-1 - Starting...
INFO  PoolBase - HikariPool-1 - Driver does not support get/set network timeout for connections. (feature not supported)
INFO  HikariPool - HikariPool-1 - Added connection org.hsqldb.jdbc.JDBCConnection@5eab49e8
INFO  HikariDataSource - HikariPool-1 - Start completed.
INFO  jpa - HHH008540: Processing PersistenceUnitInfo [name: default]
INFO  core - HHH000001: Hibernate ORM core version 7.4.1.Final
INFO  SpringPersistenceUnitInfo - No LoadTimeWeaver setup: ignoring JPA class transformer
INFO  pooling - HHH10001005: Database info:
	Database JDBC URL [jdbc:hsqldb:mem:petclinic]
	Database driver: HSQL Database Engine Driver
	Database dialect: HSQLDialect
	Database version: 2.7.3
	Default catalog/schema: PUBLIC/PUBLIC
	Autocommit mode: undefined/unknown
	Isolation level: READ_COMMITTED [default READ_COMMITTED]
	JDBC fetch size: none
	Pool: DataSourceConnectionProvider
	Minimum pool size: undefined/unknown
	Maximum pool size: undefined/unknown
INFO  core - HHH000489: No JTA platform available (set 'hibernate.transaction.jta.platform' to enable JTA platform integration)
INFO  LocalContainerEntityManagerFactoryBean - Initialized JPA EntityManagerFactory for persistence unit 'default'
WARN  InitializeUserDetailsBeanManagerConfigurer$InitializeUserDetailsManagerConfigurer - Global AuthenticationManager configured with an AuthenticationProvider bean. UserDetailsService beans will not be used by Spring Security for automatically configuring username/password login. Consider removing the AuthenticationProvider bean. Alternatively, consider using the UserDetailsService in a manually instantiated DaoAuthenticationProvider. If the current configuration is intentional, to turn off this warning, increase the logging level of 'org.springframework.security.config.annotation.authentication.configuration.InitializeUserDetailsBeanManagerConfigurer' to ERROR
INFO  QueryEnhancerFactories - Hibernate is in classpath; If applicable, HQL parser will be used.
INFO  OFFICE - Loading REST endpoints:
INFO  OFFICE -   GET /
INFO  OFFICE -   GET /api/pets
INFO  OFFICE -   GET /api/vets
INFO  OFFICE -   POST /api/vets
INFO  OFFICE -   POST /api/users
INFO  OFFICE -   GET /api/owners
INFO  OFFICE -   POST /api/owners
INFO  OFFICE -   GET /api/visits
INFO  OFFICE -   POST /api/visits
INFO  OFFICE -   GET /api/v2/pets
INFO  OFFICE -   GET /api/pettypes
INFO  OFFICE -   POST /api/pettypes
INFO  OFFICE -   GET /api/v2/owners
INFO  OFFICE -   GET /api/specialties
INFO  OFFICE -   POST /api/specialties
INFO  OFFICE -   DELETE /api/pets/{petId}
INFO  OFFICE -   GET /api/pets/{petId}
INFO  OFFICE -   PUT /api/pets/{petId}
INFO  OFFICE -   DELETE /api/vets/{vetId}
INFO  OFFICE -   GET /api/vets/{vetId}
INFO  OFFICE -   PUT /api/vets/{vetId}
INFO  OFFICE -   DELETE /api/owners/{ownerId}
INFO  OFFICE -   GET /api/owners/{ownerId}
INFO  OFFICE -   PUT /api/owners/{ownerId}
INFO  OFFICE -   DELETE /api/visits/{visitId}
INFO  OFFICE -   GET /api/visits/{visitId}
INFO  OFFICE -   PUT /api/visits/{visitId}
INFO  OFFICE -   DELETE /api/pettypes/{petTypeId}
INFO  OFFICE -   GET /api/pettypes/{petTypeId}
INFO  OFFICE -   PUT /api/pettypes/{petTypeId}
INFO  OFFICE -   POST /api/owners/{ownerId}/pets
INFO  OFFICE -   DELETE /api/specialties/{specialtyId}
INFO  OFFICE -   GET /api/specialties/{specialtyId}
INFO  OFFICE -   PUT /api/specialties/{specialtyId}
INFO  OFFICE -   GET /api/owners/{ownerId}/pets/{petId}
INFO  OFFICE -   PUT /api/owners/{ownerId}/pets/{petId}
INFO  OFFICE -   POST /api/owners/{ownerId}/pets/{petId}/visits
INFO  OFFICE - OfficeFloor bridging Spring Security
WARN  UserDetailsServiceAutoConfiguration - 

Using generated security password: ed4aad1a-e59b-4d28-b873-47ead17a5405

This generated password is for development use only. Your security configuration must be updated before running your application in production.

INFO  SpringBootMockServletContext - Initializing Spring TestDispatcherServlet ''
INFO  TestDispatcherServlet - Initializing Servlet ''
INFO  EndpointLinksResolver - Exposing 1 endpoint beneath base path '/actuator'
INFO  TestDispatcherServlet - Completed initialization in 18 ms
INFO  Cp12Tests - Started Cp12Tests in 14.551 seconds (process running for 16.738)
WARN  SpringDocAppInitializer - SpringDoc /v3/api-docs endpoint is enabled by default. To disable it in production, set the property 'springdoc.api-docs.enabled=false'
WARN  SpringDocAppInitializer - SpringDoc /swagger-ui.html endpoint is enabled by default. To disable it in production, set the property 'springdoc.swagger-ui.enabled=false'
INFO  AUDIT - Owner created id=11 customerCode=UNKNOWN-F4F6FF62 registrationDate=2026-09-07
INFO  AUDIT - Owner created id=12 customerCode=UNKNOWN-63327EC8 registrationDate=2026-09-07
INFO  AnnotationConfigContextLoaderUtils - Could not detect default configuration classes for test class [org.springframework.samples.petclinic.acceptance.Cp14Tests]: Cp14Tests does not declare any static, non-private, non-final, nested classes annotated with @Configuration.
INFO  SpringBootTestContextBootstrapper - Found @SpringBootConfiguration org.springframework.samples.petclinic.PetClinicApplication for test class org.springframework.samples.petclinic.acceptance.Cp14Tests
INFO  AnnotationConfigContextLoaderUtils - Could not detect default configuration classes for test class [org.springframework.samples.petclinic.acceptance.Cp14Tests]: Cp14Tests does not declare any static, non-private, non-final, nested classes annotated with @Configuration.
INFO  AnnotationConfigContextLoaderUtils - Could not detect default configuration classes for test class [org.springframework.samples.petclinic.acceptance.AcceptanceBase]: AcceptanceBase does not declare any static, non-private, non-final, nested classes annotated with @Configuration.
INFO  SpringBootTestContextBootstrapper - Found @SpringBootConfiguration org.springframework.samples.petclinic.PetClinicApplication for test class org.springframework.samples.petclinic.acceptance.Cp14Tests
INFO  AUDIT - Owner created id=13 customerCode=NSW-F7D0F773 registrationDate=2026-09-07
INFO  AnnotationConfigContextLoaderUtils - Could not detect default configuration classes for test class [org.springframework.samples.petclinic.acceptance.Cp39Tests]: Cp39Tests does not declare any static, non-private, non-final, nested classes annotated with @Configuration.
INFO  SpringBootTestContextBootstrapper - Found @SpringBootConfiguration org.springframework.samples.petclinic.PetClinicApplication for test class org.springframework.samples.petclinic.acceptance.Cp39Tests
INFO  AnnotationConfigContextLoaderUtils - Could not detect default configuration classes for test class [org.springframework.samples.petclinic.acceptance.Cp39Tests]: Cp39Tests does not declare any static, non-private, non-final, nested classes annotated with @Configuration.
INFO  AnnotationConfigContextLoaderUtils - Could not detect default configuration classes for test class [org.springframework.samples.petclinic.acceptance.AcceptanceBase]: AcceptanceBase does not declare any static, non-private, non-final, nested classes annotated with @Configuration.
INFO  SpringBootTestContextBootstrapper - Found @SpringBootConfiguration org.springframework.samples.petclinic.PetClinicApplication for test class org.springframework.samples.petclinic.acceptance.Cp39Tests
INFO  AUDIT - Owner created id=14 customerCode=NSW-0C44CCFD registrationDate=2026-09-07
INFO  AnnotationConfigContextLoaderUtils - Could not detect default configuration classes for test class [org.springframework.samples.petclinic.acceptance.Cp07Tests]: Cp07Tests does not declare any static, non-private, non-final, nested classes annotated with @Configuration.
INFO  SpringBootTestContextBootstrapper - Found @SpringBootConfiguration org.springframework.samples.petclinic.PetClinicApplication for test class org.springframework.samples.petclinic.acceptance.Cp07Tests
INFO  AnnotationConfigContextLoaderUtils - Could not detect default configuration classes for test class [org.springframework.samples.petclinic.acceptance.Cp07Tests]: Cp07Tests does not declare any static, non-private, non-final, nested classes annotated with @Configuration.
INFO  AnnotationConfigContextLoaderUtils - Could not detect default configuration classes for test class [org.springframework.samples.petclinic.acceptance.AcceptanceBase]: AcceptanceBase does not declare any static, non-private, non-final, nested classes annotated with @Configuration.
INFO  SpringBootTestContextBootstrapper - Found @SpringBootConfiguration org.springframework.samples.petclinic.PetClinicApplication for test class org.springframework.samples.petclinic.acceptance.Cp07Tests
INFO  AUDIT - Owner created id=15 customerCode=UNKNOWN-9CD68E3A registrationDate=2026-01-06
INFO  AUDIT - Owner created id=16 customerCode=UNKNOWN-B1D4F110 registrationDate=2026-01-05
INFO  AnnotationConfigContextLoaderUtils - Could not detect default configuration classes for test class [org.springframework.samples.petclinic.acceptance.Cp11Tests]: Cp11Tests does not declare any static, non-private, non-final, nested classes annotated with @Configuration.
INFO  SpringBootTestContextBootstrapper - Found @SpringBootConfiguration org.springframework.samples.petclinic.PetClinicApplication for test class org.springframework.samples.petclinic.acceptance.Cp11Tests
INFO  AnnotationConfigContextLoaderUtils - Could not detect default configuration classes for test class [org.springframework.samples.petclinic.acceptance.Cp11Tests]: Cp11Tests does not declare any static, non-private, non-final, nested classes annotated with @Configuration.
INFO  AnnotationConfigContextLoaderUtils - Could not detect default configuration classes for test class [org.springframework.samples.petclinic.acceptance.AcceptanceBase]: AcceptanceBase does not declare any static, non-private, non-final, nested classes annotated with @Configuration.
INFO  SpringBootTestContextBootstrapper - Found @SpringBootConfiguration org.springframework.samples.petclinic.PetClinicApplication for test class org.springframework.samples.petclinic.acceptance.Cp11Tests
INFO  AUDIT - Owner created id=17 customerCode=NSW-BEFBC09B registrationDate=2026-09-07
INFO  AUDIT - Owner created id=18 customerCode=NSW-CDE30BB1 registrationDate=2026-09-07
INFO  AnnotationConfigContextLoaderUtils - Could not detect default configuration classes for test class [org.springframework.samples.petclinic.acceptance.Cp08Tests]: Cp08Tests does not declare any static, non-private, non-final, nested classes annotated with @Configuration.
INFO  SpringBootTestContextBootstrapper - Found @SpringBootConfiguration org.springframework.samples.petclinic.PetClinicApplication for test class org.springframework.samples.petclinic.acceptance.Cp08Tests
INFO  AnnotationConfigContextLoaderUtils - Could not detect default configuration classes for test class [org.springframework.samples.petclinic.acceptance.Cp08Tests]: Cp08Tests does not declare any static, non-private, non-final, nested classes annotated with @Configuration.
INFO  AnnotationConfigContextLoaderUtils - Could not detect default configuration classes for test class [org.springframework.samples.petclinic.acceptance.AcceptanceBase]: AcceptanceBase does not declare any static, non-private, non-final, nested classes annotated with @Configuration.
INFO  SpringBootTestContextBootstrapper - Found @SpringBootConfiguration org.springframework.samples.petclinic.PetClinicApplication for test class org.springframework.samples.petclinic.acceptance.Cp08Tests
INFO  AUDIT - Owner created id=19 customerCode=UNKNOWN-9653D19E registrationDate=2026-09-07
INFO  AUDIT - Owner created id=20 customerCode=UNKNOWN-150C85E7 registrationDate=2026-09-07
INFO  AnnotationConfigContextLoaderUtils - Could not detect default configuration classes for test class [org.springframework.samples.petclinic.acceptance.Cp32Tests]: Cp32Tests does not declare any static, non-private, non-final, nested classes annotated with @Configuration.
INFO  SpringBootTestContextBootstrapper - Found @SpringBootConfiguration org.springframework.samples.petclinic.PetClinicApplication for test class org.springframework.samples.petclinic.acceptance.Cp32Tests
INFO  AnnotationConfigContextLoaderUtils - Could not detect default configuration classes for test class [org.springframework.samples.petclinic.acceptance.Cp32Tests]: Cp32Tests does not declare any static, non-private, non-final, nested classes annotated with @Configuration.
INFO  AnnotationConfigContextLoaderUtils - Could not detect default configuration classes for test class [org.springframework.samples.petclinic.acceptance.AcceptanceBase]: AcceptanceBase does not declare any static, non-private, non-final, nested classes annotated with @Configuration.
INFO  SpringBootTestContextBootstrapper - Found @SpringBootConfiguration org.springframework.samples.petclinic.PetClinicApplication for test class org.springframework.samples.petclinic.acceptance.Cp32Tests
INFO  AUDIT - Owner created id=21 customerCode=NSW-F5162173 registrationDate=2026-09-07
INFO  AnnotationConfigContextLoaderUtils - Could not detect default configuration classes for test class [org.springframework.samples.petclinic.acceptance.Cp28Tests]: Cp28Tests does not declare any static, non-private, non-final, nested classes annotated with @Configuration.
INFO  SpringBootTestContextBootstrapper - Found @SpringBootConfiguration org.springframework.samples.petclinic.PetClinicApplication for test class org.springframework.samples.petclinic.acceptance.Cp28Tests
INFO  AnnotationConfigContextLoaderUtils - Could not detect default configuration classes for test class [org.springframework.samples.petclinic.acceptance.Cp28Tests]: Cp28Tests does not declare any static, non-private, non-final, nested classes annotated with @Configuration.
INFO  AnnotationConfigContextLoaderUtils - Could not detect default configuration classes for test class [org.springframework.samples.petclinic.acceptance.AcceptanceBase]: AcceptanceBase does not declare any static, non-private, non-final, nested classes annotated with @Configuration.
INFO  SpringBootTestContextBootstrapper - Found @SpringBootConfiguration org.springframework.samples.petclinic.PetClinicApplication for test class org.springframework.samples.petclinic.acceptance.Cp28Tests
INFO  AUDIT - Owner created id=22 customerCode=NSW-289E95BA registrationDate=2026-09-07
INFO  AUDIT - Owner created id=23 customerCode=NSW-289E95BA registrationDate=2026-09-07

MockHttpServletRequest:
      HTTP Method = POST
      Request URI = /api/owners
       Parameters = {}
          Headers = [Content-Type:"application/json;charset=UTF-8", Content-Length:"125"]
             Body = {"firstName":"Test","lastName":"Surbc","address":"56 Test Street","city":"Town57","telephone":"0400000058","postcode":"2000"}
    Session Attrs = {SPRING_SECURITY_CONTEXT=SecurityContextImpl [Authentication=UsernamePasswordAuthenticationToken [Principal=org.springframework.security.core.userdetails.User [Username=acceptance-admin, Password=[PROTECTED], Enabled=true, AccountNonExpired=true, CredentialsNonExpired=true, AccountNonLocked=true, Granted Authorities=[ROLE_ADMIN, ROLE_OWNER_ADMIN, ROLE_VET_ADMIN]], Credentials=[PROTECTED], Authenticated=true, Details=null, Granted Authorities=[ROLE_ADMIN, ROLE_OWNER_ADMIN, ROLE_VET_ADMIN]]]}

Handler:
             Type = org.springframework.web.servlet.resource.ResourceHttpRequestHandler

Async:
    Async started = false
     Async result = null

Resolved Exception:
             Type = null

ModelAndView:
        View name = null
             View = null
            Model = null

FlashMap:
       Attributes = null

MockHttpServletResponse:
           Status = 201
    Error message = null
          Headers = [Location:"/api/owners/22", Content-Type:"application/json", X-Content-Type-Options:"nosniff", X-XSS-Protection:"0", Cache-Control:"no-cache, no-store, max-age=0, must-revalidate", Pragma:"no-cache", Expires:"0", X-Frame-Options:"DENY"]
     Content type = application/json
             Body = {"firstName":"Test","lastName":"Surbc","address":"56 TEST STREET","city":"Town57","telephone":"+61400000058","pets":[],"ageBand":null,"birthDate":null,"bulkSignupWarning":false,"checkDigit":9,"contactPreference":"PHONE","customerCode":"NSW-289E95BA","displayName":"Surbc, Test","email":null,"householdId":"3acd4f375670","id":22,"identityKey":"+61400000058||3acd4f375670","initials":"T.S.","locality":"NSW","membershipLevel":2,"membershipNumber":"NSW-289E95BA-M26","namesakeCount":0,"possibleDuplicate":false,"possibleDuplicateOf":null,"postcode":"2000","registrationDate":"2026-09-07","sharesHousehold":null,"telephoneDisplay":"+61 400 000 058"}
    Forwarded URL = null
   Redirected URL = /api/owners/22
          Cookies = []

MockHttpServletRequest:
      HTTP Method = POST
      Request URI = /api/owners
       Parameters = {}
          Headers = [Content-Type:"application/json;charset=UTF-8", Content-Length:"148"]
             Body = {"firstName":"Test","lastName":"Surbc","address":"56 Test Street","city":"Town57","telephone":"0400000058","postcode":"2000","sharesHousehold":true}
    Session Attrs = {SPRING_SECURITY_CONTEXT=SecurityContextImpl [Authentication=UsernamePasswordAuthenticationToken [Principal=org.springframework.security.core.userdetails.User [Username=acceptance-admin, Password=[PROTECTED], Enabled=true, AccountNonExpired=true, CredentialsNonExpired=true, AccountNonLocked=true, Granted Authorities=[ROLE_ADMIN, ROLE_OWNER_ADMIN, ROLE_VET_ADMIN]], Credentials=[PROTECTED], Authenticated=true, Details=null, Granted Authorities=[ROLE_ADMIN, ROLE_OWNER_ADMIN, ROLE_VET_ADMIN]]]}

Handler:
             Type = org.springframework.web.servlet.resource.ResourceHttpRequestHandler

Async:
    Async started = false
     Async result = null

Resolved Exception:
             Type = null

ModelAndView:
        View name = null
             View = null
            Model = null

FlashMap:
       Attributes = null

MockHttpServletResponse:
           Status = 201
    Error message = null
          Headers = [Location:"/api/owners/23", Content-Type:"application/json", X-Content-Type-Options:"nosniff", X-XSS-Protection:"0", Cache-Control:"no-cache, no-store, max-age=0, must-revalidate", Pragma:"no-cache", Expires:"0", X-Frame-Options:"DENY"]
     Content type = application/json
             Body = {"firstName":"Test","lastName":"Surbc","address":"56 TEST STREET","city":"Town57","telephone":"+61400000058","pets":[],"ageBand":null,"birthDate":null,"bulkSignupWarning":false,"checkDigit":9,"contactPreference":"PHONE","customerCode":"NSW-289E95BA","displayName":"Surbc, Test","email":null,"householdId":"3acd4f375670","id":23,"identityKey":"+61400000058||3acd4f375670","initials":"T.S.","locality":"NSW","membershipLevel":1,"membershipNumber":"NSW-289E95BA-M26","namesakeCount":1,"possibleDuplicate":false,"possibleDuplicateOf":null,"postcode":"2000","registrationDate":"2026-09-07","sharesHousehold":null,"telephoneDisplay":"+61 400 000 058"}
    Forwarded URL = null
   Redirected URL = /api/owners/23
          Cookies = []
[ERROR] Tests run: 1, Failures: 1, Errors: 0, Skipped: 0, Time elapsed: 0.059 s <<< FAILURE! -- in org.springframework.samples.petclinic.acceptance.Cp28Tests
[ERROR] org.springframework.samples.petclinic.acceptance.Cp28Tests.coreIdentityCollisionWithComputedHousehold -- Time elapsed: 0.047 s <<< FAILURE!
java.lang.AssertionError: Status expected:<409> but was:<201>
	at org.springframework.test.util.AssertionErrors.fail(AssertionErrors.java:62)
	at org.springframework.test.util.AssertionErrors.assertEquals(AssertionErrors.java:129)
	at org.springframework.test.web.servlet.result.StatusResultMatchers.lambda$matcher$0(StatusResultMatchers.java:600)
	at org.springframework.test.web.servlet.MockMvc$1.andExpect(MockMvc.java:212)
	at org.springframework.samples.petclinic.acceptance.Cp28Tests.coreIdentityCollisionWithComputedHousehold(Cp28Tests.java:20)

INFO  AnnotationConfigContextLoaderUtils - Could not detect default configuration classes for test class [org.springframework.samples.petclinic.acceptance.Cp09Tests]: Cp09Tests does not declare any static, non-private, non-final, nested classes annotated with @Configuration.
INFO  SpringBootTestContextBootstrapper - Found @SpringBootConfiguration org.springframework.samples.petclinic.PetClinicApplication for test class org.springframework.samples.petclinic.acceptance.Cp09Tests
INFO  AnnotationConfigContextLoaderUtils - Could not detect default configuration classes for test class [org.springframework.samples.petclinic.acceptance.Cp09Tests]: Cp09Tests does not declare any static, non-private, non-final, nested classes annotated with @Configuration.
INFO  AnnotationConfigContextLoaderUtils - Could not detect default configuration classes for test class [org.springframework.samples.petclinic.acceptance.AcceptanceBase]: AcceptanceBase does not declare any static, non-private, non-final, nested classes annotated with @Configuration.
INFO  SpringBootTestContextBootstrapper - Found @SpringBootConfiguration org.springframework.samples.petclinic.PetClinicApplication for test class org.springframework.samples.petclinic.acceptance.Cp09Tests
INFO  AUDIT - Owner created id=24 customerCode=NSW-71CC0AEE registrationDate=2026-09-07
INFO  AnnotationConfigContextLoaderUtils - Could not detect default configuration classes for test class [org.springframework.samples.petclinic.acceptance.Cp24Tests]: Cp24Tests does not declare any static, non-private, non-final, nested classes annotated with @Configuration.
INFO  SpringBootTestContextBootstrapper - Found @SpringBootConfiguration org.springframework.samples.petclinic.PetClinicApplication for test class org.springframework.samples.petclinic.acceptance.Cp24Tests
INFO  AnnotationConfigContextLoaderUtils - Could not detect default configuration classes for test class [org.springframework.samples.petclinic.acceptance.Cp24Tests]: Cp24Tests does not declare any static, non-private, non-final, nested classes annotated with @Configuration.
INFO  AnnotationConfigContextLoaderUtils - Could not detect default configuration classes for test class [org.springframework.samples.petclinic.acceptance.AcceptanceBase]: AcceptanceBase does not declare any static, non-private, non-final, nested classes annotated with @Configuration.
INFO  SpringBootTestContextBootstrapper - Found @SpringBootConfiguration org.springframework.samples.petclinic.PetClinicApplication for test class org.springframework.samples.petclinic.acceptance.Cp24Tests
INFO  AUDIT - Owner created id=25 customerCode=UNKNOWN-411DAA94 registrationDate=2026-09-07
INFO  AnnotationConfigContextLoaderUtils - Could not detect default configuration classes for test class [org.springframework.samples.petclinic.acceptance.Cp21Tests]: Cp21Tests does not declare any static, non-private, non-final, nested classes annotated with @Configuration.
INFO  SpringBootTestContextBootstrapper - Found @SpringBootConfiguration org.springframework.samples.petclinic.PetClinicApplication for test class org.springframework.samples.petclinic.acceptance.Cp21Tests
INFO  AnnotationConfigContextLoaderUtils - Could not detect default configuration classes for test class [org.springframework.samples.petclinic.acceptance.Cp21Tests]: Cp21Tests does not declare any static, non-private, non-final, nested classes annotated with @Configuration.
INFO  AnnotationConfigContextLoaderUtils - Could not detect default configuration classes for test class [org.springframework.samples.petclinic.acceptance.AcceptanceBase]: AcceptanceBase does not declare any static, non-private, non-final, nested classes annotated with @Configuration.
INFO  SpringBootTestContextBootstrapper - Found @SpringBootConfiguration org.springframework.samples.petclinic.PetClinicApplication for test class org.springframework.samples.petclinic.acceptance.Cp21Tests
INFO  AUDIT - Owner created id=26 customerCode=NSW-4433B2D7 registrationDate=2026-09-07
INFO  AnnotationConfigContextLoaderUtils - Could not detect default configuration classes for test class [org.springframework.samples.petclinic.acceptance.Cp27Tests]: Cp27Tests does not declare any static, non-private, non-final, nested classes annotated with @Configuration.
INFO  SpringBootTestContextBootstrapper - Found @SpringBootConfiguration org.springframework.samples.petclinic.PetClinicApplication for test class org.springframework.samples.petclinic.acceptance.Cp27Tests
INFO  AnnotationConfigContextLoaderUtils - Could not detect default configuration classes for test class [org.springframework.samples.petclinic.acceptance.Cp27Tests]: Cp27Tests does not declare any static, non-private, non-final, nested classes annotated with @Configuration.
INFO  AnnotationConfigContextLoaderUtils - Could not detect default configuration classes for test class [org.springframework.samples.petclinic.acceptance.AcceptanceBase]: AcceptanceBase does not declare any static, non-private, non-final, nested classes annotated with @Configuration.
INFO  SpringBootTestContextBootstrapper - Found @SpringBootConfiguration org.springframework.samples.petclinic.PetClinicApplication for test class org.springframework.samples.petclinic.acceptance.Cp27Tests
INFO  AUDIT - Owner created id=27 customerCode=UNKNOWN-92BD52A8 registrationDate=2026-09-07
INFO  AUDIT - Owner created id=28 customerCode=UNKNOWN-D4802E80 registrationDate=2026-09-07
INFO  AnnotationConfigContextLoaderUtils - Could not detect default configuration classes for test class [org.springframework.samples.petclinic.acceptance.Cp33Tests]: Cp33Tests does not declare any static, non-private, non-final, nested classes annotated with @Configuration.
INFO  SpringBootTestContextBootstrapper - Found @SpringBootConfiguration org.springframework.samples.petclinic.PetClinicApplication for test class org.springframework.samples.petclinic.acceptance.Cp33Tests
INFO  AnnotationConfigContextLoaderUtils - Could not detect default configuration classes for test class [org.springframework.samples.petclinic.acceptance.Cp33Tests]: Cp33Tests does not declare any static, non-private, non-final, nested classes annotated with @Configuration.
INFO  AnnotationConfigContextLoaderUtils - Could not detect default configuration classes for test class [org.springframework.samples.petclinic.acceptance.AcceptanceBase]: AcceptanceBase does not declare any static, non-private, non-final, nested classes annotated with @Configuration.
INFO  SpringBootTestContextBootstrapper - Found @SpringBootConfiguration org.springframework.samples.petclinic.PetClinicApplication for test class org.springframework.samples.petclinic.acceptance.Cp33Tests
INFO  AnnotationConfigContextLoaderUtils - Could not detect default configuration classes for test class [org.springframework.samples.petclinic.acceptance.Cp23Tests]: Cp23Tests does not declare any static, non-private, non-final, nested classes annotated with @Configuration.
INFO  SpringBootTestContextBootstrapper - Found @SpringBootConfiguration org.springframework.samples.petclinic.PetClinicApplication for test class org.springframework.samples.petclinic.acceptance.Cp23Tests
INFO  AnnotationConfigContextLoaderUtils - Could not detect default configuration classes for test class [org.springframework.samples.petclinic.acceptance.Cp23Tests]: Cp23Tests does not declare any static, non-private, non-final, nested classes annotated with @Configuration.
INFO  AnnotationConfigContextLoaderUtils - Could not detect default configuration classes for test class [org.springframework.samples.petclinic.acceptance.AcceptanceBase]: AcceptanceBase does not declare any static, non-private, non-final, nested classes annotated with @Configuration.
INFO  SpringBootTestContextBootstrapper - Found @SpringBootConfiguration org.springframework.samples.petclinic.PetClinicApplication for test class org.springframework.samples.petclinic.acceptance.Cp23Tests
INFO  AUDIT - Owner created id=29 customerCode=NSW-2DD0FEB2 registrationDate=2026-09-07
INFO  AUDIT - Owner created id=30 customerCode=NSW-53B21EEF registrationDate=2026-09-07
INFO  AUDIT - Owner created id=31 customerCode=NSW-E910737F registrationDate=2026-09-07
INFO  AnnotationConfigContextLoaderUtils - Could not detect default configuration classes for test class [org.springframework.samples.petclinic.acceptance.Cp05Tests]: Cp05Tests does not declare any static, non-private, non-final, nested classes annotated with @Configuration.
INFO  SpringBootTestContextBootstrapper - Found @SpringBootConfiguration org.springframework.samples.petclinic.PetClinicApplication for test class org.springframework.samples.petclinic.acceptance.Cp05Tests
INFO  AnnotationConfigContextLoaderUtils - Could not detect default configuration classes for test class [org.springframework.samples.petclinic.acceptance.Cp05Tests]: Cp05Tests does not declare any static, non-private, non-final, nested classes annotated with @Configuration.
INFO  AnnotationConfigContextLoaderUtils - Could not detect default configuration classes for test class [org.springframework.samples.petclinic.acceptance.AcceptanceBase]: AcceptanceBase does not declare any static, non-private, non-final, nested classes annotated with @Configuration.
INFO  SpringBootTestContextBootstrapper - Found @SpringBootConfiguration org.springframework.samples.petclinic.PetClinicApplication for test class org.springframework.samples.petclinic.acceptance.Cp05Tests
INFO  AUDIT - Owner created id=32 customerCode=UNKNOWN-FF380C42 registrationDate=2026-09-07
INFO  AnnotationConfigContextLoaderUtils - Could not detect default configuration classes for test class [org.springframework.samples.petclinic.acceptance.Cp03Tests]: Cp03Tests does not declare any static, non-private, non-final, nested classes annotated with @Configuration.
INFO  SpringBootTestContextBootstrapper - Found @SpringBootConfiguration org.springframework.samples.petclinic.PetClinicApplication for test class org.springframework.samples.petclinic.acceptance.Cp03Tests
INFO  AnnotationConfigContextLoaderUtils - Could not detect default configuration classes for test class [org.springframework.samples.petclinic.acceptance.Cp03Tests]: Cp03Tests does not declare any static, non-private, non-final, nested classes annotated with @Configuration.
INFO  AnnotationConfigContextLoaderUtils - Could not detect default configuration classes for test class [org.springframework.samples.petclinic.acceptance.AcceptanceBase]: AcceptanceBase does not declare any static, non-private, non-final, nested classes annotated with @Configuration.
INFO  SpringBootTestContextBootstrapper - Found @SpringBootConfiguration org.springframework.samples.petclinic.PetClinicApplication for test class org.springframework.samples.petclinic.acceptance.Cp03Tests
INFO  AUDIT - Owner created id=33 customerCode=UNKNOWN-CCBD4BFF registrationDate=2026-09-07
INFO  AnnotationConfigContextLoaderUtils - Could not detect default configuration classes for test class [org.springframework.samples.petclinic.acceptance.Cp37Tests]: Cp37Tests does not declare any static, non-private, non-final, nested classes annotated with @Configuration.
INFO  SpringBootTestContextBootstrapper - Found @SpringBootConfiguration org.springframework.samples.petclinic.PetClinicApplication for test class org.springframework.samples.petclinic.acceptance.Cp37Tests
INFO  AnnotationConfigContextLoaderUtils - Could not detect default configuration classes for test class [org.springframework.samples.petclinic.acceptance.Cp37Tests]: Cp37Tests does not declare any static, non-private, non-final, nested classes annotated with @Configuration.
INFO  AnnotationConfigContextLoaderUtils - Could not detect default configuration classes for test class [org.springframework.samples.petclinic.acceptance.AcceptanceBase]: AcceptanceBase does not declare any static, non-private, non-final, nested classes annotated with @Configuration.
INFO  SpringBootTestContextBootstrapper - Found @SpringBootConfiguration org.springframework.samples.petclinic.PetClinicApplication for test class org.springframework.samples.petclinic.acceptance.Cp37Tests
INFO  AUDIT - Owner created id=34 customerCode=UNKNOWN-69A2F2CD registrationDate=2026-09-07
INFO  AnnotationConfigContextLoaderUtils - Could not detect default configuration classes for test class [org.springframework.samples.petclinic.acceptance.Cp04Tests]: Cp04Tests does not declare any static, non-private, non-final, nested classes annotated with @Configuration.
INFO  SpringBootTestContextBootstrapper - Found @SpringBootConfiguration org.springframework.samples.petclinic.PetClinicApplication for test class org.springframework.samples.petclinic.acceptance.Cp04Tests
INFO  AnnotationConfigContextLoaderUtils - Could not detect default configuration classes for test class [org.springframework.samples.petclinic.acceptance.Cp04Tests]: Cp04Tests does not declare any static, non-private, non-final, nested classes annotated with @Configuration.
INFO  AnnotationConfigContextLoaderUtils - Could not detect default configuration classes for test class [org.springframework.samples.petclinic.acceptance.AcceptanceBase]: AcceptanceBase does not declare any static, non-private, non-final, nested classes annotated with @Configuration.
INFO  SpringBootTestContextBootstrapper - Found @SpringBootConfiguration org.springframework.samples.petclinic.PetClinicApplication for test class org.springframework.samples.petclinic.acceptance.Cp04Tests
INFO  AUDIT - Owner created id=35 customerCode=UNKNOWN-46CF5F1F registrationDate=2026-09-07
INFO  AUDIT - Owner created id=36 customerCode=UNKNOWN-9AE5AAC1 registrationDate=2026-09-07
INFO  AnnotationConfigContextLoaderUtils - Could not detect default configuration classes for test class [org.springframework.samples.petclinic.acceptance.Cp31Tests]: Cp31Tests does not declare any static, non-private, non-final, nested classes annotated with @Configuration.
INFO  SpringBootTestContextBootstrapper - Found @SpringBootConfiguration org.springframework.samples.petclinic.PetClinicApplication for test class org.springframework.samples.petclinic.acceptance.Cp31Tests
INFO  AnnotationConfigContextLoaderUtils - Could not detect default configuration classes for test class [org.springframework.samples.petclinic.acceptance.Cp31Tests]: Cp31Tests does not declare any static, non-private, non-final, nested classes annotated with @Configuration.
INFO  AnnotationConfigContextLoaderUtils - Could not detect default configuration classes for test class [org.springframework.samples.petclinic.acceptance.AcceptanceBase]: AcceptanceBase does not declare any static, non-private, non-final, nested classes annotated with @Configuration.
INFO  SpringBootTestContextBootstrapper - Found @SpringBootConfiguration org.springframework.samples.petclinic.PetClinicApplication for test class org.springframework.samples.petclinic.acceptance.Cp31Tests
INFO  AUDIT - Owner created id=37 customerCode=NSW-C27C7C4F registrationDate=2026-09-07
INFO  AnnotationConfigContextLoaderUtils - Could not detect default configuration classes for test class [org.springframework.samples.petclinic.acceptance.Cp18Tests]: Cp18Tests does not declare any static, non-private, non-final, nested classes annotated with @Configuration.
INFO  SpringBootTestContextBootstrapper - Found @SpringBootConfiguration org.springframework.samples.petclinic.PetClinicApplication for test class org.springframework.samples.petclinic.acceptance.Cp18Tests
INFO  AnnotationConfigContextLoaderUtils - Could not detect default configuration classes for test class [org.springframework.samples.petclinic.acceptance.Cp18Tests]: Cp18Tests does not declare any static, non-private, non-final, nested classes annotated with @Configuration.
INFO  AnnotationConfigContextLoaderUtils - Could not detect default configuration classes for test class [org.springframework.samples.petclinic.acceptance.AcceptanceBase]: AcceptanceBase does not declare any static, non-private, non-final, nested classes annotated with @Configuration.
INFO  SpringBootTestContextBootstrapper - Found @SpringBootConfiguration org.springframework.samples.petclinic.PetClinicApplication for test class org.springframework.samples.petclinic.acceptance.Cp18Tests
INFO  AUDIT - Owner created id=38 customerCode=UNKNOWN-7692DCDA registrationDate=2026-09-07
INFO  AUDIT - Owner created id=39 customerCode=UNKNOWN-F33D7F3E registrationDate=2026-09-07
INFO  AUDIT - Owner created id=40 customerCode=UNKNOWN-425DE87E registrationDate=2026-09-07
INFO  AUDIT - Owner created id=41 customerCode=UNKNOWN-91B1606E registrationDate=2026-09-07
INFO  AUDIT - Owner created id=42 customerCode=UNKNOWN-E3EDDA01 registrationDate=2026-09-07
INFO  AUDIT - Owner created id=43 customerCode=UNKNOWN-740558C7 registrationDate=2026-09-07
INFO  AUDIT - Owner created id=44 customerCode=UNKNOWN-A5588F09 registrationDate=2026-09-07
INFO  AUDIT - Owner created id=45 customerCode=UNKNOWN-A4118957 registrationDate=2026-09-07
INFO  AUDIT - Owner created id=46 customerCode=UNKNOWN-29EBF669 registrationDate=2026-09-07
INFO  AUDIT - Owner created id=47 customerCode=UNKNOWN-B51CAA96 registrationDate=2026-09-07
INFO  AUDIT - Owner created id=48 customerCode=UNKNOWN-EC5BD7B5 registrationDate=2026-09-07
INFO  AUDIT - Owner created id=49 customerCode=UNKNOWN-BE3788CE registrationDate=2026-09-07
INFO  AUDIT - Owner created id=50 customerCode=UNKNOWN-54BB7CB3 registrationDate=2026-09-07
INFO  AUDIT - Owner created id=51 customerCode=UNKNOWN-B1CC34FD registrationDate=2026-09-07
INFO  AUDIT - Owner created id=52 customerCode=UNKNOWN-FAED1507 registrationDate=2026-09-07
INFO  AUDIT - Owner created id=53 customerCode=UNKNOWN-EAD71F41 registrationDate=2026-09-07
INFO  AUDIT - Owner created id=54 customerCode=UNKNOWN-6E1BF428 registrationDate=2026-09-07
INFO  AUDIT - Owner created id=55 customerCode=UNKNOWN-933DE6B3 registrationDate=2026-09-07
INFO  AUDIT - Owner created id=56 customerCode=UNKNOWN-28E8311D registrationDate=2026-09-07
INFO  AUDIT - Owner created id=57 customerCode=UNKNOWN-48E11A01 registrationDate=2026-09-07
INFO  AUDIT - Owner created id=58 customerCode=UNKNOWN-AC59B6E2 registrationDate=2026-09-07
INFO  AUDIT - Owner created id=59 customerCode=UNKNOWN-7E7FDE6F registrationDate=2026-09-07
INFO  AUDIT - Owner created id=60 customerCode=UNKNOWN-597A8622 registrationDate=2026-09-07
INFO  AUDIT - Owner created id=61 customerCode=UNKNOWN-F85265DF registrationDate=2026-09-07
INFO  AUDIT - Owner created id=62 customerCode=UNKNOWN-6642F4CE registrationDate=2026-09-07
INFO  AUDIT - Owner created id=63 customerCode=UNKNOWN-F2DE4704 registrationDate=2026-09-07
INFO  AUDIT - Owner created id=64 customerCode=UNKNOWN-82FD995A registrationDate=2026-09-07
INFO  AUDIT - Owner created id=65 customerCode=UNKNOWN-848BA44D registrationDate=2026-09-07
INFO  AUDIT - Owner created id=66 customerCode=UNKNOWN-C60CDFC4 registrationDate=2026-09-07
INFO  AUDIT - Owner created id=67 customerCode=UNKNOWN-98D05CFA registrationDate=2026-09-07
INFO  AUDIT - Owner created id=68 customerCode=UNKNOWN-2BC3574B registrationDate=2026-09-07
INFO  AUDIT - Owner created id=69 customerCode=UNKNOWN-FC76B5E5 registrationDate=2026-09-07
INFO  AUDIT - Owner created id=70 customerCode=UNKNOWN-F2905EB5 registrationDate=2026-09-07
INFO  AUDIT - Owner created id=71 customerCode=UNKNOWN-3BD72B85 registrationDate=2026-09-07
INFO  AUDIT - Owner created id=72 customerCode=UNKNOWN-01081DA6 registrationDate=2026-09-07
INFO  AUDIT - Owner created id=73 customerCode=UNKNOWN-8378BC13 registrationDate=2026-09-07
INFO  AUDIT - Owner created id=74 customerCode=UNKNOWN-AC91E560 registrationDate=2026-09-07
INFO  AUDIT - Owner created id=75 customerCode=UNKNOWN-A2D12C2B registrationDate=2026-09-07
INFO  AUDIT - Owner created id=76 customerCode=UNKNOWN-D78B4F88 registrationDate=2026-09-07
INFO  AUDIT - Owner created id=77 customerCode=UNKNOWN-ED38F842 registrationDate=2026-09-07
INFO  AUDIT - Owner created id=78 customerCode=UNKNOWN-B5B1D482 registrationDate=2026-09-07
INFO  AUDIT - Owner created id=79 customerCode=UNKNOWN-BC5785AE registrationDate=2026-09-07
INFO  AUDIT - Owner created id=80 customerCode=UNKNOWN-A572CBB7 registrationDate=2026-09-07
INFO  AUDIT - Owner created id=81 customerCode=UNKNOWN-DA2DEFCE registrationDate=2026-09-07
INFO  AUDIT - Owner created id=82 customerCode=UNKNOWN-0B086A46 registrationDate=2026-09-07
INFO  AUDIT - Owner created id=83 customerCode=UNKNOWN-0BBA6A05 registrationDate=2026-09-07
INFO  AUDIT - Owner created id=84 customerCode=UNKNOWN-67D3F596 registrationDate=2026-09-07
INFO  AUDIT - Owner created id=85 customerCode=UNKNOWN-A40331F0 registrationDate=2026-09-07
INFO  AUDIT - Owner created id=86 customerCode=UNKNOWN-4842D4B5 registrationDate=2026-09-07
INFO  AUDIT - Owner created id=87 customerCode=UNKNOWN-FF828AB8 registrationDate=2026-09-07
INFO  AnnotationConfigContextLoaderUtils - Could not detect default configuration classes for test class [org.springframework.samples.petclinic.acceptance.Cp29Tests]: Cp29Tests does not declare any static, non-private, non-final, nested classes annotated with @Configuration.
INFO  SpringBootTestContextBootstrapper - Found @SpringBootConfiguration org.springframework.samples.petclinic.PetClinicApplication for test class org.springframework.samples.petclinic.acceptance.Cp29Tests
INFO  AnnotationConfigContextLoaderUtils - Could not detect default configuration classes for test class [org.springframework.samples.petclinic.acceptance.Cp29Tests]: Cp29Tests does not declare any static, non-private, non-final, nested classes annotated with @Configuration.
INFO  AnnotationConfigContextLoaderUtils - Could not detect default configuration classes for test class [org.springframework.samples.petclinic.acceptance.AcceptanceBase]: AcceptanceBase does not declare any static, non-private, non-final, nested classes annotated with @Configuration.
INFO  SpringBootTestContextBootstrapper - Found @SpringBootConfiguration org.springframework.samples.petclinic.PetClinicApplication for test class org.springframework.samples.petclinic.acceptance.Cp29Tests
INFO  AUDIT - Owner created id=88 customerCode=NSW-DD3FCED5 registrationDate=2026-09-07
INFO  AUDIT - Owner created id=89 customerCode=UNKNOWN-E25B8BA8 registrationDate=2026-09-07
INFO  AnnotationConfigContextLoaderUtils - Could not detect default configuration classes for test class [org.springframework.samples.petclinic.acceptance.Cp25Tests]: Cp25Tests does not declare any static, non-private, non-final, nested classes annotated with @Configuration.
INFO  SpringBootTestContextBootstrapper - Found @SpringBootConfiguration org.springframework.samples.petclinic.PetClinicApplication for test class org.springframework.samples.petclinic.acceptance.Cp25Tests
INFO  AnnotationConfigContextLoaderUtils - Could not detect default configuration classes for test class [org.springframework.samples.petclinic.acceptance.Cp25Tests]: Cp25Tests does not declare any static, non-private, non-final, nested classes annotated with @Configuration.
INFO  AnnotationConfigContextLoaderUtils - Could not detect default configuration classes for test class [org.springframework.samples.petclinic.acceptance.AcceptanceBase]: AcceptanceBase does not declare any static, non-private, non-final, nested classes annotated with @Configuration.
INFO  SpringBootTestContextBootstrapper - Found @SpringBootConfiguration org.springframework.samples.petclinic.PetClinicApplication for test class org.springframework.samples.petclinic.acceptance.Cp25Tests
INFO  AUDIT - Owner created id=90 customerCode=UNKNOWN-5BAB0281 registrationDate=2026-09-07
INFO  AnnotationConfigContextLoaderUtils - Could not detect default configuration classes for test class [org.springframework.samples.petclinic.acceptance.Cp36Tests]: Cp36Tests does not declare any static, non-private, non-final, nested classes annotated with @Configuration.
INFO  SpringBootTestContextBootstrapper - Found @SpringBootConfiguration org.springframework.samples.petclinic.PetClinicApplication for test class org.springframework.samples.petclinic.acceptance.Cp36Tests
INFO  AnnotationConfigContextLoaderUtils - Could not detect default configuration classes for test class [org.springframework.samples.petclinic.acceptance.Cp36Tests]: Cp36Tests does not declare any static, non-private, non-final, nested classes annotated with @Configuration.
INFO  AnnotationConfigContextLoaderUtils - Could not detect default configuration classes for test class [org.springframework.samples.petclinic.acceptance.AcceptanceBase]: AcceptanceBase does not declare any static, non-private, non-final, nested classes annotated with @Configuration.
INFO  SpringBootTestContextBootstrapper - Found @SpringBootConfiguration org.springframework.samples.petclinic.PetClinicApplication for test class org.springframework.samples.petclinic.acceptance.Cp36Tests
INFO  AUDIT - Owner created id=91 customerCode=NSW-1F06C5E9 registrationDate=2026-09-07
INFO  AUDIT - Owner created id=92 customerCode=NSW-A172C165 registrationDate=2026-09-07
INFO  AUDIT - Owner created id=93 customerCode=NSW-BE115AFA registrationDate=2026-09-07
INFO  AnnotationConfigContextLoaderUtils - Could not detect default configuration classes for test class [org.springframework.samples.petclinic.acceptance.Cp30Tests]: Cp30Tests does not declare any static, non-private, non-final, nested classes annotated with @Configuration.
INFO  SpringBootTestContextBootstrapper - Found @SpringBootConfiguration org.springframework.samples.petclinic.PetClinicApplication for test class org.springframework.samples.petclinic.acceptance.Cp30Tests
INFO  AnnotationConfigContextLoaderUtils - Could not detect default configuration classes for test class [org.springframework.samples.petclinic.acceptance.Cp30Tests]: Cp30Tests does not declare any static, non-private, non-final, nested classes annotated with @Configuration.
INFO  AnnotationConfigContextLoaderUtils - Could not detect default configuration classes for test class [org.springframework.samples.petclinic.acceptance.AcceptanceBase]: AcceptanceBase does not declare any static, non-private, non-final, nested classes annotated with @Configuration.
INFO  SpringBootTestContextBootstrapper - Found @SpringBootConfiguration org.springframework.samples.petclinic.PetClinicApplication for test class org.springframework.samples.petclinic.acceptance.Cp30Tests
INFO  AUDIT - Owner created id=94 customerCode=VIC-CF83970F registrationDate=2026-09-07
INFO  AUDIT - Owner created id=95 customerCode=NSW-55217EA9 registrationDate=2026-09-07
INFO  AnnotationConfigContextLoaderUtils - Could not detect default configuration classes for test class [org.springframework.samples.petclinic.acceptance.Cp38Tests]: Cp38Tests does not declare any static, non-private, non-final, nested classes annotated with @Configuration.
INFO  SpringBootTestContextBootstrapper - Found @SpringBootConfiguration org.springframework.samples.petclinic.PetClinicApplication for test class org.springframework.samples.petclinic.acceptance.Cp38Tests
INFO  AnnotationConfigContextLoaderUtils - Could not detect default configuration classes for test class [org.springframework.samples.petclinic.acceptance.Cp38Tests]: Cp38Tests does not declare any static, non-private, non-final, nested classes annotated with @Configuration.
INFO  AnnotationConfigContextLoaderUtils - Could not detect default configuration classes for test class [org.springframework.samples.petclinic.acceptance.AcceptanceBase]: AcceptanceBase does not declare any static, non-private, non-final, nested classes annotated with @Configuration.
INFO  SpringBootTestContextBootstrapper - Found @SpringBootConfiguration org.springframework.samples.petclinic.PetClinicApplication for test class org.springframework.samples.petclinic.acceptance.Cp38Tests
INFO  AnnotationConfigContextLoaderUtils - Could not detect default configuration classes for test class [org.springframework.samples.petclinic.acceptance.Cp19Tests]: Cp19Tests does not declare any static, non-private, non-final, nested classes annotated with @Configuration.
INFO  SpringBootTestContextBootstrapper - Found @SpringBootConfiguration org.springframework.samples.petclinic.PetClinicApplication for test class org.springframework.samples.petclinic.acceptance.Cp19Tests
INFO  AnnotationConfigContextLoaderUtils - Could not detect default configuration classes for test class [org.springframework.samples.petclinic.acceptance.Cp19Tests]: Cp19Tests does not declare any static, non-private, non-final, nested classes annotated with @Configuration.
INFO  AnnotationConfigContextLoaderUtils - Could not detect default configuration classes for test class [org.springframework.samples.petclinic.acceptance.AcceptanceBase]: AcceptanceBase does not declare any static, non-private, non-final, nested classes annotated with @Configuration.
INFO  SpringBootTestContextBootstrapper - Found @SpringBootConfiguration org.springframework.samples.petclinic.PetClinicApplication for test class org.springframework.samples.petclinic.acceptance.Cp19Tests
INFO  AUDIT - Owner created id=96 customerCode=UNKNOWN-D41A0A7D registrationDate=2026-09-07
INFO  AUDIT - Owner created id=97 customerCode=UNKNOWN-3B26E067 registrationDate=2026-09-07
INFO  AUDIT - Owner created id=98 customerCode=UNKNOWN-813ADA06 registrationDate=2026-09-07
INFO  AUDIT - Owner created id=99 customerCode=UNKNOWN-7D59CF8B registrationDate=2026-09-07
INFO  AUDIT - Owner created id=100 customerCode=UNKNOWN-12125B65 registrationDate=2026-09-07
INFO  AUDIT - Owner created id=101 customerCode=UNKNOWN-2547FC16 registrationDate=2026-09-07
INFO  AUDIT - Owner created id=102 customerCode=UNKNOWN-55FC1F22 registrationDate=2026-09-07
INFO  AUDIT - Owner created id=103 customerCode=UNKNOWN-E10839FD registrationDate=2026-09-07
INFO  AUDIT - Owner created id=104 customerCode=UNKNOWN-12810B66 registrationDate=2026-09-07
INFO  AUDIT - Owner created id=105 customerCode=UNKNOWN-A20F658D registrationDate=2026-09-07
INFO  AUDIT - Owner created id=106 customerCode=UNKNOWN-AAA6E049 registrationDate=2026-09-07
INFO  AUDIT - Owner created id=107 customerCode=UNKNOWN-4C6669B8 registrationDate=2026-09-07
INFO  AUDIT - Owner created id=108 customerCode=UNKNOWN-225009C6 registrationDate=2026-09-07
INFO  AUDIT - Owner created id=109 customerCode=UNKNOWN-C7F844B9 registrationDate=2026-09-07
INFO  AUDIT - Owner created id=110 customerCode=UNKNOWN-9071210A registrationDate=2026-09-07
INFO  AUDIT - Owner created id=111 customerCode=UNKNOWN-8C95896F registrationDate=2026-09-07
INFO  AUDIT - Owner created id=112 customerCode=UNKNOWN-457B4AC0 registrationDate=2026-09-07
INFO  AUDIT - Owner created id=113 customerCode=UNKNOWN-F88FE582 registrationDate=2026-09-07
INFO  AUDIT - Owner created id=114 customerCode=UNKNOWN-E25648A0 registrationDate=2026-09-07
INFO  AUDIT - Owner created id=115 customerCode=UNKNOWN-DECE9083 registrationDate=2026-09-07
INFO  AUDIT - Owner created id=116 customerCode=UNKNOWN-CA0AFF7B registrationDate=2026-09-07
INFO  AUDIT - Owner created id=117 customerCode=UNKNOWN-0CBB2884 registrationDate=2026-09-07
INFO  AUDIT - Owner created id=118 customerCode=UNKNOWN-511D9320 registrationDate=2026-09-07
INFO  AUDIT - Owner created id=119 customerCode=UNKNOWN-8C325E0B registrationDate=2026-09-07
INFO  AUDIT - Owner created id=120 customerCode=UNKNOWN-57A4A66C registrationDate=2026-09-07
INFO  AUDIT - Owner created id=121 customerCode=UNKNOWN-9A1816FF registrationDate=2026-09-07
INFO  AUDIT - Owner created id=122 customerCode=UNKNOWN-53B75E70 registrationDate=2026-09-07
INFO  AUDIT - Owner created id=123 customerCode=UNKNOWN-460DD6C3 registrationDate=2026-09-07
INFO  AUDIT - Owner created id=124 customerCode=UNKNOWN-FB7B19D6 registrationDate=2026-09-07
INFO  AUDIT - Owner created id=125 customerCode=UNKNOWN-EB2E36B5 registrationDate=2026-09-07
INFO  AUDIT - Owner created id=126 customerCode=UNKNOWN-5A6834DC registrationDate=2026-09-07
INFO  AUDIT - Owner created id=127 customerCode=UNKNOWN-AED93CF2 registrationDate=2026-09-07
INFO  AUDIT - Owner created id=128 customerCode=UNKNOWN-9D529D10 registrationDate=2026-09-07
INFO  AUDIT - Owner created id=129 customerCode=UNKNOWN-ACF2EEE2 registrationDate=2026-09-07
INFO  AUDIT - Owner created id=130 customerCode=UNKNOWN-B3716C77 registrationDate=2026-09-07
INFO  AUDIT - Owner created id=131 customerCode=UNKNOWN-6F31459D registrationDate=2026-09-07
INFO  AUDIT - Owner created id=132 customerCode=UNKNOWN-5E82C740 registrationDate=2026-09-07
INFO  AUDIT - Owner created id=133 customerCode=UNKNOWN-B15BD037 registrationDate=2026-09-07
INFO  AUDIT - Owner created id=134 customerCode=UNKNOWN-C4F0CA97 registrationDate=2026-09-07
INFO  AUDIT - Owner created id=135 customerCode=UNKNOWN-C5084E7A registrationDate=2026-09-07
INFO  AUDIT - Owner created id=136 customerCode=UNKNOWN-8D645782 registrationDate=2026-09-07
INFO  AUDIT - Owner created id=137 customerCode=UNKNOWN-14C47B9A registrationDate=2026-09-07
INFO  AUDIT - Owner created id=138 customerCode=UNKNOWN-83D16F52 registrationDate=2026-09-07
INFO  AUDIT - Owner created id=139 customerCode=UNKNOWN-8F6DC290 registrationDate=2026-09-07
INFO  AUDIT - Owner created id=140 customerCode=UNKNOWN-4F4F1786 registrationDate=2026-09-07
INFO  AUDIT - Owner created id=141 customerCode=UNKNOWN-B866D877 registrationDate=2026-09-07
INFO  AUDIT - Owner created id=142 customerCode=UNKNOWN-E48CBFCB registrationDate=2026-09-07
INFO  AUDIT - Owner created id=143 customerCode=UNKNOWN-41B801C2 registrationDate=2026-09-07
INFO  AUDIT - Owner created id=144 customerCode=UNKNOWN-AFD0A221 registrationDate=2026-09-07
INFO  AUDIT - Owner created id=145 customerCode=UNKNOWN-28C3009C registrationDate=2026-09-07
INFO  AUDIT - Owner created id=146 customerCode=UNKNOWN-53B69F5C registrationDate=2026-09-07
INFO  AUDIT - Owner created id=147 customerCode=UNKNOWN-C754C922 registrationDate=2026-09-07
INFO  AUDIT - Owner created id=148 customerCode=UNKNOWN-C3DC785C registrationDate=2026-09-07
INFO  AUDIT - Owner created id=149 customerCode=UNKNOWN-9EDC1ED3 registrationDate=2026-09-07
INFO  AUDIT - Owner created id=150 customerCode=UNKNOWN-656152AF registrationDate=2026-09-07
INFO  AUDIT - Owner created id=151 customerCode=UNKNOWN-245D108E registrationDate=2026-09-07
INFO  AUDIT - Owner created id=152 customerCode=UNKNOWN-0BCC936E registrationDate=2026-09-07
INFO  AUDIT - Owner created id=153 customerCode=UNKNOWN-7F3F5CB5 registrationDate=2026-09-07
INFO  AUDIT - Owner created id=154 customerCode=UNKNOWN-B464F04C registrationDate=2026-09-07
INFO  AUDIT - Owner created id=155 customerCode=UNKNOWN-B333BFEE registrationDate=2026-09-07
INFO  AUDIT - Owner created id=156 customerCode=UNKNOWN-96B097F9 registrationDate=2026-09-07
INFO  AUDIT - Owner created id=157 customerCode=UNKNOWN-C26A4C30 registrationDate=2026-09-07
INFO  AUDIT - Owner created id=158 customerCode=UNKNOWN-1103FABC registrationDate=2026-09-07
INFO  AUDIT - Owner created id=159 customerCode=UNKNOWN-8F141F3F registrationDate=2026-09-07
INFO  AUDIT - Owner created id=160 customerCode=UNKNOWN-A9315F86 registrationDate=2026-09-07
INFO  AUDIT - Owner created id=161 customerCode=UNKNOWN-D83C8382 registrationDate=2026-09-07
INFO  AUDIT - Owner created id=162 customerCode=UNKNOWN-B26BCE66 registrationDate=2026-09-07
INFO  AUDIT - Owner created id=163 customerCode=UNKNOWN-F907042F registrationDate=2026-09-07
INFO  AUDIT - Owner created id=164 customerCode=UNKNOWN-7FC496BC registrationDate=2026-09-07
INFO  AUDIT - Owner created id=165 customerCode=UNKNOWN-F49A9D20 registrationDate=2026-09-07
INFO  AUDIT - Owner created id=166 customerCode=UNKNOWN-88FBD52B registrationDate=2026-09-07
INFO  AUDIT - Owner created id=167 customerCode=UNKNOWN-58291519 registrationDate=2026-09-07
INFO  AUDIT - Owner created id=168 customerCode=UNKNOWN-C5514508 registrationDate=2026-09-07
INFO  AUDIT - Owner created id=169 customerCode=UNKNOWN-985D5F3E registrationDate=2026-09-07
INFO  AUDIT - Owner created id=170 customerCode=UNKNOWN-98D9DCCD registrationDate=2026-09-07
INFO  AUDIT - Owner created id=171 customerCode=UNKNOWN-E6ACE644 registrationDate=2026-09-07
INFO  AUDIT - Owner created id=172 customerCode=UNKNOWN-E254570B registrationDate=2026-09-07
INFO  AUDIT - Owner created id=173 customerCode=UNKNOWN-F048928F registrationDate=2026-09-07
INFO  AUDIT - Owner created id=174 customerCode=UNKNOWN-E083922C registrationDate=2026-09-07
INFO  AUDIT - Owner created id=175 customerCode=UNKNOWN-2A1A0254 registrationDate=2026-09-07
INFO  AUDIT - Owner created id=176 customerCode=UNKNOWN-B5D9DBB7 registrationDate=2026-09-07
INFO  AUDIT - Owner created id=177 customerCode=UNKNOWN-9B60C4C6 registrationDate=2026-09-07
INFO  AUDIT - Owner created id=178 customerCode=UNKNOWN-1F0750EF registrationDate=2026-09-07
INFO  AUDIT - Owner created id=179 customerCode=UNKNOWN-3E2266C6 registrationDate=2026-09-07
INFO  AUDIT - Owner created id=180 customerCode=UNKNOWN-9948FD4B registrationDate=2026-09-07
INFO  AUDIT - Owner created id=181 customerCode=UNKNOWN-52E7989E registrationDate=2026-09-07
INFO  AUDIT - Owner created id=182 customerCode=UNKNOWN-BE896FD4 registrationDate=2026-09-07
INFO  AUDIT - Owner created id=183 customerCode=UNKNOWN-BB9FB7B9 registrationDate=2026-09-07
INFO  AUDIT - Owner created id=184 customerCode=UNKNOWN-FA022719 registrationDate=2026-09-07
INFO  AUDIT - Owner created id=185 customerCode=UNKNOWN-E62F6CC4 registrationDate=2026-09-07
INFO  AUDIT - Owner created id=186 customerCode=UNKNOWN-CFE06DA9 registrationDate=2026-09-07
INFO  AUDIT - Owner created id=187 customerCode=UNKNOWN-53803B47 registrationDate=2026-09-07
INFO  AUDIT - Owner created id=188 customerCode=UNKNOWN-49889DC4 registrationDate=2026-09-07
INFO  AUDIT - Owner created id=189 customerCode=UNKNOWN-8F0E1676 registrationDate=2026-09-07
INFO  AUDIT - Owner created id=190 customerCode=UNKNOWN-11E6C59F registrationDate=2026-09-07
INFO  AUDIT - Owner created id=191 customerCode=UNKNOWN-3107EFBA registrationDate=2026-09-07
INFO  AUDIT - Owner created id=192 customerCode=UNKNOWN-829B3BAC registrationDate=2026-09-07
INFO  AUDIT - Owner created id=193 customerCode=UNKNOWN-219458E5 registrationDate=2026-09-07
INFO  AUDIT - Owner created id=194 customerCode=UNKNOWN-0F0DE006 registrationDate=2026-09-07
INFO  AUDIT - Owner created id=195 customerCode=UNKNOWN-779D69B5 registrationDate=2026-09-07
INFO  AnnotationConfigContextLoaderUtils - Could not detect default configuration classes for test class [org.springframework.samples.petclinic.acceptance.Cp22Tests]: Cp22Tests does not declare any static, non-private, non-final, nested classes annotated with @Configuration.
INFO  SpringBootTestContextBootstrapper - Found @SpringBootConfiguration org.springframework.samples.petclinic.PetClinicApplication for test class org.springframework.samples.petclinic.acceptance.Cp22Tests
INFO  AnnotationConfigContextLoaderUtils - Could not detect default configuration classes for test class [org.springframework.samples.petclinic.acceptance.Cp22Tests]: Cp22Tests does not declare any static, non-private, non-final, nested classes annotated with @Configuration.
INFO  AnnotationConfigContextLoaderUtils - Could not detect default configuration classes for test class [org.springframework.samples.petclinic.acceptance.AcceptanceBase]: AcceptanceBase does not declare any static, non-private, non-final, nested classes annotated with @Configuration.
INFO  SpringBootTestContextBootstrapper - Found @SpringBootConfiguration org.springframework.samples.petclinic.PetClinicApplication for test class org.springframework.samples.petclinic.acceptance.Cp22Tests
INFO  AUDIT - Owner created id=196 customerCode=UNKNOWN-2BC32666 registrationDate=2026-09-07
INFO  AnnotationConfigContextLoaderUtils - Could not detect default configuration classes for test class [org.springframework.samples.petclinic.acceptance.Cp13Tests]: Cp13Tests does not declare any static, non-private, non-final, nested classes annotated with @Configuration.
INFO  SpringBootTestContextBootstrapper - Found @SpringBootConfiguration org.springframework.samples.petclinic.PetClinicApplication for test class org.springframework.samples.petclinic.acceptance.Cp13Tests
INFO  AnnotationConfigContextLoaderUtils - Could not detect default configuration classes for test class [org.springframework.samples.petclinic.acceptance.Cp13Tests]: Cp13Tests does not declare any static, non-private, non-final, nested classes annotated with @Configuration.
INFO  AnnotationConfigContextLoaderUtils - Could not detect default configuration classes for test class [org.springframework.samples.petclinic.acceptance.AcceptanceBase]: AcceptanceBase does not declare any static, non-private, non-final, nested classes annotated with @Configuration.
INFO  SpringBootTestContextBootstrapper - Found @SpringBootConfiguration org.springframework.samples.petclinic.PetClinicApplication for test class org.springframework.samples.petclinic.acceptance.Cp13Tests
INFO  AUDIT - Owner created id=197 customerCode=NSW-2FA83D54 registrationDate=2026-09-07
INFO  AUDIT - Owner created id=198 customerCode=NSW-46825595 registrationDate=2026-09-07
INFO  AnnotationConfigContextLoaderUtils - Could not detect default configuration classes for test class [org.springframework.samples.petclinic.acceptance.Cp01Tests]: Cp01Tests does not declare any static, non-private, non-final, nested classes annotated with @Configuration.
INFO  SpringBootTestContextBootstrapper - Found @SpringBootConfiguration org.springframework.samples.petclinic.PetClinicApplication for test class org.springframework.samples.petclinic.acceptance.Cp01Tests
INFO  AnnotationConfigContextLoaderUtils - Could not detect default configuration classes for test class [org.springframework.samples.petclinic.acceptance.Cp01Tests]: Cp01Tests does not declare any static, non-private, non-final, nested classes annotated with @Configuration.
INFO  AnnotationConfigContextLoaderUtils - Could not detect default configuration classes for test class [org.springframework.samples.petclinic.acceptance.AcceptanceBase]: AcceptanceBase does not declare any static, non-private, non-final, nested classes annotated with @Configuration.
INFO  SpringBootTestContextBootstrapper - Found @SpringBootConfiguration org.springframework.samples.petclinic.PetClinicApplication for test class org.springframework.samples.petclinic.acceptance.Cp01Tests
INFO  AnnotationConfigContextLoaderUtils - Could not detect default configuration classes for test class [org.springframework.samples.petclinic.acceptance.Cp34Tests]: Cp34Tests does not declare any static, non-private, non-final, nested classes annotated with @Configuration.
INFO  SpringBootTestContextBootstrapper - Found @SpringBootConfiguration org.springframework.samples.petclinic.PetClinicApplication for test class org.springframework.samples.petclinic.acceptance.Cp34Tests
INFO  AnnotationConfigContextLoaderUtils - Could not detect default configuration classes for test class [org.springframework.samples.petclinic.acceptance.Cp34Tests]: Cp34Tests does not declare any static, non-private, non-final, nested classes annotated with @Configuration.
INFO  AnnotationConfigContextLoaderUtils - Could not detect default configuration classes for test class [org.springframework.samples.petclinic.acceptance.AcceptanceBase]: AcceptanceBase does not declare any static, non-private, non-final, nested classes annotated with @Configuration.
INFO  SpringBootTestContextBootstrapper - Found @SpringBootConfiguration org.springframework.samples.petclinic.PetClinicApplication for test class org.springframework.samples.petclinic.acceptance.Cp34Tests
INFO  AUDIT - Owner created id=199 customerCode=UNKNOWN-B7EF6264 registrationDate=2026-09-07
INFO  AnnotationConfigContextLoaderUtils - Could not detect default configuration classes for test class [org.springframework.samples.petclinic.acceptance.Cp35Tests]: Cp35Tests does not declare any static, non-private, non-final, nested classes annotated with @Configuration.
INFO  SpringBootTestContextBootstrapper - Found @SpringBootConfiguration org.springframework.samples.petclinic.PetClinicApplication for test class org.springframework.samples.petclinic.acceptance.Cp35Tests
INFO  AnnotationConfigContextLoaderUtils - Could not detect default configuration classes for test class [org.springframework.samples.petclinic.acceptance.Cp35Tests]: Cp35Tests does not declare any static, non-private, non-final, nested classes annotated with @Configuration.
INFO  AnnotationConfigContextLoaderUtils - Could not detect default configuration classes for test class [org.springframework.samples.petclinic.acceptance.AcceptanceBase]: AcceptanceBase does not declare any static, non-private, non-final, nested classes annotated with @Configuration.
INFO  SpringBootTestContextBootstrapper - Found @SpringBootConfiguration org.springframework.samples.petclinic.PetClinicApplication for test class org.springframework.samples.petclinic.acceptance.Cp35Tests
INFO  AUDIT - Owner created id=200 customerCode=NSW-446C5CDD registrationDate=2026-09-07
INFO  AUDIT - Owner created id=201 customerCode=NSW-6FC63F5B registrationDate=2026-09-07
INFO  AUDIT - Owner created id=202 customerCode=NSW-685C70F6 registrationDate=2026-09-07
INFO  AnnotationConfigContextLoaderUtils - Could not detect default configuration classes for test class [org.springframework.samples.petclinic.acceptance.Cp02Tests]: Cp02Tests does not declare any static, non-private, non-final, nested classes annotated with @Configuration.
INFO  SpringBootTestContextBootstrapper - Found @SpringBootConfiguration org.springframework.samples.petclinic.PetClinicApplication for test class org.springframework.samples.petclinic.acceptance.Cp02Tests
INFO  AnnotationConfigContextLoaderUtils - Could not detect default configuration classes for test class [org.springframework.samples.petclinic.acceptance.Cp02Tests]: Cp02Tests does not declare any static, non-private, non-final, nested classes annotated with @Configuration.
INFO  AnnotationConfigContextLoaderUtils - Could not detect default configuration classes for test class [org.springframework.samples.petclinic.acceptance.AcceptanceBase]: AcceptanceBase does not declare any static, non-private, non-final, nested classes annotated with @Configuration.
INFO  SpringBootTestContextBootstrapper - Found @SpringBootConfiguration org.springframework.samples.petclinic.PetClinicApplication for test class org.springframework.samples.petclinic.acceptance.Cp02Tests
INFO  AUDIT - Owner created id=203 customerCode=UNKNOWN-24AFDFC2 registrationDate=2026-09-07
INFO  AnnotationConfigContextLoaderUtils - Could not detect default configuration classes for test class [org.springframework.samples.petclinic.acceptance.Cp15Tests]: Cp15Tests does not declare any static, non-private, non-final, nested classes annotated with @Configuration.
INFO  SpringBootTestContextBootstrapper - Found @SpringBootConfiguration org.springframework.samples.petclinic.PetClinicApplication for test class org.springframework.samples.petclinic.acceptance.Cp15Tests
INFO  AnnotationConfigContextLoaderUtils - Could not detect default configuration classes for test class [org.springframework.samples.petclinic.acceptance.Cp15Tests]: Cp15Tests does not declare any static, non-private, non-final, nested classes annotated with @Configuration.
INFO  AnnotationConfigContextLoaderUtils - Could not detect default configuration classes for test class [org.springframework.samples.petclinic.acceptance.AcceptanceBase]: AcceptanceBase does not declare any static, non-private, non-final, nested classes annotated with @Configuration.
INFO  SpringBootTestContextBootstrapper - Found @SpringBootConfiguration org.springframework.samples.petclinic.PetClinicApplication for test class org.springframework.samples.petclinic.acceptance.Cp15Tests
INFO  AUDIT - Owner created id=204 customerCode=UNKNOWN-26199C46 registrationDate=2026-09-07
INFO  AnnotationConfigContextLoaderUtils - Could not detect default configuration classes for test class [org.springframework.samples.petclinic.acceptance.Cp10Tests]: Cp10Tests does not declare any static, non-private, non-final, nested classes annotated with @Configuration.
INFO  SpringBootTestContextBootstrapper - Found @SpringBootConfiguration org.springframework.samples.petclinic.PetClinicApplication for test class org.springframework.samples.petclinic.acceptance.Cp10Tests
INFO  AnnotationConfigContextLoaderUtils - Could not detect default configuration classes for test class [org.springframework.samples.petclinic.acceptance.Cp10Tests]: Cp10Tests does not declare any static, non-private, non-final, nested classes annotated with @Configuration.
INFO  AnnotationConfigContextLoaderUtils - Could not detect default configuration classes for test class [org.springframework.samples.petclinic.acceptance.AcceptanceBase]: AcceptanceBase does not declare any static, non-private, non-final, nested classes annotated with @Configuration.
INFO  SpringBootTestContextBootstrapper - Found @SpringBootConfiguration org.springframework.samples.petclinic.PetClinicApplication for test class org.springframework.samples.petclinic.acceptance.Cp10Tests
INFO  AUDIT - Owner created id=205 customerCode=NSW-A71D4F46 registrationDate=2026-09-07
INFO  AnnotationConfigContextLoaderUtils - Could not detect default configuration classes for test class [org.springframework.samples.petclinic.acceptance.Cp26Tests]: Cp26Tests does not declare any static, non-private, non-final, nested classes annotated with @Configuration.
INFO  SpringBootTestContextBootstrapper - Found @SpringBootConfiguration org.springframework.samples.petclinic.PetClinicApplication for test class org.springframework.samples.petclinic.acceptance.Cp26Tests
INFO  AnnotationConfigContextLoaderUtils - Could not detect default configuration classes for test class [org.springframework.samples.petclinic.acceptance.Cp26Tests]: Cp26Tests does not declare any static, non-private, non-final, nested classes annotated with @Configuration.
INFO  AnnotationConfigContextLoaderUtils - Could not detect default configuration classes for test class [org.springframework.samples.petclinic.acceptance.AcceptanceBase]: AcceptanceBase does not declare any static, non-private, non-final, nested classes annotated with @Configuration.
INFO  SpringBootTestContextBootstrapper - Found @SpringBootConfiguration org.springframework.samples.petclinic.PetClinicApplication for test class org.springframework.samples.petclinic.acceptance.Cp26Tests
INFO  AnnotationConfigContextLoaderUtils - Could not detect default configuration classes for test class [org.springframework.samples.petclinic.acceptance.Cp06Tests]: Cp06Tests does not declare any static, non-private, non-final, nested classes annotated with @Configuration.
INFO  SpringBootTestContextBootstrapper - Found @SpringBootConfiguration org.springframework.samples.petclinic.PetClinicApplication for test class org.springframework.samples.petclinic.acceptance.Cp06Tests
INFO  AnnotationConfigContextLoaderUtils - Could not detect default configuration classes for test class [org.springframework.samples.petclinic.acceptance.Cp06Tests]: Cp06Tests does not declare any static, non-private, non-final, nested classes annotated with @Configuration.
INFO  AnnotationConfigContextLoaderUtils - Could not detect default configuration classes for test class [org.springframework.samples.petclinic.acceptance.AcceptanceBase]: AcceptanceBase does not declare any static, non-private, non-final, nested classes annotated with @Configuration.
INFO  SpringBootTestContextBootstrapper - Found @SpringBootConfiguration org.springframework.samples.petclinic.PetClinicApplication for test class org.springframework.samples.petclinic.acceptance.Cp06Tests
INFO  AUDIT - Owner created id=206 customerCode=UNKNOWN-81D56833 registrationDate=2026-09-07
INFO  AnnotationConfigContextLoaderUtils - Could not detect default configuration classes for test class [org.springframework.samples.petclinic.acceptance.Cp16Tests]: Cp16Tests does not declare any static, non-private, non-final, nested classes annotated with @Configuration.
INFO  SpringBootTestContextBootstrapper - Found @SpringBootConfiguration org.springframework.samples.petclinic.PetClinicApplication for test class org.springframework.samples.petclinic.acceptance.Cp16Tests
INFO  AnnotationConfigContextLoaderUtils - Could not detect default configuration classes for test class [org.springframework.samples.petclinic.acceptance.Cp16Tests]: Cp16Tests does not declare any static, non-private, non-final, nested classes annotated with @Configuration.
INFO  AnnotationConfigContextLoaderUtils - Could not detect default configuration classes for test class [org.springframework.samples.petclinic.acceptance.AcceptanceBase]: AcceptanceBase does not declare any static, non-private, non-final, nested classes annotated with @Configuration.
INFO  SpringBootTestContextBootstrapper - Found @SpringBootConfiguration org.springframework.samples.petclinic.PetClinicApplication for test class org.springframework.samples.petclinic.acceptance.Cp16Tests
INFO  AUDIT - Owner created id=207 customerCode=NSW-EB4895C1 registrationDate=2026-09-07
INFO  AnnotationConfigContextLoaderUtils - Could not detect default configuration classes for test class [org.springframework.samples.petclinic.acceptance.Cp20Tests]: Cp20Tests does not declare any static, non-private, non-final, nested classes annotated with @Configuration.
INFO  SpringBootTestContextBootstrapper - Found @SpringBootConfiguration org.springframework.samples.petclinic.PetClinicApplication for test class org.springframework.samples.petclinic.acceptance.Cp20Tests
INFO  AnnotationConfigContextLoaderUtils - Could not detect default configuration classes for test class [org.springframework.samples.petclinic.acceptance.Cp20Tests]: Cp20Tests does not declare any static, non-private, non-final, nested classes annotated with @Configuration.
INFO  AnnotationConfigContextLoaderUtils - Could not detect default configuration classes for test class [org.springframework.samples.petclinic.acceptance.AcceptanceBase]: AcceptanceBase does not declare any static, non-private, non-final, nested classes annotated with @Configuration.
INFO  SpringBootTestContextBootstrapper - Found @SpringBootConfiguration org.springframework.samples.petclinic.PetClinicApplication for test class org.springframework.samples.petclinic.acceptance.Cp20Tests
INFO  AUDIT - Owner created id=208 customerCode=UNKNOWN-C3C7A6B0 registrationDate=2026-09-07
INFO  AnnotationConfigContextLoaderUtils - Could not detect default configuration classes for test class [org.springframework.samples.petclinic.acceptance.Cp17Tests]: Cp17Tests does not declare any static, non-private, non-final, nested classes annotated with @Configuration.
INFO  SpringBootTestContextBootstrapper - Found @SpringBootConfiguration org.springframework.samples.petclinic.PetClinicApplication for test class org.springframework.samples.petclinic.acceptance.Cp17Tests
INFO  AnnotationConfigContextLoaderUtils - Could not detect default configuration classes for test class [org.springframework.samples.petclinic.acceptance.Cp17Tests]: Cp17Tests does not declare any static, non-private, non-final, nested classes annotated with @Configuration.
INFO  AnnotationConfigContextLoaderUtils - Could not detect default configuration classes for test class [org.springframework.samples.petclinic.acceptance.AcceptanceBase]: AcceptanceBase does not declare any static, non-private, non-final, nested classes annotated with @Configuration.
INFO  SpringBootTestContextBootstrapper - Found @SpringBootConfiguration org.springframework.samples.petclinic.PetClinicApplication for test class org.springframework.samples.petclinic.acceptance.Cp17Tests
INFO  AUDIT - Owner created id=209 customerCode=NSW-C8AB1AAE registrationDate=2026-09-07
[ERROR] Failures: 
[ERROR]   Cp28Tests.coreIdentityCollisionWithComputedHousehold:20 Status expected:<409> but was:<201>
[ERROR] Tests run: 53, Failures: 1, Errors: 0, Skipped: 0
[ERROR] Failed to execute goal org.apache.maven.plugins:maven-surefire-plugin:3.5.6:test (default-test) on project spring-petclinic-rest: There are test failures.
[ERROR] 
[ERROR] See /home/daniel/sandbox/target/surefire-reports for the individual test results.
[ERROR] See dump files (if any exist) [date].dump, [date]-jvmRun[N].dump and [date].dumpstream.
[ERROR] -> [Help 1]
[ERROR] 
[ERROR] To see the full stack trace of the errors, re-run Maven with the -e switch.
[ERROR] Re-run Maven using the -X switch to enable full debug logging.
[ERROR] 
[ERROR] For more information about the errors and possible solutions, please read the following articles:
[ERROR] [Help 1] http://cwiki.apache.org/confluence/display/MAVEN/MojoFailureException
OpenJDK 64-Bit Server VM warning: Sharing is only supported for boot loader classes because bootstrap classpath has been appended
