$ ./mvnw -q -B -DskipTests test-compile
############################################################################################
# Thanks for using OpenAPI Generator.                                                      #
# We appreciate your support! Please consider donation to help us maintain this project.   #
# https://opencollective.com/openapi_generator/donate                                      #
############################################################################################

$ ./mvnw -q -B -Dgroups=cp01,cp02,cp03,cp04,cp05,cp06,cp07,cp08,cp09,cp10,cp11,cp12,cp13,cp14,cp15,cp16,cp17,cp18,cp19,cp20,cp21,cp22,cp23,cp24,cp25,cp26,cp27,cp28,cp29,cp30,cp31,cp32,cp33,cp34,cp35,cp36,cp37,cp38,cp39,cp40,cp41,cp42 test
############################################################################################
# Thanks for using OpenAPI Generator.                                                      #
# We appreciate your support! Please consider donation to help us maintain this project.   #
# https://opencollective.com/openapi_generator/donate                                      #
############################################################################################
INFO  AnnotationConfigContextLoaderUtils - Could not detect default configuration classes for test class [org.springframework.samples.petclinic.acceptance.Cp12Tests]: Cp12Tests does not declare any static, non-private, non-final, nested classes annotated with @Configuration.
INFO  SpringBootTestContextBootstrapper - Found @SpringBootConfiguration org.springframework.samples.petclinic.PetClinicApplication for test class org.springframework.samples.petclinic.acceptance.Cp12Tests
INFO  AnnotationConfigContextLoaderUtils - Could not detect default configuration classes for test class [org.springframework.samples.petclinic.acceptance.Cp12Tests]: Cp12Tests does not declare any static, non-private, non-final, nested classes annotated with @Configuration.
INFO  AnnotationConfigContextLoaderUtils - Could not detect default configuration classes for test class [org.springframework.samples.petclinic.acceptance.AcceptanceBase]: AcceptanceBase does not declare any static, non-private, non-final, nested classes annotated with @Configuration.
INFO  SpringBootTestContextBootstrapper - Found @SpringBootConfiguration org.springframework.samples.petclinic.PetClinicApplication for test class org.springframework.samples.petclinic.acceptance.Cp12Tests

  .   ____          _            __ _ _
 /\\ / ___'_ __ _ _(_)_ __  __ _ \ \ \ \
( ( )\___ | '_ | '_| | '_ \/ _` | \ \ \ \
 \\/  ___)| |_)| | | | | || (_| |  ) ) ) )
  '  |____| .__|_| |_|_| |_\__, | / / / /
 =========|_|==============|___/=/_/_/_/

 :: Spring Boot ::                (v4.1.0)

INFO  Cp12Tests - Starting Cp12Tests using Java 17.0.19 with PID 1222387 (started by daniel in /home/daniel/sandbox)
DEBUG Cp12Tests - Running with Spring Boot v4.1.0, Spring v7.0.8
INFO  Cp12Tests - The following 2 profiles are active: "hsqldb", "spring-data-jpa"
INFO  Version - HV000001: Hibernate Validator 9.1.0.Final
INFO  RepositoryConfigurationDelegate - Bootstrapping Spring Data JPA repositories in DEFAULT mode.
INFO  RepositoryConfigurationDelegate - Finished Spring Data repository scanning in 88 ms. Found 7 JPA repository interfaces.
INFO  HikariDataSource - HikariPool-1 - Starting...
INFO  PoolBase - HikariPool-1 - Driver does not support get/set network timeout for connections. (feature not supported)
INFO  HikariPool - HikariPool-1 - Added connection org.hsqldb.jdbc.JDBCConnection@9dc9aa4
INFO  HikariDataSource - HikariPool-1 - Start completed.
INFO  jpa - HHH008540: Processing PersistenceUnitInfo [name: default]
INFO  core - HHH000001: Hibernate ORM core version 7.4.1.Final
INFO  SpringPersistenceUnitInfo - No LoadTimeWeaver setup: ignoring JPA class transformer
INFO  pooling - HHH10001005: Database info:
	Database JDBC URL [jdbc:hsqldb:mem:petclinic]
	Database driver: HSQL Database Engine Driver
	Database dialect: HSQLDialect
	Database version: 2.7.3
	Default catalog/schema: PUBLIC/PUBLIC
	Autocommit mode: undefined/unknown
	Isolation level: READ_COMMITTED [default READ_COMMITTED]
	JDBC fetch size: none
	Pool: DataSourceConnectionProvider
	Minimum pool size: undefined/unknown
	Maximum pool size: undefined/unknown
INFO  core - HHH000489: No JTA platform available (set 'hibernate.transaction.jta.platform' to enable JTA platform integration)
INFO  LocalContainerEntityManagerFactoryBean - Initialized JPA EntityManagerFactory for persistence unit 'default'
INFO  QueryEnhancerFactories - Hibernate is in classpath; If applicable, HQL parser will be used.
WARN  InitializeUserDetailsBeanManagerConfigurer$InitializeUserDetailsManagerConfigurer - Global AuthenticationManager configured with an AuthenticationProvider bean. UserDetailsService beans will not be used by Spring Security for automatically configuring username/password login. Consider removing the AuthenticationProvider bean. Alternatively, consider using the UserDetailsService in a manually instantiated DaoAuthenticationProvider. If the current configuration is intentional, to turn off this warning, increase the logging level of 'org.springframework.security.config.annotation.authentication.configuration.InitializeUserDetailsBeanManagerConfigurer' to ERROR
WARN  UserDetailsServiceAutoConfiguration - 

Using generated security password: 04628a25-fbba-4732-910f-97381e0d483b

This generated password is for development use only. Your security configuration must be updated before running your application in production.

INFO  SpringBootMockServletContext - Initializing Spring TestDispatcherServlet ''
INFO  TestDispatcherServlet - Initializing Servlet ''
INFO  EndpointLinksResolver - Exposing 1 endpoint beneath base path '/actuator'
INFO  TestDispatcherServlet - Completed initialization in 21 ms
INFO  Cp12Tests - Started Cp12Tests in 8.179 seconds (process running for 10.537)
WARN  SpringDocAppInitializer - SpringDoc /v3/api-docs endpoint is enabled by default. To disable it in production, set the property 'springdoc.api-docs.enabled=false'
WARN  SpringDocAppInitializer - SpringDoc /swagger-ui.html endpoint is enabled by default. To disable it in production, set the property 'springdoc.swagger-ui.enabled=false'
DEBUG ExceptionControllerAdvice - Validation error at POST /api/owners: [Field error in object 'ownerFieldsDto' on field 'address': rejected value [   ]; codes [Pattern.ownerFieldsDto.address,Pattern.address,Pattern.java.lang.String,Pattern]; arguments [org.springframework.context.support.DefaultMessageSourceResolvable: codes [ownerFieldsDto.address,address]; arguments []; default message [address],[Ljakarta.validation.constraints.Pattern$Flag;@53288806,(?s).*\S.*]; default message [must match "(?s).*\S.*"]]
INFO  AUDIT - owner created: id=11 customerCode=UNKNOWN-F4F6FF62 registrationDate=2026-08-10 membershipLevel=1
INFO  AUDIT - owner created: id=12 customerCode=UNKNOWN-63327EC8 registrationDate=2026-08-10 membershipLevel=1
INFO  AnnotationConfigContextLoaderUtils - Could not detect default configuration classes for test class [org.springframework.samples.petclinic.acceptance.Cp14Tests]: Cp14Tests does not declare any static, non-private, non-final, nested classes annotated with @Configuration.
INFO  SpringBootTestContextBootstrapper - Found @SpringBootConfiguration org.springframework.samples.petclinic.PetClinicApplication for test class org.springframework.samples.petclinic.acceptance.Cp14Tests
INFO  AnnotationConfigContextLoaderUtils - Could not detect default configuration classes for test class [org.springframework.samples.petclinic.acceptance.Cp14Tests]: Cp14Tests does not declare any static, non-private, non-final, nested classes annotated with @Configuration.
INFO  AnnotationConfigContextLoaderUtils - Could not detect default configuration classes for test class [org.springframework.samples.petclinic.acceptance.AcceptanceBase]: AcceptanceBase does not declare any static, non-private, non-final, nested classes annotated with @Configuration.
INFO  SpringBootTestContextBootstrapper - Found @SpringBootConfiguration org.springframework.samples.petclinic.PetClinicApplication for test class org.springframework.samples.petclinic.acceptance.Cp14Tests
INFO  AUDIT - owner created: id=13 customerCode=NSW-F7D0F773 registrationDate=2026-08-10 membershipLevel=1
INFO  AnnotationConfigContextLoaderUtils - Could not detect default configuration classes for test class [org.springframework.samples.petclinic.acceptance.Cp39Tests]: Cp39Tests does not declare any static, non-private, non-final, nested classes annotated with @Configuration.
INFO  SpringBootTestContextBootstrapper - Found @SpringBootConfiguration org.springframework.samples.petclinic.PetClinicApplication for test class org.springframework.samples.petclinic.acceptance.Cp39Tests
INFO  AnnotationConfigContextLoaderUtils - Could not detect default configuration classes for test class [org.springframework.samples.petclinic.acceptance.Cp39Tests]: Cp39Tests does not declare any static, non-private, non-final, nested classes annotated with @Configuration.
INFO  AnnotationConfigContextLoaderUtils - Could not detect default configuration classes for test class [org.springframework.samples.petclinic.acceptance.AcceptanceBase]: AcceptanceBase does not declare any static, non-private, non-final, nested classes annotated with @Configuration.
INFO  SpringBootTestContextBootstrapper - Found @SpringBootConfiguration org.springframework.samples.petclinic.PetClinicApplication for test class org.springframework.samples.petclinic.acceptance.Cp39Tests
INFO  AUDIT - owner created: id=14 customerCode=NSW-5D205997 registrationDate=2026-08-10 membershipLevel=1
INFO  AUDIT - owner created: id=15 customerCode=NSW-513CC0C9 registrationDate=2026-08-10 membershipLevel=1
INFO  AUDIT - owner created: id=16 customerCode=NSW-3C6F29CF registrationDate=2026-08-10 membershipLevel=3
INFO  AnnotationConfigContextLoaderUtils - Could not detect default configuration classes for test class [org.springframework.samples.petclinic.acceptance.Cp07Tests]: Cp07Tests does not declare any static, non-private, non-final, nested classes annotated with @Configuration.
INFO  SpringBootTestContextBootstrapper - Found @SpringBootConfiguration org.springframework.samples.petclinic.PetClinicApplication for test class org.springframework.samples.petclinic.acceptance.Cp07Tests
INFO  AnnotationConfigContextLoaderUtils - Could not detect default configuration classes for test class [org.springframework.samples.petclinic.acceptance.Cp07Tests]: Cp07Tests does not declare any static, non-private, non-final, nested classes annotated with @Configuration.
INFO  AnnotationConfigContextLoaderUtils - Could not detect default configuration classes for test class [org.springframework.samples.petclinic.acceptance.AcceptanceBase]: AcceptanceBase does not declare any static, non-private, non-final, nested classes annotated with @Configuration.
INFO  SpringBootTestContextBootstrapper - Found @SpringBootConfiguration org.springframework.samples.petclinic.PetClinicApplication for test class org.springframework.samples.petclinic.acceptance.Cp07Tests
INFO  AUDIT - owner created: id=17 customerCode=UNKNOWN-63B4C84B registrationDate=2026-01-06 membershipLevel=1
INFO  AUDIT - owner created: id=18 customerCode=UNKNOWN-1B92F1FC registrationDate=2026-01-05 membershipLevel=1
INFO  AnnotationConfigContextLoaderUtils - Could not detect default configuration classes for test class [org.springframework.samples.petclinic.acceptance.Cp11Tests]: Cp11Tests does not declare any static, non-private, non-final, nested classes annotated with @Configuration.
INFO  SpringBootTestContextBootstrapper - Found @SpringBootConfiguration org.springframework.samples.petclinic.PetClinicApplication for test class org.springframework.samples.petclinic.acceptance.Cp11Tests
INFO  AnnotationConfigContextLoaderUtils - Could not detect default configuration classes for test class [org.springframework.samples.petclinic.acceptance.Cp11Tests]: Cp11Tests does not declare any static, non-private, non-final, nested classes annotated with @Configuration.
INFO  AnnotationConfigContextLoaderUtils - Could not detect default configuration classes for test class [org.springframework.samples.petclinic.acceptance.AcceptanceBase]: AcceptanceBase does not declare any static, non-private, non-final, nested classes annotated with @Configuration.
INFO  SpringBootTestContextBootstrapper - Found @SpringBootConfiguration org.springframework.samples.petclinic.PetClinicApplication for test class org.springframework.samples.petclinic.acceptance.Cp11Tests
INFO  AUDIT - owner created: id=19 customerCode=NSW-A3ABE8C9 registrationDate=2026-08-10 membershipLevel=1
INFO  AUDIT - owner created: id=20 customerCode=NSW-DB1C6695 registrationDate=2026-08-10 membershipLevel=1
INFO  AnnotationConfigContextLoaderUtils - Could not detect default configuration classes for test class [org.springframework.samples.petclinic.acceptance.Cp41Tests]: Cp41Tests does not declare any static, non-private, non-final, nested classes annotated with @Configuration.
INFO  SpringBootTestContextBootstrapper - Found @SpringBootConfiguration org.springframework.samples.petclinic.PetClinicApplication for test class org.springframework.samples.petclinic.acceptance.Cp41Tests
INFO  AnnotationConfigContextLoaderUtils - Could not detect default configuration classes for test class [org.springframework.samples.petclinic.acceptance.Cp41Tests]: Cp41Tests does not declare any static, non-private, non-final, nested classes annotated with @Configuration.
INFO  AnnotationConfigContextLoaderUtils - Could not detect default configuration classes for test class [org.springframework.samples.petclinic.acceptance.AcceptanceBase]: AcceptanceBase does not declare any static, non-private, non-final, nested classes annotated with @Configuration.
INFO  SpringBootTestContextBootstrapper - Found @SpringBootConfiguration org.springframework.samples.petclinic.PetClinicApplication for test class org.springframework.samples.petclinic.acceptance.Cp41Tests
INFO  AUDIT - owner created: id=21 customerCode=NSW-F5162173 registrationDate=2026-08-10 membershipLevel=1
INFO  AUDIT - owner created: id=22 customerCode=NSW-289E95BA registrationDate=2026-08-10 membershipLevel=1
INFO  AnnotationConfigContextLoaderUtils - Could not detect default configuration classes for test class [org.springframework.samples.petclinic.acceptance.Cp08Tests]: Cp08Tests does not declare any static, non-private, non-final, nested classes annotated with @Configuration.
INFO  SpringBootTestContextBootstrapper - Found @SpringBootConfiguration org.springframework.samples.petclinic.PetClinicApplication for test class org.springframework.samples.petclinic.acceptance.Cp08Tests
INFO  AnnotationConfigContextLoaderUtils - Could not detect default configuration classes for test class [org.springframework.samples.petclinic.acceptance.Cp08Tests]: Cp08Tests does not declare any static, non-private, non-final, nested classes annotated with @Configuration.
INFO  AnnotationConfigContextLoaderUtils - Could not detect default configuration classes for test class [org.springframework.samples.petclinic.acceptance.AcceptanceBase]: AcceptanceBase does not declare any static, non-private, non-final, nested classes annotated with @Configuration.
INFO  SpringBootTestContextBootstrapper - Found @SpringBootConfiguration org.springframework.samples.petclinic.PetClinicApplication for test class org.springframework.samples.petclinic.acceptance.Cp08Tests
INFO  AUDIT - owner created: id=23 customerCode=UNKNOWN-88C9B563 registrationDate=2026-08-10 membershipLevel=1
INFO  AUDIT - owner created: id=24 customerCode=UNKNOWN-044A286B registrationDate=2026-08-10 membershipLevel=1
INFO  AnnotationConfigContextLoaderUtils - Could not detect default configuration classes for test class [org.springframework.samples.petclinic.acceptance.Cp32Tests]: Cp32Tests does not declare any static, non-private, non-final, nested classes annotated with @Configuration.
INFO  SpringBootTestContextBootstrapper - Found @SpringBootConfiguration org.springframework.samples.petclinic.PetClinicApplication for test class org.springframework.samples.petclinic.acceptance.Cp32Tests
INFO  AnnotationConfigContextLoaderUtils - Could not detect default configuration classes for test class [org.springframework.samples.petclinic.acceptance.Cp32Tests]: Cp32Tests does not declare any static, non-private, non-final, nested classes annotated with @Configuration.
INFO  AnnotationConfigContextLoaderUtils - Could not detect default configuration classes for test class [org.springframework.samples.petclinic.acceptance.AcceptanceBase]: AcceptanceBase does not declare any static, non-private, non-final, nested classes annotated with @Configuration.
INFO  SpringBootTestContextBootstrapper - Found @SpringBootConfiguration org.springframework.samples.petclinic.PetClinicApplication for test class org.springframework.samples.petclinic.acceptance.Cp32Tests
INFO  AUDIT - owner created: id=25 customerCode=NSW-2AD9B307 registrationDate=2026-08-10 membershipLevel=1
INFO  AnnotationConfigContextLoaderUtils - Could not detect default configuration classes for test class [org.springframework.samples.petclinic.acceptance.Cp42Tests]: Cp42Tests does not declare any static, non-private, non-final, nested classes annotated with @Configuration.
INFO  SpringBootTestContextBootstrapper - Found @SpringBootConfiguration org.springframework.samples.petclinic.PetClinicApplication for test class org.springframework.samples.petclinic.acceptance.Cp42Tests
INFO  AnnotationConfigContextLoaderUtils - Could not detect default configuration classes for test class [org.springframework.samples.petclinic.acceptance.Cp42Tests]: Cp42Tests does not declare any static, non-private, non-final, nested classes annotated with @Configuration.
INFO  AnnotationConfigContextLoaderUtils - Could not detect default configuration classes for test class [org.springframework.samples.petclinic.acceptance.AcceptanceBase]: AcceptanceBase does not declare any static, non-private, non-final, nested classes annotated with @Configuration.
INFO  SpringBootTestContextBootstrapper - Found @SpringBootConfiguration org.springframework.samples.petclinic.PetClinicApplication for test class org.springframework.samples.petclinic.acceptance.Cp42Tests
INFO  AUDIT - owner created: id=26 customerCode=NSW-8D12FEDB registrationDate=2026-08-10 membershipLevel=1
INFO  AnnotationConfigContextLoaderUtils - Could not detect default configuration classes for test class [org.springframework.samples.petclinic.acceptance.Cp28Tests]: Cp28Tests does not declare any static, non-private, non-final, nested classes annotated with @Configuration.
INFO  SpringBootTestContextBootstrapper - Found @SpringBootConfiguration org.springframework.samples.petclinic.PetClinicApplication for test class org.springframework.samples.petclinic.acceptance.Cp28Tests
INFO  AnnotationConfigContextLoaderUtils - Could not detect default configuration classes for test class [org.springframework.samples.petclinic.acceptance.Cp28Tests]: Cp28Tests does not declare any static, non-private, non-final, nested classes annotated with @Configuration.
INFO  AnnotationConfigContextLoaderUtils - Could not detect default configuration classes for test class [org.springframework.samples.petclinic.acceptance.AcceptanceBase]: AcceptanceBase does not declare any static, non-private, non-final, nested classes annotated with @Configuration.
INFO  SpringBootTestContextBootstrapper - Found @SpringBootConfiguration org.springframework.samples.petclinic.PetClinicApplication for test class org.springframework.samples.petclinic.acceptance.Cp28Tests
INFO  AUDIT - owner created: id=27 customerCode=NSW-13CE6035 registrationDate=2026-08-10 membershipLevel=1
INFO  AnnotationConfigContextLoaderUtils - Could not detect default configuration classes for test class [org.springframework.samples.petclinic.acceptance.Cp09Tests]: Cp09Tests does not declare any static, non-private, non-final, nested classes annotated with @Configuration.
INFO  SpringBootTestContextBootstrapper - Found @SpringBootConfiguration org.springframework.samples.petclinic.PetClinicApplication for test class org.springframework.samples.petclinic.acceptance.Cp09Tests
INFO  AnnotationConfigContextLoaderUtils - Could not detect default configuration classes for test class [org.springframework.samples.petclinic.acceptance.Cp09Tests]: Cp09Tests does not declare any static, non-private, non-final, nested classes annotated with @Configuration.
INFO  AnnotationConfigContextLoaderUtils - Could not detect default configuration classes for test class [org.springframework.samples.petclinic.acceptance.AcceptanceBase]: AcceptanceBase does not declare any static, non-private, non-final, nested classes annotated with @Configuration.
INFO  SpringBootTestContextBootstrapper - Found @SpringBootConfiguration org.springframework.samples.petclinic.PetClinicApplication for test class org.springframework.samples.petclinic.acceptance.Cp09Tests
INFO  AUDIT - owner created: id=28 customerCode=NSW-D35A0DB0 registrationDate=2026-08-10 membershipLevel=1
INFO  AnnotationConfigContextLoaderUtils - Could not detect default configuration classes for test class [org.springframework.samples.petclinic.acceptance.Cp24Tests]: Cp24Tests does not declare any static, non-private, non-final, nested classes annotated with @Configuration.
INFO  SpringBootTestContextBootstrapper - Found @SpringBootConfiguration org.springframework.samples.petclinic.PetClinicApplication for test class org.springframework.samples.petclinic.acceptance.Cp24Tests
INFO  AnnotationConfigContextLoaderUtils - Could not detect default configuration classes for test class [org.springframework.samples.petclinic.acceptance.Cp24Tests]: Cp24Tests does not declare any static, non-private, non-final, nested classes annotated with @Configuration.
INFO  AnnotationConfigContextLoaderUtils - Could not detect default configuration classes for test class [org.springframework.samples.petclinic.acceptance.AcceptanceBase]: AcceptanceBase does not declare any static, non-private, non-final, nested classes annotated with @Configuration.
INFO  SpringBootTestContextBootstrapper - Found @SpringBootConfiguration org.springframework.samples.petclinic.PetClinicApplication for test class org.springframework.samples.petclinic.acceptance.Cp24Tests
INFO  AUDIT - owner created: id=29 customerCode=NSW-12AF9F2F registrationDate=2026-08-10 membershipLevel=2
INFO  AnnotationConfigContextLoaderUtils - Could not detect default configuration classes for test class [org.springframework.samples.petclinic.acceptance.Cp21Tests]: Cp21Tests does not declare any static, non-private, non-final, nested classes annotated with @Configuration.
INFO  SpringBootTestContextBootstrapper - Found @SpringBootConfiguration org.springframework.samples.petclinic.PetClinicApplication for test class org.springframework.samples.petclinic.acceptance.Cp21Tests
INFO  AnnotationConfigContextLoaderUtils - Could not detect default configuration classes for test class [org.springframework.samples.petclinic.acceptance.Cp21Tests]: Cp21Tests does not declare any static, non-private, non-final, nested classes annotated with @Configuration.
INFO  AnnotationConfigContextLoaderUtils - Could not detect default configuration classes for test class [org.springframework.samples.petclinic.acceptance.AcceptanceBase]: AcceptanceBase does not declare any static, non-private, non-final, nested classes annotated with @Configuration.
INFO  SpringBootTestContextBootstrapper - Found @SpringBootConfiguration org.springframework.samples.petclinic.PetClinicApplication for test class org.springframework.samples.petclinic.acceptance.Cp21Tests
INFO  AUDIT - owner created: id=30 customerCode=NSW-428C0A93 registrationDate=2026-08-10 membershipLevel=1
INFO  AnnotationConfigContextLoaderUtils - Could not detect default configuration classes for test class [org.springframework.samples.petclinic.acceptance.Cp27Tests]: Cp27Tests does not declare any static, non-private, non-final, nested classes annotated with @Configuration.
INFO  SpringBootTestContextBootstrapper - Found @SpringBootConfiguration org.springframework.samples.petclinic.PetClinicApplication for test class org.springframework.samples.petclinic.acceptance.Cp27Tests
INFO  AnnotationConfigContextLoaderUtils - Could not detect default configuration classes for test class [org.springframework.samples.petclinic.acceptance.Cp27Tests]: Cp27Tests does not declare any static, non-private, non-final, nested classes annotated with @Configuration.
INFO  AnnotationConfigContextLoaderUtils - Could not detect default configuration classes for test class [org.springframework.samples.petclinic.acceptance.AcceptanceBase]: AcceptanceBase does not declare any static, non-private, non-final, nested classes annotated with @Configuration.
INFO  SpringBootTestContextBootstrapper - Found @SpringBootConfiguration org.springframework.samples.petclinic.PetClinicApplication for test class org.springframework.samples.petclinic.acceptance.Cp27Tests
INFO  AUDIT - owner created: id=31 customerCode=UNKNOWN-F57FC58B registrationDate=2026-08-10 membershipLevel=2
INFO  AUDIT - owner created: id=32 customerCode=UNKNOWN-FF380C42 registrationDate=2026-08-10 membershipLevel=1
INFO  AnnotationConfigContextLoaderUtils - Could not detect default configuration classes for test class [org.springframework.samples.petclinic.acceptance.Cp33Tests]: Cp33Tests does not declare any static, non-private, non-final, nested classes annotated with @Configuration.
INFO  SpringBootTestContextBootstrapper - Found @SpringBootConfiguration org.springframework.samples.petclinic.PetClinicApplication for test class org.springframework.samples.petclinic.acceptance.Cp33Tests
INFO  AnnotationConfigContextLoaderUtils - Could not detect default configuration classes for test class [org.springframework.samples.petclinic.acceptance.Cp33Tests]: Cp33Tests does not declare any static, non-private, non-final, nested classes annotated with @Configuration.
INFO  AnnotationConfigContextLoaderUtils - Could not detect default configuration classes for test class [org.springframework.samples.petclinic.acceptance.AcceptanceBase]: AcceptanceBase does not declare any static, non-private, non-final, nested classes annotated with @Configuration.
INFO  SpringBootTestContextBootstrapper - Found @SpringBootConfiguration org.springframework.samples.petclinic.PetClinicApplication for test class org.springframework.samples.petclinic.acceptance.Cp33Tests
INFO  AnnotationConfigContextLoaderUtils - Could not detect default configuration classes for test class [org.springframework.samples.petclinic.acceptance.Cp23Tests]: Cp23Tests does not declare any static, non-private, non-final, nested classes annotated with @Configuration.
INFO  SpringBootTestContextBootstrapper - Found @SpringBootConfiguration org.springframework.samples.petclinic.PetClinicApplication for test class org.springframework.samples.petclinic.acceptance.Cp23Tests
INFO  AnnotationConfigContextLoaderUtils - Could not detect default configuration classes for test class [org.springframework.samples.petclinic.acceptance.Cp23Tests]: Cp23Tests does not declare any static, non-private, non-final, nested classes annotated with @Configuration.
INFO  AnnotationConfigContextLoaderUtils - Could not detect default configuration classes for test class [org.springframework.samples.petclinic.acceptance.AcceptanceBase]: AcceptanceBase does not declare any static, non-private, non-final, nested classes annotated with @Configuration.
INFO  SpringBootTestContextBootstrapper - Found @SpringBootConfiguration org.springframework.samples.petclinic.PetClinicApplication for test class org.springframework.samples.petclinic.acceptance.Cp23Tests
INFO  AUDIT - owner created: id=33 customerCode=NSW-E48C6FE3 registrationDate=2026-08-10 membershipLevel=1
INFO  AUDIT - owner created: id=34 customerCode=NSW-FB6DFF4B registrationDate=2026-08-10 membershipLevel=1
INFO  AUDIT - owner created: id=35 customerCode=NSW-62211228 registrationDate=2026-08-10 membershipLevel=3
INFO  AnnotationConfigContextLoaderUtils - Could not detect default configuration classes for test class [org.springframework.samples.petclinic.acceptance.Cp05Tests]: Cp05Tests does not declare any static, non-private, non-final, nested classes annotated with @Configuration.
INFO  SpringBootTestContextBootstrapper - Found @SpringBootConfiguration org.springframework.samples.petclinic.PetClinicApplication for test class org.springframework.samples.petclinic.acceptance.Cp05Tests
INFO  AnnotationConfigContextLoaderUtils - Could not detect default configuration classes for test class [org.springframework.samples.petclinic.acceptance.Cp05Tests]: Cp05Tests does not declare any static, non-private, non-final, nested classes annotated with @Configuration.
INFO  AnnotationConfigContextLoaderUtils - Could not detect default configuration classes for test class [org.springframework.samples.petclinic.acceptance.AcceptanceBase]: AcceptanceBase does not declare any static, non-private, non-final, nested classes annotated with @Configuration.
INFO  SpringBootTestContextBootstrapper - Found @SpringBootConfiguration org.springframework.samples.petclinic.PetClinicApplication for test class org.springframework.samples.petclinic.acceptance.Cp05Tests
INFO  AUDIT - owner created: id=36 customerCode=UNKNOWN-BB3695F7 registrationDate=2026-08-10 membershipLevel=1
INFO  AnnotationConfigContextLoaderUtils - Could not detect default configuration classes for test class [org.springframework.samples.petclinic.acceptance.Cp03Tests]: Cp03Tests does not declare any static, non-private, non-final, nested classes annotated with @Configuration.
INFO  SpringBootTestContextBootstrapper - Found @SpringBootConfiguration org.springframework.samples.petclinic.PetClinicApplication for test class org.springframework.samples.petclinic.acceptance.Cp03Tests
INFO  AnnotationConfigContextLoaderUtils - Could not detect default configuration classes for test class [org.springframework.samples.petclinic.acceptance.Cp03Tests]: Cp03Tests does not declare any static, non-private, non-final, nested classes annotated with @Configuration.
INFO  AnnotationConfigContextLoaderUtils - Could not detect default configuration classes for test class [org.springframework.samples.petclinic.acceptance.AcceptanceBase]: AcceptanceBase does not declare any static, non-private, non-final, nested classes annotated with @Configuration.
INFO  SpringBootTestContextBootstrapper - Found @SpringBootConfiguration org.springframework.samples.petclinic.PetClinicApplication for test class org.springframework.samples.petclinic.acceptance.Cp03Tests
INFO  AUDIT - owner created: id=37 customerCode=UNKNOWN-7692DCDA registrationDate=2026-08-10 membershipLevel=1
INFO  AnnotationConfigContextLoaderUtils - Could not detect default configuration classes for test class [org.springframework.samples.petclinic.acceptance.Cp37Tests]: Cp37Tests does not declare any static, non-private, non-final, nested classes annotated with @Configuration.
INFO  SpringBootTestContextBootstrapper - Found @SpringBootConfiguration org.springframework.samples.petclinic.PetClinicApplication for test class org.springframework.samples.petclinic.acceptance.Cp37Tests
INFO  AnnotationConfigContextLoaderUtils - Could not detect default configuration classes for test class [org.springframework.samples.petclinic.acceptance.Cp37Tests]: Cp37Tests does not declare any static, non-private, non-final, nested classes annotated with @Configuration.
INFO  AnnotationConfigContextLoaderUtils - Could not detect default configuration classes for test class [org.springframework.samples.petclinic.acceptance.AcceptanceBase]: AcceptanceBase does not declare any static, non-private, non-final, nested classes annotated with @Configuration.
INFO  SpringBootTestContextBootstrapper - Found @SpringBootConfiguration org.springframework.samples.petclinic.PetClinicApplication for test class org.springframework.samples.petclinic.acceptance.Cp37Tests
INFO  AUDIT - owner created: id=38 customerCode=UNKNOWN-697149F1 registrationDate=2026-08-10 membershipLevel=1
INFO  AnnotationConfigContextLoaderUtils - Could not detect default configuration classes for test class [org.springframework.samples.petclinic.acceptance.Cp04Tests]: Cp04Tests does not declare any static, non-private, non-final, nested classes annotated with @Configuration.
INFO  SpringBootTestContextBootstrapper - Found @SpringBootConfiguration org.springframework.samples.petclinic.PetClinicApplication for test class org.springframework.samples.petclinic.acceptance.Cp04Tests
INFO  AnnotationConfigContextLoaderUtils - Could not detect default configuration classes for test class [org.springframework.samples.petclinic.acceptance.Cp04Tests]: Cp04Tests does not declare any static, non-private, non-final, nested classes annotated with @Configuration.
INFO  AnnotationConfigContextLoaderUtils - Could not detect default configuration classes for test class [org.springframework.samples.petclinic.acceptance.AcceptanceBase]: AcceptanceBase does not declare any static, non-private, non-final, nested classes annotated with @Configuration.
INFO  SpringBootTestContextBootstrapper - Found @SpringBootConfiguration org.springframework.samples.petclinic.PetClinicApplication for test class org.springframework.samples.petclinic.acceptance.Cp04Tests
INFO  AUDIT - owner created: id=39 customerCode=UNKNOWN-91B1606E registrationDate=2026-08-10 membershipLevel=1
INFO  AUDIT - owner created: id=40 customerCode=UNKNOWN-E3EDDA01 registrationDate=2026-08-10 membershipLevel=2
INFO  AnnotationConfigContextLoaderUtils - Could not detect default configuration classes for test class [org.springframework.samples.petclinic.acceptance.Cp40Tests]: Cp40Tests does not declare any static, non-private, non-final, nested classes annotated with @Configuration.
INFO  SpringBootTestContextBootstrapper - Found @SpringBootConfiguration org.springframework.samples.petclinic.PetClinicApplication for test class org.springframework.samples.petclinic.acceptance.Cp40Tests
INFO  AnnotationConfigContextLoaderUtils - Could not detect default configuration classes for test class [org.springframework.samples.petclinic.acceptance.Cp40Tests]: Cp40Tests does not declare any static, non-private, non-final, nested classes annotated with @Configuration.
INFO  AnnotationConfigContextLoaderUtils - Could not detect default configuration classes for test class [org.springframework.samples.petclinic.acceptance.AcceptanceBase]: AcceptanceBase does not declare any static, non-private, non-final, nested classes annotated with @Configuration.
INFO  SpringBootTestContextBootstrapper - Found @SpringBootConfiguration org.springframework.samples.petclinic.PetClinicApplication for test class org.springframework.samples.petclinic.acceptance.Cp40Tests
INFO  AUDIT - owner created: id=41 customerCode=NSW-740558C7 registrationDate=2026-08-10 membershipLevel=2
INFO  AnnotationConfigContextLoaderUtils - Could not detect default configuration classes for test class [org.springframework.samples.petclinic.acceptance.Cp31Tests]: Cp31Tests does not declare any static, non-private, non-final, nested classes annotated with @Configuration.
INFO  SpringBootTestContextBootstrapper - Found @SpringBootConfiguration org.springframework.samples.petclinic.PetClinicApplication for test class org.springframework.samples.petclinic.acceptance.Cp31Tests
INFO  AnnotationConfigContextLoaderUtils - Could not detect default configuration classes for test class [org.springframework.samples.petclinic.acceptance.Cp31Tests]: Cp31Tests does not declare any static, non-private, non-final, nested classes annotated with @Configuration.
INFO  AnnotationConfigContextLoaderUtils - Could not detect default configuration classes for test class [org.springframework.samples.petclinic.acceptance.AcceptanceBase]: AcceptanceBase does not declare any static, non-private, non-final, nested classes annotated with @Configuration.
INFO  SpringBootTestContextBootstrapper - Found @SpringBootConfiguration org.springframework.samples.petclinic.PetClinicApplication for test class org.springframework.samples.petclinic.acceptance.Cp31Tests
INFO  AUDIT - owner created: id=42 customerCode=NSW-A861766A registrationDate=2026-08-10 membershipLevel=1
INFO  AnnotationConfigContextLoaderUtils - Could not detect default configuration classes for test class [org.springframework.samples.petclinic.acceptance.Cp18Tests]: Cp18Tests does not declare any static, non-private, non-final, nested classes annotated with @Configuration.
INFO  SpringBootTestContextBootstrapper - Found @SpringBootConfiguration org.springframework.samples.petclinic.PetClinicApplication for test class org.springframework.samples.petclinic.acceptance.Cp18Tests
INFO  AnnotationConfigContextLoaderUtils - Could not detect default configuration classes for test class [org.springframework.samples.petclinic.acceptance.Cp18Tests]: Cp18Tests does not declare any static, non-private, non-final, nested classes annotated with @Configuration.
INFO  AnnotationConfigContextLoaderUtils - Could not detect default configuration classes for test class [org.springframework.samples.petclinic.acceptance.AcceptanceBase]: AcceptanceBase does not declare any static, non-private, non-final, nested classes annotated with @Configuration.
INFO  SpringBootTestContextBootstrapper - Found @SpringBootConfiguration org.springframework.samples.petclinic.PetClinicApplication for test class org.springframework.samples.petclinic.acceptance.Cp18Tests
INFO  AUDIT - owner created: id=43 customerCode=UNKNOWN-87F415CE registrationDate=2026-08-10 membershipLevel=1
INFO  AUDIT - owner created: id=44 customerCode=UNKNOWN-6525BF8E registrationDate=2026-08-10 membershipLevel=1
INFO  AUDIT - owner created: id=45 customerCode=UNKNOWN-236EEB97 registrationDate=2026-08-10 membershipLevel=1
INFO  AUDIT - owner created: id=46 customerCode=UNKNOWN-609E6349 registrationDate=2026-08-10 membershipLevel=1
INFO  AUDIT - owner created: id=47 customerCode=UNKNOWN-1E3D13CA registrationDate=2026-08-10 membershipLevel=1
INFO  AUDIT - owner created: id=48 customerCode=UNKNOWN-FCAA2D6F registrationDate=2026-08-10 membershipLevel=1
INFO  AUDIT - owner created: id=49 customerCode=UNKNOWN-4EC50D8B registrationDate=2026-08-10 membershipLevel=1
INFO  AUDIT - owner created: id=50 customerCode=UNKNOWN-409E2310 registrationDate=2026-08-10 membershipLevel=1
INFO  AUDIT - owner created: id=51 customerCode=UNKNOWN-5BBC5BAD registrationDate=2026-08-10 membershipLevel=1
INFO  AUDIT - owner created: id=52 customerCode=UNKNOWN-93744860 registrationDate=2026-08-10 membershipLevel=1
INFO  AUDIT - owner created: id=53 customerCode=UNKNOWN-433415A2 registrationDate=2026-08-10 membershipLevel=1
INFO  AUDIT - owner created: id=54 customerCode=UNKNOWN-2D1AA66C registrationDate=2026-08-10 membershipLevel=1
INFO  AUDIT - owner created: id=55 customerCode=UNKNOWN-D0335655 registrationDate=2026-08-10 membershipLevel=1
INFO  AUDIT - owner created: id=56 customerCode=UNKNOWN-803FDE4E registrationDate=2026-08-10 membershipLevel=1
INFO  AUDIT - owner created: id=57 customerCode=UNKNOWN-9EEEF39F registrationDate=2026-08-10 membershipLevel=1
INFO  AUDIT - owner created: id=58 customerCode=UNKNOWN-A30CDCB6 registrationDate=2026-08-10 membershipLevel=1
INFO  AUDIT - owner created: id=59 customerCode=UNKNOWN-F1CE0F36 registrationDate=2026-08-10 membershipLevel=1
INFO  AUDIT - owner created: id=60 customerCode=UNKNOWN-9267E57F registrationDate=2026-08-10 membershipLevel=1
INFO  AUDIT - owner created: id=61 customerCode=UNKNOWN-E0094254 registrationDate=2026-08-10 membershipLevel=1
INFO  AUDIT - owner created: id=62 customerCode=UNKNOWN-F130EC23 registrationDate=2026-08-10 membershipLevel=1
INFO  AUDIT - owner created: id=63 customerCode=UNKNOWN-A57861CB registrationDate=2026-08-10 membershipLevel=1
INFO  AUDIT - owner created: id=64 customerCode=UNKNOWN-32BCA90B registrationDate=2026-08-10 membershipLevel=1
INFO  AUDIT - owner created: id=65 customerCode=UNKNOWN-5A2B86E1 registrationDate=2026-08-10 membershipLevel=1
INFO  AUDIT - owner created: id=66 customerCode=UNKNOWN-C7D9ED7B registrationDate=2026-08-10 membershipLevel=1
INFO  AUDIT - owner created: id=67 customerCode=UNKNOWN-0FA7AF5C registrationDate=2026-08-10 membershipLevel=1
INFO  AUDIT - owner created: id=68 customerCode=UNKNOWN-17732EBB registrationDate=2026-08-10 membershipLevel=1
INFO  AUDIT - owner created: id=69 customerCode=UNKNOWN-3CD22D70 registrationDate=2026-08-10 membershipLevel=1
INFO  AUDIT - owner created: id=70 customerCode=UNKNOWN-D5F294E7 registrationDate=2026-08-10 membershipLevel=1
INFO  AUDIT - owner created: id=71 customerCode=UNKNOWN-8F7E4B5F registrationDate=2026-08-10 membershipLevel=1
INFO  AUDIT - owner created: id=72 customerCode=UNKNOWN-1806A7A7 registrationDate=2026-08-10 membershipLevel=1
INFO  AUDIT - owner created: id=73 customerCode=UNKNOWN-B7583818 registrationDate=2026-08-10 membershipLevel=1
INFO  AUDIT - owner created: id=74 customerCode=UNKNOWN-E2AC6C4B registrationDate=2026-08-10 membershipLevel=1
INFO  AUDIT - owner created: id=75 customerCode=UNKNOWN-CEEC2F0C registrationDate=2026-08-10 membershipLevel=1
INFO  AUDIT - owner created: id=76 customerCode=UNKNOWN-6871E848 registrationDate=2026-08-10 membershipLevel=1
INFO  AUDIT - owner created: id=77 customerCode=UNKNOWN-4313AD0F registrationDate=2026-08-10 membershipLevel=1
INFO  AUDIT - owner created: id=78 customerCode=UNKNOWN-FB86C8FE registrationDate=2026-08-10 membershipLevel=1
INFO  AUDIT - owner created: id=79 customerCode=UNKNOWN-59E4C5E0 registrationDate=2026-08-10 membershipLevel=1
INFO  AUDIT - owner created: id=80 customerCode=UNKNOWN-264D80F5 registrationDate=2026-08-10 membershipLevel=1
INFO  AUDIT - owner created: id=81 customerCode=UNKNOWN-46C5A7CA registrationDate=2026-08-10 membershipLevel=1
INFO  AUDIT - owner created: id=82 customerCode=UNKNOWN-726E1CEF registrationDate=2026-08-10 membershipLevel=1
INFO  AUDIT - owner created: id=83 customerCode=UNKNOWN-4FE7BCDD registrationDate=2026-08-10 membershipLevel=1
INFO  AUDIT - owner created: id=84 customerCode=UNKNOWN-8FB3D039 registrationDate=2026-08-10 membershipLevel=1
INFO  AUDIT - owner created: id=85 customerCode=UNKNOWN-149F043D registrationDate=2026-08-10 membershipLevel=1
INFO  AUDIT - owner created: id=86 customerCode=UNKNOWN-9DAA7DC3 registrationDate=2026-08-10 membershipLevel=1
INFO  AUDIT - owner created: id=87 customerCode=UNKNOWN-F93631C8 registrationDate=2026-08-10 membershipLevel=1
INFO  AUDIT - owner created: id=88 customerCode=UNKNOWN-1BDC95A0 registrationDate=2026-08-10 membershipLevel=1
INFO  AUDIT - owner created: id=89 customerCode=UNKNOWN-8B03DD1F registrationDate=2026-08-10 membershipLevel=1
INFO  AUDIT - owner created: id=90 customerCode=UNKNOWN-FD31948F registrationDate=2026-08-10 membershipLevel=1
INFO  AUDIT - owner created: id=91 customerCode=UNKNOWN-1FE8D9BB registrationDate=2026-08-10 membershipLevel=1
INFO  AUDIT - owner created: id=92 customerCode=UNKNOWN-529EC06F registrationDate=2026-08-10 membershipLevel=1
INFO  AnnotationConfigContextLoaderUtils - Could not detect default configuration classes for test class [org.springframework.samples.petclinic.acceptance.Cp29Tests]: Cp29Tests does not declare any static, non-private, non-final, nested classes annotated with @Configuration.
INFO  SpringBootTestContextBootstrapper - Found @SpringBootConfiguration org.springframework.samples.petclinic.PetClinicApplication for test class org.springframework.samples.petclinic.acceptance.Cp29Tests
INFO  AnnotationConfigContextLoaderUtils - Could not detect default configuration classes for test class [org.springframework.samples.petclinic.acceptance.Cp29Tests]: Cp29Tests does not declare any static, non-private, non-final, nested classes annotated with @Configuration.
INFO  AnnotationConfigContextLoaderUtils - Could not detect default configuration classes for test class [org.springframework.samples.petclinic.acceptance.AcceptanceBase]: AcceptanceBase does not declare any static, non-private, non-final, nested classes annotated with @Configuration.
INFO  SpringBootTestContextBootstrapper - Found @SpringBootConfiguration org.springframework.samples.petclinic.PetClinicApplication for test class org.springframework.samples.petclinic.acceptance.Cp29Tests
INFO  AUDIT - owner created: id=93 customerCode=NSW-55217EA9 registrationDate=2026-08-10 membershipLevel=1
INFO  AUDIT - owner created: id=94 customerCode=UNKNOWN-ABB9E8E4 registrationDate=2026-08-10 membershipLevel=1
INFO  AnnotationConfigContextLoaderUtils - Could not detect default configuration classes for test class [org.springframework.samples.petclinic.acceptance.Cp25Tests]: Cp25Tests does not declare any static, non-private, non-final, nested classes annotated with @Configuration.
INFO  SpringBootTestContextBootstrapper - Found @SpringBootConfiguration org.springframework.samples.petclinic.PetClinicApplication for test class org.springframework.samples.petclinic.acceptance.Cp25Tests
INFO  AnnotationConfigContextLoaderUtils - Could not detect default configuration classes for test class [org.springframework.samples.petclinic.acceptance.Cp25Tests]: Cp25Tests does not declare any static, non-private, non-final, nested classes annotated with @Configuration.
INFO  AnnotationConfigContextLoaderUtils - Could not detect default configuration classes for test class [org.springframework.samples.petclinic.acceptance.AcceptanceBase]: AcceptanceBase does not declare any static, non-private, non-final, nested classes annotated with @Configuration.
INFO  SpringBootTestContextBootstrapper - Found @SpringBootConfiguration org.springframework.samples.petclinic.PetClinicApplication for test class org.springframework.samples.petclinic.acceptance.Cp25Tests
INFO  AUDIT - owner created: id=95 customerCode=UNKNOWN-D41A0A7D registrationDate=2026-08-10 membershipLevel=2
INFO  AnnotationConfigContextLoaderUtils - Could not detect default configuration classes for test class [org.springframework.samples.petclinic.acceptance.Cp36Tests]: Cp36Tests does not declare any static, non-private, non-final, nested classes annotated with @Configuration.
INFO  SpringBootTestContextBootstrapper - Found @SpringBootConfiguration org.springframework.samples.petclinic.PetClinicApplication for test class org.springframework.samples.petclinic.acceptance.Cp36Tests
INFO  AnnotationConfigContextLoaderUtils - Could not detect default configuration classes for test class [org.springframework.samples.petclinic.acceptance.Cp36Tests]: Cp36Tests does not declare any static, non-private, non-final, nested classes annotated with @Configuration.
INFO  AnnotationConfigContextLoaderUtils - Could not detect default configuration classes for test class [org.springframework.samples.petclinic.acceptance.AcceptanceBase]: AcceptanceBase does not declare any static, non-private, non-final, nested classes annotated with @Configuration.
INFO  SpringBootTestContextBootstrapper - Found @SpringBootConfiguration org.springframework.samples.petclinic.PetClinicApplication for test class org.springframework.samples.petclinic.acceptance.Cp36Tests
INFO  AUDIT - owner created: id=96 customerCode=NSW-55CA5289 registrationDate=2026-08-10 membershipLevel=1
INFO  AUDIT - owner created: id=97 customerCode=NSW-F98A0C25 registrationDate=2026-08-10 membershipLevel=1
INFO  AUDIT - owner created: id=98 customerCode=NSW-C2405D0F registrationDate=2026-08-10 membershipLevel=1
INFO  AnnotationConfigContextLoaderUtils - Could not detect default configuration classes for test class [org.springframework.samples.petclinic.acceptance.Cp30Tests]: Cp30Tests does not declare any static, non-private, non-final, nested classes annotated with @Configuration.
INFO  SpringBootTestContextBootstrapper - Found @SpringBootConfiguration org.springframework.samples.petclinic.PetClinicApplication for test class org.springframework.samples.petclinic.acceptance.Cp30Tests
INFO  AnnotationConfigContextLoaderUtils - Could not detect default configuration classes for test class [org.springframework.samples.petclinic.acceptance.Cp30Tests]: Cp30Tests does not declare any static, non-private, non-final, nested classes annotated with @Configuration.
INFO  AnnotationConfigContextLoaderUtils - Could not detect default configuration classes for test class [org.springframework.samples.petclinic.acceptance.AcceptanceBase]: AcceptanceBase does not declare any static, non-private, non-final, nested classes annotated with @Configuration.
INFO  SpringBootTestContextBootstrapper - Found @SpringBootConfiguration org.springframework.samples.petclinic.PetClinicApplication for test class org.springframework.samples.petclinic.acceptance.Cp30Tests
INFO  AUDIT - owner created: id=99 customerCode=VIC-9D142190 registrationDate=2026-08-10 membershipLevel=1
INFO  AUDIT - owner created: id=100 customerCode=NSW-225C391E registrationDate=2026-08-10 membershipLevel=1
INFO  AnnotationConfigContextLoaderUtils - Could not detect default configuration classes for test class [org.springframework.samples.petclinic.acceptance.Cp38Tests]: Cp38Tests does not declare any static, non-private, non-final, nested classes annotated with @Configuration.
INFO  SpringBootTestContextBootstrapper - Found @SpringBootConfiguration org.springframework.samples.petclinic.PetClinicApplication for test class org.springframework.samples.petclinic.acceptance.Cp38Tests
INFO  AnnotationConfigContextLoaderUtils - Could not detect default configuration classes for test class [org.springframework.samples.petclinic.acceptance.Cp38Tests]: Cp38Tests does not declare any static, non-private, non-final, nested classes annotated with @Configuration.
INFO  AnnotationConfigContextLoaderUtils - Could not detect default configuration classes for test class [org.springframework.samples.petclinic.acceptance.AcceptanceBase]: AcceptanceBase does not declare any static, non-private, non-final, nested classes annotated with @Configuration.
INFO  SpringBootTestContextBootstrapper - Found @SpringBootConfiguration org.springframework.samples.petclinic.PetClinicApplication for test class org.springframework.samples.petclinic.acceptance.Cp38Tests
INFO  AnnotationConfigContextLoaderUtils - Could not detect default configuration classes for test class [org.springframework.samples.petclinic.acceptance.Cp19Tests]: Cp19Tests does not declare any static, non-private, non-final, nested classes annotated with @Configuration.
INFO  SpringBootTestContextBootstrapper - Found @SpringBootConfiguration org.springframework.samples.petclinic.PetClinicApplication for test class org.springframework.samples.petclinic.acceptance.Cp19Tests
INFO  AnnotationConfigContextLoaderUtils - Could not detect default configuration classes for test class [org.springframework.samples.petclinic.acceptance.Cp19Tests]: Cp19Tests does not declare any static, non-private, non-final, nested classes annotated with @Configuration.
INFO  AnnotationConfigContextLoaderUtils - Could not detect default configuration classes for test class [org.springframework.samples.petclinic.acceptance.AcceptanceBase]: AcceptanceBase does not declare any static, non-private, non-final, nested classes annotated with @Configuration.
INFO  SpringBootTestContextBootstrapper - Found @SpringBootConfiguration org.springframework.samples.petclinic.PetClinicApplication for test class org.springframework.samples.petclinic.acceptance.Cp19Tests
INFO  AUDIT - owner created: id=101 customerCode=UNKNOWN-8C6A894C registrationDate=2026-08-10 membershipLevel=1
INFO  AUDIT - owner created: id=102 customerCode=UNKNOWN-415DC089 registrationDate=2026-08-10 membershipLevel=1
INFO  AUDIT - owner created: id=103 customerCode=UNKNOWN-28B105E9 registrationDate=2026-08-10 membershipLevel=1
INFO  AUDIT - owner created: id=104 customerCode=UNKNOWN-30170AE3 registrationDate=2026-08-10 membershipLevel=1
INFO  AUDIT - owner created: id=105 customerCode=UNKNOWN-9AF0292A registrationDate=2026-08-10 membershipLevel=1
INFO  AUDIT - owner created: id=106 customerCode=UNKNOWN-CC4DA9C9 registrationDate=2026-08-10 membershipLevel=1
INFO  AUDIT - owner created: id=107 customerCode=UNKNOWN-42854F35 registrationDate=2026-08-10 membershipLevel=1
INFO  AUDIT - owner created: id=108 customerCode=UNKNOWN-79B436B3 registrationDate=2026-08-10 membershipLevel=1
INFO  AUDIT - owner created: id=109 customerCode=UNKNOWN-9EE04ABE registrationDate=2026-08-10 membershipLevel=1
INFO  AUDIT - owner created: id=110 customerCode=UNKNOWN-3AFD652A registrationDate=2026-08-10 membershipLevel=1
INFO  AUDIT - owner created: id=111 customerCode=UNKNOWN-4A466936 registrationDate=2026-08-10 membershipLevel=1
INFO  AUDIT - owner created: id=112 customerCode=UNKNOWN-B91E002F registrationDate=2026-08-10 membershipLevel=1
INFO  AUDIT - owner created: id=113 customerCode=UNKNOWN-8D4AEFB8 registrationDate=2026-08-10 membershipLevel=1
INFO  AUDIT - owner created: id=114 customerCode=UNKNOWN-9356F591 registrationDate=2026-08-10 membershipLevel=1
INFO  AUDIT - owner created: id=115 customerCode=UNKNOWN-65B0B2F0 registrationDate=2026-08-10 membershipLevel=1
INFO  AUDIT - owner created: id=116 customerCode=UNKNOWN-AD701A4D registrationDate=2026-08-10 membershipLevel=1
INFO  AUDIT - owner created: id=117 customerCode=UNKNOWN-FEC02606 registrationDate=2026-08-10 membershipLevel=1
INFO  AUDIT - owner created: id=118 customerCode=UNKNOWN-8D6D5720 registrationDate=2026-08-10 membershipLevel=1
INFO  AUDIT - owner created: id=119 customerCode=UNKNOWN-F0874147 registrationDate=2026-08-10 membershipLevel=1
INFO  AUDIT - owner created: id=120 customerCode=UNKNOWN-5F2F8014 registrationDate=2026-08-10 membershipLevel=1
INFO  AUDIT - owner created: id=121 customerCode=UNKNOWN-71165785 registrationDate=2026-08-10 membershipLevel=1
INFO  AUDIT - owner created: id=122 customerCode=UNKNOWN-F4F36ABF registrationDate=2026-08-10 membershipLevel=1
INFO  AUDIT - owner created: id=123 customerCode=UNKNOWN-C02C6105 registrationDate=2026-08-10 membershipLevel=1
INFO  AUDIT - owner created: id=124 customerCode=UNKNOWN-41081155 registrationDate=2026-08-10 membershipLevel=1
INFO  AUDIT - owner created: id=125 customerCode=UNKNOWN-1E13E3A0 registrationDate=2026-08-10 membershipLevel=1
INFO  AUDIT - owner created: id=126 customerCode=UNKNOWN-521C669A registrationDate=2026-08-10 membershipLevel=1
INFO  AUDIT - owner created: id=127 customerCode=UNKNOWN-6BEF25A4 registrationDate=2026-08-10 membershipLevel=1
INFO  AUDIT - owner created: id=128 customerCode=UNKNOWN-20D713B9 registrationDate=2026-08-10 membershipLevel=1
INFO  AUDIT - owner created: id=129 customerCode=UNKNOWN-36CAC12F registrationDate=2026-08-10 membershipLevel=1
INFO  AUDIT - owner created: id=130 customerCode=UNKNOWN-72263E7B registrationDate=2026-08-10 membershipLevel=1
INFO  AUDIT - owner created: id=131 customerCode=UNKNOWN-1DEE8499 registrationDate=2026-08-10 membershipLevel=1
INFO  AUDIT - owner created: id=132 customerCode=UNKNOWN-7AD146AF registrationDate=2026-08-10 membershipLevel=1
INFO  AUDIT - owner created: id=133 customerCode=UNKNOWN-E888A8B9 registrationDate=2026-08-10 membershipLevel=1
INFO  AUDIT - owner created: id=134 customerCode=UNKNOWN-E9D6C50D registrationDate=2026-08-10 membershipLevel=1
INFO  AUDIT - owner created: id=135 customerCode=UNKNOWN-CDB31B44 registrationDate=2026-08-10 membershipLevel=1
INFO  AUDIT - owner created: id=136 customerCode=UNKNOWN-0CF5738C registrationDate=2026-08-10 membershipLevel=1
INFO  AUDIT - owner created: id=137 customerCode=UNKNOWN-ED164D8E registrationDate=2026-08-10 membershipLevel=1
INFO  AUDIT - owner created: id=138 customerCode=UNKNOWN-763B67F6 registrationDate=2026-08-10 membershipLevel=1
INFO  AUDIT - owner created: id=139 customerCode=UNKNOWN-94628A6D registrationDate=2026-08-10 membershipLevel=1
INFO  AUDIT - owner created: id=140 customerCode=UNKNOWN-E0D1322F registrationDate=2026-08-10 membershipLevel=1
INFO  AUDIT - owner created: id=141 customerCode=UNKNOWN-161E4C44 registrationDate=2026-08-10 membershipLevel=1
INFO  AUDIT - owner created: id=142 customerCode=UNKNOWN-966BA022 registrationDate=2026-08-10 membershipLevel=1
INFO  AUDIT - owner created: id=143 customerCode=UNKNOWN-B86D0A69 registrationDate=2026-08-10 membershipLevel=1
INFO  AUDIT - owner created: id=144 customerCode=UNKNOWN-BD81023C registrationDate=2026-08-10 membershipLevel=1
INFO  AUDIT - owner created: id=145 customerCode=UNKNOWN-48A6A4BC registrationDate=2026-08-10 membershipLevel=1
INFO  AUDIT - owner created: id=146 customerCode=UNKNOWN-D225D8A3 registrationDate=2026-08-10 membershipLevel=1
INFO  AUDIT - owner created: id=147 customerCode=UNKNOWN-9AD220E1 registrationDate=2026-08-10 membershipLevel=1
INFO  AUDIT - owner created: id=148 customerCode=UNKNOWN-850726D0 registrationDate=2026-08-10 membershipLevel=1
INFO  AUDIT - owner created: id=149 customerCode=UNKNOWN-185F5A17 registrationDate=2026-08-10 membershipLevel=1
INFO  AUDIT - owner created: id=150 customerCode=UNKNOWN-C72106F5 registrationDate=2026-08-10 membershipLevel=1
INFO  AUDIT - owner created: id=151 customerCode=UNKNOWN-201C78D8 registrationDate=2026-08-10 membershipLevel=1
INFO  AUDIT - owner created: id=152 customerCode=UNKNOWN-A5FF30B2 registrationDate=2026-08-10 membershipLevel=1
INFO  AUDIT - owner created: id=153 customerCode=UNKNOWN-868A37A5 registrationDate=2026-08-10 membershipLevel=1
INFO  AUDIT - owner created: id=154 customerCode=UNKNOWN-58BCFCB1 registrationDate=2026-08-10 membershipLevel=1
INFO  AUDIT - owner created: id=155 customerCode=UNKNOWN-34BA7CF7 registrationDate=2026-08-10 membershipLevel=1
INFO  AUDIT - owner created: id=156 customerCode=UNKNOWN-04F12666 registrationDate=2026-08-10 membershipLevel=1
INFO  AUDIT - owner created: id=157 customerCode=UNKNOWN-6B39FC7F registrationDate=2026-08-10 membershipLevel=1
INFO  AUDIT - owner created: id=158 customerCode=UNKNOWN-C093C08B registrationDate=2026-08-10 membershipLevel=1
INFO  AUDIT - owner created: id=159 customerCode=UNKNOWN-2B56DBBC registrationDate=2026-08-10 membershipLevel=1
INFO  AUDIT - owner created: id=160 customerCode=UNKNOWN-0D3B23D7 registrationDate=2026-08-10 membershipLevel=1
INFO  AUDIT - owner created: id=161 customerCode=UNKNOWN-5697E6A1 registrationDate=2026-08-10 membershipLevel=1
INFO  AUDIT - owner created: id=162 customerCode=UNKNOWN-F3D46FFF registrationDate=2026-08-10 membershipLevel=1
INFO  AUDIT - owner created: id=163 customerCode=UNKNOWN-4DC793CA registrationDate=2026-08-10 membershipLevel=1
INFO  AUDIT - owner created: id=164 customerCode=UNKNOWN-9852482D registrationDate=2026-08-10 membershipLevel=1
INFO  AUDIT - owner created: id=165 customerCode=UNKNOWN-F4B02ADC registrationDate=2026-08-10 membershipLevel=1
INFO  AUDIT - owner created: id=166 customerCode=UNKNOWN-FBA37572 registrationDate=2026-08-10 membershipLevel=1
INFO  AUDIT - owner created: id=167 customerCode=UNKNOWN-B01E9F56 registrationDate=2026-08-10 membershipLevel=1
INFO  AUDIT - owner created: id=168 customerCode=UNKNOWN-57829E32 registrationDate=2026-08-10 membershipLevel=1
INFO  AUDIT - owner created: id=169 customerCode=UNKNOWN-E63A94A8 registrationDate=2026-08-10 membershipLevel=1
INFO  AUDIT - owner created: id=170 customerCode=UNKNOWN-485065A1 registrationDate=2026-08-10 membershipLevel=1
INFO  AUDIT - owner created: id=171 customerCode=UNKNOWN-C3B27636 registrationDate=2026-08-10 membershipLevel=1
INFO  AUDIT - owner created: id=172 customerCode=UNKNOWN-5C566900 registrationDate=2026-08-10 membershipLevel=1
INFO  AUDIT - owner created: id=173 customerCode=UNKNOWN-3A860BC8 registrationDate=2026-08-10 membershipLevel=1
INFO  AUDIT - owner created: id=174 customerCode=UNKNOWN-1B888C56 registrationDate=2026-08-10 membershipLevel=1
INFO  AUDIT - owner created: id=175 customerCode=UNKNOWN-C80C269E registrationDate=2026-08-10 membershipLevel=1
INFO  AUDIT - owner created: id=176 customerCode=UNKNOWN-EDAD915F registrationDate=2026-08-10 membershipLevel=1
INFO  AUDIT - owner created: id=177 customerCode=UNKNOWN-C7E5929D registrationDate=2026-08-10 membershipLevel=1
INFO  AUDIT - owner created: id=178 customerCode=UNKNOWN-6C6C2EB5 registrationDate=2026-08-10 membershipLevel=1
INFO  AUDIT - owner created: id=179 customerCode=UNKNOWN-E2B08E5C registrationDate=2026-08-10 membershipLevel=1
INFO  AUDIT - owner created: id=180 customerCode=UNKNOWN-4A162BDC registrationDate=2026-08-10 membershipLevel=1
INFO  AUDIT - owner created: id=181 customerCode=UNKNOWN-201F45D7 registrationDate=2026-08-10 membershipLevel=1
INFO  AUDIT - owner created: id=182 customerCode=UNKNOWN-17E873ED registrationDate=2026-08-10 membershipLevel=1
INFO  AUDIT - owner created: id=183 customerCode=UNKNOWN-F6B28FA0 registrationDate=2026-08-10 membershipLevel=1
INFO  AUDIT - owner created: id=184 customerCode=UNKNOWN-1CE54BC4 registrationDate=2026-08-10 membershipLevel=1
INFO  AUDIT - owner created: id=185 customerCode=UNKNOWN-66A70509 registrationDate=2026-08-10 membershipLevel=1
INFO  AUDIT - owner created: id=186 customerCode=UNKNOWN-ECCB20C1 registrationDate=2026-08-10 membershipLevel=1
INFO  AUDIT - owner created: id=187 customerCode=UNKNOWN-B0B905E1 registrationDate=2026-08-10 membershipLevel=1
INFO  AUDIT - owner created: id=188 customerCode=UNKNOWN-93600681 registrationDate=2026-08-10 membershipLevel=1
INFO  AUDIT - owner created: id=189 customerCode=UNKNOWN-1A91DA51 registrationDate=2026-08-10 membershipLevel=1
INFO  AUDIT - owner created: id=190 customerCode=UNKNOWN-46001E7C registrationDate=2026-08-10 membershipLevel=1
INFO  AUDIT - owner created: id=191 customerCode=UNKNOWN-618DC4A9 registrationDate=2026-08-10 membershipLevel=1
INFO  AUDIT - owner created: id=192 customerCode=UNKNOWN-9D9727B1 registrationDate=2026-08-10 membershipLevel=1
INFO  AUDIT - owner created: id=193 customerCode=UNKNOWN-52BE68AF registrationDate=2026-08-10 membershipLevel=1
INFO  AUDIT - owner created: id=194 customerCode=UNKNOWN-BEFC4181 registrationDate=2026-08-10 membershipLevel=1
INFO  AUDIT - owner created: id=195 customerCode=UNKNOWN-8D333118 registrationDate=2026-08-10 membershipLevel=1
INFO  AUDIT - owner created: id=196 customerCode=UNKNOWN-B432D741 registrationDate=2026-08-10 membershipLevel=1
INFO  AUDIT - owner created: id=197 customerCode=UNKNOWN-A5074FD7 registrationDate=2026-08-10 membershipLevel=1
INFO  AUDIT - owner created: id=198 customerCode=UNKNOWN-502995F0 registrationDate=2026-08-10 membershipLevel=1
INFO  AUDIT - owner created: id=199 customerCode=UNKNOWN-90357BE7 registrationDate=2026-08-10 membershipLevel=1
INFO  AUDIT - owner created: id=200 customerCode=UNKNOWN-A55F87D3 registrationDate=2026-08-10 membershipLevel=1
INFO  AnnotationConfigContextLoaderUtils - Could not detect default configuration classes for test class [org.springframework.samples.petclinic.acceptance.Cp22Tests]: Cp22Tests does not declare any static, non-private, non-final, nested classes annotated with @Configuration.
INFO  SpringBootTestContextBootstrapper - Found @SpringBootConfiguration org.springframework.samples.petclinic.PetClinicApplication for test class org.springframework.samples.petclinic.acceptance.Cp22Tests
INFO  AnnotationConfigContextLoaderUtils - Could not detect default configuration classes for test class [org.springframework.samples.petclinic.acceptance.Cp22Tests]: Cp22Tests does not declare any static, non-private, non-final, nested classes annotated with @Configuration.
INFO  AnnotationConfigContextLoaderUtils - Could not detect default configuration classes for test class [org.springframework.samples.petclinic.acceptance.AcceptanceBase]: AcceptanceBase does not declare any static, non-private, non-final, nested classes annotated with @Configuration.
INFO  SpringBootTestContextBootstrapper - Found @SpringBootConfiguration org.springframework.samples.petclinic.PetClinicApplication for test class org.springframework.samples.petclinic.acceptance.Cp22Tests
INFO  AUDIT - owner created: id=201 customerCode=UNKNOWN-5C742FA2 registrationDate=2026-08-10 membershipLevel=1
INFO  AnnotationConfigContextLoaderUtils - Could not detect default configuration classes for test class [org.springframework.samples.petclinic.acceptance.Cp13Tests]: Cp13Tests does not declare any static, non-private, non-final, nested classes annotated with @Configuration.
INFO  SpringBootTestContextBootstrapper - Found @SpringBootConfiguration org.springframework.samples.petclinic.PetClinicApplication for test class org.springframework.samples.petclinic.acceptance.Cp13Tests
INFO  AnnotationConfigContextLoaderUtils - Could not detect default configuration classes for test class [org.springframework.samples.petclinic.acceptance.Cp13Tests]: Cp13Tests does not declare any static, non-private, non-final, nested classes annotated with @Configuration.
INFO  AnnotationConfigContextLoaderUtils - Could not detect default configuration classes for test class [org.springframework.samples.petclinic.acceptance.AcceptanceBase]: AcceptanceBase does not declare any static, non-private, non-final, nested classes annotated with @Configuration.
INFO  SpringBootTestContextBootstrapper - Found @SpringBootConfiguration org.springframework.samples.petclinic.PetClinicApplication for test class org.springframework.samples.petclinic.acceptance.Cp13Tests
INFO  AUDIT - owner created: id=202 customerCode=NSW-685C70F6 registrationDate=2026-08-10 membershipLevel=1
INFO  AUDIT - owner created: id=203 customerCode=NSW-B633B986 registrationDate=2026-08-10 membershipLevel=1
INFO  AnnotationConfigContextLoaderUtils - Could not detect default configuration classes for test class [org.springframework.samples.petclinic.acceptance.Cp01Tests]: Cp01Tests does not declare any static, non-private, non-final, nested classes annotated with @Configuration.
INFO  SpringBootTestContextBootstrapper - Found @SpringBootConfiguration org.springframework.samples.petclinic.PetClinicApplication for test class org.springframework.samples.petclinic.acceptance.Cp01Tests
INFO  AnnotationConfigContextLoaderUtils - Could not detect default configuration classes for test class [org.springframework.samples.petclinic.acceptance.Cp01Tests]: Cp01Tests does not declare any static, non-private, non-final, nested classes annotated with @Configuration.
INFO  AnnotationConfigContextLoaderUtils - Could not detect default configuration classes for test class [org.springframework.samples.petclinic.acceptance.AcceptanceBase]: AcceptanceBase does not declare any static, non-private, non-final, nested classes annotated with @Configuration.
INFO  SpringBootTestContextBootstrapper - Found @SpringBootConfiguration org.springframework.samples.petclinic.PetClinicApplication for test class org.springframework.samples.petclinic.acceptance.Cp01Tests
DEBUG ExceptionControllerAdvice - Validation error at POST /api/owners: [Field error in object 'ownerFieldsDto' on field 'city': rejected value [null]; codes [NotNull.ownerFieldsDto.city,NotNull.city,NotNull.java.lang.String,NotNull]; arguments [org.springframework.context.support.DefaultMessageSourceResolvable: codes [ownerFieldsDto.city,city]; arguments []; default message [city]]; default message [must not be null]]
DEBUG ExceptionControllerAdvice - Validation error at POST /api/owners: [Field error in object 'ownerFieldsDto' on field 'address': rejected value [   ]; codes [Pattern.ownerFieldsDto.address,Pattern.address,Pattern.java.lang.String,Pattern]; arguments [org.springframework.context.support.DefaultMessageSourceResolvable: codes [ownerFieldsDto.address,address]; arguments []; default message [address],[Ljakarta.validation.constraints.Pattern$Flag;@53288806,(?s).*\S.*]; default message [must match "(?s).*\S.*"]]
INFO  AnnotationConfigContextLoaderUtils - Could not detect default configuration classes for test class [org.springframework.samples.petclinic.acceptance.Cp34Tests]: Cp34Tests does not declare any static, non-private, non-final, nested classes annotated with @Configuration.
INFO  SpringBootTestContextBootstrapper - Found @SpringBootConfiguration org.springframework.samples.petclinic.PetClinicApplication for test class org.springframework.samples.petclinic.acceptance.Cp34Tests
INFO  AnnotationConfigContextLoaderUtils - Could not detect default configuration classes for test class [org.springframework.samples.petclinic.acceptance.Cp34Tests]: Cp34Tests does not declare any static, non-private, non-final, nested classes annotated with @Configuration.
INFO  AnnotationConfigContextLoaderUtils - Could not detect default configuration classes for test class [org.springframework.samples.petclinic.acceptance.AcceptanceBase]: AcceptanceBase does not declare any static, non-private, non-final, nested classes annotated with @Configuration.
INFO  SpringBootTestContextBootstrapper - Found @SpringBootConfiguration org.springframework.samples.petclinic.PetClinicApplication for test class org.springframework.samples.petclinic.acceptance.Cp34Tests
INFO  AUDIT - owner created: id=204 customerCode=UNKNOWN-26199C46 registrationDate=2026-08-10 membershipLevel=1
INFO  AnnotationConfigContextLoaderUtils - Could not detect default configuration classes for test class [org.springframework.samples.petclinic.acceptance.Cp35Tests]: Cp35Tests does not declare any static, non-private, non-final, nested classes annotated with @Configuration.
INFO  SpringBootTestContextBootstrapper - Found @SpringBootConfiguration org.springframework.samples.petclinic.PetClinicApplication for test class org.springframework.samples.petclinic.acceptance.Cp35Tests
INFO  AnnotationConfigContextLoaderUtils - Could not detect default configuration classes for test class [org.springframework.samples.petclinic.acceptance.Cp35Tests]: Cp35Tests does not declare any static, non-private, non-final, nested classes annotated with @Configuration.
INFO  AnnotationConfigContextLoaderUtils - Could not detect default configuration classes for test class [org.springframework.samples.petclinic.acceptance.AcceptanceBase]: AcceptanceBase does not declare any static, non-private, non-final, nested classes annotated with @Configuration.
INFO  SpringBootTestContextBootstrapper - Found @SpringBootConfiguration org.springframework.samples.petclinic.PetClinicApplication for test class org.springframework.samples.petclinic.acceptance.Cp35Tests
INFO  AUDIT - owner created: id=205 customerCode=NSW-92BC1666 registrationDate=2026-08-10 membershipLevel=1
INFO  AUDIT - owner created: id=206 customerCode=NSW-96DA620F registrationDate=2026-08-10 membershipLevel=1
INFO  AUDIT - owner created: id=207 customerCode=NSW-AFAB8B86 registrationDate=2026-08-10 membershipLevel=1
INFO  AnnotationConfigContextLoaderUtils - Could not detect default configuration classes for test class [org.springframework.samples.petclinic.acceptance.Cp02Tests]: Cp02Tests does not declare any static, non-private, non-final, nested classes annotated with @Configuration.
INFO  SpringBootTestContextBootstrapper - Found @SpringBootConfiguration org.springframework.samples.petclinic.PetClinicApplication for test class org.springframework.samples.petclinic.acceptance.Cp02Tests
INFO  AnnotationConfigContextLoaderUtils - Could not detect default configuration classes for test class [org.springframework.samples.petclinic.acceptance.Cp02Tests]: Cp02Tests does not declare any static, non-private, non-final, nested classes annotated with @Configuration.
INFO  AnnotationConfigContextLoaderUtils - Could not detect default configuration classes for test class [org.springframework.samples.petclinic.acceptance.AcceptanceBase]: AcceptanceBase does not declare any static, non-private, non-final, nested classes annotated with @Configuration.
INFO  SpringBootTestContextBootstrapper - Found @SpringBootConfiguration org.springframework.samples.petclinic.PetClinicApplication for test class org.springframework.samples.petclinic.acceptance.Cp02Tests
INFO  AUDIT - owner created: id=208 customerCode=UNKNOWN-904466D0 registrationDate=2026-08-10 membershipLevel=1
INFO  AnnotationConfigContextLoaderUtils - Could not detect default configuration classes for test class [org.springframework.samples.petclinic.acceptance.Cp15Tests]: Cp15Tests does not declare any static, non-private, non-final, nested classes annotated with @Configuration.
INFO  SpringBootTestContextBootstrapper - Found @SpringBootConfiguration org.springframework.samples.petclinic.PetClinicApplication for test class org.springframework.samples.petclinic.acceptance.Cp15Tests
INFO  AnnotationConfigContextLoaderUtils - Could not detect default configuration classes for test class [org.springframework.samples.petclinic.acceptance.Cp15Tests]: Cp15Tests does not declare any static, non-private, non-final, nested classes annotated with @Configuration.
INFO  AnnotationConfigContextLoaderUtils - Could not detect default configuration classes for test class [org.springframework.samples.petclinic.acceptance.AcceptanceBase]: AcceptanceBase does not declare any static, non-private, non-final, nested classes annotated with @Configuration.
INFO  SpringBootTestContextBootstrapper - Found @SpringBootConfiguration org.springframework.samples.petclinic.PetClinicApplication for test class org.springframework.samples.petclinic.acceptance.Cp15Tests
INFO  AUDIT - owner created: id=209 customerCode=UNKNOWN-C8AB1AAE registrationDate=2026-08-10 membershipLevel=2
INFO  AnnotationConfigContextLoaderUtils - Could not detect default configuration classes for test class [org.springframework.samples.petclinic.acceptance.Cp10Tests]: Cp10Tests does not declare any static, non-private, non-final, nested classes annotated with @Configuration.
INFO  SpringBootTestContextBootstrapper - Found @SpringBootConfiguration org.springframework.samples.petclinic.PetClinicApplication for test class org.springframework.samples.petclinic.acceptance.Cp10Tests
INFO  AnnotationConfigContextLoaderUtils - Could not detect default configuration classes for test class [org.springframework.samples.petclinic.acceptance.Cp10Tests]: Cp10Tests does not declare any static, non-private, non-final, nested classes annotated with @Configuration.
INFO  AnnotationConfigContextLoaderUtils - Could not detect default configuration classes for test class [org.springframework.samples.petclinic.acceptance.AcceptanceBase]: AcceptanceBase does not declare any static, non-private, non-final, nested classes annotated with @Configuration.
INFO  SpringBootTestContextBootstrapper - Found @SpringBootConfiguration org.springframework.samples.petclinic.PetClinicApplication for test class org.springframework.samples.petclinic.acceptance.Cp10Tests
INFO  AUDIT - owner created: id=210 customerCode=NSW-43D75DC8 registrationDate=2026-08-10 membershipLevel=1
INFO  AnnotationConfigContextLoaderUtils - Could not detect default configuration classes for test class [org.springframework.samples.petclinic.acceptance.Cp26Tests]: Cp26Tests does not declare any static, non-private, non-final, nested classes annotated with @Configuration.
INFO  SpringBootTestContextBootstrapper - Found @SpringBootConfiguration org.springframework.samples.petclinic.PetClinicApplication for test class org.springframework.samples.petclinic.acceptance.Cp26Tests
INFO  AnnotationConfigContextLoaderUtils - Could not detect default configuration classes for test class [org.springframework.samples.petclinic.acceptance.Cp26Tests]: Cp26Tests does not declare any static, non-private, non-final, nested classes annotated with @Configuration.
INFO  AnnotationConfigContextLoaderUtils - Could not detect default configuration classes for test class [org.springframework.samples.petclinic.acceptance.AcceptanceBase]: AcceptanceBase does not declare any static, non-private, non-final, nested classes annotated with @Configuration.
INFO  SpringBootTestContextBootstrapper - Found @SpringBootConfiguration org.springframework.samples.petclinic.PetClinicApplication for test class org.springframework.samples.petclinic.acceptance.Cp26Tests
INFO  AnnotationConfigContextLoaderUtils - Could not detect default configuration classes for test class [org.springframework.samples.petclinic.acceptance.Cp06Tests]: Cp06Tests does not declare any static, non-private, non-final, nested classes annotated with @Configuration.
INFO  SpringBootTestContextBootstrapper - Found @SpringBootConfiguration org.springframework.samples.petclinic.PetClinicApplication for test class org.springframework.samples.petclinic.acceptance.Cp06Tests
INFO  AnnotationConfigContextLoaderUtils - Could not detect default configuration classes for test class [org.springframework.samples.petclinic.acceptance.Cp06Tests]: Cp06Tests does not declare any static, non-private, non-final, nested classes annotated with @Configuration.
INFO  AnnotationConfigContextLoaderUtils - Could not detect default configuration classes for test class [org.springframework.samples.petclinic.acceptance.AcceptanceBase]: AcceptanceBase does not declare any static, non-private, non-final, nested classes annotated with @Configuration.
INFO  SpringBootTestContextBootstrapper - Found @SpringBootConfiguration org.springframework.samples.petclinic.PetClinicApplication for test class org.springframework.samples.petclinic.acceptance.Cp06Tests
INFO  AUDIT - owner created: id=211 customerCode=UNKNOWN-B53554CA registrationDate=2026-08-10 membershipLevel=1
INFO  AnnotationConfigContextLoaderUtils - Could not detect default configuration classes for test class [org.springframework.samples.petclinic.acceptance.Cp16Tests]: Cp16Tests does not declare any static, non-private, non-final, nested classes annotated with @Configuration.
INFO  SpringBootTestContextBootstrapper - Found @SpringBootConfiguration org.springframework.samples.petclinic.PetClinicApplication for test class org.springframework.samples.petclinic.acceptance.Cp16Tests
INFO  AnnotationConfigContextLoaderUtils - Could not detect default configuration classes for test class [org.springframework.samples.petclinic.acceptance.Cp16Tests]: Cp16Tests does not declare any static, non-private, non-final, nested classes annotated with @Configuration.
INFO  AnnotationConfigContextLoaderUtils - Could not detect default configuration classes for test class [org.springframework.samples.petclinic.acceptance.AcceptanceBase]: AcceptanceBase does not declare any static, non-private, non-final, nested classes annotated with @Configuration.
INFO  SpringBootTestContextBootstrapper - Found @SpringBootConfiguration org.springframework.samples.petclinic.PetClinicApplication for test class org.springframework.samples.petclinic.acceptance.Cp16Tests
INFO  AUDIT - owner created: id=212 customerCode=NSW-92430EF8 registrationDate=2026-08-10 membershipLevel=1
INFO  AnnotationConfigContextLoaderUtils - Could not detect default configuration classes for test class [org.springframework.samples.petclinic.acceptance.Cp20Tests]: Cp20Tests does not declare any static, non-private, non-final, nested classes annotated with @Configuration.
INFO  SpringBootTestContextBootstrapper - Found @SpringBootConfiguration org.springframework.samples.petclinic.PetClinicApplication for test class org.springframework.samples.petclinic.acceptance.Cp20Tests
INFO  AnnotationConfigContextLoaderUtils - Could not detect default configuration classes for test class [org.springframework.samples.petclinic.acceptance.Cp20Tests]: Cp20Tests does not declare any static, non-private, non-final, nested classes annotated with @Configuration.
INFO  AnnotationConfigContextLoaderUtils - Could not detect default configuration classes for test class [org.springframework.samples.petclinic.acceptance.AcceptanceBase]: AcceptanceBase does not declare any static, non-private, non-final, nested classes annotated with @Configuration.
INFO  SpringBootTestContextBootstrapper - Found @SpringBootConfiguration org.springframework.samples.petclinic.PetClinicApplication for test class org.springframework.samples.petclinic.acceptance.Cp20Tests
INFO  AUDIT - owner created: id=213 customerCode=UNKNOWN-768623B9 registrationDate=2026-08-10 membershipLevel=1
INFO  AnnotationConfigContextLoaderUtils - Could not detect default configuration classes for test class [org.springframework.samples.petclinic.acceptance.Cp17Tests]: Cp17Tests does not declare any static, non-private, non-final, nested classes annotated with @Configuration.
INFO  SpringBootTestContextBootstrapper - Found @SpringBootConfiguration org.springframework.samples.petclinic.PetClinicApplication for test class org.springframework.samples.petclinic.acceptance.Cp17Tests
INFO  AnnotationConfigContextLoaderUtils - Could not detect default configuration classes for test class [org.springframework.samples.petclinic.acceptance.Cp17Tests]: Cp17Tests does not declare any static, non-private, non-final, nested classes annotated with @Configuration.
INFO  AnnotationConfigContextLoaderUtils - Could not detect default configuration classes for test class [org.springframework.samples.petclinic.acceptance.AcceptanceBase]: AcceptanceBase does not declare any static, non-private, non-final, nested classes annotated with @Configuration.
INFO  SpringBootTestContextBootstrapper - Found @SpringBootConfiguration org.springframework.samples.petclinic.PetClinicApplication for test class org.springframework.samples.petclinic.acceptance.Cp17Tests
INFO  AUDIT - owner created: id=214 customerCode=NSW-432EA9AA registrationDate=2026-08-10 membershipLevel=1
OpenJDK 64-Bit Server VM warning: Sharing is only supported for boot loader classes because bootstrap classpath has been appended
