$ ./mvnw -q -B -DskipTests test-compile
############################################################################################
# Thanks for using OpenAPI Generator.                                                      #
# We appreciate your support! Please consider donation to help us maintain this project.   #
# https://opencollective.com/openapi_generator/donate                                      #
############################################################################################

$ ./mvnw -q -B -Dgroups=cp01,cp02,cp03,cp04,cp05,cp06,cp07,cp08,cp09,cp10,cp11,cp12,cp13,cp14,cp15,cp16,cp17,cp18,cp19,cp20,cp21,cp22,cp23,cp24,cp25,cp26,cp27,cp28,cp29,cp30,cp31,cp32,cp33,cp34,cp35,cp36,cp37,cp38,cp39,cp40,cp41,cp42,cp43,cp44 test
############################################################################################
# Thanks for using OpenAPI Generator.                                                      #
# We appreciate your support! Please consider donation to help us maintain this project.   #
# https://opencollective.com/openapi_generator/donate                                      #
############################################################################################
INFO  AnnotationConfigContextLoaderUtils - Could not detect default configuration classes for test class [org.springframework.samples.petclinic.acceptance.Cp12Tests]: Cp12Tests does not declare any static, non-private, non-final, nested classes annotated with @Configuration.
INFO  SpringBootTestContextBootstrapper - Found @SpringBootConfiguration org.springframework.samples.petclinic.PetClinicApplication for test class org.springframework.samples.petclinic.acceptance.Cp12Tests
INFO  AnnotationConfigContextLoaderUtils - Could not detect default configuration classes for test class [org.springframework.samples.petclinic.acceptance.Cp12Tests]: Cp12Tests does not declare any static, non-private, non-final, nested classes annotated with @Configuration.
INFO  AnnotationConfigContextLoaderUtils - Could not detect default configuration classes for test class [org.springframework.samples.petclinic.acceptance.AcceptanceBase]: AcceptanceBase does not declare any static, non-private, non-final, nested classes annotated with @Configuration.
INFO  SpringBootTestContextBootstrapper - Found @SpringBootConfiguration org.springframework.samples.petclinic.PetClinicApplication for test class org.springframework.samples.petclinic.acceptance.Cp12Tests

  .   ____          _            __ _ _
 /\\ / ___'_ __ _ _(_)_ __  __ _ \ \ \ \
( ( )\___ | '_ | '_| | '_ \/ _` | \ \ \ \
 \\/  ___)| |_)| | | | | || (_| |  ) ) ) )
  '  |____| .__|_| |_|_| |_\__, | / / / /
 =========|_|==============|___/=/_/_/_/

 :: Spring Boot ::                (v4.1.0)

INFO  Cp12Tests - Starting Cp12Tests using Java 17.0.19 with PID 1969440 (started by daniel in /home/daniel/sandbox)
DEBUG Cp12Tests - Running with Spring Boot v4.1.0, Spring v7.0.8
INFO  Cp12Tests - The following 2 profiles are active: "hsqldb", "spring-data-jpa"
INFO  Version - HV000001: Hibernate Validator 9.1.0.Final
INFO  RepositoryConfigurationDelegate - Bootstrapping Spring Data JPA repositories in DEFAULT mode.
INFO  RepositoryConfigurationDelegate - Finished Spring Data repository scanning in 75 ms. Found 7 JPA repository interfaces.
INFO  HikariDataSource - HikariPool-1 - Starting...
INFO  PoolBase - HikariPool-1 - Driver does not support get/set network timeout for connections. (feature not supported)
INFO  HikariPool - HikariPool-1 - Added connection org.hsqldb.jdbc.JDBCConnection@6c2dec7f
INFO  HikariDataSource - HikariPool-1 - Start completed.
INFO  jpa - HHH008540: Processing PersistenceUnitInfo [name: default]
INFO  core - HHH000001: Hibernate ORM core version 7.4.1.Final
INFO  SpringPersistenceUnitInfo - No LoadTimeWeaver setup: ignoring JPA class transformer
INFO  pooling - HHH10001005: Database info:
	Database JDBC URL [jdbc:hsqldb:mem:petclinic]
	Database driver: HSQL Database Engine Driver
	Database dialect: HSQLDialect
	Database version: 2.7.3
	Default catalog/schema: PUBLIC/PUBLIC
	Autocommit mode: undefined/unknown
	Isolation level: READ_COMMITTED [default READ_COMMITTED]
	JDBC fetch size: none
	Pool: DataSourceConnectionProvider
	Minimum pool size: undefined/unknown
	Maximum pool size: undefined/unknown
INFO  core - HHH000489: No JTA platform available (set 'hibernate.transaction.jta.platform' to enable JTA platform integration)
INFO  LocalContainerEntityManagerFactoryBean - Initialized JPA EntityManagerFactory for persistence unit 'default'
WARN  InitializeUserDetailsBeanManagerConfigurer$InitializeUserDetailsManagerConfigurer - Global AuthenticationManager configured with an AuthenticationProvider bean. UserDetailsService beans will not be used by Spring Security for automatically configuring username/password login. Consider removing the AuthenticationProvider bean. Alternatively, consider using the UserDetailsService in a manually instantiated DaoAuthenticationProvider. If the current configuration is intentional, to turn off this warning, increase the logging level of 'org.springframework.security.config.annotation.authentication.configuration.InitializeUserDetailsBeanManagerConfigurer' to ERROR
INFO  QueryEnhancerFactories - Hibernate is in classpath; If applicable, HQL parser will be used.
INFO  OFFICE - Loading REST endpoints:
INFO  OFFICE -   GET /
INFO  OFFICE -   GET /api/pets
INFO  OFFICE -   GET /api/vets
INFO  OFFICE -   POST /api/vets
INFO  OFFICE -   POST /api/users
INFO  OFFICE -   GET /api/owners
INFO  OFFICE -   POST /api/owners
INFO  OFFICE -   GET /api/visits
INFO  OFFICE -   POST /api/visits
INFO  OFFICE -   GET /api/v2/pets
INFO  OFFICE -   GET /api/pettypes
INFO  OFFICE -   POST /api/pettypes
INFO  OFFICE -   GET /api/v2/owners
INFO  OFFICE -   GET /api/specialties
INFO  OFFICE -   POST /api/specialties
INFO  OFFICE -   DELETE /api/pets/{petId}
INFO  OFFICE -   GET /api/pets/{petId}
INFO  OFFICE -   PUT /api/pets/{petId}
INFO  OFFICE -   DELETE /api/vets/{vetId}
INFO  OFFICE -   GET /api/vets/{vetId}
INFO  OFFICE -   PUT /api/vets/{vetId}
INFO  OFFICE -   DELETE /api/owners/{ownerId}
INFO  OFFICE -   GET /api/owners/{ownerId}
INFO  OFFICE -   PUT /api/owners/{ownerId}
INFO  OFFICE -   DELETE /api/visits/{visitId}
INFO  OFFICE -   GET /api/visits/{visitId}
INFO  OFFICE -   PUT /api/visits/{visitId}
INFO  OFFICE -   DELETE /api/pettypes/{petTypeId}
INFO  OFFICE -   GET /api/pettypes/{petTypeId}
INFO  OFFICE -   PUT /api/pettypes/{petTypeId}
INFO  OFFICE -   POST /api/owners/{ownerId}/pets
INFO  OFFICE -   DELETE /api/specialties/{specialtyId}
INFO  OFFICE -   GET /api/specialties/{specialtyId}
INFO  OFFICE -   PUT /api/specialties/{specialtyId}
INFO  OFFICE -   GET /api/owners/{ownerId}/pets/{petId}
INFO  OFFICE -   PUT /api/owners/{ownerId}/pets/{petId}
INFO  OFFICE -   POST /api/owners/{ownerId}/pets/{petId}/visits
INFO  OFFICE - OfficeFloor bridging Spring Security
WARN  UserDetailsServiceAutoConfiguration - 

Using generated security password: 8e81e790-eac1-4a72-a7ba-4cfa962bcb92

This generated password is for development use only. Your security configuration must be updated before running your application in production.

INFO  SpringBootMockServletContext - Initializing Spring TestDispatcherServlet ''
INFO  TestDispatcherServlet - Initializing Servlet ''
INFO  EndpointLinksResolver - Exposing 1 endpoint beneath base path '/actuator'
INFO  TestDispatcherServlet - Completed initialization in 21 ms
INFO  Cp12Tests - Started Cp12Tests in 14.607 seconds (process running for 16.84)
WARN  SpringDocAppInitializer - SpringDoc /v3/api-docs endpoint is enabled by default. To disable it in production, set the property 'springdoc.api-docs.enabled=false'
WARN  SpringDocAppInitializer - SpringDoc /swagger-ui.html endpoint is enabled by default. To disable it in production, set the property 'springdoc.swagger-ui.enabled=false'
INFO  AUDIT - Owner created id=11 customerCode=NSW-16E6609E registrationDate=2026-08-17 membershipLevel=1 membershipNumber=NSW-16E6609E-M26
INFO  AnnotationConfigContextLoaderUtils - Could not detect default configuration classes for test class [org.springframework.samples.petclinic.acceptance.Cp14Tests]: Cp14Tests does not declare any static, non-private, non-final, nested classes annotated with @Configuration.
INFO  SpringBootTestContextBootstrapper - Found @SpringBootConfiguration org.springframework.samples.petclinic.PetClinicApplication for test class org.springframework.samples.petclinic.acceptance.Cp14Tests
INFO  AnnotationConfigContextLoaderUtils - Could not detect default configuration classes for test class [org.springframework.samples.petclinic.acceptance.Cp14Tests]: Cp14Tests does not declare any static, non-private, non-final, nested classes annotated with @Configuration.
INFO  AnnotationConfigContextLoaderUtils - Could not detect default configuration classes for test class [org.springframework.samples.petclinic.acceptance.AcceptanceBase]: AcceptanceBase does not declare any static, non-private, non-final, nested classes annotated with @Configuration.
INFO  SpringBootTestContextBootstrapper - Found @SpringBootConfiguration org.springframework.samples.petclinic.PetClinicApplication for test class org.springframework.samples.petclinic.acceptance.Cp14Tests
INFO  AUDIT - Owner created id=12 customerCode=NSW-F36D6C06 registrationDate=2026-08-17 membershipLevel=1 membershipNumber=NSW-F36D6C06-M26
INFO  AnnotationConfigContextLoaderUtils - Could not detect default configuration classes for test class [org.springframework.samples.petclinic.acceptance.Cp39Tests]: Cp39Tests does not declare any static, non-private, non-final, nested classes annotated with @Configuration.
INFO  SpringBootTestContextBootstrapper - Found @SpringBootConfiguration org.springframework.samples.petclinic.PetClinicApplication for test class org.springframework.samples.petclinic.acceptance.Cp39Tests
INFO  AnnotationConfigContextLoaderUtils - Could not detect default configuration classes for test class [org.springframework.samples.petclinic.acceptance.Cp39Tests]: Cp39Tests does not declare any static, non-private, non-final, nested classes annotated with @Configuration.
INFO  AnnotationConfigContextLoaderUtils - Could not detect default configuration classes for test class [org.springframework.samples.petclinic.acceptance.AcceptanceBase]: AcceptanceBase does not declare any static, non-private, non-final, nested classes annotated with @Configuration.
INFO  SpringBootTestContextBootstrapper - Found @SpringBootConfiguration org.springframework.samples.petclinic.PetClinicApplication for test class org.springframework.samples.petclinic.acceptance.Cp39Tests
INFO  AUDIT - Owner created id=13 customerCode=NSW-E68AF18A registrationDate=2026-08-17 membershipLevel=1 membershipNumber=NSW-E68AF18A-M26
INFO  AUDIT - Owner created id=14 customerCode=NSW-2DB4252D registrationDate=2026-08-17 membershipLevel=1 membershipNumber=NSW-2DB4252D-M26
INFO  AUDIT - Owner created id=15 customerCode=NSW-38207768 registrationDate=2026-08-17 membershipLevel=3 membershipNumber=NSW-38207768-M26
INFO  AnnotationConfigContextLoaderUtils - Could not detect default configuration classes for test class [org.springframework.samples.petclinic.acceptance.Cp07Tests]: Cp07Tests does not declare any static, non-private, non-final, nested classes annotated with @Configuration.
INFO  SpringBootTestContextBootstrapper - Found @SpringBootConfiguration org.springframework.samples.petclinic.PetClinicApplication for test class org.springframework.samples.petclinic.acceptance.Cp07Tests
INFO  AnnotationConfigContextLoaderUtils - Could not detect default configuration classes for test class [org.springframework.samples.petclinic.acceptance.Cp07Tests]: Cp07Tests does not declare any static, non-private, non-final, nested classes annotated with @Configuration.
INFO  AnnotationConfigContextLoaderUtils - Could not detect default configuration classes for test class [org.springframework.samples.petclinic.acceptance.AcceptanceBase]: AcceptanceBase does not declare any static, non-private, non-final, nested classes annotated with @Configuration.
INFO  SpringBootTestContextBootstrapper - Found @SpringBootConfiguration org.springframework.samples.petclinic.PetClinicApplication for test class org.springframework.samples.petclinic.acceptance.Cp07Tests
INFO  AUDIT - Owner created id=16 customerCode=UNKNOWN-936E0502 registrationDate=2026-01-06 membershipLevel=1 membershipNumber=UNKNOWN-936E0502-M26
INFO  AUDIT - Owner created id=17 customerCode=UNKNOWN-B0ED45ED registrationDate=2026-01-05 membershipLevel=1 membershipNumber=UNKNOWN-B0ED45ED-M26
INFO  AnnotationConfigContextLoaderUtils - Could not detect default configuration classes for test class [org.springframework.samples.petclinic.acceptance.Cp11Tests]: Cp11Tests does not declare any static, non-private, non-final, nested classes annotated with @Configuration.
INFO  SpringBootTestContextBootstrapper - Found @SpringBootConfiguration org.springframework.samples.petclinic.PetClinicApplication for test class org.springframework.samples.petclinic.acceptance.Cp11Tests
INFO  AnnotationConfigContextLoaderUtils - Could not detect default configuration classes for test class [org.springframework.samples.petclinic.acceptance.Cp11Tests]: Cp11Tests does not declare any static, non-private, non-final, nested classes annotated with @Configuration.
INFO  AnnotationConfigContextLoaderUtils - Could not detect default configuration classes for test class [org.springframework.samples.petclinic.acceptance.AcceptanceBase]: AcceptanceBase does not declare any static, non-private, non-final, nested classes annotated with @Configuration.
INFO  SpringBootTestContextBootstrapper - Found @SpringBootConfiguration org.springframework.samples.petclinic.PetClinicApplication for test class org.springframework.samples.petclinic.acceptance.Cp11Tests
INFO  AUDIT - Owner created id=18 customerCode=NSW-09301479 registrationDate=2026-08-17 membershipLevel=1 membershipNumber=NSW-09301479-M26
INFO  AUDIT - Owner created id=19 customerCode=NSW-7C50828F registrationDate=2026-08-17 membershipLevel=1 membershipNumber=NSW-7C50828F-M26
INFO  AnnotationConfigContextLoaderUtils - Could not detect default configuration classes for test class [org.springframework.samples.petclinic.acceptance.Cp41Tests]: Cp41Tests does not declare any static, non-private, non-final, nested classes annotated with @Configuration.
INFO  SpringBootTestContextBootstrapper - Found @SpringBootConfiguration org.springframework.samples.petclinic.PetClinicApplication for test class org.springframework.samples.petclinic.acceptance.Cp41Tests
INFO  AnnotationConfigContextLoaderUtils - Could not detect default configuration classes for test class [org.springframework.samples.petclinic.acceptance.Cp41Tests]: Cp41Tests does not declare any static, non-private, non-final, nested classes annotated with @Configuration.
INFO  AnnotationConfigContextLoaderUtils - Could not detect default configuration classes for test class [org.springframework.samples.petclinic.acceptance.AcceptanceBase]: AcceptanceBase does not declare any static, non-private, non-final, nested classes annotated with @Configuration.
INFO  SpringBootTestContextBootstrapper - Found @SpringBootConfiguration org.springframework.samples.petclinic.PetClinicApplication for test class org.springframework.samples.petclinic.acceptance.Cp41Tests
INFO  AUDIT - Owner created id=20 customerCode=NSW-198FE529 registrationDate=2026-08-17 membershipLevel=1 membershipNumber=NSW-198FE529-M26
INFO  AUDIT - Owner created id=21 customerCode=NSW-716A3E77 registrationDate=2026-08-17 membershipLevel=1 membershipNumber=NSW-716A3E77-M26
INFO  AnnotationConfigContextLoaderUtils - Could not detect default configuration classes for test class [org.springframework.samples.petclinic.acceptance.Cp44Tests]: Cp44Tests does not declare any static, non-private, non-final, nested classes annotated with @Configuration.
INFO  SpringBootTestContextBootstrapper - Found @SpringBootConfiguration org.springframework.samples.petclinic.PetClinicApplication for test class org.springframework.samples.petclinic.acceptance.Cp44Tests
INFO  AnnotationConfigContextLoaderUtils - Could not detect default configuration classes for test class [org.springframework.samples.petclinic.acceptance.Cp44Tests]: Cp44Tests does not declare any static, non-private, non-final, nested classes annotated with @Configuration.
INFO  AnnotationConfigContextLoaderUtils - Could not detect default configuration classes for test class [org.springframework.samples.petclinic.acceptance.AcceptanceBase]: AcceptanceBase does not declare any static, non-private, non-final, nested classes annotated with @Configuration.
INFO  SpringBootTestContextBootstrapper - Found @SpringBootConfiguration org.springframework.samples.petclinic.PetClinicApplication for test class org.springframework.samples.petclinic.acceptance.Cp44Tests
INFO  AUDIT - Owner created id=22 customerCode=NSW-23CCD9A4 registrationDate=2026-08-17 membershipLevel=1 membershipNumber=NSW-23CCD9A4-M26
INFO  AUDIT - Owner created id=23 customerCode=UNKNOWN-D181897A registrationDate=2026-08-17 membershipLevel=1 membershipNumber=UNKNOWN-D181897A-M26
INFO  AnnotationConfigContextLoaderUtils - Could not detect default configuration classes for test class [org.springframework.samples.petclinic.acceptance.Cp08Tests]: Cp08Tests does not declare any static, non-private, non-final, nested classes annotated with @Configuration.
INFO  SpringBootTestContextBootstrapper - Found @SpringBootConfiguration org.springframework.samples.petclinic.PetClinicApplication for test class org.springframework.samples.petclinic.acceptance.Cp08Tests
INFO  AnnotationConfigContextLoaderUtils - Could not detect default configuration classes for test class [org.springframework.samples.petclinic.acceptance.Cp08Tests]: Cp08Tests does not declare any static, non-private, non-final, nested classes annotated with @Configuration.
INFO  AnnotationConfigContextLoaderUtils - Could not detect default configuration classes for test class [org.springframework.samples.petclinic.acceptance.AcceptanceBase]: AcceptanceBase does not declare any static, non-private, non-final, nested classes annotated with @Configuration.
INFO  SpringBootTestContextBootstrapper - Found @SpringBootConfiguration org.springframework.samples.petclinic.PetClinicApplication for test class org.springframework.samples.petclinic.acceptance.Cp08Tests
INFO  AUDIT - Owner created id=24 customerCode=UNKNOWN-3C32AFAB registrationDate=2026-08-17 membershipLevel=1 membershipNumber=UNKNOWN-3C32AFAB-M26
INFO  AUDIT - Owner created id=25 customerCode=UNKNOWN-92CAFD2E registrationDate=2026-08-17 membershipLevel=1 membershipNumber=UNKNOWN-92CAFD2E-M26
INFO  AnnotationConfigContextLoaderUtils - Could not detect default configuration classes for test class [org.springframework.samples.petclinic.acceptance.Cp32Tests]: Cp32Tests does not declare any static, non-private, non-final, nested classes annotated with @Configuration.
INFO  SpringBootTestContextBootstrapper - Found @SpringBootConfiguration org.springframework.samples.petclinic.PetClinicApplication for test class org.springframework.samples.petclinic.acceptance.Cp32Tests
INFO  AnnotationConfigContextLoaderUtils - Could not detect default configuration classes for test class [org.springframework.samples.petclinic.acceptance.Cp32Tests]: Cp32Tests does not declare any static, non-private, non-final, nested classes annotated with @Configuration.
INFO  AnnotationConfigContextLoaderUtils - Could not detect default configuration classes for test class [org.springframework.samples.petclinic.acceptance.AcceptanceBase]: AcceptanceBase does not declare any static, non-private, non-final, nested classes annotated with @Configuration.
INFO  SpringBootTestContextBootstrapper - Found @SpringBootConfiguration org.springframework.samples.petclinic.PetClinicApplication for test class org.springframework.samples.petclinic.acceptance.Cp32Tests
INFO  AUDIT - Owner created id=26 customerCode=NSW-3EE1D455 registrationDate=2026-08-17 membershipLevel=1 membershipNumber=NSW-3EE1D455-M26
INFO  AnnotationConfigContextLoaderUtils - Could not detect default configuration classes for test class [org.springframework.samples.petclinic.acceptance.Cp42Tests]: Cp42Tests does not declare any static, non-private, non-final, nested classes annotated with @Configuration.
INFO  SpringBootTestContextBootstrapper - Found @SpringBootConfiguration org.springframework.samples.petclinic.PetClinicApplication for test class org.springframework.samples.petclinic.acceptance.Cp42Tests
INFO  AnnotationConfigContextLoaderUtils - Could not detect default configuration classes for test class [org.springframework.samples.petclinic.acceptance.Cp42Tests]: Cp42Tests does not declare any static, non-private, non-final, nested classes annotated with @Configuration.
INFO  AnnotationConfigContextLoaderUtils - Could not detect default configuration classes for test class [org.springframework.samples.petclinic.acceptance.AcceptanceBase]: AcceptanceBase does not declare any static, non-private, non-final, nested classes annotated with @Configuration.
INFO  SpringBootTestContextBootstrapper - Found @SpringBootConfiguration org.springframework.samples.petclinic.PetClinicApplication for test class org.springframework.samples.petclinic.acceptance.Cp42Tests
INFO  AUDIT - Owner created id=27 customerCode=NSW-D4802E80 registrationDate=2026-08-17 membershipLevel=1 membershipNumber=NSW-D4802E80-M26
INFO  AnnotationConfigContextLoaderUtils - Could not detect default configuration classes for test class [org.springframework.samples.petclinic.acceptance.Cp28Tests]: Cp28Tests does not declare any static, non-private, non-final, nested classes annotated with @Configuration.
INFO  SpringBootTestContextBootstrapper - Found @SpringBootConfiguration org.springframework.samples.petclinic.PetClinicApplication for test class org.springframework.samples.petclinic.acceptance.Cp28Tests
INFO  AnnotationConfigContextLoaderUtils - Could not detect default configuration classes for test class [org.springframework.samples.petclinic.acceptance.Cp28Tests]: Cp28Tests does not declare any static, non-private, non-final, nested classes annotated with @Configuration.
INFO  AnnotationConfigContextLoaderUtils - Could not detect default configuration classes for test class [org.springframework.samples.petclinic.acceptance.AcceptanceBase]: AcceptanceBase does not declare any static, non-private, non-final, nested classes annotated with @Configuration.
INFO  SpringBootTestContextBootstrapper - Found @SpringBootConfiguration org.springframework.samples.petclinic.PetClinicApplication for test class org.springframework.samples.petclinic.acceptance.Cp28Tests
INFO  AUDIT - Owner created id=28 customerCode=NSW-17829178 registrationDate=2026-08-17 membershipLevel=1 membershipNumber=NSW-17829178-M26
INFO  AnnotationConfigContextLoaderUtils - Could not detect default configuration classes for test class [org.springframework.samples.petclinic.acceptance.Cp09Tests]: Cp09Tests does not declare any static, non-private, non-final, nested classes annotated with @Configuration.
INFO  SpringBootTestContextBootstrapper - Found @SpringBootConfiguration org.springframework.samples.petclinic.PetClinicApplication for test class org.springframework.samples.petclinic.acceptance.Cp09Tests
INFO  AnnotationConfigContextLoaderUtils - Could not detect default configuration classes for test class [org.springframework.samples.petclinic.acceptance.Cp09Tests]: Cp09Tests does not declare any static, non-private, non-final, nested classes annotated with @Configuration.
INFO  AnnotationConfigContextLoaderUtils - Could not detect default configuration classes for test class [org.springframework.samples.petclinic.acceptance.AcceptanceBase]: AcceptanceBase does not declare any static, non-private, non-final, nested classes annotated with @Configuration.
INFO  SpringBootTestContextBootstrapper - Found @SpringBootConfiguration org.springframework.samples.petclinic.PetClinicApplication for test class org.springframework.samples.petclinic.acceptance.Cp09Tests
INFO  AUDIT - Owner created id=29 customerCode=NSW-54DB9947 registrationDate=2026-08-17 membershipLevel=1 membershipNumber=NSW-54DB9947-M26
INFO  AnnotationConfigContextLoaderUtils - Could not detect default configuration classes for test class [org.springframework.samples.petclinic.acceptance.Cp24Tests]: Cp24Tests does not declare any static, non-private, non-final, nested classes annotated with @Configuration.
INFO  SpringBootTestContextBootstrapper - Found @SpringBootConfiguration org.springframework.samples.petclinic.PetClinicApplication for test class org.springframework.samples.petclinic.acceptance.Cp24Tests
INFO  AnnotationConfigContextLoaderUtils - Could not detect default configuration classes for test class [org.springframework.samples.petclinic.acceptance.Cp24Tests]: Cp24Tests does not declare any static, non-private, non-final, nested classes annotated with @Configuration.
INFO  AnnotationConfigContextLoaderUtils - Could not detect default configuration classes for test class [org.springframework.samples.petclinic.acceptance.AcceptanceBase]: AcceptanceBase does not declare any static, non-private, non-final, nested classes annotated with @Configuration.
INFO  SpringBootTestContextBootstrapper - Found @SpringBootConfiguration org.springframework.samples.petclinic.PetClinicApplication for test class org.springframework.samples.petclinic.acceptance.Cp24Tests
INFO  AUDIT - Owner created id=30 customerCode=NSW-1854C4B4 registrationDate=2026-08-17 membershipLevel=2 membershipNumber=NSW-1854C4B4-M26
INFO  AnnotationConfigContextLoaderUtils - Could not detect default configuration classes for test class [org.springframework.samples.petclinic.acceptance.Cp21Tests]: Cp21Tests does not declare any static, non-private, non-final, nested classes annotated with @Configuration.
INFO  SpringBootTestContextBootstrapper - Found @SpringBootConfiguration org.springframework.samples.petclinic.PetClinicApplication for test class org.springframework.samples.petclinic.acceptance.Cp21Tests
INFO  AnnotationConfigContextLoaderUtils - Could not detect default configuration classes for test class [org.springframework.samples.petclinic.acceptance.Cp21Tests]: Cp21Tests does not declare any static, non-private, non-final, nested classes annotated with @Configuration.
INFO  AnnotationConfigContextLoaderUtils - Could not detect default configuration classes for test class [org.springframework.samples.petclinic.acceptance.AcceptanceBase]: AcceptanceBase does not declare any static, non-private, non-final, nested classes annotated with @Configuration.
INFO  SpringBootTestContextBootstrapper - Found @SpringBootConfiguration org.springframework.samples.petclinic.PetClinicApplication for test class org.springframework.samples.petclinic.acceptance.Cp21Tests
INFO  AUDIT - Owner created id=31 customerCode=NSW-7F6E07BD registrationDate=2026-08-17 membershipLevel=1 membershipNumber=NSW-7F6E07BD-M26
INFO  AnnotationConfigContextLoaderUtils - Could not detect default configuration classes for test class [org.springframework.samples.petclinic.acceptance.Cp27Tests]: Cp27Tests does not declare any static, non-private, non-final, nested classes annotated with @Configuration.
INFO  SpringBootTestContextBootstrapper - Found @SpringBootConfiguration org.springframework.samples.petclinic.PetClinicApplication for test class org.springframework.samples.petclinic.acceptance.Cp27Tests
INFO  AnnotationConfigContextLoaderUtils - Could not detect default configuration classes for test class [org.springframework.samples.petclinic.acceptance.Cp27Tests]: Cp27Tests does not declare any static, non-private, non-final, nested classes annotated with @Configuration.
INFO  AnnotationConfigContextLoaderUtils - Could not detect default configuration classes for test class [org.springframework.samples.petclinic.acceptance.AcceptanceBase]: AcceptanceBase does not declare any static, non-private, non-final, nested classes annotated with @Configuration.
INFO  SpringBootTestContextBootstrapper - Found @SpringBootConfiguration org.springframework.samples.petclinic.PetClinicApplication for test class org.springframework.samples.petclinic.acceptance.Cp27Tests
INFO  AUDIT - Owner created id=32 customerCode=UNKNOWN-8AC38604 registrationDate=2026-08-17 membershipLevel=2 membershipNumber=UNKNOWN-8AC38604-M26
INFO  AUDIT - Owner created id=33 customerCode=UNKNOWN-D1B41FEF registrationDate=2026-08-17 membershipLevel=1 membershipNumber=UNKNOWN-D1B41FEF-M26
INFO  AnnotationConfigContextLoaderUtils - Could not detect default configuration classes for test class [org.springframework.samples.petclinic.acceptance.Cp33Tests]: Cp33Tests does not declare any static, non-private, non-final, nested classes annotated with @Configuration.
INFO  SpringBootTestContextBootstrapper - Found @SpringBootConfiguration org.springframework.samples.petclinic.PetClinicApplication for test class org.springframework.samples.petclinic.acceptance.Cp33Tests
INFO  AnnotationConfigContextLoaderUtils - Could not detect default configuration classes for test class [org.springframework.samples.petclinic.acceptance.Cp33Tests]: Cp33Tests does not declare any static, non-private, non-final, nested classes annotated with @Configuration.
INFO  AnnotationConfigContextLoaderUtils - Could not detect default configuration classes for test class [org.springframework.samples.petclinic.acceptance.AcceptanceBase]: AcceptanceBase does not declare any static, non-private, non-final, nested classes annotated with @Configuration.
INFO  SpringBootTestContextBootstrapper - Found @SpringBootConfiguration org.springframework.samples.petclinic.PetClinicApplication for test class org.springframework.samples.petclinic.acceptance.Cp33Tests
INFO  AnnotationConfigContextLoaderUtils - Could not detect default configuration classes for test class [org.springframework.samples.petclinic.acceptance.Cp23Tests]: Cp23Tests does not declare any static, non-private, non-final, nested classes annotated with @Configuration.
INFO  SpringBootTestContextBootstrapper - Found @SpringBootConfiguration org.springframework.samples.petclinic.PetClinicApplication for test class org.springframework.samples.petclinic.acceptance.Cp23Tests
INFO  AnnotationConfigContextLoaderUtils - Could not detect default configuration classes for test class [org.springframework.samples.petclinic.acceptance.Cp23Tests]: Cp23Tests does not declare any static, non-private, non-final, nested classes annotated with @Configuration.
INFO  AnnotationConfigContextLoaderUtils - Could not detect default configuration classes for test class [org.springframework.samples.petclinic.acceptance.AcceptanceBase]: AcceptanceBase does not declare any static, non-private, non-final, nested classes annotated with @Configuration.
INFO  SpringBootTestContextBootstrapper - Found @SpringBootConfiguration org.springframework.samples.petclinic.PetClinicApplication for test class org.springframework.samples.petclinic.acceptance.Cp23Tests
INFO  AUDIT - Owner created id=34 customerCode=NSW-86DD2D12 registrationDate=2026-08-17 membershipLevel=1 membershipNumber=NSW-86DD2D12-M26
INFO  AUDIT - Owner created id=35 customerCode=NSW-8A7DE58F registrationDate=2026-08-17 membershipLevel=1 membershipNumber=NSW-8A7DE58F-M26
INFO  AUDIT - Owner created id=36 customerCode=NSW-B28C0609 registrationDate=2026-08-17 membershipLevel=3 membershipNumber=NSW-B28C0609-M26
INFO  AnnotationConfigContextLoaderUtils - Could not detect default configuration classes for test class [org.springframework.samples.petclinic.acceptance.Cp05Tests]: Cp05Tests does not declare any static, non-private, non-final, nested classes annotated with @Configuration.
INFO  SpringBootTestContextBootstrapper - Found @SpringBootConfiguration org.springframework.samples.petclinic.PetClinicApplication for test class org.springframework.samples.petclinic.acceptance.Cp05Tests
INFO  AnnotationConfigContextLoaderUtils - Could not detect default configuration classes for test class [org.springframework.samples.petclinic.acceptance.Cp05Tests]: Cp05Tests does not declare any static, non-private, non-final, nested classes annotated with @Configuration.
INFO  AnnotationConfigContextLoaderUtils - Could not detect default configuration classes for test class [org.springframework.samples.petclinic.acceptance.AcceptanceBase]: AcceptanceBase does not declare any static, non-private, non-final, nested classes annotated with @Configuration.
INFO  SpringBootTestContextBootstrapper - Found @SpringBootConfiguration org.springframework.samples.petclinic.PetClinicApplication for test class org.springframework.samples.petclinic.acceptance.Cp05Tests
INFO  AUDIT - Owner created id=37 customerCode=UNKNOWN-A01F92C0 registrationDate=2026-08-17 membershipLevel=1 membershipNumber=UNKNOWN-A01F92C0-M26
INFO  AnnotationConfigContextLoaderUtils - Could not detect default configuration classes for test class [org.springframework.samples.petclinic.acceptance.Cp03Tests]: Cp03Tests does not declare any static, non-private, non-final, nested classes annotated with @Configuration.
INFO  SpringBootTestContextBootstrapper - Found @SpringBootConfiguration org.springframework.samples.petclinic.PetClinicApplication for test class org.springframework.samples.petclinic.acceptance.Cp03Tests
INFO  AnnotationConfigContextLoaderUtils - Could not detect default configuration classes for test class [org.springframework.samples.petclinic.acceptance.Cp03Tests]: Cp03Tests does not declare any static, non-private, non-final, nested classes annotated with @Configuration.
INFO  AnnotationConfigContextLoaderUtils - Could not detect default configuration classes for test class [org.springframework.samples.petclinic.acceptance.AcceptanceBase]: AcceptanceBase does not declare any static, non-private, non-final, nested classes annotated with @Configuration.
INFO  SpringBootTestContextBootstrapper - Found @SpringBootConfiguration org.springframework.samples.petclinic.PetClinicApplication for test class org.springframework.samples.petclinic.acceptance.Cp03Tests
INFO  AUDIT - Owner created id=38 customerCode=UNKNOWN-04D17242 registrationDate=2026-08-17 membershipLevel=1 membershipNumber=UNKNOWN-04D17242-M26
INFO  AnnotationConfigContextLoaderUtils - Could not detect default configuration classes for test class [org.springframework.samples.petclinic.acceptance.Cp37Tests]: Cp37Tests does not declare any static, non-private, non-final, nested classes annotated with @Configuration.
INFO  SpringBootTestContextBootstrapper - Found @SpringBootConfiguration org.springframework.samples.petclinic.PetClinicApplication for test class org.springframework.samples.petclinic.acceptance.Cp37Tests
INFO  AnnotationConfigContextLoaderUtils - Could not detect default configuration classes for test class [org.springframework.samples.petclinic.acceptance.Cp37Tests]: Cp37Tests does not declare any static, non-private, non-final, nested classes annotated with @Configuration.
INFO  AnnotationConfigContextLoaderUtils - Could not detect default configuration classes for test class [org.springframework.samples.petclinic.acceptance.AcceptanceBase]: AcceptanceBase does not declare any static, non-private, non-final, nested classes annotated with @Configuration.
INFO  SpringBootTestContextBootstrapper - Found @SpringBootConfiguration org.springframework.samples.petclinic.PetClinicApplication for test class org.springframework.samples.petclinic.acceptance.Cp37Tests
INFO  AUDIT - Owner created id=39 customerCode=UNKNOWN-7CA38A80 registrationDate=2026-08-17 membershipLevel=1 membershipNumber=UNKNOWN-7CA38A80-M26
INFO  AnnotationConfigContextLoaderUtils - Could not detect default configuration classes for test class [org.springframework.samples.petclinic.acceptance.Cp04Tests]: Cp04Tests does not declare any static, non-private, non-final, nested classes annotated with @Configuration.
INFO  SpringBootTestContextBootstrapper - Found @SpringBootConfiguration org.springframework.samples.petclinic.PetClinicApplication for test class org.springframework.samples.petclinic.acceptance.Cp04Tests
INFO  AnnotationConfigContextLoaderUtils - Could not detect default configuration classes for test class [org.springframework.samples.petclinic.acceptance.Cp04Tests]: Cp04Tests does not declare any static, non-private, non-final, nested classes annotated with @Configuration.
INFO  AnnotationConfigContextLoaderUtils - Could not detect default configuration classes for test class [org.springframework.samples.petclinic.acceptance.AcceptanceBase]: AcceptanceBase does not declare any static, non-private, non-final, nested classes annotated with @Configuration.
INFO  SpringBootTestContextBootstrapper - Found @SpringBootConfiguration org.springframework.samples.petclinic.PetClinicApplication for test class org.springframework.samples.petclinic.acceptance.Cp04Tests
INFO  AUDIT - Owner created id=40 customerCode=UNKNOWN-FC21E9AD registrationDate=2026-08-17 membershipLevel=1 membershipNumber=UNKNOWN-FC21E9AD-M26
INFO  AUDIT - Owner created id=41 customerCode=UNKNOWN-8BC7E59B registrationDate=2026-08-17 membershipLevel=2 membershipNumber=UNKNOWN-8BC7E59B-M26
INFO  AnnotationConfigContextLoaderUtils - Could not detect default configuration classes for test class [org.springframework.samples.petclinic.acceptance.Cp40Tests]: Cp40Tests does not declare any static, non-private, non-final, nested classes annotated with @Configuration.
INFO  SpringBootTestContextBootstrapper - Found @SpringBootConfiguration org.springframework.samples.petclinic.PetClinicApplication for test class org.springframework.samples.petclinic.acceptance.Cp40Tests
INFO  AnnotationConfigContextLoaderUtils - Could not detect default configuration classes for test class [org.springframework.samples.petclinic.acceptance.Cp40Tests]: Cp40Tests does not declare any static, non-private, non-final, nested classes annotated with @Configuration.
INFO  AnnotationConfigContextLoaderUtils - Could not detect default configuration classes for test class [org.springframework.samples.petclinic.acceptance.AcceptanceBase]: AcceptanceBase does not declare any static, non-private, non-final, nested classes annotated with @Configuration.
INFO  SpringBootTestContextBootstrapper - Found @SpringBootConfiguration org.springframework.samples.petclinic.PetClinicApplication for test class org.springframework.samples.petclinic.acceptance.Cp40Tests
INFO  AUDIT - Owner created id=42 customerCode=NSW-663D25C8 registrationDate=2026-08-17 membershipLevel=2 membershipNumber=NSW-663D25C8-M26
INFO  AnnotationConfigContextLoaderUtils - Could not detect default configuration classes for test class [org.springframework.samples.petclinic.acceptance.Cp31Tests]: Cp31Tests does not declare any static, non-private, non-final, nested classes annotated with @Configuration.
INFO  SpringBootTestContextBootstrapper - Found @SpringBootConfiguration org.springframework.samples.petclinic.PetClinicApplication for test class org.springframework.samples.petclinic.acceptance.Cp31Tests
INFO  AnnotationConfigContextLoaderUtils - Could not detect default configuration classes for test class [org.springframework.samples.petclinic.acceptance.Cp31Tests]: Cp31Tests does not declare any static, non-private, non-final, nested classes annotated with @Configuration.
INFO  AnnotationConfigContextLoaderUtils - Could not detect default configuration classes for test class [org.springframework.samples.petclinic.acceptance.AcceptanceBase]: AcceptanceBase does not declare any static, non-private, non-final, nested classes annotated with @Configuration.
INFO  SpringBootTestContextBootstrapper - Found @SpringBootConfiguration org.springframework.samples.petclinic.PetClinicApplication for test class org.springframework.samples.petclinic.acceptance.Cp31Tests
INFO  AUDIT - Owner created id=43 customerCode=NSW-61712AA7 registrationDate=2026-08-17 membershipLevel=1 membershipNumber=NSW-61712AA7-M26
INFO  AnnotationConfigContextLoaderUtils - Could not detect default configuration classes for test class [org.springframework.samples.petclinic.acceptance.Cp18Tests]: Cp18Tests does not declare any static, non-private, non-final, nested classes annotated with @Configuration.
INFO  SpringBootTestContextBootstrapper - Found @SpringBootConfiguration org.springframework.samples.petclinic.PetClinicApplication for test class org.springframework.samples.petclinic.acceptance.Cp18Tests
INFO  AnnotationConfigContextLoaderUtils - Could not detect default configuration classes for test class [org.springframework.samples.petclinic.acceptance.Cp18Tests]: Cp18Tests does not declare any static, non-private, non-final, nested classes annotated with @Configuration.
INFO  AnnotationConfigContextLoaderUtils - Could not detect default configuration classes for test class [org.springframework.samples.petclinic.acceptance.AcceptanceBase]: AcceptanceBase does not declare any static, non-private, non-final, nested classes annotated with @Configuration.
INFO  SpringBootTestContextBootstrapper - Found @SpringBootConfiguration org.springframework.samples.petclinic.PetClinicApplication for test class org.springframework.samples.petclinic.acceptance.Cp18Tests
INFO  AUDIT - Owner created id=44 customerCode=UNKNOWN-29EBF669 registrationDate=2026-08-17 membershipLevel=1 membershipNumber=UNKNOWN-29EBF669-M26
INFO  AUDIT - Owner created id=45 customerCode=UNKNOWN-B51CAA96 registrationDate=2026-08-17 membershipLevel=1 membershipNumber=UNKNOWN-B51CAA96-M26
INFO  AUDIT - Owner created id=46 customerCode=UNKNOWN-EC5BD7B5 registrationDate=2026-08-17 membershipLevel=1 membershipNumber=UNKNOWN-EC5BD7B5-M26
INFO  AUDIT - Owner created id=47 customerCode=UNKNOWN-BE3788CE registrationDate=2026-08-17 membershipLevel=1 membershipNumber=UNKNOWN-BE3788CE-M26
INFO  AUDIT - Owner created id=48 customerCode=UNKNOWN-54BB7CB3 registrationDate=2026-08-17 membershipLevel=1 membershipNumber=UNKNOWN-54BB7CB3-M26
INFO  AUDIT - Owner created id=49 customerCode=UNKNOWN-B1CC34FD registrationDate=2026-08-17 membershipLevel=1 membershipNumber=UNKNOWN-B1CC34FD-M26
INFO  AUDIT - Owner created id=50 customerCode=UNKNOWN-FAED1507 registrationDate=2026-08-17 membershipLevel=1 membershipNumber=UNKNOWN-FAED1507-M26
INFO  AUDIT - Owner created id=51 customerCode=UNKNOWN-EAD71F41 registrationDate=2026-08-17 membershipLevel=1 membershipNumber=UNKNOWN-EAD71F41-M26
INFO  AUDIT - Owner created id=52 customerCode=UNKNOWN-6E1BF428 registrationDate=2026-08-17 membershipLevel=1 membershipNumber=UNKNOWN-6E1BF428-M26
INFO  AUDIT - Owner created id=53 customerCode=UNKNOWN-933DE6B3 registrationDate=2026-08-17 membershipLevel=1 membershipNumber=UNKNOWN-933DE6B3-M26
INFO  AUDIT - Owner created id=54 customerCode=UNKNOWN-28E8311D registrationDate=2026-08-17 membershipLevel=1 membershipNumber=UNKNOWN-28E8311D-M26
INFO  AUDIT - Owner created id=55 customerCode=UNKNOWN-48E11A01 registrationDate=2026-08-17 membershipLevel=1 membershipNumber=UNKNOWN-48E11A01-M26
INFO  AUDIT - Owner created id=56 customerCode=UNKNOWN-AC59B6E2 registrationDate=2026-08-17 membershipLevel=1 membershipNumber=UNKNOWN-AC59B6E2-M26
INFO  AUDIT - Owner created id=57 customerCode=UNKNOWN-7E7FDE6F registrationDate=2026-08-17 membershipLevel=1 membershipNumber=UNKNOWN-7E7FDE6F-M26
INFO  AUDIT - Owner created id=58 customerCode=UNKNOWN-597A8622 registrationDate=2026-08-17 membershipLevel=1 membershipNumber=UNKNOWN-597A8622-M26
INFO  AUDIT - Owner created id=59 customerCode=UNKNOWN-F85265DF registrationDate=2026-08-17 membershipLevel=1 membershipNumber=UNKNOWN-F85265DF-M26
INFO  AUDIT - Owner created id=60 customerCode=UNKNOWN-6642F4CE registrationDate=2026-08-17 membershipLevel=1 membershipNumber=UNKNOWN-6642F4CE-M26
INFO  AUDIT - Owner created id=61 customerCode=UNKNOWN-F2DE4704 registrationDate=2026-08-17 membershipLevel=1 membershipNumber=UNKNOWN-F2DE4704-M26
INFO  AUDIT - Owner created id=62 customerCode=UNKNOWN-82FD995A registrationDate=2026-08-17 membershipLevel=1 membershipNumber=UNKNOWN-82FD995A-M26
INFO  AUDIT - Owner created id=63 customerCode=UNKNOWN-848BA44D registrationDate=2026-08-17 membershipLevel=1 membershipNumber=UNKNOWN-848BA44D-M26
INFO  AUDIT - Owner created id=64 customerCode=UNKNOWN-C60CDFC4 registrationDate=2026-08-17 membershipLevel=1 membershipNumber=UNKNOWN-C60CDFC4-M26
INFO  AUDIT - Owner created id=65 customerCode=UNKNOWN-98D05CFA registrationDate=2026-08-17 membershipLevel=1 membershipNumber=UNKNOWN-98D05CFA-M26
INFO  AUDIT - Owner created id=66 customerCode=UNKNOWN-2BC3574B registrationDate=2026-08-17 membershipLevel=1 membershipNumber=UNKNOWN-2BC3574B-M26
INFO  AUDIT - Owner created id=67 customerCode=UNKNOWN-FC76B5E5 registrationDate=2026-08-17 membershipLevel=1 membershipNumber=UNKNOWN-FC76B5E5-M26
INFO  AUDIT - Owner created id=68 customerCode=UNKNOWN-F2905EB5 registrationDate=2026-08-17 membershipLevel=1 membershipNumber=UNKNOWN-F2905EB5-M26
INFO  AUDIT - Owner created id=69 customerCode=UNKNOWN-3BD72B85 registrationDate=2026-08-17 membershipLevel=1 membershipNumber=UNKNOWN-3BD72B85-M26
INFO  AUDIT - Owner created id=70 customerCode=UNKNOWN-01081DA6 registrationDate=2026-08-17 membershipLevel=1 membershipNumber=UNKNOWN-01081DA6-M26
INFO  AUDIT - Owner created id=71 customerCode=UNKNOWN-8378BC13 registrationDate=2026-08-17 membershipLevel=1 membershipNumber=UNKNOWN-8378BC13-M26
INFO  AUDIT - Owner created id=72 customerCode=UNKNOWN-AC91E560 registrationDate=2026-08-17 membershipLevel=1 membershipNumber=UNKNOWN-AC91E560-M26
INFO  AUDIT - Owner created id=73 customerCode=UNKNOWN-A2D12C2B registrationDate=2026-08-17 membershipLevel=1 membershipNumber=UNKNOWN-A2D12C2B-M26
INFO  AUDIT - Owner created id=74 customerCode=UNKNOWN-D78B4F88 registrationDate=2026-08-17 membershipLevel=1 membershipNumber=UNKNOWN-D78B4F88-M26
INFO  AUDIT - Owner created id=75 customerCode=UNKNOWN-ED38F842 registrationDate=2026-08-17 membershipLevel=1 membershipNumber=UNKNOWN-ED38F842-M26
INFO  AUDIT - Owner created id=76 customerCode=UNKNOWN-B5B1D482 registrationDate=2026-08-17 membershipLevel=1 membershipNumber=UNKNOWN-B5B1D482-M26
INFO  AUDIT - Owner created id=77 customerCode=UNKNOWN-BC5785AE registrationDate=2026-08-17 membershipLevel=1 membershipNumber=UNKNOWN-BC5785AE-M26
INFO  AUDIT - Owner created id=78 customerCode=UNKNOWN-A572CBB7 registrationDate=2026-08-17 membershipLevel=1 membershipNumber=UNKNOWN-A572CBB7-M26
INFO  AUDIT - Owner created id=79 customerCode=UNKNOWN-DA2DEFCE registrationDate=2026-08-17 membershipLevel=1 membershipNumber=UNKNOWN-DA2DEFCE-M26
INFO  AUDIT - Owner created id=80 customerCode=UNKNOWN-0B086A46 registrationDate=2026-08-17 membershipLevel=1 membershipNumber=UNKNOWN-0B086A46-M26
INFO  AUDIT - Owner created id=81 customerCode=UNKNOWN-0BBA6A05 registrationDate=2026-08-17 membershipLevel=1 membershipNumber=UNKNOWN-0BBA6A05-M26
INFO  AUDIT - Owner created id=82 customerCode=UNKNOWN-67D3F596 registrationDate=2026-08-17 membershipLevel=1 membershipNumber=UNKNOWN-67D3F596-M26
INFO  AUDIT - Owner created id=83 customerCode=UNKNOWN-A40331F0 registrationDate=2026-08-17 membershipLevel=1 membershipNumber=UNKNOWN-A40331F0-M26
INFO  AUDIT - Owner created id=84 customerCode=UNKNOWN-4842D4B5 registrationDate=2026-08-17 membershipLevel=1 membershipNumber=UNKNOWN-4842D4B5-M26
INFO  AUDIT - Owner created id=85 customerCode=UNKNOWN-FF828AB8 registrationDate=2026-08-17 membershipLevel=1 membershipNumber=UNKNOWN-FF828AB8-M26
INFO  AUDIT - Owner created id=86 customerCode=UNKNOWN-D2225BBF registrationDate=2026-08-17 membershipLevel=1 membershipNumber=UNKNOWN-D2225BBF-M26
INFO  AUDIT - Owner created id=87 customerCode=UNKNOWN-5D6F4E87 registrationDate=2026-08-17 membershipLevel=1 membershipNumber=UNKNOWN-5D6F4E87-M26
INFO  AUDIT - Owner created id=88 customerCode=UNKNOWN-DD3FCED5 registrationDate=2026-08-17 membershipLevel=1 membershipNumber=UNKNOWN-DD3FCED5-M26
INFO  AUDIT - Owner created id=89 customerCode=UNKNOWN-E25B8BA8 registrationDate=2026-08-17 membershipLevel=1 membershipNumber=UNKNOWN-E25B8BA8-M26
INFO  AUDIT - Owner created id=90 customerCode=UNKNOWN-5BAB0281 registrationDate=2026-08-17 membershipLevel=1 membershipNumber=UNKNOWN-5BAB0281-M26
INFO  AUDIT - Owner created id=91 customerCode=UNKNOWN-00706CAE registrationDate=2026-08-17 membershipLevel=1 membershipNumber=UNKNOWN-00706CAE-M26
INFO  AUDIT - Owner created id=92 customerCode=UNKNOWN-3D710DA5 registrationDate=2026-08-17 membershipLevel=1 membershipNumber=UNKNOWN-3D710DA5-M26
INFO  AUDIT - Owner created id=93 customerCode=UNKNOWN-9717C0CF registrationDate=2026-08-17 membershipLevel=1 membershipNumber=UNKNOWN-9717C0CF-M26
INFO  AnnotationConfigContextLoaderUtils - Could not detect default configuration classes for test class [org.springframework.samples.petclinic.acceptance.Cp29Tests]: Cp29Tests does not declare any static, non-private, non-final, nested classes annotated with @Configuration.
INFO  SpringBootTestContextBootstrapper - Found @SpringBootConfiguration org.springframework.samples.petclinic.PetClinicApplication for test class org.springframework.samples.petclinic.acceptance.Cp29Tests
INFO  AnnotationConfigContextLoaderUtils - Could not detect default configuration classes for test class [org.springframework.samples.petclinic.acceptance.Cp29Tests]: Cp29Tests does not declare any static, non-private, non-final, nested classes annotated with @Configuration.
INFO  AnnotationConfigContextLoaderUtils - Could not detect default configuration classes for test class [org.springframework.samples.petclinic.acceptance.AcceptanceBase]: AcceptanceBase does not declare any static, non-private, non-final, nested classes annotated with @Configuration.
INFO  SpringBootTestContextBootstrapper - Found @SpringBootConfiguration org.springframework.samples.petclinic.PetClinicApplication for test class org.springframework.samples.petclinic.acceptance.Cp29Tests
INFO  AUDIT - Owner created id=94 customerCode=NSW-364A07EF registrationDate=2026-08-17 membershipLevel=1 membershipNumber=NSW-364A07EF-M26
INFO  AnnotationConfigContextLoaderUtils - Could not detect default configuration classes for test class [org.springframework.samples.petclinic.acceptance.Cp25Tests]: Cp25Tests does not declare any static, non-private, non-final, nested classes annotated with @Configuration.
INFO  SpringBootTestContextBootstrapper - Found @SpringBootConfiguration org.springframework.samples.petclinic.PetClinicApplication for test class org.springframework.samples.petclinic.acceptance.Cp25Tests
INFO  AnnotationConfigContextLoaderUtils - Could not detect default configuration classes for test class [org.springframework.samples.petclinic.acceptance.Cp25Tests]: Cp25Tests does not declare any static, non-private, non-final, nested classes annotated with @Configuration.
INFO  AnnotationConfigContextLoaderUtils - Could not detect default configuration classes for test class [org.springframework.samples.petclinic.acceptance.AcceptanceBase]: AcceptanceBase does not declare any static, non-private, non-final, nested classes annotated with @Configuration.
INFO  SpringBootTestContextBootstrapper - Found @SpringBootConfiguration org.springframework.samples.petclinic.PetClinicApplication for test class org.springframework.samples.petclinic.acceptance.Cp25Tests
INFO  AUDIT - Owner created id=95 customerCode=UNKNOWN-D41A0A7D registrationDate=2026-08-17 membershipLevel=2 membershipNumber=UNKNOWN-D41A0A7D-M26
INFO  AnnotationConfigContextLoaderUtils - Could not detect default configuration classes for test class [org.springframework.samples.petclinic.acceptance.Cp36Tests]: Cp36Tests does not declare any static, non-private, non-final, nested classes annotated with @Configuration.
INFO  SpringBootTestContextBootstrapper - Found @SpringBootConfiguration org.springframework.samples.petclinic.PetClinicApplication for test class org.springframework.samples.petclinic.acceptance.Cp36Tests
INFO  AnnotationConfigContextLoaderUtils - Could not detect default configuration classes for test class [org.springframework.samples.petclinic.acceptance.Cp36Tests]: Cp36Tests does not declare any static, non-private, non-final, nested classes annotated with @Configuration.
INFO  AnnotationConfigContextLoaderUtils - Could not detect default configuration classes for test class [org.springframework.samples.petclinic.acceptance.AcceptanceBase]: AcceptanceBase does not declare any static, non-private, non-final, nested classes annotated with @Configuration.
INFO  SpringBootTestContextBootstrapper - Found @SpringBootConfiguration org.springframework.samples.petclinic.PetClinicApplication for test class org.springframework.samples.petclinic.acceptance.Cp36Tests
INFO  AUDIT - Owner created id=96 customerCode=NSW-55CA5289 registrationDate=2026-08-17 membershipLevel=1 membershipNumber=NSW-55CA5289-M26
INFO  AUDIT - Owner created id=97 customerCode=NSW-DAD6579E registrationDate=2026-08-17 membershipLevel=1 membershipNumber=NSW-DAD6579E-M26
INFO  AnnotationConfigContextLoaderUtils - Could not detect default configuration classes for test class [org.springframework.samples.petclinic.acceptance.Cp30Tests]: Cp30Tests does not declare any static, non-private, non-final, nested classes annotated with @Configuration.
INFO  SpringBootTestContextBootstrapper - Found @SpringBootConfiguration org.springframework.samples.petclinic.PetClinicApplication for test class org.springframework.samples.petclinic.acceptance.Cp30Tests
INFO  AnnotationConfigContextLoaderUtils - Could not detect default configuration classes for test class [org.springframework.samples.petclinic.acceptance.Cp30Tests]: Cp30Tests does not declare any static, non-private, non-final, nested classes annotated with @Configuration.
INFO  AnnotationConfigContextLoaderUtils - Could not detect default configuration classes for test class [org.springframework.samples.petclinic.acceptance.AcceptanceBase]: AcceptanceBase does not declare any static, non-private, non-final, nested classes annotated with @Configuration.
INFO  SpringBootTestContextBootstrapper - Found @SpringBootConfiguration org.springframework.samples.petclinic.PetClinicApplication for test class org.springframework.samples.petclinic.acceptance.Cp30Tests
INFO  AUDIT - Owner created id=98 customerCode=NSW-12125B65 registrationDate=2026-08-17 membershipLevel=1 membershipNumber=NSW-12125B65-M26
INFO  AnnotationConfigContextLoaderUtils - Could not detect default configuration classes for test class [org.springframework.samples.petclinic.acceptance.Cp38Tests]: Cp38Tests does not declare any static, non-private, non-final, nested classes annotated with @Configuration.
INFO  SpringBootTestContextBootstrapper - Found @SpringBootConfiguration org.springframework.samples.petclinic.PetClinicApplication for test class org.springframework.samples.petclinic.acceptance.Cp38Tests
INFO  AnnotationConfigContextLoaderUtils - Could not detect default configuration classes for test class [org.springframework.samples.petclinic.acceptance.Cp38Tests]: Cp38Tests does not declare any static, non-private, non-final, nested classes annotated with @Configuration.
INFO  AnnotationConfigContextLoaderUtils - Could not detect default configuration classes for test class [org.springframework.samples.petclinic.acceptance.AcceptanceBase]: AcceptanceBase does not declare any static, non-private, non-final, nested classes annotated with @Configuration.
INFO  SpringBootTestContextBootstrapper - Found @SpringBootConfiguration org.springframework.samples.petclinic.PetClinicApplication for test class org.springframework.samples.petclinic.acceptance.Cp38Tests
INFO  AnnotationConfigContextLoaderUtils - Could not detect default configuration classes for test class [org.springframework.samples.petclinic.acceptance.Cp43Tests]: Cp43Tests does not declare any static, non-private, non-final, nested classes annotated with @Configuration.
INFO  SpringBootTestContextBootstrapper - Found @SpringBootConfiguration org.springframework.samples.petclinic.PetClinicApplication for test class org.springframework.samples.petclinic.acceptance.Cp43Tests
INFO  AnnotationConfigContextLoaderUtils - Could not detect default configuration classes for test class [org.springframework.samples.petclinic.acceptance.Cp43Tests]: Cp43Tests does not declare any static, non-private, non-final, nested classes annotated with @Configuration.
INFO  AnnotationConfigContextLoaderUtils - Could not detect default configuration classes for test class [org.springframework.samples.petclinic.acceptance.AcceptanceBase]: AcceptanceBase does not declare any static, non-private, non-final, nested classes annotated with @Configuration.
INFO  SpringBootTestContextBootstrapper - Found @SpringBootConfiguration org.springframework.samples.petclinic.PetClinicApplication for test class org.springframework.samples.petclinic.acceptance.Cp43Tests
INFO  AUDIT - Owner created id=99 customerCode=NSW-514C83C0 registrationDate=2026-08-17 membershipLevel=2 membershipNumber=NSW-514C83C0-M26
INFO  AnnotationConfigContextLoaderUtils - Could not detect default configuration classes for test class [org.springframework.samples.petclinic.acceptance.Cp19Tests]: Cp19Tests does not declare any static, non-private, non-final, nested classes annotated with @Configuration.
INFO  SpringBootTestContextBootstrapper - Found @SpringBootConfiguration org.springframework.samples.petclinic.PetClinicApplication for test class org.springframework.samples.petclinic.acceptance.Cp19Tests
INFO  AnnotationConfigContextLoaderUtils - Could not detect default configuration classes for test class [org.springframework.samples.petclinic.acceptance.Cp19Tests]: Cp19Tests does not declare any static, non-private, non-final, nested classes annotated with @Configuration.
INFO  AnnotationConfigContextLoaderUtils - Could not detect default configuration classes for test class [org.springframework.samples.petclinic.acceptance.AcceptanceBase]: AcceptanceBase does not declare any static, non-private, non-final, nested classes annotated with @Configuration.
INFO  SpringBootTestContextBootstrapper - Found @SpringBootConfiguration org.springframework.samples.petclinic.PetClinicApplication for test class org.springframework.samples.petclinic.acceptance.Cp19Tests
INFO  AUDIT - Owner created id=100 customerCode=UNKNOWN-8C6A894C registrationDate=2026-08-17 membershipLevel=1 membershipNumber=UNKNOWN-8C6A894C-M26
INFO  AUDIT - Owner created id=101 customerCode=UNKNOWN-415DC089 registrationDate=2026-08-17 membershipLevel=1 membershipNumber=UNKNOWN-415DC089-M26
INFO  AUDIT - Owner created id=102 customerCode=UNKNOWN-28B105E9 registrationDate=2026-08-17 membershipLevel=1 membershipNumber=UNKNOWN-28B105E9-M26
INFO  AUDIT - Owner created id=103 customerCode=UNKNOWN-30170AE3 registrationDate=2026-08-17 membershipLevel=1 membershipNumber=UNKNOWN-30170AE3-M26
INFO  AUDIT - Owner created id=104 customerCode=UNKNOWN-9AF0292A registrationDate=2026-08-17 membershipLevel=1 membershipNumber=UNKNOWN-9AF0292A-M26
INFO  AUDIT - Owner created id=105 customerCode=UNKNOWN-CC4DA9C9 registrationDate=2026-08-17 membershipLevel=1 membershipNumber=UNKNOWN-CC4DA9C9-M26
INFO  AUDIT - Owner created id=106 customerCode=UNKNOWN-42854F35 registrationDate=2026-08-17 membershipLevel=1 membershipNumber=UNKNOWN-42854F35-M26
INFO  AUDIT - Owner created id=107 customerCode=UNKNOWN-79B436B3 registrationDate=2026-08-17 membershipLevel=1 membershipNumber=UNKNOWN-79B436B3-M26
INFO  AUDIT - Owner created id=108 customerCode=UNKNOWN-9EE04ABE registrationDate=2026-08-17 membershipLevel=1 membershipNumber=UNKNOWN-9EE04ABE-M26
INFO  AUDIT - Owner created id=109 customerCode=UNKNOWN-3AFD652A registrationDate=2026-08-17 membershipLevel=1 membershipNumber=UNKNOWN-3AFD652A-M26
INFO  AUDIT - Owner created id=110 customerCode=UNKNOWN-4A466936 registrationDate=2026-08-17 membershipLevel=1 membershipNumber=UNKNOWN-4A466936-M26
INFO  AUDIT - Owner created id=111 customerCode=UNKNOWN-B91E002F registrationDate=2026-08-17 membershipLevel=1 membershipNumber=UNKNOWN-B91E002F-M26
INFO  AUDIT - Owner created id=112 customerCode=UNKNOWN-8D4AEFB8 registrationDate=2026-08-17 membershipLevel=1 membershipNumber=UNKNOWN-8D4AEFB8-M26
INFO  AUDIT - Owner created id=113 customerCode=UNKNOWN-9356F591 registrationDate=2026-08-17 membershipLevel=1 membershipNumber=UNKNOWN-9356F591-M26
INFO  AUDIT - Owner created id=114 customerCode=UNKNOWN-65B0B2F0 registrationDate=2026-08-17 membershipLevel=1 membershipNumber=UNKNOWN-65B0B2F0-M26
INFO  AUDIT - Owner created id=115 customerCode=UNKNOWN-AD701A4D registrationDate=2026-08-17 membershipLevel=1 membershipNumber=UNKNOWN-AD701A4D-M26
INFO  AUDIT - Owner created id=116 customerCode=UNKNOWN-FEC02606 registrationDate=2026-08-17 membershipLevel=1 membershipNumber=UNKNOWN-FEC02606-M26
INFO  AUDIT - Owner created id=117 customerCode=UNKNOWN-8D6D5720 registrationDate=2026-08-17 membershipLevel=1 membershipNumber=UNKNOWN-8D6D5720-M26
INFO  AUDIT - Owner created id=118 customerCode=UNKNOWN-F0874147 registrationDate=2026-08-17 membershipLevel=1 membershipNumber=UNKNOWN-F0874147-M26
INFO  AUDIT - Owner created id=119 customerCode=UNKNOWN-5F2F8014 registrationDate=2026-08-17 membershipLevel=1 membershipNumber=UNKNOWN-5F2F8014-M26
INFO  AUDIT - Owner created id=120 customerCode=UNKNOWN-71165785 registrationDate=2026-08-17 membershipLevel=1 membershipNumber=UNKNOWN-71165785-M26
INFO  AUDIT - Owner created id=121 customerCode=UNKNOWN-F4F36ABF registrationDate=2026-08-17 membershipLevel=1 membershipNumber=UNKNOWN-F4F36ABF-M26
INFO  AUDIT - Owner created id=122 customerCode=UNKNOWN-C02C6105 registrationDate=2026-08-17 membershipLevel=1 membershipNumber=UNKNOWN-C02C6105-M26
INFO  AUDIT - Owner created id=123 customerCode=UNKNOWN-41081155 registrationDate=2026-08-17 membershipLevel=1 membershipNumber=UNKNOWN-41081155-M26
INFO  AUDIT - Owner created id=124 customerCode=UNKNOWN-1E13E3A0 registrationDate=2026-08-17 membershipLevel=1 membershipNumber=UNKNOWN-1E13E3A0-M26
INFO  AUDIT - Owner created id=125 customerCode=UNKNOWN-521C669A registrationDate=2026-08-17 membershipLevel=1 membershipNumber=UNKNOWN-521C669A-M26
INFO  AUDIT - Owner created id=126 customerCode=UNKNOWN-6BEF25A4 registrationDate=2026-08-17 membershipLevel=1 membershipNumber=UNKNOWN-6BEF25A4-M26
INFO  AUDIT - Owner created id=127 customerCode=UNKNOWN-20D713B9 registrationDate=2026-08-17 membershipLevel=1 membershipNumber=UNKNOWN-20D713B9-M26
INFO  AUDIT - Owner created id=128 customerCode=UNKNOWN-36CAC12F registrationDate=2026-08-17 membershipLevel=1 membershipNumber=UNKNOWN-36CAC12F-M26
INFO  AUDIT - Owner created id=129 customerCode=UNKNOWN-72263E7B registrationDate=2026-08-17 membershipLevel=1 membershipNumber=UNKNOWN-72263E7B-M26
INFO  AUDIT - Owner created id=130 customerCode=UNKNOWN-1DEE8499 registrationDate=2026-08-17 membershipLevel=1 membershipNumber=UNKNOWN-1DEE8499-M26
INFO  AUDIT - Owner created id=131 customerCode=UNKNOWN-7AD146AF registrationDate=2026-08-17 membershipLevel=1 membershipNumber=UNKNOWN-7AD146AF-M26
INFO  AUDIT - Owner created id=132 customerCode=UNKNOWN-E888A8B9 registrationDate=2026-08-17 membershipLevel=1 membershipNumber=UNKNOWN-E888A8B9-M26
INFO  AUDIT - Owner created id=133 customerCode=UNKNOWN-E9D6C50D registrationDate=2026-08-17 membershipLevel=1 membershipNumber=UNKNOWN-E9D6C50D-M26
INFO  AUDIT - Owner created id=134 customerCode=UNKNOWN-CDB31B44 registrationDate=2026-08-17 membershipLevel=1 membershipNumber=UNKNOWN-CDB31B44-M26
INFO  AUDIT - Owner created id=135 customerCode=UNKNOWN-0CF5738C registrationDate=2026-08-17 membershipLevel=1 membershipNumber=UNKNOWN-0CF5738C-M26
INFO  AUDIT - Owner created id=136 customerCode=UNKNOWN-ED164D8E registrationDate=2026-08-17 membershipLevel=1 membershipNumber=UNKNOWN-ED164D8E-M26
INFO  AUDIT - Owner created id=137 customerCode=UNKNOWN-763B67F6 registrationDate=2026-08-17 membershipLevel=1 membershipNumber=UNKNOWN-763B67F6-M26
INFO  AUDIT - Owner created id=138 customerCode=UNKNOWN-94628A6D registrationDate=2026-08-17 membershipLevel=1 membershipNumber=UNKNOWN-94628A6D-M26
INFO  AUDIT - Owner created id=139 customerCode=UNKNOWN-E0D1322F registrationDate=2026-08-17 membershipLevel=1 membershipNumber=UNKNOWN-E0D1322F-M26
INFO  AUDIT - Owner created id=140 customerCode=UNKNOWN-161E4C44 registrationDate=2026-08-17 membershipLevel=1 membershipNumber=UNKNOWN-161E4C44-M26
INFO  AUDIT - Owner created id=141 customerCode=UNKNOWN-966BA022 registrationDate=2026-08-17 membershipLevel=1 membershipNumber=UNKNOWN-966BA022-M26
INFO  AUDIT - Owner created id=142 customerCode=UNKNOWN-B86D0A69 registrationDate=2026-08-17 membershipLevel=1 membershipNumber=UNKNOWN-B86D0A69-M26
INFO  AUDIT - Owner created id=143 customerCode=UNKNOWN-BD81023C registrationDate=2026-08-17 membershipLevel=1 membershipNumber=UNKNOWN-BD81023C-M26
INFO  AUDIT - Owner created id=144 customerCode=UNKNOWN-48A6A4BC registrationDate=2026-08-17 membershipLevel=1 membershipNumber=UNKNOWN-48A6A4BC-M26
INFO  AUDIT - Owner created id=145 customerCode=UNKNOWN-D225D8A3 registrationDate=2026-08-17 membershipLevel=1 membershipNumber=UNKNOWN-D225D8A3-M26
INFO  AUDIT - Owner created id=146 customerCode=UNKNOWN-9AD220E1 registrationDate=2026-08-17 membershipLevel=1 membershipNumber=UNKNOWN-9AD220E1-M26
INFO  AUDIT - Owner created id=147 customerCode=UNKNOWN-850726D0 registrationDate=2026-08-17 membershipLevel=1 membershipNumber=UNKNOWN-850726D0-M26
INFO  AUDIT - Owner created id=148 customerCode=UNKNOWN-185F5A17 registrationDate=2026-08-17 membershipLevel=1 membershipNumber=UNKNOWN-185F5A17-M26
INFO  AUDIT - Owner created id=149 customerCode=UNKNOWN-C72106F5 registrationDate=2026-08-17 membershipLevel=1 membershipNumber=UNKNOWN-C72106F5-M26
INFO  AUDIT - Owner created id=150 customerCode=UNKNOWN-201C78D8 registrationDate=2026-08-17 membershipLevel=1 membershipNumber=UNKNOWN-201C78D8-M26
INFO  AUDIT - Owner created id=151 customerCode=UNKNOWN-A5FF30B2 registrationDate=2026-08-17 membershipLevel=1 membershipNumber=UNKNOWN-A5FF30B2-M26
INFO  AUDIT - Owner created id=152 customerCode=UNKNOWN-868A37A5 registrationDate=2026-08-17 membershipLevel=1 membershipNumber=UNKNOWN-868A37A5-M26
INFO  AUDIT - Owner created id=153 customerCode=UNKNOWN-58BCFCB1 registrationDate=2026-08-17 membershipLevel=1 membershipNumber=UNKNOWN-58BCFCB1-M26
INFO  AUDIT - Owner created id=154 customerCode=UNKNOWN-34BA7CF7 registrationDate=2026-08-17 membershipLevel=1 membershipNumber=UNKNOWN-34BA7CF7-M26
INFO  AUDIT - Owner created id=155 customerCode=UNKNOWN-04F12666 registrationDate=2026-08-17 membershipLevel=1 membershipNumber=UNKNOWN-04F12666-M26
INFO  AUDIT - Owner created id=156 customerCode=UNKNOWN-6B39FC7F registrationDate=2026-08-17 membershipLevel=1 membershipNumber=UNKNOWN-6B39FC7F-M26
INFO  AUDIT - Owner created id=157 customerCode=UNKNOWN-C093C08B registrationDate=2026-08-17 membershipLevel=1 membershipNumber=UNKNOWN-C093C08B-M26
INFO  AUDIT - Owner created id=158 customerCode=UNKNOWN-2B56DBBC registrationDate=2026-08-17 membershipLevel=1 membershipNumber=UNKNOWN-2B56DBBC-M26
INFO  AUDIT - Owner created id=159 customerCode=UNKNOWN-0D3B23D7 registrationDate=2026-08-17 membershipLevel=1 membershipNumber=UNKNOWN-0D3B23D7-M26
INFO  AUDIT - Owner created id=160 customerCode=UNKNOWN-5697E6A1 registrationDate=2026-08-17 membershipLevel=1 membershipNumber=UNKNOWN-5697E6A1-M26
INFO  AUDIT - Owner created id=161 customerCode=UNKNOWN-F3D46FFF registrationDate=2026-08-17 membershipLevel=1 membershipNumber=UNKNOWN-F3D46FFF-M26
INFO  AUDIT - Owner created id=162 customerCode=UNKNOWN-4DC793CA registrationDate=2026-08-17 membershipLevel=1 membershipNumber=UNKNOWN-4DC793CA-M26
INFO  AUDIT - Owner created id=163 customerCode=UNKNOWN-9852482D registrationDate=2026-08-17 membershipLevel=1 membershipNumber=UNKNOWN-9852482D-M26
INFO  AUDIT - Owner created id=164 customerCode=UNKNOWN-F4B02ADC registrationDate=2026-08-17 membershipLevel=1 membershipNumber=UNKNOWN-F4B02ADC-M26
INFO  AUDIT - Owner created id=165 customerCode=UNKNOWN-FBA37572 registrationDate=2026-08-17 membershipLevel=1 membershipNumber=UNKNOWN-FBA37572-M26
INFO  AUDIT - Owner created id=166 customerCode=UNKNOWN-B01E9F56 registrationDate=2026-08-17 membershipLevel=1 membershipNumber=UNKNOWN-B01E9F56-M26
INFO  AUDIT - Owner created id=167 customerCode=UNKNOWN-57829E32 registrationDate=2026-08-17 membershipLevel=1 membershipNumber=UNKNOWN-57829E32-M26
INFO  AUDIT - Owner created id=168 customerCode=UNKNOWN-E63A94A8 registrationDate=2026-08-17 membershipLevel=1 membershipNumber=UNKNOWN-E63A94A8-M26
INFO  AUDIT - Owner created id=169 customerCode=UNKNOWN-485065A1 registrationDate=2026-08-17 membershipLevel=1 membershipNumber=UNKNOWN-485065A1-M26
INFO  AUDIT - Owner created id=170 customerCode=UNKNOWN-C3B27636 registrationDate=2026-08-17 membershipLevel=1 membershipNumber=UNKNOWN-C3B27636-M26
INFO  AUDIT - Owner created id=171 customerCode=UNKNOWN-5C566900 registrationDate=2026-08-17 membershipLevel=1 membershipNumber=UNKNOWN-5C566900-M26
INFO  AUDIT - Owner created id=172 customerCode=UNKNOWN-3A860BC8 registrationDate=2026-08-17 membershipLevel=1 membershipNumber=UNKNOWN-3A860BC8-M26
INFO  AUDIT - Owner created id=173 customerCode=UNKNOWN-1B888C56 registrationDate=2026-08-17 membershipLevel=1 membershipNumber=UNKNOWN-1B888C56-M26
INFO  AUDIT - Owner created id=174 customerCode=UNKNOWN-C80C269E registrationDate=2026-08-17 membershipLevel=1 membershipNumber=UNKNOWN-C80C269E-M26
INFO  AUDIT - Owner created id=175 customerCode=UNKNOWN-EDAD915F registrationDate=2026-08-17 membershipLevel=1 membershipNumber=UNKNOWN-EDAD915F-M26
INFO  AUDIT - Owner created id=176 customerCode=UNKNOWN-C7E5929D registrationDate=2026-08-17 membershipLevel=1 membershipNumber=UNKNOWN-C7E5929D-M26
INFO  AUDIT - Owner created id=177 customerCode=UNKNOWN-6C6C2EB5 registrationDate=2026-08-17 membershipLevel=1 membershipNumber=UNKNOWN-6C6C2EB5-M26
INFO  AUDIT - Owner created id=178 customerCode=UNKNOWN-E2B08E5C registrationDate=2026-08-17 membershipLevel=1 membershipNumber=UNKNOWN-E2B08E5C-M26
INFO  AUDIT - Owner created id=179 customerCode=UNKNOWN-4A162BDC registrationDate=2026-08-17 membershipLevel=1 membershipNumber=UNKNOWN-4A162BDC-M26
INFO  AUDIT - Owner created id=180 customerCode=UNKNOWN-201F45D7 registrationDate=2026-08-17 membershipLevel=1 membershipNumber=UNKNOWN-201F45D7-M26
INFO  AUDIT - Owner created id=181 customerCode=UNKNOWN-17E873ED registrationDate=2026-08-17 membershipLevel=1 membershipNumber=UNKNOWN-17E873ED-M26
INFO  AUDIT - Owner created id=182 customerCode=UNKNOWN-F6B28FA0 registrationDate=2026-08-17 membershipLevel=1 membershipNumber=UNKNOWN-F6B28FA0-M26
INFO  AUDIT - Owner created id=183 customerCode=UNKNOWN-1CE54BC4 registrationDate=2026-08-17 membershipLevel=1 membershipNumber=UNKNOWN-1CE54BC4-M26
INFO  AUDIT - Owner created id=184 customerCode=UNKNOWN-66A70509 registrationDate=2026-08-17 membershipLevel=1 membershipNumber=UNKNOWN-66A70509-M26
INFO  AUDIT - Owner created id=185 customerCode=UNKNOWN-ECCB20C1 registrationDate=2026-08-17 membershipLevel=1 membershipNumber=UNKNOWN-ECCB20C1-M26
INFO  AUDIT - Owner created id=186 customerCode=UNKNOWN-B0B905E1 registrationDate=2026-08-17 membershipLevel=1 membershipNumber=UNKNOWN-B0B905E1-M26
INFO  AUDIT - Owner created id=187 customerCode=UNKNOWN-93600681 registrationDate=2026-08-17 membershipLevel=1 membershipNumber=UNKNOWN-93600681-M26
INFO  AUDIT - Owner created id=188 customerCode=UNKNOWN-1A91DA51 registrationDate=2026-08-17 membershipLevel=1 membershipNumber=UNKNOWN-1A91DA51-M26
INFO  AUDIT - Owner created id=189 customerCode=UNKNOWN-46001E7C registrationDate=2026-08-17 membershipLevel=1 membershipNumber=UNKNOWN-46001E7C-M26
INFO  AUDIT - Owner created id=190 customerCode=UNKNOWN-618DC4A9 registrationDate=2026-08-17 membershipLevel=1 membershipNumber=UNKNOWN-618DC4A9-M26
INFO  AUDIT - Owner created id=191 customerCode=UNKNOWN-9D9727B1 registrationDate=2026-08-17 membershipLevel=1 membershipNumber=UNKNOWN-9D9727B1-M26
INFO  AUDIT - Owner created id=192 customerCode=UNKNOWN-52BE68AF registrationDate=2026-08-17 membershipLevel=1 membershipNumber=UNKNOWN-52BE68AF-M26
INFO  AUDIT - Owner created id=193 customerCode=UNKNOWN-BEFC4181 registrationDate=2026-08-17 membershipLevel=1 membershipNumber=UNKNOWN-BEFC4181-M26
INFO  AUDIT - Owner created id=194 customerCode=UNKNOWN-8D333118 registrationDate=2026-08-17 membershipLevel=1 membershipNumber=UNKNOWN-8D333118-M26
INFO  AUDIT - Owner created id=195 customerCode=UNKNOWN-B432D741 registrationDate=2026-08-17 membershipLevel=1 membershipNumber=UNKNOWN-B432D741-M26
INFO  AUDIT - Owner created id=196 customerCode=UNKNOWN-A5074FD7 registrationDate=2026-08-17 membershipLevel=1 membershipNumber=UNKNOWN-A5074FD7-M26
INFO  AUDIT - Owner created id=197 customerCode=UNKNOWN-502995F0 registrationDate=2026-08-17 membershipLevel=1 membershipNumber=UNKNOWN-502995F0-M26
INFO  AUDIT - Owner created id=198 customerCode=UNKNOWN-90357BE7 registrationDate=2026-08-17 membershipLevel=1 membershipNumber=UNKNOWN-90357BE7-M26
INFO  AUDIT - Owner created id=199 customerCode=UNKNOWN-A55F87D3 registrationDate=2026-08-17 membershipLevel=1 membershipNumber=UNKNOWN-A55F87D3-M26
INFO  AnnotationConfigContextLoaderUtils - Could not detect default configuration classes for test class [org.springframework.samples.petclinic.acceptance.Cp22Tests]: Cp22Tests does not declare any static, non-private, non-final, nested classes annotated with @Configuration.
INFO  SpringBootTestContextBootstrapper - Found @SpringBootConfiguration org.springframework.samples.petclinic.PetClinicApplication for test class org.springframework.samples.petclinic.acceptance.Cp22Tests
INFO  AnnotationConfigContextLoaderUtils - Could not detect default configuration classes for test class [org.springframework.samples.petclinic.acceptance.Cp22Tests]: Cp22Tests does not declare any static, non-private, non-final, nested classes annotated with @Configuration.
INFO  AnnotationConfigContextLoaderUtils - Could not detect default configuration classes for test class [org.springframework.samples.petclinic.acceptance.AcceptanceBase]: AcceptanceBase does not declare any static, non-private, non-final, nested classes annotated with @Configuration.
INFO  SpringBootTestContextBootstrapper - Found @SpringBootConfiguration org.springframework.samples.petclinic.PetClinicApplication for test class org.springframework.samples.petclinic.acceptance.Cp22Tests
INFO  AUDIT - Owner created id=200 customerCode=UNKNOWN-5C742FA2 registrationDate=2026-08-17 membershipLevel=1 membershipNumber=UNKNOWN-5C742FA2-M26
INFO  AnnotationConfigContextLoaderUtils - Could not detect default configuration classes for test class [org.springframework.samples.petclinic.acceptance.Cp13Tests]: Cp13Tests does not declare any static, non-private, non-final, nested classes annotated with @Configuration.
INFO  SpringBootTestContextBootstrapper - Found @SpringBootConfiguration org.springframework.samples.petclinic.PetClinicApplication for test class org.springframework.samples.petclinic.acceptance.Cp13Tests
INFO  AnnotationConfigContextLoaderUtils - Could not detect default configuration classes for test class [org.springframework.samples.petclinic.acceptance.Cp13Tests]: Cp13Tests does not declare any static, non-private, non-final, nested classes annotated with @Configuration.
INFO  AnnotationConfigContextLoaderUtils - Could not detect default configuration classes for test class [org.springframework.samples.petclinic.acceptance.AcceptanceBase]: AcceptanceBase does not declare any static, non-private, non-final, nested classes annotated with @Configuration.
INFO  SpringBootTestContextBootstrapper - Found @SpringBootConfiguration org.springframework.samples.petclinic.PetClinicApplication for test class org.springframework.samples.petclinic.acceptance.Cp13Tests
INFO  AUDIT - Owner created id=201 customerCode=NSW-685C70F6 registrationDate=2026-08-17 membershipLevel=1 membershipNumber=NSW-685C70F6-M26
INFO  AUDIT - Owner created id=202 customerCode=NSW-B633B986 registrationDate=2026-08-17 membershipLevel=1 membershipNumber=NSW-B633B986-M26
INFO  AnnotationConfigContextLoaderUtils - Could not detect default configuration classes for test class [org.springframework.samples.petclinic.acceptance.Cp01Tests]: Cp01Tests does not declare any static, non-private, non-final, nested classes annotated with @Configuration.
INFO  SpringBootTestContextBootstrapper - Found @SpringBootConfiguration org.springframework.samples.petclinic.PetClinicApplication for test class org.springframework.samples.petclinic.acceptance.Cp01Tests
INFO  AnnotationConfigContextLoaderUtils - Could not detect default configuration classes for test class [org.springframework.samples.petclinic.acceptance.Cp01Tests]: Cp01Tests does not declare any static, non-private, non-final, nested classes annotated with @Configuration.
INFO  AnnotationConfigContextLoaderUtils - Could not detect default configuration classes for test class [org.springframework.samples.petclinic.acceptance.AcceptanceBase]: AcceptanceBase does not declare any static, non-private, non-final, nested classes annotated with @Configuration.
INFO  SpringBootTestContextBootstrapper - Found @SpringBootConfiguration org.springframework.samples.petclinic.PetClinicApplication for test class org.springframework.samples.petclinic.acceptance.Cp01Tests
INFO  AnnotationConfigContextLoaderUtils - Could not detect default configuration classes for test class [org.springframework.samples.petclinic.acceptance.Cp34Tests]: Cp34Tests does not declare any static, non-private, non-final, nested classes annotated with @Configuration.
INFO  SpringBootTestContextBootstrapper - Found @SpringBootConfiguration org.springframework.samples.petclinic.PetClinicApplication for test class org.springframework.samples.petclinic.acceptance.Cp34Tests
INFO  AnnotationConfigContextLoaderUtils - Could not detect default configuration classes for test class [org.springframework.samples.petclinic.acceptance.Cp34Tests]: Cp34Tests does not declare any static, non-private, non-final, nested classes annotated with @Configuration.
INFO  AnnotationConfigContextLoaderUtils - Could not detect default configuration classes for test class [org.springframework.samples.petclinic.acceptance.AcceptanceBase]: AcceptanceBase does not declare any static, non-private, non-final, nested classes annotated with @Configuration.
INFO  SpringBootTestContextBootstrapper - Found @SpringBootConfiguration org.springframework.samples.petclinic.PetClinicApplication for test class org.springframework.samples.petclinic.acceptance.Cp34Tests
INFO  AUDIT - Owner created id=203 customerCode=UNKNOWN-573ED9F7 registrationDate=2026-08-17 membershipLevel=1 membershipNumber=UNKNOWN-573ED9F7-M26
INFO  AnnotationConfigContextLoaderUtils - Could not detect default configuration classes for test class [org.springframework.samples.petclinic.acceptance.Cp35Tests]: Cp35Tests does not declare any static, non-private, non-final, nested classes annotated with @Configuration.
INFO  SpringBootTestContextBootstrapper - Found @SpringBootConfiguration org.springframework.samples.petclinic.PetClinicApplication for test class org.springframework.samples.petclinic.acceptance.Cp35Tests
INFO  AnnotationConfigContextLoaderUtils - Could not detect default configuration classes for test class [org.springframework.samples.petclinic.acceptance.Cp35Tests]: Cp35Tests does not declare any static, non-private, non-final, nested classes annotated with @Configuration.
INFO  AnnotationConfigContextLoaderUtils - Could not detect default configuration classes for test class [org.springframework.samples.petclinic.acceptance.AcceptanceBase]: AcceptanceBase does not declare any static, non-private, non-final, nested classes annotated with @Configuration.
INFO  SpringBootTestContextBootstrapper - Found @SpringBootConfiguration org.springframework.samples.petclinic.PetClinicApplication for test class org.springframework.samples.petclinic.acceptance.Cp35Tests
INFO  AUDIT - Owner created id=204 customerCode=NSW-E2C704F7 registrationDate=2026-08-17 membershipLevel=1 membershipNumber=NSW-E2C704F7-M26
INFO  AUDIT - Owner created id=205 customerCode=NSW-4289A818 registrationDate=2026-08-17 membershipLevel=1 membershipNumber=NSW-4289A818-M26
INFO  AUDIT - Owner created id=206 customerCode=NSW-FC6D2AEC registrationDate=2026-08-17 membershipLevel=1 membershipNumber=NSW-FC6D2AEC-M26
INFO  AnnotationConfigContextLoaderUtils - Could not detect default configuration classes for test class [org.springframework.samples.petclinic.acceptance.Cp02Tests]: Cp02Tests does not declare any static, non-private, non-final, nested classes annotated with @Configuration.
INFO  SpringBootTestContextBootstrapper - Found @SpringBootConfiguration org.springframework.samples.petclinic.PetClinicApplication for test class org.springframework.samples.petclinic.acceptance.Cp02Tests
INFO  AnnotationConfigContextLoaderUtils - Could not detect default configuration classes for test class [org.springframework.samples.petclinic.acceptance.Cp02Tests]: Cp02Tests does not declare any static, non-private, non-final, nested classes annotated with @Configuration.
INFO  AnnotationConfigContextLoaderUtils - Could not detect default configuration classes for test class [org.springframework.samples.petclinic.acceptance.AcceptanceBase]: AcceptanceBase does not declare any static, non-private, non-final, nested classes annotated with @Configuration.
INFO  SpringBootTestContextBootstrapper - Found @SpringBootConfiguration org.springframework.samples.petclinic.PetClinicApplication for test class org.springframework.samples.petclinic.acceptance.Cp02Tests
INFO  AUDIT - Owner created id=207 customerCode=UNKNOWN-EFFBAEB8 registrationDate=2026-08-17 membershipLevel=1 membershipNumber=UNKNOWN-EFFBAEB8-M26
INFO  AnnotationConfigContextLoaderUtils - Could not detect default configuration classes for test class [org.springframework.samples.petclinic.acceptance.Cp15Tests]: Cp15Tests does not declare any static, non-private, non-final, nested classes annotated with @Configuration.
INFO  SpringBootTestContextBootstrapper - Found @SpringBootConfiguration org.springframework.samples.petclinic.PetClinicApplication for test class org.springframework.samples.petclinic.acceptance.Cp15Tests
INFO  AnnotationConfigContextLoaderUtils - Could not detect default configuration classes for test class [org.springframework.samples.petclinic.acceptance.Cp15Tests]: Cp15Tests does not declare any static, non-private, non-final, nested classes annotated with @Configuration.
INFO  AnnotationConfigContextLoaderUtils - Could not detect default configuration classes for test class [org.springframework.samples.petclinic.acceptance.AcceptanceBase]: AcceptanceBase does not declare any static, non-private, non-final, nested classes annotated with @Configuration.
INFO  SpringBootTestContextBootstrapper - Found @SpringBootConfiguration org.springframework.samples.petclinic.PetClinicApplication for test class org.springframework.samples.petclinic.acceptance.Cp15Tests
INFO  AUDIT - Owner created id=208 customerCode=UNKNOWN-6AAE2B9C registrationDate=2026-08-17 membershipLevel=2 membershipNumber=UNKNOWN-6AAE2B9C-M26
INFO  AnnotationConfigContextLoaderUtils - Could not detect default configuration classes for test class [org.springframework.samples.petclinic.acceptance.Cp10Tests]: Cp10Tests does not declare any static, non-private, non-final, nested classes annotated with @Configuration.
INFO  SpringBootTestContextBootstrapper - Found @SpringBootConfiguration org.springframework.samples.petclinic.PetClinicApplication for test class org.springframework.samples.petclinic.acceptance.Cp10Tests
INFO  AnnotationConfigContextLoaderUtils - Could not detect default configuration classes for test class [org.springframework.samples.petclinic.acceptance.Cp10Tests]: Cp10Tests does not declare any static, non-private, non-final, nested classes annotated with @Configuration.
INFO  AnnotationConfigContextLoaderUtils - Could not detect default configuration classes for test class [org.springframework.samples.petclinic.acceptance.AcceptanceBase]: AcceptanceBase does not declare any static, non-private, non-final, nested classes annotated with @Configuration.
INFO  SpringBootTestContextBootstrapper - Found @SpringBootConfiguration org.springframework.samples.petclinic.PetClinicApplication for test class org.springframework.samples.petclinic.acceptance.Cp10Tests
INFO  AUDIT - Owner created id=209 customerCode=NSW-10F3889B registrationDate=2026-08-17 membershipLevel=1 membershipNumber=NSW-10F3889B-M26
INFO  AnnotationConfigContextLoaderUtils - Could not detect default configuration classes for test class [org.springframework.samples.petclinic.acceptance.Cp26Tests]: Cp26Tests does not declare any static, non-private, non-final, nested classes annotated with @Configuration.
INFO  SpringBootTestContextBootstrapper - Found @SpringBootConfiguration org.springframework.samples.petclinic.PetClinicApplication for test class org.springframework.samples.petclinic.acceptance.Cp26Tests
INFO  AnnotationConfigContextLoaderUtils - Could not detect default configuration classes for test class [org.springframework.samples.petclinic.acceptance.Cp26Tests]: Cp26Tests does not declare any static, non-private, non-final, nested classes annotated with @Configuration.
INFO  AnnotationConfigContextLoaderUtils - Could not detect default configuration classes for test class [org.springframework.samples.petclinic.acceptance.AcceptanceBase]: AcceptanceBase does not declare any static, non-private, non-final, nested classes annotated with @Configuration.
INFO  SpringBootTestContextBootstrapper - Found @SpringBootConfiguration org.springframework.samples.petclinic.PetClinicApplication for test class org.springframework.samples.petclinic.acceptance.Cp26Tests
INFO  AnnotationConfigContextLoaderUtils - Could not detect default configuration classes for test class [org.springframework.samples.petclinic.acceptance.Cp06Tests]: Cp06Tests does not declare any static, non-private, non-final, nested classes annotated with @Configuration.
INFO  SpringBootTestContextBootstrapper - Found @SpringBootConfiguration org.springframework.samples.petclinic.PetClinicApplication for test class org.springframework.samples.petclinic.acceptance.Cp06Tests
INFO  AnnotationConfigContextLoaderUtils - Could not detect default configuration classes for test class [org.springframework.samples.petclinic.acceptance.Cp06Tests]: Cp06Tests does not declare any static, non-private, non-final, nested classes annotated with @Configuration.
INFO  AnnotationConfigContextLoaderUtils - Could not detect default configuration classes for test class [org.springframework.samples.petclinic.acceptance.AcceptanceBase]: AcceptanceBase does not declare any static, non-private, non-final, nested classes annotated with @Configuration.
INFO  SpringBootTestContextBootstrapper - Found @SpringBootConfiguration org.springframework.samples.petclinic.PetClinicApplication for test class org.springframework.samples.petclinic.acceptance.Cp06Tests
INFO  AUDIT - Owner created id=210 customerCode=UNKNOWN-F63F08F5 registrationDate=2026-08-17 membershipLevel=1 membershipNumber=UNKNOWN-F63F08F5-M26
INFO  AnnotationConfigContextLoaderUtils - Could not detect default configuration classes for test class [org.springframework.samples.petclinic.acceptance.Cp16Tests]: Cp16Tests does not declare any static, non-private, non-final, nested classes annotated with @Configuration.
INFO  SpringBootTestContextBootstrapper - Found @SpringBootConfiguration org.springframework.samples.petclinic.PetClinicApplication for test class org.springframework.samples.petclinic.acceptance.Cp16Tests
INFO  AnnotationConfigContextLoaderUtils - Could not detect default configuration classes for test class [org.springframework.samples.petclinic.acceptance.Cp16Tests]: Cp16Tests does not declare any static, non-private, non-final, nested classes annotated with @Configuration.
INFO  AnnotationConfigContextLoaderUtils - Could not detect default configuration classes for test class [org.springframework.samples.petclinic.acceptance.AcceptanceBase]: AcceptanceBase does not declare any static, non-private, non-final, nested classes annotated with @Configuration.
INFO  SpringBootTestContextBootstrapper - Found @SpringBootConfiguration org.springframework.samples.petclinic.PetClinicApplication for test class org.springframework.samples.petclinic.acceptance.Cp16Tests
INFO  AUDIT - Owner created id=211 customerCode=NSW-6D83650D registrationDate=2026-08-17 membershipLevel=1 membershipNumber=NSW-6D83650D-M26
INFO  AnnotationConfigContextLoaderUtils - Could not detect default configuration classes for test class [org.springframework.samples.petclinic.acceptance.Cp20Tests]: Cp20Tests does not declare any static, non-private, non-final, nested classes annotated with @Configuration.
INFO  SpringBootTestContextBootstrapper - Found @SpringBootConfiguration org.springframework.samples.petclinic.PetClinicApplication for test class org.springframework.samples.petclinic.acceptance.Cp20Tests
INFO  AnnotationConfigContextLoaderUtils - Could not detect default configuration classes for test class [org.springframework.samples.petclinic.acceptance.Cp20Tests]: Cp20Tests does not declare any static, non-private, non-final, nested classes annotated with @Configuration.
INFO  AnnotationConfigContextLoaderUtils - Could not detect default configuration classes for test class [org.springframework.samples.petclinic.acceptance.AcceptanceBase]: AcceptanceBase does not declare any static, non-private, non-final, nested classes annotated with @Configuration.
INFO  SpringBootTestContextBootstrapper - Found @SpringBootConfiguration org.springframework.samples.petclinic.PetClinicApplication for test class org.springframework.samples.petclinic.acceptance.Cp20Tests
INFO  AUDIT - Owner created id=212 customerCode=UNKNOWN-EF140230 registrationDate=2026-08-17 membershipLevel=1 membershipNumber=UNKNOWN-EF140230-M26
INFO  AnnotationConfigContextLoaderUtils - Could not detect default configuration classes for test class [org.springframework.samples.petclinic.acceptance.Cp17Tests]: Cp17Tests does not declare any static, non-private, non-final, nested classes annotated with @Configuration.
INFO  SpringBootTestContextBootstrapper - Found @SpringBootConfiguration org.springframework.samples.petclinic.PetClinicApplication for test class org.springframework.samples.petclinic.acceptance.Cp17Tests
INFO  AnnotationConfigContextLoaderUtils - Could not detect default configuration classes for test class [org.springframework.samples.petclinic.acceptance.Cp17Tests]: Cp17Tests does not declare any static, non-private, non-final, nested classes annotated with @Configuration.
INFO  AnnotationConfigContextLoaderUtils - Could not detect default configuration classes for test class [org.springframework.samples.petclinic.acceptance.AcceptanceBase]: AcceptanceBase does not declare any static, non-private, non-final, nested classes annotated with @Configuration.
INFO  SpringBootTestContextBootstrapper - Found @SpringBootConfiguration org.springframework.samples.petclinic.PetClinicApplication for test class org.springframework.samples.petclinic.acceptance.Cp17Tests
INFO  AUDIT - Owner created id=213 customerCode=NSW-F09EC478 registrationDate=2026-08-17 membershipLevel=1 membershipNumber=NSW-F09EC478-M26
OpenJDK 64-Bit Server VM warning: Sharing is only supported for boot loader classes because bootstrap classpath has been appended
